[[1m[32m11:38:06[0m[1m[0m] [37mCalibrating M3 readout mitigator on IQM device (runs once)...[0m
[[1m[32m11:38:06[0m[1m[0m] [37mM3 calibration complete.[0m
[[1m[32m11:38:06[0m[1m[0m] [37mExact diagonalization backend: numpy[0m
[[1m[32m11:38:06[0m[1m[0m] [37mAnalytic [E] (lattice=(2, 1), n_occ=0, t=1, U=3, boundary=periodic) = 0.0[0m
[[1m[32m11:38:06[0m[1m[0m] [37mAnalytic [E] (lattice=(2, 1), n_occ=1, t=1, U=3, boundary=periodic) = -3.0[0m
[[1m[32m11:38:06[0m[1m[0m] [37mAnalytic [E] (lattice=(2, 1), n_occ=2, t=1, U=3, boundary=periodic) = -5.457675006159522[0m
[[1m[32m11:38:06[0m[1m[0m] [37mAnalytic [E] (lattice=(2, 1), n_occ=3, t=1, U=3, boundary=periodic) = -5.750630617001001[0m
[[1m[32m11:38:06[0m[1m[0m] [37mAnalytic [E] (lattice=(2, 1), n_occ=4, t=1, U=3, boundary=periodic) = -5.581560080071576[0m
[[1m[32m11:38:06[0m[1m[0m] [37mAnalytic [E] (lattice=(2, 1), n_occ=5, t=1, U=3, boundary=periodic) = -2.750630617001002[0m
[[1m[32m11:38:06[0m[1m[0m] [37mAnalytic [E] (lattice=(2, 1), n_occ=6, t=1, U=3, boundary=periodic) = 0.5423249938404814[0m
[[1m[32m11:38:06[0m[1m[0m] [37mAnalytic [E] (lattice=(2, 1), n_occ=7, t=1, U=3, boundary=periodic) = 5.999999999999997[0m
[[1m[32m11:38:06[0m[1m[0m] [37mAnalytic [E] (lattice=(2, 1), n_occ=8, t=1, U=3, boundary=periodic) = 12.0[0m
/Users/adamgodel/qsl-majorana-systems/venv/lib/python3.12/site-packages/qiskit/primitives/backend_estimator_v2.py:370: RuntimeWarning: invalid value encountered in scalar power
  variances[index] += np.abs(coeff) * variance**0.5
[[2m[37m11:38:07[0m[2m[0m] [2mVQE (lattice=(2, 1), n_occ=0, t=1, U=3, boundary=periodic, repetition=1) = -0.1588208234506595[0m
[[1m[32m11:38:07[0m[1m[0m] [37mVQE other benchmarks (lattice=(2, 1), n_occ=0, t=1, U=3, boundary=periodic): num_queries=1450, circuit_depth=[110,28][0m
/Users/adamgodel/qsl-majorana-systems/venv/lib/python3.12/site-packages/qiskit/primitives/backend_estimator_v2.py:370: RuntimeWarning: invalid value encountered in scalar power
  variances[index] += np.abs(coeff) * variance**0.5
[[2m[37m11:38:08[0m[2m[0m] [2mVQE (lattice=(2, 1), n_occ=1, t=1, U=3, boundary=periodic, repetition=1) = -2.6219456182148204[0m
[[1m[32m11:38:08[0m[1m[0m] [37mVQE other benchmarks (lattice=(2, 1), n_occ=1, t=1, U=3, boundary=periodic): num_queries=1450, circuit_depth=[110,28][0m
/Users/adamgodel/qsl-majorana-systems/venv/lib/python3.12/site-packages/qiskit/primitives/backend_estimator_v2.py:370: RuntimeWarning: invalid value encountered in scalar power
  variances[index] += np.abs(coeff) * variance**0.5
[[2m[37m11:38:10[0m[2m[0m] [2mVQE (lattice=(2, 1), n_occ=2, t=1, U=3, boundary=periodic, repetition=1) = -4.083442845520164[0m
[[1m[32m11:38:10[0m[1m[0m] [37mVQE other benchmarks (lattice=(2, 1), n_occ=2, t=1, U=3, boundary=periodic): num_queries=1450, circuit_depth=[110,28][0m
/Users/adamgodel/qsl-majorana-systems/venv/lib/python3.12/site-packages/qiskit/primitives/backend_estimator_v2.py:370: RuntimeWarning: invalid value encountered in scalar power
  variances[index] += np.abs(coeff) * variance**0.5
[[2m[37m11:38:12[0m[2m[0m] [2mVQE (lattice=(2, 1), n_occ=3, t=1, U=3, boundary=periodic, repetition=1) = -4.364482029908399[0m
[[1m[32m11:38:12[0m[1m[0m] [37mVQE other benchmarks (lattice=(2, 1), n_occ=3, t=1, U=3, boundary=periodic): num_queries=1450, circuit_depth=[110,28][0m
/Users/adamgodel/qsl-majorana-systems/venv/lib/python3.12/site-packages/qiskit/primitives/backend_estimator_v2.py:370: RuntimeWarning: invalid value encountered in scalar power
  variances[index] += np.abs(coeff) * variance**0.5
[[2m[37m11:38:14[0m[2m[0m] [2mVQE (lattice=(2, 1), n_occ=4, t=1, U=3, boundary=periodic, repetition=1) = -4.023931988191485[0m
[[1m[32m11:38:14[0m[1m[0m] [37mVQE other benchmarks (lattice=(2, 1), n_occ=4, t=1, U=3, boundary=periodic): num_queries=1450, circuit_depth=[110,28][0m
/Users/adamgodel/qsl-majorana-systems/venv/lib/python3.12/site-packages/qiskit/primitives/backend_estimator_v2.py:370: RuntimeWarning: invalid value encountered in scalar power
  variances[index] += np.abs(coeff) * variance**0.5
[[2m[37m11:38:16[0m[2m[0m] [2mVQE (lattice=(2, 1), n_occ=5, t=1, U=3, boundary=periodic, repetition=1) = -1.2373623883664386[0m
[[1m[32m11:38:16[0m[1m[0m] [37mVQE other benchmarks (lattice=(2, 1), n_occ=5, t=1, U=3, boundary=periodic): num_queries=1450, circuit_depth=[110,28][0m
/Users/adamgodel/qsl-majorana-systems/venv/lib/python3.12/site-packages/qiskit/primitives/backend_estimator_v2.py:370: RuntimeWarning: invalid value encountered in scalar power
  variances[index] += np.abs(coeff) * variance**0.5
[[2m[37m11:38:18[0m[2m[0m] [2mVQE (lattice=(2, 1), n_occ=6, t=1, U=3, boundary=periodic, repetition=1) = 1.7744635299296225[0m
[[1m[32m11:38:18[0m[1m[0m] [37mVQE other benchmarks (lattice=(2, 1), n_occ=6, t=1, U=3, boundary=periodic): num_queries=1450, circuit_depth=[110,28][0m
/Users/adamgodel/qsl-majorana-systems/venv/lib/python3.12/site-packages/qiskit/primitives/backend_estimator_v2.py:370: RuntimeWarning: invalid value encountered in scalar power
  variances[index] += np.abs(coeff) * variance**0.5
[[2m[37m11:38:20[0m[2m[0m] [2mVQE (lattice=(2, 1), n_occ=7, t=1, U=3, boundary=periodic, repetition=1) = 6.320158390143455[0m
[[1m[32m11:38:20[0m[1m[0m] [37mVQE other benchmarks (lattice=(2, 1), n_occ=7, t=1, U=3, boundary=periodic): num_queries=1450, circuit_depth=[110,28][0m
/Users/adamgodel/qsl-majorana-systems/venv/lib/python3.12/site-packages/qiskit/primitives/backend_estimator_v2.py:370: RuntimeWarning: invalid value encountered in scalar power
  variances[index] += np.abs(coeff) * variance**0.5
[[2m[37m11:38:21[0m[2m[0m] [2mVQE (lattice=(2, 1), n_occ=8, t=1, U=3, boundary=periodic, repetition=1) = 11.503022252349227[0m
[[1m[32m11:38:21[0m[1m[0m] [37mVQE other benchmarks (lattice=(2, 1), n_occ=8, t=1, U=3, boundary=periodic): num_queries=1450, circuit_depth=[110,28][0m
[[1m[32m11:38:21[0m[1m[0m] [37mAnalytic (n_occ=0) = 0.0[0m
[[1m[32m11:38:21[0m[1m[0m] [37mAnalytic (n_occ=1) = -3.0[0m
[[1m[32m11:38:21[0m[1m[0m] [37mAnalytic (n_occ=2) = -5.457675006159522[0m
[[1m[32m11:38:21[0m[1m[0m] [37mAnalytic (n_occ=3) = -5.750630617001001[0m
[[1m[32m11:38:21[0m[1m[0m] [37mAnalytic (n_occ=4) = -5.581560080071576[0m
[[1m[32m11:38:21[0m[1m[0m] [37mAnalytic (n_occ=5) = -2.750630617001002[0m
[[1m[32m11:38:21[0m[1m[0m] [37mAnalytic (n_occ=6) = 0.5423249938404814[0m
[[1m[32m11:38:21[0m[1m[0m] [37mAnalytic (n_occ=7) = 5.999999999999997[0m
[[1m[32m11:38:21[0m[1m[0m] [37mAnalytic (n_occ=8) = 12.0[0m
[[1m[32m11:38:21[0m[1m[0m] [37mVQE (n_occ=0) = -0.1588208234506595[0m
[[1m[32m11:38:21[0m[1m[0m] [37mVQE (n_occ=1) = -2.6219456182148204[0m
[[1m[32m11:38:21[0m[1m[0m] [37mVQE (n_occ=2) = -4.083442845520164[0m
[[1m[32m11:38:21[0m[1m[0m] [37mVQE (n_occ=3) = -4.364482029908399[0m
[[1m[32m11:38:21[0m[1m[0m] [37mVQE (n_occ=4) = -4.023931988191485[0m
[[1m[32m11:38:21[0m[1m[0m] [37mVQE (n_occ=5) = -1.2373623883664386[0m
[[1m[32m11:38:21[0m[1m[0m] [37mVQE (n_occ=6) = 1.7744635299296225[0m
[[1m[32m11:38:21[0m[1m[0m] [37mVQE (n_occ=7) = 6.320158390143455[0m
[[1m[32m11:38:21[0m[1m[0m] [37mVQE (n_occ=8) = 11.503022252349227[0m
