usage: qbp [-h] {list,plot,run,estimate} ...
usage: qbp [-h] {list,plot,run,estimate} ...
qbp: error: unrecognized arguments: --n_occ 4
usage: qbp [-h] {list,plot,run,estimate} ...
qbp: error: unrecognized arguments: --n_occ 4
usage: qbp [-h] {list,plot,run,estimate} ...
qbp: error: unrecognized arguments: --n_occ 4
usage: qbp [-h] {list,plot,run,estimate} ...
qbp: error: unrecognized arguments: --n_occ 4
qbp: error: unrecognized arguments: --n_occ 4
usage: qbp [-h] {list,plot,run,estimate} ...
qbp: error: unrecognized arguments: --n_occ 4
usage: qbp [-h] {list,plot,run,estimate} ...
qbp: error: unrecognized arguments: --n_occ 4
usage: qbp [-h] {list,plot,run,estimate} ...
qbp: error: unrecognized arguments: --n_occ 4
srun: error: nid006497: task 0: Exited with exit code 2
srun: error: nid006497: task 0: Exited with exit code 2
srun: error: nid006497: task 0: Exited with exit code 2
srun: error: nid006497: task 0: Exited with exit code 2
srun: Terminating StepId=56801730.6
srun: Terminating StepId=56801730.10
srun: Terminating StepId=56801730.2
srun: Terminating StepId=56801730.12
srun: error: nid006497: task 0: Exited with exit code 2
srun: Terminating StepId=56801730.8
srun: error: nid006497: task 0: Exited with exit code 2
srun: Terminating StepId=56801730.4
srun: error: nid006497: task 0: Exited with exit code 2
srun: Terminating StepId=56801730.0
srun: error: nid006497: task 0: Exited with exit code 2
srun: Terminating StepId=56801730.14
Matplotlib is building the font cache; this may take a moment.
Matplotlib is building the font cache; this may take a moment.
Matplotlib is building the font cache; this may take a moment.
Matplotlib is building the font cache; this may take a moment.
Matplotlib is building the font cache; this may take a moment.
Matplotlib is building the font cache; this may take a moment.
Matplotlib is building the font cache; this may take a moment.
Matplotlib is building the font cache; this may take a moment.
usage: qbp [-h] {list,plot,run,estimate} ...
usage: qbp [-h] {list,plot,run,estimate} ...
usage: qbp [-h] {list,plot,run,estimate} ...
qbp: error: unrecognized arguments: --n_occ 4
usage: qbp [-h] {list,plot,run,estimate} ...
usage: qbp [-h] {list,plot,run,estimate} ...
qbp: error: unrecognized arguments: --n_occ 4
qbp: error: unrecognized arguments: --n_occ 4
qbp: error: unrecognized arguments: --n_occ 4
qbp: error: unrecognized arguments: --n_occ 4
usage: qbp [-h] {list,plot,run,estimate} ...
qbp: error: unrecognized arguments: --n_occ 4
usage: qbp [-h] {list,plot,run,estimate} ...
qbp: error: unrecognized arguments: --n_occ 4
usage: qbp [-h] {list,plot,run,estimate} ...
qbp: error: unrecognized arguments: --n_occ 4
srun: error: nid006703: task 0: Exited with exit code 2
srun: Terminating StepId=56801730.7
srun: error: nid006703: task 0: Exited with exit code 2
srun: Terminating StepId=56801730.13
srun: error: nid006703: task 0: Exited with exit code 2
srun: Terminating StepId=56801730.5
srun: error: nid006703: task 0: Exited with exit code 2
srun: Terminating StepId=56801730.9
srun: error: nid006703: task 0: Exited with exit code 2
srun: error: nid006703: task 0: Exited with exit code 2
srun: Terminating StepId=56801730.15
srun: Terminating StepId=56801730.11
srun: error: nid006703: task 0: Exited with exit code 2
srun: Terminating StepId=56801730.1
srun: error: nid006703: task 0: Exited with exit code 2
srun: Terminating StepId=56801730.3
