===================================================================
Haldane 2x2 band structure kx vs ky (noisy) - VQE
  sweep:       kx [-3.141592653589793 3.141592653589793 0.39269908169872414] vs ky [-3.141592653589793 3.141592653589793 0.39269908169872414]
  backend:     FakeSherbrooke
  methods:     vqe
  grid points: ~289 (17 × 17)
  parallelism: distributed across 16 shards on multiple nodes
  output:      new-data
===================================================================
Resuming from progress log: skipping 19 already-computed cell(s), 0 remaining.
Resuming from progress log: skipping 18 already-computed cell(s), 0 remaining.
Resuming from progress log: skipping 18 already-computed cell(s), 0 remaining.
Resuming from progress log: skipping 18 already-computed cell(s), 0 remaining.
Resuming from progress log: skipping 18 already-computed cell(s), 0 remaining.
Resuming from progress log: skipping 18 already-computed cell(s), 0 remaining.
Resuming from progress log: skipping 18 already-computed cell(s), 0 remaining.
Resuming from progress log: skipping 18 already-computed cell(s), 0 remaining.
Resuming from progress log: skipping 18 already-computed cell(s), 0 remaining.
Resuming from progress log: skipping 18 already-computed cell(s), 0 remaining.
Resuming from progress log: skipping 18 already-computed cell(s), 0 remaining.
Resuming from progress log: skipping 18 already-computed cell(s), 0 remaining.
Resuming from progress log: skipping 18 already-computed cell(s), 0 remaining.
Resuming from progress log: skipping 18 already-computed cell(s), 0 remaining.
Resuming from progress log: skipping 18 already-computed cell(s), 0 remaining.
Resuming from progress log: skipping 18 already-computed cell(s), 0 remaining.
[[1m[32m15:39:21[0m[1m[0m] [37mVQE (kx=-3.141592653589793, ky=-3.141592653589793) = -2.0581704360939237[0m
[[1m[32m15:39:21[0m[1m[0m] [37mVQE (kx=-3.141592653589793, ky=-2.748893571891069) = -2.704408947651233[0m
[[1m[32m15:39:21[0m[1m[0m] [37mVQE (kx=-3.141592653589793, ky=-2.356194490192345) = -3.094282522955798[0m
[[1m[32m15:39:21[0m[1m[0m] [37mVQE (kx=-3.141592653589793, ky=-1.9634954084936207) = -3.1525410454859624[0m
[[1m[32m15:39:21[0m[1m[0m] [37mVQE (kx=-3.141592653589793, ky=-1.5707963267948966) = -2.8676468596978437[0m
[[1m[32m15:39:21[0m[1m[0m] [37mVQE (kx=-3.141592653589793, ky=-1.1780972450961724) = -2.295715197588022[0m
[[1m[32m15:39:21[0m[1m[0m] [37mVQE (kx=-3.141592653589793, ky=-0.7853981633974483) = -1.5490600890071486[0m
[[1m[32m15:39:21[0m[1m[0m] [37mVQE (kx=-3.141592653589793, ky=-0.39269908169872414) = -0.8101684334789626[0m
[[1m[32m15:39:21[0m[1m[0m] [37mVQE (kx=-3.141592653589793, ky=0.0) = -0.4361027718990844[0m
[[1m[32m15:39:21[0m[1m[0m] [37mVQE (kx=-3.141592653589793, ky=0.39269908169872414) = -0.8101287726964632[0m
[[1m[32m15:39:21[0m[1m[0m] [37mVQE (kx=-3.141592653589793, ky=0.7853981633974483) = -1.5494941997193734[0m
[[1m[32m15:39:21[0m[1m[0m] [37mVQE (kx=-3.141592653589793, ky=1.178097245096172) = -2.2958729260339688[0m
[[1m[32m15:39:21[0m[1m[0m] [37mVQE (kx=-3.141592653589793, ky=1.5707963267948966) = -2.8673790105142096[0m
[[1m[32m15:39:21[0m[1m[0m] [37mVQE (kx=-3.141592653589793, ky=1.9634954084936211) = -3.152058200640967[0m
[[1m[32m15:39:21[0m[1m[0m] [37mVQE (kx=-3.141592653589793, ky=2.356194490192345) = -3.09459131696546[0m
[[1m[32m15:39:21[0m[1m[0m] [37mVQE (kx=-3.141592653589793, ky=2.7488935718910685) = -2.7046817680095714[0m
[[1m[32m15:39:21[0m[1m[0m] [37mVQE (kx=-3.141592653589793, ky=3.141592653589793) = -2.0586192972218327[0m
[[1m[32m15:39:21[0m[1m[0m] [37mVQE (kx=-2.748893571891069, ky=-3.141592653589793) = -1.6161300877981783[0m
[[1m[32m15:39:21[0m[1m[0m] [37mVQE (kx=-2.748893571891069, ky=-2.748893571891069) = -2.2455067683866696[0m
[[1m[32m15:39:21[0m[1m[0m] [37mVQE (kx=-2.748893571891069, ky=-2.356194490192345) = -2.624466594920901[0m
[[1m[32m15:39:21[0m[1m[0m] [37mVQE (kx=-2.748893571891069, ky=-1.9634954084936207) = -2.680667692898274[0m
[[1m[32m15:39:21[0m[1m[0m] [37mVQE (kx=-2.748893571891069, ky=-1.5707963267948966) = -2.403850674498898[0m
[[1m[32m15:39:21[0m[1m[0m] [37mVQE (kx=-2.748893571891069, ky=-1.1780972450961724) = -1.8472188700663295[0m
[[1m[32m15:39:21[0m[1m[0m] [37mVQE (kx=-2.748893571891069, ky=-0.7853981633974483) = -1.11556271044783[0m
[[1m[32m15:39:21[0m[1m[0m] [37mVQE (kx=-2.748893571891069, ky=-0.39269908169872414) = -0.35906675282719147[0m
[[1m[32m15:39:21[0m[1m[0m] [37mVQE (kx=-2.748893571891069, ky=0.0) = 0.08837125540333346[0m
[[1m[32m15:39:21[0m[1m[0m] [37mVQE (kx=-2.748893571891069, ky=0.39269908169872414) = -0.35889698915483437[0m
[[1m[32m15:39:21[0m[1m[0m] [37mVQE (kx=-2.748893571891069, ky=0.7853981633974483) = -1.1147446112331556[0m
[[1m[32m15:39:21[0m[1m[0m] [37mVQE (kx=-2.748893571891069, ky=1.178097245096172) = -1.8472936398597708[0m
[[1m[32m15:39:21[0m[1m[0m] [37mVQE (kx=-2.748893571891069, ky=1.5707963267948966) = -2.404597279187847[0m
[[1m[32m15:39:21[0m[1m[0m] [37mVQE (kx=-2.748893571891069, ky=1.9634954084936211) = -2.6813943573872923[0m
[[1m[32m15:39:21[0m[1m[0m] [37mVQE (kx=-2.748893571891069, ky=2.356194490192345) = -2.624811665058111[0m
[[1m[32m15:39:21[0m[1m[0m] [37mVQE (kx=-2.748893571891069, ky=2.7488935718910685) = -2.246505807753568[0m
[[1m[32m15:39:21[0m[1m[0m] [37mVQE (kx=-2.748893571891069, ky=3.141592653589793) = -1.6162946033816823[0m
[[1m[32m15:39:21[0m[1m[0m] [37mVQE (kx=-2.356194490192345, ky=-3.141592653589793) = -1.1441059517793732[0m
[[1m[32m15:39:21[0m[1m[0m] [37mVQE (kx=-2.356194490192345, ky=-2.748893571891069) = -1.6850683680999494[0m
[[1m[32m15:39:21[0m[1m[0m] [37mVQE (kx=-2.356194490192345, ky=-2.356194490192345) = -2.0117730194101657[0m
[[1m[32m15:39:21[0m[1m[0m] [37mVQE (kx=-2.356194490192345, ky=-1.9634954084936207) = -2.0614470350530323[0m
[[1m[32m15:39:21[0m[1m[0m] [37mVQE (kx=-2.356194490192345, ky=-1.5707963267948966) = -1.8219662505244996[0m
[[1m[32m15:39:21[0m[1m[0m] [37mVQE (kx=-2.356194490192345, ky=-1.1780972450961724) = -1.3425531595444387[0m
[[1m[32m15:39:21[0m[1m[0m] [37mVQE (kx=-2.356194490192345, ky=-0.7853981633974483) = -0.7122973959640375[0m
[[1m[32m15:39:21[0m[1m[0m] [37mVQE (kx=-2.356194490192345, ky=-0.39269908169872414) = -0.04358805932267562[0m
[[1m[32m15:39:21[0m[1m[0m] [37mVQE (kx=-2.356194490192345, ky=0.0) = 0.48367709031998624[0m
[[1m[32m15:39:21[0m[1m[0m] [37mVQE (kx=-2.356194490192345, ky=0.39269908169872414) = -0.04347049905749867[0m
[[1m[32m15:39:21[0m[1m[0m] [37mVQE (kx=-2.356194490192345, ky=0.7853981633974483) = -0.7125366835042292[0m
[[1m[32m15:39:21[0m[1m[0m] [37mVQE (kx=-2.356194490192345, ky=1.178097245096172) = -1.3421263831846306[0m
[[1m[32m15:39:21[0m[1m[0m] [37mVQE (kx=-2.356194490192345, ky=1.5707963267948966) = -1.8224143249156044[0m
[[1m[32m15:39:21[0m[1m[0m] [37mVQE (kx=-2.356194490192345, ky=1.9634954084936211) = -2.0612169715515076[0m
[[1m[32m15:39:21[0m[1m[0m] [37mVQE (kx=-2.356194490192345, ky=2.356194490192345) = -2.012398076585507[0m
[[1m[32m15:39:21[0m[1m[0m] [37mVQE (kx=-2.356194490192345, ky=2.7488935718910685) = -1.6852319058247756[0m
[[1m[32m15:39:21[0m[1m[0m] [37mVQE (kx=-2.356194490192345, ky=3.141592653589793) = -1.1437090919211967[0m
[[1m[32m15:39:21[0m[1m[0m] [37mVQE (kx=-1.9634954084936207, ky=-3.141592653589793) = -0.8542467321139762[0m
[[1m[32m15:39:21[0m[1m[0m] [37mVQE (kx=-1.9634954084936207, ky=-2.748893571891069) = -1.1602961391950883[0m
[[1m[32m15:39:21[0m[1m[0m] [37mVQE (kx=-1.9634954084936207, ky=-2.356194490192345) = -1.355888428664986[0m
[[1m[32m15:39:21[0m[1m[0m] [37mVQE (kx=-1.9634954084936207, ky=-1.9634954084936207) = -1.385782831652834[0m
[[1m[32m15:39:21[0m[1m[0m] [37mVQE (kx=-1.9634954084936207, ky=-1.5707963267948966) = -1.2414109124781292[0m
[[1m[32m15:39:21[0m[1m[0m] [37mVQE (kx=-1.9634954084936207, ky=-1.1780972450961724) = -0.963604189309791[0m
[[1m[32m15:39:21[0m[1m[0m] [37mVQE (kx=-1.9634954084936207, ky=-0.7853981633974483) = -0.6330595093669805[0m
[[1m[32m15:39:21[0m[1m[0m] [37mVQE (kx=-1.9634954084936207, ky=-0.39269908169872414) = -0.35733820272294503[0m
[[1m[32m15:39:21[0m[1m[0m] [37mVQE (kx=-1.9634954084936207, ky=0.0) = -0.24763695584643375[0m
[[1m[32m15:39:21[0m[1m[0m] [37mVQE (kx=-1.9634954084936207, ky=0.39269908169872414) = -0.35717025318458756[0m
[[1m[32m15:39:21[0m[1m[0m] [37mVQE (kx=-1.9634954084936207, ky=0.7853981633974483) = -0.6330751085521944[0m
[[1m[32m15:39:21[0m[1m[0m] [37mVQE (kx=-1.9634954084936207, ky=1.178097245096172) = -0.9632741238725486[0m
[[1m[32m15:39:21[0m[1m[0m] [37mVQE (kx=-1.9634954084936207, ky=1.5707963267948966) = -1.2412996246473142[0m
[[1m[32m15:39:21[0m[1m[0m] [37mVQE (kx=-1.9634954084936207, ky=1.9634954084936211) = -1.3853500089997124[0m
[[1m[32m15:39:21[0m[1m[0m] [37mVQE (kx=-1.9634954084936207, ky=2.356194490192345) = -1.3562580508162716[0m
[[1m[32m15:39:21[0m[1m[0m] [37mVQE (kx=-1.9634954084936207, ky=2.7488935718910685) = -1.1601989850032504[0m
[[1m[32m15:39:21[0m[1m[0m] [37mVQE (kx=-1.9634954084936207, ky=3.141592653589793) = -0.8540377083120501[0m
[[1m[32m15:39:21[0m[1m[0m] [37mVQE (kx=-1.5707963267948966, ky=-3.141592653589793) = -1.0067748077336511[0m
[[1m[32m15:39:21[0m[1m[0m] [37mVQE (kx=-1.5707963267948966, ky=-2.748893571891069) = -0.887631793821603[0m
[[1m[32m15:39:21[0m[1m[0m] [37mVQE (kx=-1.5707963267948966, ky=-2.356194490192345) = -0.7606878519646945[0m
[[1m[32m15:39:21[0m[1m[0m] [37mVQE (kx=-1.5707963267948966, ky=-1.9634954084936207) = -0.7344936614912259[0m
[[1m[32m15:39:21[0m[1m[0m] [37mVQE (kx=-1.5707963267948966, ky=-1.5707963267948966) = -0.8426128060999412[0m
[[1m[32m15:39:21[0m[1m[0m] [37mVQE (kx=-1.5707963267948966, ky=-1.1780972450961724) = -0.9711503372125416[0m
[[1m[32m15:39:21[0m[1m[0m] [37mVQE (kx=-1.5707963267948966, ky=-0.7853981633974483) = -1.061116866950698[0m
[[1m[32m15:39:21[0m[1m[0m] [37mVQE (kx=-1.5707963267948966, ky=-0.39269908169872414) = -1.107777976041885[0m
[[1m[32m15:39:21[0m[1m[0m] [37mVQE (kx=-1.5707963267948966, ky=0.0) = -1.1210449068825206[0m
[[1m[32m15:39:21[0m[1m[0m] [37mVQE (kx=-1.5707963267948966, ky=0.39269908169872414) = -1.1073489723663155[0m
[[1m[32m15:39:21[0m[1m[0m] [37mVQE (kx=-1.5707963267948966, ky=0.7853981633974483) = -1.06102502277401[0m
[[1m[32m15:39:21[0m[1m[0m] [37mVQE (kx=-1.5707963267948966, ky=1.178097245096172) = -0.9709343250320002[0m
[[1m[32m15:39:21[0m[1m[0m] [37mVQE (kx=-1.5707963267948966, ky=1.5707963267948966) = -0.842665313973834[0m
[[1m[32m15:39:21[0m[1m[0m] [37mVQE (kx=-1.5707963267948966, ky=1.9634954084936211) = -0.734453646861909[0m
[[1m[32m15:39:21[0m[1m[0m] [37mVQE (kx=-1.5707963267948966, ky=2.356194490192345) = -0.7608790464522281[0m
[[1m[32m15:39:21[0m[1m[0m] [37mVQE (kx=-1.5707963267948966, ky=2.7488935718910685) = -0.8876476277897014[0m
[[1m[32m15:39:21[0m[1m[0m] [37mVQE (kx=-1.5707963267948966, ky=3.141592653589793) = -1.0068806902263403[0m
[[1m[32m15:39:21[0m[1m[0m] [37mVQE (kx=-1.1780972450961724, ky=-3.141592653589793) = -1.5013521322262733[0m
[[1m[32m15:39:21[0m[1m[0m] [37mVQE (kx=-1.1780972450961724, ky=-2.748893571891069) = -1.0739469240345647[0m
[[1m[32m15:39:21[0m[1m[0m] [37mVQE (kx=-1.1780972450961724, ky=-2.356194490192345) = -0.5476358365809757[0m
[[1m[32m15:39:21[0m[1m[0m] [37mVQE (kx=-1.1780972450961724, ky=-1.9634954084936207) = -0.3581214296618086[0m
[[1m[32m15:39:21[0m[1m[0m] [37mVQE (kx=-1.1780972450961724, ky=-1.5707963267948966) = -0.9077240321298008[0m
[[1m[32m15:39:21[0m[1m[0m] [37mVQE (kx=-1.1780972450961724, ky=-1.1780972450961724) = -1.3718831018971203[0m
[[1m[32m15:39:21[0m[1m[0m] [37mVQE (kx=-1.1780972450961724, ky=-0.7853981633974483) = -1.7185897976691555[0m
[[1m[32m15:39:21[0m[1m[0m] [37mVQE (kx=-1.1780972450961724, ky=-0.39269908169872414) = -1.9317437682697856[0m
[[1m[32m15:39:21[0m[1m[0m] [37mVQE (kx=-1.1780972450961724, ky=0.0) = -2.004515820313247[0m
[[1m[32m15:39:21[0m[1m[0m] [37mVQE (kx=-1.1780972450961724, ky=0.39269908169872414) = -1.9323247074181624[0m
[[1m[32m15:39:21[0m[1m[0m] [37mVQE (kx=-1.1780972450961724, ky=0.7853981633974483) = -1.7186093382049434[0m
[[1m[32m15:39:21[0m[1m[0m] [37mVQE (kx=-1.1780972450961724, ky=1.178097245096172) = -1.3716235390217055[0m
[[1m[32m15:39:21[0m[1m[0m] [37mVQE (kx=-1.1780972450961724, ky=1.5707963267948966) = -0.9078131774637748[0m
[[1m[32m15:39:21[0m[1m[0m] [37mVQE (kx=-1.1780972450961724, ky=1.9634954084936211) = -0.35810938235357254[0m
[[1m[32m15:39:21[0m[1m[0m] [37mVQE (kx=-1.1780972450961724, ky=2.356194490192345) = -0.5475201570581292[0m
[[1m[32m15:39:21[0m[1m[0m] [37mVQE (kx=-1.1780972450961724, ky=2.7488935718910685) = -1.0739916283929647[0m
[[1m[32m15:39:21[0m[1m[0m] [37mVQE (kx=-1.1780972450961724, ky=3.141592653589793) = -1.5012668288899111[0m
[[1m[32m15:39:21[0m[1m[0m] [37mVQE (kx=-0.7853981633974483, ky=-3.141592653589793) = -2.006665153319946[0m
[[1m[32m15:39:21[0m[1m[0m] [37mVQE (kx=-0.7853981633974483, ky=-2.748893571891069) = -1.4372551703240988[0m
[[1m[32m15:39:21[0m[1m[0m] [37mVQE (kx=-0.7853981633974483, ky=-2.356194490192345) = -0.8631438064313506[0m
[[1m[32m15:39:21[0m[1m[0m] [37mVQE (kx=-0.7853981633974483, ky=-1.9634954084936207) = -0.729697248683237[0m
[[1m[32m15:39:21[0m[1m[0m] [37mVQE (kx=-0.7853981633974483, ky=-1.5707963267948966) = -1.2359348929043639[0m
[[1m[32m15:39:21[0m[1m[0m] [37mVQE (kx=-0.7853981633974483, ky=-1.1780972450961724) = -1.8270383626453628[0m
[[1m[32m15:39:21[0m[1m[0m] [37mVQE (kx=-0.7853981633974483, ky=-0.7853981633974483) = -2.3182303518396763[0m
[[1m[32m15:39:21[0m[1m[0m] [37mVQE (kx=-0.7853981633974483, ky=-0.39269908169872414) = -2.6401424844782784[0m
[[1m[32m15:39:21[0m[1m[0m] [37mVQE (kx=-0.7853981633974483, ky=0.0) = -2.7506717409870967[0m
[[1m[32m15:39:21[0m[1m[0m] [37mVQE (kx=-0.7853981633974483, ky=0.39269908169872414) = -2.639884411638179[0m
[[1m[32m15:39:21[0m[1m[0m] [37mVQE (kx=-0.7853981633974483, ky=0.7853981633974483) = -2.3187748083529924[0m
[[1m[32m15:39:21[0m[1m[0m] [37mVQE (kx=-0.7853981633974483, ky=1.178097245096172) = -1.8271446051402822[0m
[[1m[32m15:39:21[0m[1m[0m] [37mVQE (kx=-0.7853981633974483, ky=1.5707963267948966) = -1.236711718977929[0m
[[1m[32m15:39:21[0m[1m[0m] [37mVQE (kx=-0.7853981633974483, ky=1.9634954084936211) = -0.7296756039938778[0m
[[1m[32m15:39:21[0m[1m[0m] [37mVQE (kx=-0.7853981633974483, ky=2.356194490192345) = -0.8629142682438575[0m
[[1m[32m15:39:21[0m[1m[0m] [37mVQE (kx=-0.7853981633974483, ky=2.7488935718910685) = -1.4374092604846704[0m
[[1m[32m15:39:21[0m[1m[0m] [37mVQE (kx=-0.7853981633974483, ky=3.141592653589793) = -2.0067366634938053[0m
[[1m[32m15:39:21[0m[1m[0m] [37mVQE (kx=-0.39269908169872414, ky=-3.141592653589793) = -2.3216128290477656[0m
[[1m[32m15:39:21[0m[1m[0m] [37mVQE (kx=-0.39269908169872414, ky=-2.748893571891069) = -1.6628804880074703[0m
[[1m[32m15:39:21[0m[1m[0m] [37mVQE (kx=-0.39269908169872414, ky=-2.356194490192345) = -1.0692751289959375[0m
[[1m[32m15:39:21[0m[1m[0m] [37mVQE (kx=-0.39269908169872414, ky=-1.9634954084936207) = -0.9503280332420642[0m
[[1m[32m15:39:21[0m[1m[0m] [37mVQE (kx=-0.39269908169872414, ky=-1.5707963267948966) = -1.4432903588915655[0m
[[1m[32m15:39:21[0m[1m[0m] [37mVQE (kx=-0.39269908169872414, ky=-1.1780972450961724) = -2.1094566084592477[0m
[[1m[32m15:39:21[0m[1m[0m] [37mVQE (kx=-0.39269908169872414, ky=-0.7853981633974483) = -2.7000428632405664[0m
[[1m[32m15:39:21[0m[1m[0m] [37mVQE (kx=-0.39269908169872414, ky=-0.39269908169872414) = -3.100056334136507[0m
[[1m[32m15:39:21[0m[1m[0m] [37mVQE (kx=-0.39269908169872414, ky=0.0) = -3.240146157549386[0m
[[1m[32m15:39:21[0m[1m[0m] [37mVQE (kx=-0.39269908169872414, ky=0.39269908169872414) = -3.100338674707438[0m
[[1m[32m15:39:21[0m[1m[0m] [37mVQE (kx=-0.39269908169872414, ky=0.7853981633974483) = -2.700943954265834[0m
[[1m[32m15:39:21[0m[1m[0m] [37mVQE (kx=-0.39269908169872414, ky=1.178097245096172) = -2.1092790873001737[0m
[[1m[32m15:39:21[0m[1m[0m] [37mVQE (kx=-0.39269908169872414, ky=1.5707963267948966) = -1.4437399553220756[0m
[[1m[32m15:39:21[0m[1m[0m] [37mVQE (kx=-0.39269908169872414, ky=1.9634954084936211) = -0.9502509941270463[0m
[[1m[32m15:39:21[0m[1m[0m] [37mVQE (kx=-0.39269908169872414, ky=2.356194490192345) = -1.0688849614518072[0m
[[1m[32m15:39:21[0m[1m[0m] [37mVQE (kx=-0.39269908169872414, ky=2.7488935718910685) = -1.6629223413205512[0m
[[1m[32m15:39:21[0m[1m[0m] [37mVQE (kx=-0.39269908169872414, ky=3.141592653589793) = -2.321106814956113[0m
[[1m[32m15:39:21[0m[1m[0m] [37mVQE (kx=0.0, ky=-3.141592653589793) = -2.3656608147767133[0m
[[1m[32m15:39:21[0m[1m[0m] [37mVQE (kx=0.0, ky=-2.748893571891069) = -1.641847325151007[0m
[[1m[32m15:39:21[0m[1m[0m] [37mVQE (kx=0.0, ky=-2.356194490192345) = -1.015933261742371[0m
[[1m[32m15:39:21[0m[1m[0m] [37mVQE (kx=0.0, ky=-1.9634954084936207) = -0.8958853095078791[0m
[[1m[32m15:39:21[0m[1m[0m] [37mVQE (kx=0.0, ky=-1.5707963267948966) = -1.4068063040674708[0m
[[1m[32m15:39:21[0m[1m[0m] [37mVQE (kx=0.0, ky=-1.1780972450961724) = -2.1293193178647796[0m
[[1m[32m15:39:21[0m[1m[0m] [37mVQE (kx=0.0, ky=-0.7853981633974483) = -2.791864752998284[0m
[[1m[32m15:39:21[0m[1m[0m] [37mVQE (kx=0.0, ky=-0.39269908169872414) = -3.2462635184443522[0m
[[1m[32m15:39:21[0m[1m[0m] [37mVQE (kx=0.0, ky=0.0) = -3.40806186925741[0m
[[1m[32m15:39:21[0m[1m[0m] [37mVQE (kx=0.0, ky=0.39269908169872414) = -3.2458015597610017[0m
[[1m[32m15:39:21[0m[1m[0m] [37mVQE (kx=0.0, ky=0.7853981633974483) = -2.7904910703048884[0m
[[1m[32m15:39:21[0m[1m[0m] [37mVQE (kx=0.0, ky=1.178097245096172) = -2.1292743413117914[0m
[[1m[32m15:39:21[0m[1m[0m] [37mVQE (kx=0.0, ky=1.5707963267948966) = -1.40752858521163[0m
[[1m[32m15:39:21[0m[1m[0m] [37mVQE (kx=0.0, ky=1.9634954084936211) = -0.8960786130131159[0m
[[1m[32m15:39:21[0m[1m[0m] [37mVQE (kx=0.0, ky=2.356194490192345) = -1.0158082467478333[0m
[[1m[32m15:39:21[0m[1m[0m] [37mVQE (kx=0.0, ky=2.7488935718910685) = -1.6416586046720558[0m
[[1m[32m15:39:21[0m[1m[0m] [37mVQE (kx=0.0, ky=3.141592653589793) = -2.3656745775688317[0m
[[1m[32m15:39:21[0m[1m[0m] [37mVQE (kx=0.39269908169872414, ky=-3.141592653589793) = -2.142765865565281[0m
[[1m[32m15:39:21[0m[1m[0m] [37mVQE (kx=0.39269908169872414, ky=-2.748893571891069) = -1.3803424246928602[0m
[[1m[32m15:39:21[0m[1m[0m] [37mVQE (kx=0.39269908169872414, ky=-2.356194490192345) = -0.7168563130659709[0m
[[1m[32m15:39:21[0m[1m[0m] [37mVQE (kx=0.39269908169872414, ky=-1.9634954084936207) = -0.5874336414409951[0m
[[1m[32m15:39:21[0m[1m[0m] [37mVQE (kx=0.39269908169872414, ky=-1.5707963267948966) = -1.1321271849526364[0m
[[1m[32m15:39:21[0m[1m[0m] [37mVQE (kx=0.39269908169872414, ky=-1.1780972450961724) = -1.8945319026609888[0m
[[1m[32m15:39:21[0m[1m[0m] [37mVQE (kx=0.39269908169872414, ky=-0.7853981633974483) = -2.594131284213841[0m
[[1m[32m15:39:21[0m[1m[0m] [37mVQE (kx=0.39269908169872414, ky=-0.39269908169872414) = -3.078926545280763[0m
[[1m[32m15:39:21[0m[1m[0m] [37mVQE (kx=0.39269908169872414, ky=0.0) = -3.2513738964347034[0m
[[1m[32m15:39:21[0m[1m[0m] [37mVQE (kx=0.39269908169872414, ky=0.39269908169872414) = -3.07920350775599[0m
[[1m[32m15:39:21[0m[1m[0m] [37mVQE (kx=0.39269908169872414, ky=0.7853981633974483) = -2.5948795676682503[0m
[[1m[32m15:39:21[0m[1m[0m] [37mVQE (kx=0.39269908169872414, ky=1.178097245096172) = -1.8945942327125165[0m
[[1m[32m15:39:21[0m[1m[0m] [37mVQE (kx=0.39269908169872414, ky=1.5707963267948966) = -1.132411140759724[0m
[[1m[32m15:39:21[0m[1m[0m] [37mVQE (kx=0.39269908169872414, ky=1.9634954084936211) = -0.5871874209948764[0m
[[1m[32m15:39:21[0m[1m[0m] [37mVQE (kx=0.39269908169872414, ky=2.356194490192345) = -0.7166181072985551[0m
[[1m[32m15:39:21[0m[1m[0m] [37mVQE (kx=0.39269908169872414, ky=2.7488935718910685) = -1.3800424380882725[0m
[[1m[32m15:39:21[0m[1m[0m] [37mVQE (kx=0.39269908169872414, ky=3.141592653589793) = -2.143225832862223[0m
[[1m[32m15:39:21[0m[1m[0m] [37mVQE (kx=0.7853981633974483, ky=-3.141592653589793) = -1.7295031182818743[0m
[[1m[32m15:39:21[0m[1m[0m] [37mVQE (kx=0.7853981633974483, ky=-2.748893571891069) = -0.9634647832856742[0m
[[1m[32m15:39:21[0m[1m[0m] [37mVQE (kx=0.7853981633974483, ky=-2.356194490192345) = -0.25759788948262935[0m
[[1m[32m15:39:21[0m[1m[0m] [37mVQE (kx=0.7853981633974483, ky=-1.9634954084936207) = -0.1043237698221583[0m
[[1m[32m15:39:21[0m[1m[0m] [37mVQE (kx=0.7853981633974483, ky=-1.5707963267948966) = -0.7079146928941726[0m
[[1m[32m15:39:21[0m[1m[0m] [37mVQE (kx=0.7853981633974483, ky=-1.1780972450961724) = -1.481348222431153[0m
[[1m[32m15:39:21[0m[1m[0m] [37mVQE (kx=0.7853981633974483, ky=-0.7853981633974483) = -2.1779167607147274[0m
[[1m[32m15:39:21[0m[1m[0m] [37mVQE (kx=0.7853981633974483, ky=-0.39269908169872414) = -2.6577079705691133[0m
[[1m[32m15:39:21[0m[1m[0m] [37mVQE (kx=0.7853981633974483, ky=0.0) = -2.8300329782761837[0m
[[1m[32m15:39:21[0m[1m[0m] [37mVQE (kx=0.7853981633974483, ky=0.39269908169872414) = -2.659623718387024[0m
[[1m[32m15:39:21[0m[1m[0m] [37mVQE (kx=0.7853981633974483, ky=0.7853981633974483) = -2.178711188836994[0m
[[1m[32m15:39:21[0m[1m[0m] [37mVQE (kx=0.7853981633974483, ky=1.178097245096172) = -1.4808801144870054[0m
[[1m[32m15:39:21[0m[1m[0m] [37mVQE (kx=0.7853981633974483, ky=1.5707963267948966) = -0.7080597787138821[0m
[[1m[32m15:39:21[0m[1m[0m] [37mVQE (kx=0.7853981633974483, ky=1.9634954084936211) = -0.10422223226214616[0m
[[1m[32m15:39:21[0m[1m[0m] [37mVQE (kx=0.7853981633974483, ky=2.356194490192345) = -0.25756728759653796[0m
[[1m[32m15:39:21[0m[1m[0m] [37mVQE (kx=0.7853981633974483, ky=2.7488935718910685) = -0.9630485594040872[0m
[[1m[32m15:39:21[0m[1m[0m] [37mVQE (kx=0.7853981633974483, ky=3.141592653589793) = -1.7293069894187438[0m
[[1m[32m15:39:21[0m[1m[0m] [37mVQE (kx=1.178097245096172, ky=-3.141592653589793) = -1.2493592872136072[0m
[[1m[32m15:39:21[0m[1m[0m] [37mVQE (kx=1.178097245096172, ky=-2.748893571891069) = -0.5537371605703334[0m
[[1m[32m15:39:21[0m[1m[0m] [37mVQE (kx=1.178097245096172, ky=-2.356194490192345) = 0.14996217084377564[0m
[[1m[32m15:39:21[0m[1m[0m] [37mVQE (kx=1.178097245096172, ky=-1.9634954084936207) = 0.3670010703264881[0m
[[1m[32m15:39:21[0m[1m[0m] [37mVQE (kx=1.178097245096172, ky=-1.5707963267948966) = -0.3150464225786057[0m
[[1m[32m15:39:21[0m[1m[0m] [37mVQE (kx=1.178097245096172, ky=-1.1780972450961724) = -1.0256932656921827[0m
[[1m[32m15:39:21[0m[1m[0m] [37mVQE (kx=1.178097245096172, ky=-0.7853981633974483) = -1.6509280734506129[0m
[[1m[32m15:39:21[0m[1m[0m] [37mVQE (kx=1.178097245096172, ky=-0.39269908169872414) = -2.080629028629974[0m
[[1m[32m15:39:21[0m[1m[0m] [37mVQE (kx=1.178097245096172, ky=0.0) = -2.233906817871346[0m
[[1m[32m15:39:21[0m[1m[0m] [37mVQE (kx=1.178097245096172, ky=0.39269908169872414) = -2.0805422180995103[0m
[[1m[32m15:39:21[0m[1m[0m] [37mVQE (kx=1.178097245096172, ky=0.7853981633974483) = -1.65078322501039[0m
[[1m[32m15:39:21[0m[1m[0m] [37mVQE (kx=1.178097245096172, ky=1.178097245096172) = -1.0256943070239073[0m
[[1m[32m15:39:21[0m[1m[0m] [37mVQE (kx=1.178097245096172, ky=1.5707963267948966) = -0.3148577685944265[0m
[[1m[32m15:39:21[0m[1m[0m] [37mVQE (kx=1.178097245096172, ky=1.9634954084936211) = 0.36688021283890754[0m
[[1m[32m15:39:21[0m[1m[0m] [37mVQE (kx=1.178097245096172, ky=2.356194490192345) = 0.1500014097665369[0m
[[1m[32m15:39:21[0m[1m[0m] [37mVQE (kx=1.178097245096172, ky=2.7488935718910685) = -0.5537360520245942[0m
[[1m[32m15:39:21[0m[1m[0m] [37mVQE (kx=1.178097245096172, ky=3.141592653589793) = -1.2492525857932724[0m
[[1m[32m15:39:21[0m[1m[0m] [37mVQE (kx=1.5707963267948966, ky=-3.141592653589793) = -0.8908734515803766[0m
[[1m[32m15:39:21[0m[1m[0m] [37mVQE (kx=1.5707963267948966, ky=-2.748893571891069) = -0.4646927771017347[0m
[[1m[32m15:39:21[0m[1m[0m] [37mVQE (kx=1.5707963267948966, ky=-2.356194490192345) = -0.13400679082780315[0m
[[1m[32m15:39:21[0m[1m[0m] [37mVQE (kx=1.5707963267948966, ky=-1.9634954084936207) = -0.07643265470569494[0m
[[1m[32m15:39:21[0m[1m[0m] [37mVQE (kx=1.5707963267948966, ky=-1.5707963267948966) = -0.3355543505460737[0m
[[1m[32m15:39:21[0m[1m[0m] [37mVQE (kx=1.5707963267948966, ky=-1.1780972450961724) = -0.747877540950125[0m
[[1m[32m15:39:21[0m[1m[0m] [37mVQE (kx=1.5707963267948966, ky=-0.7853981633974483) = -1.1572265564945738[0m
[[1m[32m15:39:21[0m[1m[0m] [37mVQE (kx=1.5707963267948966, ky=-0.39269908169872414) = -1.4516151759907499[0m
[[1m[32m15:39:21[0m[1m[0m] [37mVQE (kx=1.5707963267948966, ky=0.0) = -1.5588111518538785[0m
[[1m[32m15:39:21[0m[1m[0m] [37mVQE (kx=1.5707963267948966, ky=0.39269908169872414) = -1.4517932492219265[0m
[[1m[32m15:39:21[0m[1m[0m] [37mVQE (kx=1.5707963267948966, ky=0.7853981633974483) = -1.1573900133177124[0m
[[1m[32m15:39:21[0m[1m[0m] [37mVQE (kx=1.5707963267948966, ky=1.178097245096172) = -0.7477458083920834[0m
[[1m[32m15:39:21[0m[1m[0m] [37mVQE (kx=1.5707963267948966, ky=1.5707963267948966) = -0.33550979889912935[0m
[[1m[32m15:39:21[0m[1m[0m] [37mVQE (kx=1.5707963267948966, ky=1.9634954084936211) = -0.07649143628130067[0m
[[1m[32m15:39:21[0m[1m[0m] [37mVQE (kx=1.5707963267948966, ky=2.356194490192345) = -0.13404721261013938[0m
[[1m[32m15:39:21[0m[1m[0m] [37mVQE (kx=1.5707963267948966, ky=2.7488935718910685) = -0.4646364230053152[0m
[[1m[32m15:39:21[0m[1m[0m] [37mVQE (kx=1.5707963267948966, ky=3.141592653589793) = -0.8909387983984856[0m
[[1m[32m15:39:21[0m[1m[0m] [37mVQE (kx=1.9634954084936211, ky=-3.141592653589793) = -0.9265541713302908[0m
[[1m[32m15:39:21[0m[1m[0m] [37mVQE (kx=1.9634954084936211, ky=-2.748893571891069) = -0.9215322429136658[0m
[[1m[32m15:39:21[0m[1m[0m] [37mVQE (kx=1.9634954084936211, ky=-2.356194490192345) = -0.9105224162263144[0m
[[1m[32m15:39:21[0m[1m[0m] [37mVQE (kx=1.9634954084936211, ky=-1.9634954084936207) = -0.9079444241896379[0m
[[1m[32m15:39:21[0m[1m[0m] [37mVQE (kx=1.9634954084936211, ky=-1.5707963267948966) = -0.9173733709303344[0m
[[1m[32m15:39:21[0m[1m[0m] [37mVQE (kx=1.9634954084936211, ky=-1.1780972450961724) = -0.927083438536639[0m
[[1m[32m15:39:21[0m[1m[0m] [37mVQE (kx=1.9634954084936211, ky=-0.7853981633974483) = -0.9198505445242123[0m
[[1m[32m15:39:21[0m[1m[0m] [37mVQE (kx=1.9634954084936211, ky=-0.39269908169872414) = -0.8958089126414437[0m
[[1m[32m15:39:21[0m[1m[0m] [37mVQE (kx=1.9634954084936211, ky=0.0) = -0.8804274977815756[0m
[[1m[32m15:39:21[0m[1m[0m] [37mVQE (kx=1.9634954084936211, ky=0.39269908169872414) = -0.8962235920459682[0m
[[1m[32m15:39:21[0m[1m[0m] [37mVQE (kx=1.9634954084936211, ky=0.7853981633974483) = -0.9201045886266871[0m
[[1m[32m15:39:21[0m[1m[0m] [37mVQE (kx=1.9634954084936211, ky=1.178097245096172) = -0.926443299555326[0m
[[1m[32m15:39:21[0m[1m[0m] [37mVQE (kx=1.9634954084936211, ky=1.5707963267948966) = -0.917435667991877[0m
[[1m[32m15:39:21[0m[1m[0m] [37mVQE (kx=1.9634954084936211, ky=1.9634954084936211) = -0.9078823041630601[0m
[[1m[32m15:39:21[0m[1m[0m] [37mVQE (kx=1.9634954084936211, ky=2.356194490192345) = -0.9099064478914177[0m
[[1m[32m15:39:21[0m[1m[0m] [37mVQE (kx=1.9634954084936211, ky=2.7488935718910685) = -0.9212189485751192[0m
[[1m[32m15:39:21[0m[1m[0m] [37mVQE (kx=1.9634954084936211, ky=3.141592653589793) = -0.9269337486951046[0m
[[1m[32m15:39:21[0m[1m[0m] [37mVQE (kx=2.356194490192345, ky=-3.141592653589793) = -1.371707952133709[0m
[[1m[32m15:39:21[0m[1m[0m] [37mVQE (kx=2.356194490192345, ky=-2.748893571891069) = -1.6334462327746224[0m
[[1m[32m15:39:21[0m[1m[0m] [37mVQE (kx=2.356194490192345, ky=-2.356194490192345) = -1.7741350010525534[0m
[[1m[32m15:39:21[0m[1m[0m] [37mVQE (kx=2.356194490192345, ky=-1.9634954084936207) = -1.794123333602948[0m
[[1m[32m15:39:21[0m[1m[0m] [37mVQE (kx=2.356194490192345, ky=-1.5707963267948966) = -1.6940399045506196[0m
[[1m[32m15:39:21[0m[1m[0m] [37mVQE (kx=2.356194490192345, ky=-1.1780972450961724) = -1.4725977739912888[0m
[[1m[32m15:39:21[0m[1m[0m] [37mVQE (kx=2.356194490192345, ky=-0.7853981633974483) = -1.1334028388374595[0m
[[1m[32m15:39:21[0m[1m[0m] [37mVQE (kx=2.356194490192345, ky=-0.39269908169872414) = -0.6912699238663905[0m
[[1m[32m15:39:21[0m[1m[0m] [37mVQE (kx=2.356194490192345, ky=0.0) = -0.24905229744249588[0m
[[1m[32m15:39:21[0m[1m[0m] [37mVQE (kx=2.356194490192345, ky=0.39269908169872414) = -0.6912143153742571[0m
[[1m[32m15:39:21[0m[1m[0m] [37mVQE (kx=2.356194490192345, ky=0.7853981633974483) = -1.1337309600975594[0m
[[1m[32m15:39:21[0m[1m[0m] [37mVQE (kx=2.356194490192345, ky=1.178097245096172) = -1.4730071852873217[0m
[[1m[32m15:39:21[0m[1m[0m] [37mVQE (kx=2.356194490192345, ky=1.5707963267948966) = -1.6940849146741686[0m
[[1m[32m15:39:21[0m[1m[0m] [37mVQE (kx=2.356194490192345, ky=1.9634954084936211) = -1.7947728004448922[0m
[[1m[32m15:39:21[0m[1m[0m] [37mVQE (kx=2.356194490192345, ky=2.356194490192345) = -1.774647693991803[0m
[[1m[32m15:39:21[0m[1m[0m] [37mVQE (kx=2.356194490192345, ky=2.7488935718910685) = -1.6336400871980485[0m
[[1m[32m15:39:21[0m[1m[0m] [37mVQE (kx=2.356194490192345, ky=3.141592653589793) = -1.3723262923620339[0m
[[1m[32m15:39:21[0m[1m[0m] [37mVQE (kx=2.7488935718910685, ky=-3.141592653589793) = -1.8988226934136458[0m
[[1m[32m15:39:21[0m[1m[0m] [37mVQE (kx=2.7488935718910685, ky=-2.748893571891069) = -2.31133560815816[0m
[[1m[32m15:39:21[0m[1m[0m] [37mVQE (kx=2.7488935718910685, ky=-2.356194490192345) = -2.5468996039221734[0m
[[1m[32m15:39:21[0m[1m[0m] [37mVQE (kx=2.7488935718910685, ky=-1.9634954084936207) = -2.580946710493044[0m
[[1m[32m15:39:21[0m[1m[0m] [37mVQE (kx=2.7488935718910685, ky=-1.5707963267948966) = -2.4104588219388754[0m
[[1m[32m15:39:21[0m[1m[0m] [37mVQE (kx=2.7488935718910685, ky=-1.1780972450961724) = -2.0528414666751558[0m
[[1m[32m15:39:21[0m[1m[0m] [37mVQE (kx=2.7488935718910685, ky=-0.7853981633974483) = -1.546861149182707[0m
[[1m[32m15:39:21[0m[1m[0m] [37mVQE (kx=2.7488935718910685, ky=-0.39269908169872414) = -0.9655514610013096[0m
[[1m[32m15:39:21[0m[1m[0m] [37mVQE (kx=2.7488935718910685, ky=0.0) = -0.5841716270551363[0m
[[1m[32m15:39:21[0m[1m[0m] [37mVQE (kx=2.7488935718910685, ky=0.39269908169872414) = -0.9656999606207223[0m
[[1m[32m15:39:21[0m[1m[0m] [37mVQE (kx=2.7488935718910685, ky=0.7853981633974483) = -1.5467354310689427[0m
[[1m[32m15:39:21[0m[1m[0m] [37mVQE (kx=2.7488935718910685, ky=1.178097245096172) = -2.0542204293607558[0m
[[1m[32m15:39:21[0m[1m[0m] [37mVQE (kx=2.7488935718910685, ky=1.5707963267948966) = -2.410912446964913[0m
[[1m[32m15:39:21[0m[1m[0m] [37mVQE (kx=2.7488935718910685, ky=1.9634954084936211) = -2.580957611063898[0m
[[1m[32m15:39:21[0m[1m[0m] [37mVQE (kx=2.7488935718910685, ky=2.356194490192345) = -2.546159348333594[0m
[[1m[32m15:39:21[0m[1m[0m] [37mVQE (kx=2.7488935718910685, ky=2.7488935718910685) = -2.3111028045486597[0m
[[1m[32m15:39:21[0m[1m[0m] [37mVQE (kx=2.7488935718910685, ky=3.141592653589793) = -1.8979875221915792[0m
[[1m[32m15:39:21[0m[1m[0m] [37mVQE (kx=3.141592653589793, ky=-3.141592653589793) = -2.2700731603179607[0m
[[1m[32m15:39:21[0m[1m[0m] [37mVQE (kx=3.141592653589793, ky=-2.748893571891069) = -2.787143749005873[0m
[[1m[32m15:39:21[0m[1m[0m] [37mVQE (kx=3.141592653589793, ky=-2.356194490192345) = -3.0925076898630026[0m
[[1m[32m15:39:21[0m[1m[0m] [37mVQE (kx=3.141592653589793, ky=-1.9634954084936207) = -3.1377457500065153[0m
[[1m[32m15:39:21[0m[1m[0m] [37mVQE (kx=3.141592653589793, ky=-1.5707963267948966) = -2.916061651264114[0m
[[1m[32m15:39:21[0m[1m[0m] [37mVQE (kx=3.141592653589793, ky=-1.1780972450961724) = -2.461733599544291[0m
[[1m[32m15:39:21[0m[1m[0m] [37mVQE (kx=3.141592653589793, ky=-0.7853981633974483) = -1.8488447655966656[0m
[[1m[32m15:39:21[0m[1m[0m] [37mVQE (kx=3.141592653589793, ky=-0.39269908169872414) = -1.2136649947605984[0m
[[1m[32m15:39:21[0m[1m[0m] [37mVQE (kx=3.141592653589793, ky=0.0) = -0.878202774122112[0m
[[1m[32m15:39:21[0m[1m[0m] [37mVQE (kx=3.141592653589793, ky=0.39269908169872414) = -1.2137231473707617[0m
[[1m[32m15:39:21[0m[1m[0m] [37mVQE (kx=3.141592653589793, ky=0.7853981633974483) = -1.8494544103340416[0m
[[1m[32m15:39:21[0m[1m[0m] [37mVQE (kx=3.141592653589793, ky=1.178097245096172) = -2.4612019452647815[0m
[[1m[32m15:39:21[0m[1m[0m] [37mVQE (kx=3.141592653589793, ky=1.5707963267948966) = -2.9148603875563466[0m
[[1m[32m15:39:21[0m[1m[0m] [37mVQE (kx=3.141592653589793, ky=1.9634954084936211) = -3.1374320446393[0m
[[1m[32m15:39:21[0m[1m[0m] [37mVQE (kx=3.141592653589793, ky=2.356194490192345) = -3.0910886063149685[0m
[[1m[32m15:39:21[0m[1m[0m] [37mVQE (kx=3.141592653589793, ky=2.7488935718910685) = -2.7874495607181746[0m
[[1m[32m15:39:21[0m[1m[0m] [37mVQE (kx=3.141592653589793, ky=3.141592653589793) = -2.269877386366863[0m
Completed at Wed Aug 12 03:39:22 PM PDT 2026
