===================================================================
Hubbard 2x2 magnetization analytic+VQE (SHARDED) - M_total [6 LAYERS]
  observable:  M_total
  sweep:       n_occ [0 16 1] vs U [0.0 10.0 0.5]
  methods:     analytic vqe
  vqe-layers:  6
  optimizer:   L_BFGS_B
  plot format: heatmap
  parallelism: distributed across 16 shards on multiple nodes
===================================================================

===================================================================
Resuming from progress log: skipping 7 already-computed cell(s), 16 remaining.
Resuming from progress log: skipping 7 already-computed cell(s), 15 remaining.
Resuming from progress log: skipping 6 already-computed cell(s), 16 remaining.
Resuming from progress log: skipping 6 already-computed cell(s), 16 remaining.
Resuming from progress log: skipping 5 already-computed cell(s), 17 remaining.
Resuming from progress log: skipping 7 already-computed cell(s), 15 remaining.
Resuming from progress log: skipping 6 already-computed cell(s), 16 remaining.
Resuming from progress log: skipping 5 already-computed cell(s), 17 remaining.
Resuming from progress log: skipping 6 already-computed cell(s), 17 remaining.
Resuming from progress log: skipping 7 already-computed cell(s), 16 remaining.
Resuming from progress log: skipping 5 already-computed cell(s), 17 remaining.
Resuming from progress log: skipping 5 already-computed cell(s), 18 remaining.
Resuming from progress log: skipping 6 already-computed cell(s), 16 remaining.
Resuming from progress log: skipping 4 already-computed cell(s), 18 remaining.
Resuming from progress log: skipping 5 already-computed cell(s), 17 remaining.
Resuming from progress log: skipping 6 already-computed cell(s), 17 remaining.
[[2m[37m06:01:56[0m[2m[0m] [2mVQE (lattice=(2, 2), n_occ=16, t=1, boundary=periodic, U=7.5, repetition=1) = 59.99999999999953 (evals=851, final=59.999999999999986)[0m
[[2m[37m06:20:33[0m[2m[0m] [2mVQE (lattice=(2, 2), n_occ=16, t=1, boundary=periodic, U=9, repetition=1) = 71.99999999999939 (evals=851, final=71.99999999999999)[0m
[[2m[37m06:20:54[0m[2m[0m] [2mVQE (lattice=(2, 2), n_occ=16, t=1, boundary=periodic, U=1, repetition=1) = 7.999999999999938 (evals=851, final=7.999999999999998)[0m
[[2m[37m06:22:35[0m[2m[0m] [2mVQE (lattice=(2, 2), n_occ=16, t=1, boundary=periodic, U=0.5, repetition=1) = 3.9999999999999685 (evals=851, final=3.9999999999999862)[0m
[[2m[37m06:23:18[0m[2m[0m] [2mVQE (lattice=(2, 2), n_occ=16, t=1, boundary=periodic, U=3.5, repetition=1) = 27.999999999999773 (evals=851, final=27.99999999999991)[0m
[[2m[37m06:26:31[0m[2m[0m] [2mVQE (lattice=(2, 2), n_occ=16, t=1, boundary=periodic, U=4, repetition=1) = 31.999999999999684 (evals=851, final=31.999999999999993)[0m
[[2m[37m07:00:52[0m[2m[0m] [2mVQE (lattice=(2, 2), n_occ=13, t=1, boundary=periodic, U=0, repetition=1) = -5.613760629507724 (evals=851, final=-5.613760629507724)[0m
[[2m[37m07:03:38[0m[2m[0m] [2mVQE (lattice=(2, 2), n_occ=15, t=1, boundary=periodic, U=2, repetition=1) = 11.106935798404425 (evals=851, final=11.106935798404425)[0m
[[2m[37m07:04:39[0m[2m[0m] [2mVQE (lattice=(2, 2), n_occ=15, t=1, boundary=periodic, U=10, repetition=1) = 67.05508340482186 (evals=851, final=67.05508340482186)[0m
[[2m[37m07:25:59[0m[2m[0m] [2mVQE (lattice=(2, 2), n_occ=15, t=1, boundary=periodic, U=3.5, repetition=1) = 21.96872495693617 (evals=851, final=21.96872495693617)[0m
[[2m[37m07:26:06[0m[2m[0m] [2mVQE (lattice=(2, 2), n_occ=15, t=1, boundary=periodic, U=7, repetition=1) = 46.129316170872315 (evals=851, final=46.129316170872315)[0m
[[2m[37m07:27:45[0m[2m[0m] [2mVQE (lattice=(2, 2), n_occ=15, t=1, boundary=periodic, U=4.5, repetition=1) = 28.630939915781223 (evals=851, final=28.630939915781223)[0m
[[2m[37m07:28:40[0m[2m[0m] [2mVQE (lattice=(2, 2), n_occ=15, t=1, boundary=periodic, U=6, repetition=1) = 39.06793126938083 (evals=851, final=39.06793126938083)[0m
[[2m[37m07:28:53[0m[2m[0m] [2mVQE (lattice=(2, 2), n_occ=15, t=1, boundary=periodic, U=3, repetition=1) = 18.231046934441796 (evals=851, final=18.231046934441796)[0m
[[2m[37m07:33:09[0m[2m[0m] [2mVQE (lattice=(2, 2), n_occ=15, t=1, boundary=periodic, U=6.5, repetition=1) = 42.57662736710455 (evals=851, final=42.57662736710455)[0m
[[2m[37m07:33:48[0m[2m[0m] [2mVQE (lattice=(2, 2), n_occ=15, t=1, boundary=periodic, U=7.5, repetition=1) = 49.56030431853267 (evals=851, final=49.56030431853267)[0m
[[2m[37m07:33:59[0m[2m[0m] [2mVQE (lattice=(2, 2), n_occ=14, t=1, boundary=periodic, U=4.5, repetition=1) = 22.04327574686343 (evals=851, final=22.04327574686343)[0m
[[2m[37m07:55:57[0m[2m[0m] [2mVQE (lattice=(2, 2), n_occ=14, t=1, boundary=periodic, U=9.5, repetition=1) = 53.039248629138406 (evals=851, final=53.039248629138406)[0m
[[2m[37m07:56:23[0m[2m[0m] [2mVQE (lattice=(2, 2), n_occ=14, t=1, boundary=periodic, U=6, repetition=1) = 31.347425904968006 (evals=851, final=31.347425904968006)[0m
[[2m[37m07:56:37[0m[2m[0m] [2mVQE (lattice=(2, 2), n_occ=14, t=1, boundary=periodic, U=1.5, repetition=1) = 3.698761751411993 (evals=851, final=3.698761751411993)[0m
[[2m[37m07:58:37[0m[2m[0m] [2mVQE (lattice=(2, 2), n_occ=14, t=1, boundary=periodic, U=0.5, repetition=1) = -2.6524706995291303 (evals=851, final=-2.6524706995291303)[0m
[[2m[37m07:58:37[0m[2m[0m] [2mVQE (lattice=(2, 2), n_occ=14, t=1, boundary=periodic, U=8.5, repetition=1) = 46.484928272756456 (evals=851, final=46.484928272756456)[0m
[[2m[37m07:59:13[0m[2m[0m] [2mVQE (lattice=(2, 2), n_occ=14, t=1, boundary=periodic, U=7, repetition=1) = 37.42173059561991 (evals=851, final=37.42173059561991)[0m
[[2m[37m07:59:13[0m[2m[0m] [2mVQE (lattice=(2, 2), n_occ=14, t=1, boundary=periodic, U=5.5, repetition=1) = 27.87603407395326 (evals=851, final=27.87603407395326)[0m
[[2m[37m08:03:37[0m[2m[0m] [2mVQE (lattice=(2, 2), n_occ=14, t=1, boundary=periodic, U=10, repetition=1) = 55.654480847046806 (evals=851, final=55.654480847046806)[0m
[[2m[37m08:03:55[0m[2m[0m] [2mVQE (lattice=(2, 2), n_occ=14, t=1, boundary=periodic, U=1, repetition=1) = 0.8009153040655778 (evals=851, final=0.8009153040655778)[0m
[[2m[37m08:04:43[0m[2m[0m] [2mVQE (lattice=(2, 2), n_occ=14, t=1, boundary=periodic, U=9, repetition=1) = 49.73316291324024 (evals=851, final=49.73316291324024)[0m
[[2m[37m08:05:31[0m[2m[0m] [2mVQE (lattice=(2, 2), n_occ=14, t=1, boundary=periodic, U=2, repetition=1) = 6.567576301702632 (evals=851, final=6.567576301702632)[0m
[[2m[37m08:09:34[0m[2m[0m] [2mVQE (lattice=(2, 2), n_occ=13, t=1, boundary=periodic, U=7, repetition=1) = 30.798599594987735 (evals=851, final=30.798599594987735)[0m
[[2m[37m08:34:02[0m[2m[0m] [2mVQE (lattice=(2, 2), n_occ=13, t=1, boundary=periodic, U=8.5, repetition=1) = 38.33988247944637 (evals=851, final=38.33988247944637)[0m
[[2m[37m08:35:50[0m[2m[0m] [2mVQE (lattice=(2, 2), n_occ=13, t=1, boundary=periodic, U=0.5, repetition=1) = -3.8535621092800456 (evals=851, final=-3.8535621092800456)[0m
[[2m[37m08:36:01[0m[2m[0m] [2mVQE (lattice=(2, 2), n_occ=13, t=1, boundary=periodic, U=4, repetition=1) = 14.899056448745345 (evals=851, final=14.899056448745345)[0m
[[2m[37m08:36:10[0m[2m[0m] [2mVQE (lattice=(2, 2), n_occ=13, t=1, boundary=periodic, U=3, repetition=1) = 10.016355896228069 (evals=851, final=10.016355896228069)[0m
[[2m[37m08:36:14[0m[2m[0m] [2mVQE (lattice=(2, 2), n_occ=13, t=1, boundary=periodic, U=1.5, repetition=1) = 2.7601408642442165 (evals=851, final=2.7601408642442165)[0m
[[2m[37m08:36:19[0m[2m[0m] [2mVQE (lattice=(2, 2), n_occ=13, t=1, boundary=periodic, U=8, repetition=1) = 36.17860845672729 (evals=851, final=36.17860845672729)[0m
[[2m[37m08:39:12[0m[2m[0m] [2mVQE (lattice=(2, 2), n_occ=12, t=1, boundary=periodic, U=9.5, repetition=1) = 35.28696539426725 (evals=851, final=35.28696539426725)[0m
[[2m[37m08:41:00[0m[2m[0m] [2mVQE (lattice=(2, 2), n_occ=13, t=1, boundary=periodic, U=9.5, repetition=1) = 43.64441820357715 (evals=851, final=43.64441820357715)[0m
[[2m[37m08:43:00[0m[2m[0m] [2mVQE (lattice=(2, 2), n_occ=13, t=1, boundary=periodic, U=3.5, repetition=1) = 12.367550666157214 (evals=851, final=12.367550666157214)[0m
[[2m[37m08:45:21[0m[2m[0m] [2mVQE (lattice=(2, 2), n_occ=13, t=1, boundary=periodic, U=4.5, repetition=1) = 16.944948111753558 (evals=851, final=16.944948111753558)[0m
[[2m[37m08:46:34[0m[2m[0m] [2mVQE (lattice=(2, 2), n_occ=3, t=1, boundary=periodic, U=5, repetition=1) = -5.374905369732384 (evals=851, final=-5.374905369732384)[0m
[[2m[37m08:48:46[0m[2m[0m] [2mVQE (lattice=(2, 2), n_occ=3, t=1, boundary=periodic, U=2.5, repetition=1) = -5.634687868763301 (evals=851, final=-5.634687868763301)[0m
[[2m[37m09:03:15[0m[2m[0m] [2mVQE (lattice=(2, 2), n_occ=11, t=1, boundary=periodic, U=4, repetition=1) = 6.136009831383197 (evals=851, final=6.136009831383197)[0m
[[2m[37m09:04:34[0m[2m[0m] [2mVQE (lattice=(2, 2), n_occ=6, t=1, boundary=periodic, U=0.5, repetition=1) = -8.031086973469307 (evals=851, final=-8.031086973469307)[0m
[[2m[37m09:04:43[0m[2m[0m] [2mVQE (lattice=(2, 2), n_occ=12, t=1, boundary=periodic, U=6.5, repetition=1) = 21.833073436836397 (evals=851, final=21.833073436836397)[0m
[[2m[37m09:04:55[0m[2m[0m] [2mVQE (lattice=(2, 2), n_occ=6, t=1, boundary=periodic, U=8.5, repetition=1) = 0.21116289579504732 (evals=851, final=0.21116289579504732)[0m
[[2m[37m09:05:28[0m[2m[0m] [2mVQE (lattice=(2, 2), n_occ=12, t=1, boundary=periodic, U=3, repetition=1) = 7.723772899039403 (evals=851, final=7.763467352913447)[0m
[[2m[37m09:06:31[0m[2m[0m] [2mVQE (lattice=(2, 2), n_occ=5, t=1, boundary=periodic, U=3, repetition=1) = -5.502707309261562 (evals=851, final=-5.502707309261562)[0m
[[2m[37m09:08:05[0m[2m[0m] [2mVQE (lattice=(2, 2), n_occ=12, t=1, boundary=periodic, U=2.5, repetition=1) = 3.942249967911168 (evals=851, final=3.942249967911168)[0m
[[2m[37m09:08:48[0m[2m[0m] [2mVQE (lattice=(2, 2), n_occ=12, t=1, boundary=periodic, U=4, repetition=1) = 10.341700801924627 (evals=851, final=10.341700801924627)[0m
[[2m[37m09:09:26[0m[2m[0m] [2mVQE (lattice=(2, 2), n_occ=12, t=1, boundary=periodic, U=5.5, repetition=1) = 17.55968701809269 (evals=851, final=17.55968701809269)[0m
[[2m[37m09:11:39[0m[2m[0m] [2mVQE (lattice=(2, 2), n_occ=7, t=1, boundary=periodic, U=6, repetition=1) = -0.6366392514682316 (evals=851, final=-0.6366392514682316)[0m
[[2m[37m09:13:00[0m[2m[0m] [2mVQE (lattice=(2, 2), n_occ=4, t=1, boundary=periodic, U=7, repetition=1) = -4.333193782383271 (evals=851, final=-4.333193782383271)[0m
[[2m[37m09:14:11[0m[2m[0m] [2mVQE (lattice=(2, 2), n_occ=9, t=1, boundary=periodic, U=1, repetition=1) = -4.522414196936848 (evals=851, final=-3.9630179601473903)[0m
[[2m[37m09:14:44[0m[2m[0m] [2mVQE (lattice=(2, 2), n_occ=4, t=1, boundary=periodic, U=1.5, repetition=1) = -6.406504827402853 (evals=851, final=-6.406504827402853)[0m
[[2m[37m09:15:03[0m[2m[0m] [2mVQE (lattice=(2, 2), n_occ=4, t=1, boundary=periodic, U=2.5, repetition=1) = -6.093781692543327 (evals=851, final=-6.093781692543327)[0m
[[2m[37m09:15:35[0m[2m[0m] [2mVQE (lattice=(2, 2), n_occ=12, t=1, boundary=periodic, U=7, repetition=1) = 23.84028408615694 (evals=851, final=23.84028408615694)[0m
[[2m[37m09:15:53[0m[2m[0m] [2mVQE (lattice=(2, 2), n_occ=4, t=1, boundary=periodic, U=6.5, repetition=1) = -4.607869200824434 (evals=851, final=-4.607869200824434)[0m
[[2m[37m09:15:57[0m[2m[0m] [2mVQE (lattice=(2, 2), n_occ=12, t=1, boundary=periodic, U=6, repetition=1) = 20.693881691378426 (evals=851, final=20.89893912660684)[0m
[[2m[37m09:16:34[0m[2m[0m] [2mVQE (lattice=(2, 2), n_occ=4, t=1, boundary=periodic, U=8, repetition=1) = -2.9389229706148554 (evals=851, final=-2.862627200172113)[0m
[[2m[37m09:16:39[0m[2m[0m] [2mVQE (lattice=(2, 2), n_occ=9, t=1, boundary=periodic, U=9, repetition=1) = 13.699625917864415 (evals=851, final=13.699625917864415)[0m
[[2m[37m09:16:50[0m[2m[0m] [2mVQE (lattice=(2, 2), n_occ=4, t=1, boundary=periodic, U=9.5, repetition=1) = -3.852183420900224 (evals=851, final=-3.852183420900224)[0m
[[2m[37m09:21:44[0m[2m[0m] [2mVQE (lattice=(2, 2), n_occ=8, t=1, boundary=periodic, U=3.5, repetition=1) = -2.0930817546665934 (evals=851, final=-2.0930817546665934)[0m
[[2m[37m09:21:55[0m[2m[0m] [2mVQE (lattice=(2, 2), n_occ=4, t=1, boundary=periodic, U=3, repetition=1) = -4.479519027635564 (evals=851, final=-4.113801223927825)[0m
[[2m[37m09:23:08[0m[2m[0m] [2mVQE (lattice=(2, 2), n_occ=10, t=1, boundary=periodic, U=6.5, repetition=1) = 12.830763533720885 (evals=851, final=13.478949080399858)[0m
[[2m[37m09:23:10[0m[2m[0m] [2mVQE (lattice=(2, 2), n_occ=4, t=1, boundary=periodic, U=10, repetition=1) = -3.8712352966592913 (evals=851, final=-3.8712352966592913)[0m
[[2m[37m09:23:24[0m[2m[0m] [2mVQE (lattice=(2, 2), n_occ=4, t=1, boundary=periodic, U=2, repetition=1) = -6.166082618575694 (evals=851, final=-6.166082618575694)[0m
[[2m[37m09:31:18[0m[2m[0m] [2mVQE (lattice=(2, 2), n_occ=11, t=1, boundary=periodic, U=1, repetition=1) = -3.0375418620605896 (evals=851, final=-3.0375418620605896)[0m
[[2m[37m09:31:56[0m[2m[0m] [2mVQE (lattice=(2, 2), n_occ=6, t=1, boundary=periodic, U=2, repetition=1) = -6.295993152197328 (evals=851, final=-6.295993152197328)[0m
[[2m[37m09:32:44[0m[2m[0m] [2mVQE (lattice=(2, 2), n_occ=5, t=1, boundary=periodic, U=8, repetition=1) = -2.8953634533733714 (evals=851, final=-2.8953634533733714)[0m
[[2m[37m09:33:01[0m[2m[0m] [2mVQE (lattice=(2, 2), n_occ=11, t=1, boundary=periodic, U=5.5, repetition=1) = 11.687202135711793 (evals=851, final=11.687202135711793)[0m
[[2m[37m09:33:03[0m[2m[0m] [2mVQE (lattice=(2, 2), n_occ=5, t=1, boundary=periodic, U=5.5, repetition=1) = -4.501514926529943 (evals=851, final=-4.501514926529943)[0m
[[2m[37m09:33:23[0m[2m[0m] [2mVQE (lattice=(2, 2), n_occ=11, t=1, boundary=periodic, U=9, repetition=1) = 25.804592129161524 (evals=851, final=27.58125080225299)[0m
[[2m[37m09:33:27[0m[2m[0m] [2mVQE (lattice=(2, 2), n_occ=6, t=1, boundary=periodic, U=5.5, repetition=1) = -1.1034296516004998 (evals=851, final=-0.5833570408504647)[0m
[[2m[37m09:33:29[0m[2m[0m] [2mVQE (lattice=(2, 2), n_occ=6, t=1, boundary=periodic, U=10, repetition=1) = 1.813074116870584 (evals=851, final=1.813074116870584)[0m
[[2m[37m09:34:08[0m[2m[0m] [2mVQE (lattice=(2, 2), n_occ=5, t=1, boundary=periodic, U=4.5, repetition=1) = -4.256271180605301 (evals=851, final=-4.256271180605301)[0m
[[2m[37m09:34:19[0m[2m[0m] [2mVQE (lattice=(2, 2), n_occ=6, t=1, boundary=periodic, U=1.5, repetition=1) = -5.904079913322539 (evals=851, final=-5.904079913322539)[0m
[[2m[37m09:35:12[0m[2m[0m] [2mVQE (lattice=(2, 2), n_occ=11, t=1, boundary=periodic, U=6.5, repetition=1) = 17.04021490321576 (evals=851, final=19.760875717504735)[0m
[[2m[37m09:35:17[0m[2m[0m] [2mVQE (lattice=(2, 2), n_occ=11, t=1, boundary=periodic, U=5, repetition=1) = 11.172988662465153 (evals=851, final=11.172988662465153)[0m
[[2m[37m09:35:27[0m[2m[0m] [2mVQE (lattice=(2, 2), n_occ=6, t=1, boundary=periodic, U=3, repetition=1) = -3.8489483405033176 (evals=851, final=-3.8489483405033176)[0m
[[2m[37m09:35:48[0m[2m[0m] [2mVQE (lattice=(2, 2), n_occ=5, t=1, boundary=periodic, U=4, repetition=1) = -5.309242974612274 (evals=851, final=-5.309242974612274)[0m
[[2m[37m09:36:18[0m[2m[0m] [2mVQE (lattice=(2, 2), n_occ=11, t=1, boundary=periodic, U=8, repetition=1) = 20.974898877821378 (evals=851, final=20.974898877821378)[0m
[[2m[37m09:36:21[0m[2m[0m] [2mVQE (lattice=(2, 2), n_occ=6, t=1, boundary=periodic, U=4.5, repetition=1) = -2.998135779765903 (evals=851, final=-2.998135779765903)[0m
[[2m[37m09:36:35[0m[2m[0m] [2mVQE (lattice=(2, 2), n_occ=6, t=1, boundary=periodic, U=9.5, repetition=1) = 1.3497608699858676 (evals=851, final=1.3497608699858676)[0m
[[2m[37m09:36:40[0m[2m[0m] [2mVQE (lattice=(2, 2), n_occ=5, t=1, boundary=periodic, U=7, repetition=1) = -1.1784356328295598 (evals=851, final=-0.7528847821366917)[0m
[[2m[37m09:39:27[0m[2m[0m] [2mVQE (lattice=(2, 2), n_occ=7, t=1, boundary=periodic, U=3, repetition=1) = -2.448425766061279 (evals=851, final=-2.289713475554297)[0m
[[2m[37m09:40:09[0m[2m[0m] [2mVQE (lattice=(2, 2), n_occ=7, t=1, boundary=periodic, U=7.5, repetition=1) = 3.7805630171239106 (evals=851, final=3.7805630171239106)[0m
[[2m[37m09:40:58[0m[2m[0m] [2mVQE (lattice=(2, 2), n_occ=7, t=1, boundary=periodic, U=10, repetition=1) = 4.212862826813161 (evals=851, final=4.212862826813161)[0m
[[2m[37m09:41:23[0m[2m[0m] [2mVQE (lattice=(2, 2), n_occ=7, t=1, boundary=periodic, U=2, repetition=1) = -6.335286514617508 (evals=851, final=-6.335286514617508)[0m
[[2m[37m09:41:49[0m[2m[0m] [2mVQE (lattice=(2, 2), n_occ=7, t=1, boundary=periodic, U=8.5, repetition=1) = 3.7079144482013584 (evals=851, final=3.7079144482013584)[0m
[[2m[37m09:41:50[0m[2m[0m] [2mVQE (lattice=(2, 2), n_occ=7, t=1, boundary=periodic, U=7, repetition=1) = 0.4334478383365057 (evals=851, final=0.4334478383365057)[0m
[[2m[37m09:42:09[0m[2m[0m] [2mVQE (lattice=(2, 2), n_occ=11, t=1, boundary=periodic, U=1.5, repetition=1) = -1.7130036092944472 (evals=851, final=-1.7130036092944472)[0m
[[2m[37m09:42:12[0m[2m[0m] [2mVQE (lattice=(2, 2), n_occ=11, t=1, boundary=periodic, U=0.5, repetition=1) = -6.00711543300277 (evals=851, final=-6.00711543300277)[0m
[[2m[37m09:42:28[0m[2m[0m] [2mVQE (lattice=(2, 2), n_occ=11, t=1, boundary=periodic, U=8.5, repetition=1) = 22.37925744631013 (evals=851, final=22.37925744631013)[0m
[[2m[37m09:42:39[0m[2m[0m] [2mVQE (lattice=(2, 2), n_occ=5, t=1, boundary=periodic, U=0.5, repetition=1) = -6.533920619557477 (evals=851, final=-6.533920619557477)[0m
[[2m[37m09:42:51[0m[2m[0m] [2mVQE (lattice=(2, 2), n_occ=6, t=1, boundary=periodic, U=5, repetition=1) = -3.3218190380045676 (evals=851, final=-3.3218190380045676)[0m
[[2m[37m09:42:57[0m[2m[0m] [2mVQE (lattice=(2, 2), n_occ=11, t=1, boundary=periodic, U=9.5, repetition=1) = 27.983917752860428 (evals=851, final=28.038886096264022)[0m
[[2m[37m09:43:24[0m[2m[0m] [2mVQE (lattice=(2, 2), n_occ=5, t=1, boundary=periodic, U=7.5, repetition=1) = -3.167900636816758 (evals=851, final=-3.167900636816758)[0m
[[2m[37m09:43:29[0m[2m[0m] [2mVQE (lattice=(2, 2), n_occ=6, t=1, boundary=periodic, U=6, repetition=1) = -2.062417964715204 (evals=851, final=-2.062417964715204)[0m
[[2m[37m09:43:31[0m[2m[0m] [2mVQE (lattice=(2, 2), n_occ=9, t=1, boundary=periodic, U=2.5, repetition=1) = -1.43649641055129 (evals=851, final=-1.3904731865626236)[0m
[[2m[37m09:44:18[0m[2m[0m] [2mVQE (lattice=(2, 2), n_occ=5, t=1, boundary=periodic, U=8.5, repetition=1) = -1.625099238859553 (evals=851, final=-1.625099238859553)[0m
[[2m[37m09:44:20[0m[2m[0m] [2mVQE (lattice=(2, 2), n_occ=7, t=1, boundary=periodic, U=0.5, repetition=1) = -7.984881522440726 (evals=851, final=-7.984881522440726)[0m
[[2m[37m09:44:54[0m[2m[0m] [2mVQE (lattice=(2, 2), n_occ=9, t=1, boundary=periodic, U=6, repetition=1) = 6.522715494508699 (evals=851, final=6.522715494508699)[0m
[[2m[37m09:46:18[0m[2m[0m] [2mVQE (lattice=(2, 2), n_occ=9, t=1, boundary=periodic, U=10, repetition=1) = 12.906402601650685 (evals=851, final=12.906402601650685)[0m
[[2m[37m09:47:39[0m[2m[0m] [2mVQE (lattice=(2, 2), n_occ=9, t=1, boundary=periodic, U=2, repetition=1) = -3.7416708424597434 (evals=851, final=-3.7416708424597434)[0m
[[2m[37m09:47:39[0m[2m[0m] [2mVQE (lattice=(2, 2), n_occ=9, t=1, boundary=periodic, U=3.5, repetition=1) = -0.8491692701313089 (evals=851, final=-0.8491692701313089)[0m
[[2m[37m09:48:36[0m[2m[0m] [2mVQE (lattice=(2, 2), n_occ=9, t=1, boundary=periodic, U=5, repetition=1) = 3.1621330185673924 (evals=851, final=3.1621330185673924)[0m
[[2m[37m09:51:12[0m[2m[0m] [2mVQE (lattice=(2, 2), n_occ=8, t=1, boundary=periodic, U=8.5, repetition=1) = 6.2953463869643755 (evals=851, final=6.2953463869643755)[0m
[[2m[37m09:51:32[0m[2m[0m] [2mVQE (lattice=(2, 2), n_occ=10, t=1, boundary=periodic, U=8, repetition=1) = 14.93848961587341 (evals=851, final=14.93848961587341)[0m
[[2m[37m09:51:33[0m[2m[0m] [2mVQE (lattice=(2, 2), n_occ=7, t=1, boundary=periodic, U=3.5, repetition=1) = -4.007716959055814 (evals=851, final=-4.007716959055814)[0m
[[2m[37m09:51:58[0m[2m[0m] [2mVQE (lattice=(2, 2), n_occ=10, t=1, boundary=periodic, U=1, repetition=1) = -4.458034943359536 (evals=851, final=-4.458034943359536)[0m
[[2m[37m09:52:01[0m[2m[0m] [2mVQE (lattice=(2, 2), n_occ=10, t=1, boundary=periodic, U=3.5, repetition=1) = 2.3797088489765494 (evals=851, final=2.3797088489765494)[0m
[[2m[37m09:52:04[0m[2m[0m] [2mVQE (lattice=(2, 2), n_occ=8, t=1, boundary=periodic, U=5, repetition=1) = 1.1098446835601596 (evals=851, final=1.1098446835601596)[0m
[[2m[37m09:52:19[0m[2m[0m] [2mVQE (lattice=(2, 2), n_occ=8, t=1, boundary=periodic, U=0.5, repetition=1) = -7.738494638174636 (evals=851, final=-7.738494638174636)[0m
[[2m[37m09:52:31[0m[2m[0m] [2mVQE (lattice=(2, 2), n_occ=7, t=1, boundary=periodic, U=2.5, repetition=1) = -4.57953721654971 (evals=851, final=-4.57953721654971)[0m
[[2m[37m09:53:01[0m[2m[0m] [2mVQE (lattice=(2, 2), n_occ=9, t=1, boundary=periodic, U=5.5, repetition=1) = 4.471665015817287 (evals=851, final=4.471665015817287)[0m
[[2m[37m09:53:10[0m[2m[0m] [2mVQE (lattice=(2, 2), n_occ=10, t=1, boundary=periodic, U=7.5, repetition=1) = 15.130831626029202 (evals=851, final=15.130831626029202)[0m
[[2m[37m09:53:19[0m[2m[0m] [2mVQE (lattice=(2, 2), n_occ=8, t=1, boundary=periodic, U=4.5, repetition=1) = -0.729194304179235 (evals=851, final=-0.729194304179235)[0m
[[2m[37m09:53:36[0m[2m[0m] [2mVQE (lattice=(2, 2), n_occ=9, t=1, boundary=periodic, U=6.5, repetition=1) = 7.317793460723096 (evals=851, final=7.317793460723096)[0m
[[2m[37m09:53:43[0m[2m[0m] [2mVQE (lattice=(2, 2), n_occ=8, t=1, boundary=periodic, U=6, repetition=1) = 2.107471239967593 (evals=851, final=2.107471239967593)[0m
[[2m[37m09:54:07[0m[2m[0m] [2mVQE (lattice=(2, 2), n_occ=10, t=1, boundary=periodic, U=9, repetition=1) = 19.50613367306178 (evals=851, final=19.50613367306178)[0m
[[2m[37m09:54:27[0m[2m[0m] [2mVQE (lattice=(2, 2), n_occ=8, t=1, boundary=periodic, U=7.5, repetition=1) = 6.817264956722127 (evals=851, final=7.709737421407197)[0m
[[2m[37m09:55:05[0m[2m[0m] [2mVQE (lattice=(2, 2), n_occ=10, t=1, boundary=periodic, U=2.5, repetition=1) = -0.895108622956516 (evals=851, final=-0.895108622956516)[0m
[[2m[37m10:01:10[0m[2m[0m] [2mVQE (lattice=(2, 2), n_occ=10, t=1, boundary=periodic, U=3, repetition=1) = 1.286682598076239 (evals=851, final=1.286682598076239)[0m
[[2m[37m10:02:01[0m[2m[0m] [2mVQE (lattice=(2, 2), n_occ=8, t=1, boundary=periodic, U=9, repetition=1) = 5.917319000727729 (evals=851, final=5.917319000727729)[0m
[[2m[37m10:02:16[0m[2m[0m] [2mVQE (lattice=(2, 2), n_occ=8, t=1, boundary=periodic, U=1, repetition=1) = -6.050718017481643 (evals=851, final=-5.73467917881672)[0m
[[2m[37m10:02:18[0m[2m[0m] [2mVQE (lattice=(2, 2), n_occ=8, t=1, boundary=periodic, U=8, repetition=1) = 4.5098901594869085 (evals=851, final=4.5098901594869085)[0m
[[2m[37m10:03:17[0m[2m[0m] [2mVQE (lattice=(2, 2), n_occ=10, t=1, boundary=periodic, U=4, repetition=1) = 3.4464972692782117 (evals=851, final=3.4464972692782117)[0m
[[2m[37m12:58:49[0m[2m[0m] [2mVQE (lattice=(2, 2), n_occ=16, t=1, boundary=periodic, U=7.5, repetition=2) = 59.999999999999496 (evals=851, final=59.99999999999995)[0m
[[2m[37m13:33:49[0m[2m[0m] [2mVQE (lattice=(2, 2), n_occ=16, t=1, boundary=periodic, U=0.5, repetition=2) = 3.9999999999999707 (evals=851, final=3.9999999999999822)[0m
[[2m[37m13:36:41[0m[2m[0m] [2mVQE (lattice=(2, 2), n_occ=16, t=1, boundary=periodic, U=1, repetition=2) = 7.999999999999938 (evals=851, final=7.9999999999999725)[0m
[[2m[37m13:37:42[0m[2m[0m] [2mVQE (lattice=(2, 2), n_occ=16, t=1, boundary=periodic, U=9, repetition=2) = 71.99999999999936 (evals=851, final=72.0000000000002)[0m
[[2m[37m13:41:38[0m[2m[0m] [2mVQE (lattice=(2, 2), n_occ=16, t=1, boundary=periodic, U=3.5, repetition=2) = 27.99999999999977 (evals=851, final=27.999999999999915)[0m
[[2m[37m13:49:27[0m[2m[0m] [2mVQE (lattice=(2, 2), n_occ=16, t=1, boundary=periodic, U=4, repetition=2) = 31.999999999999748 (evals=851, final=31.99999999999988)[0m
[[2m[37m14:48:59[0m[2m[0m] [2mVQE (lattice=(2, 2), n_occ=13, t=1, boundary=periodic, U=0, repetition=2) = -5.826191614608327 (evals=851, final=-5.826191614608327)[0m
[[2m[37m15:01:31[0m[2m[0m] [2mVQE (lattice=(2, 2), n_occ=15, t=1, boundary=periodic, U=2, repetition=2) = 11.061811513979297 (evals=851, final=11.061811513979297)[0m
[[2m[37m15:01:53[0m[2m[0m] [2mVQE (lattice=(2, 2), n_occ=15, t=1, boundary=periodic, U=10, repetition=2) = 67.05487160807266 (evals=851, final=67.05487160807266)[0m
[[2m[37m15:41:26[0m[2m[0m] [2mVQE (lattice=(2, 2), n_occ=15, t=1, boundary=periodic, U=3, repetition=2) = 18.53582099492366 (evals=851, final=18.53582099492366)[0m
[[2m[37m15:48:29[0m[2m[0m] [2mVQE (lattice=(2, 2), n_occ=15, t=1, boundary=periodic, U=3.5, repetition=2) = 21.64473635399851 (evals=851, final=21.64473635399851)[0m
[[2m[37m15:48:46[0m[2m[0m] [2mVQE (lattice=(2, 2), n_occ=15, t=1, boundary=periodic, U=7, repetition=2) = 46.090264649364855 (evals=851, final=46.090264649364855)[0m
[[2m[37m15:52:28[0m[2m[0m] [2mVQE (lattice=(2, 2), n_occ=15, t=1, boundary=periodic, U=6, repetition=2) = 39.149034022297975 (evals=851, final=39.149034022297975)[0m
[[2m[37m15:52:31[0m[2m[0m] [2mVQE (lattice=(2, 2), n_occ=15, t=1, boundary=periodic, U=4.5, repetition=2) = 28.52327041351232 (evals=851, final=28.52327041351232)[0m
[[2m[37m16:02:09[0m[2m[0m] [2mVQE (lattice=(2, 2), n_occ=15, t=1, boundary=periodic, U=6.5, repetition=2) = 42.55797491779236 (evals=851, final=42.55797491779236)[0m
[[2m[37m16:02:10[0m[2m[0m] [2mVQE (lattice=(2, 2), n_occ=15, t=1, boundary=periodic, U=7.5, repetition=2) = 49.765707787400984 (evals=851, final=49.765707787400984)[0m
[[2m[37m16:02:14[0m[2m[0m] [2mVQE (lattice=(2, 2), n_occ=14, t=1, boundary=periodic, U=4.5, repetition=2) = 21.847484344911713 (evals=851, final=21.847484344911713)[0m
[[2m[37m16:41:52[0m[2m[0m] [2mVQE (lattice=(2, 2), n_occ=14, t=1, boundary=periodic, U=5.5, repetition=2) = 28.041537723696987 (evals=851, final=28.041537723696987)[0m
[[2m[37m16:49:45[0m[2m[0m] [2mVQE (lattice=(2, 2), n_occ=14, t=1, boundary=periodic, U=6, repetition=2) = 31.735100276877038 (evals=851, final=31.735100276877038)[0m
[[2m[37m16:50:33[0m[2m[0m] [2mVQE (lattice=(2, 2), n_occ=14, t=1, boundary=periodic, U=1.5, repetition=2) = 3.8856811476826736 (evals=851, final=3.8856811476826736)[0m
[[2m[37m16:50:54[0m[2m[0m] [2mVQE (lattice=(2, 2), n_occ=14, t=1, boundary=periodic, U=9.5, repetition=2) = 52.40320298945166 (evals=851, final=52.40320298945166)[0m
[[2m[37m16:53:35[0m[2m[0m] [2mVQE (lattice=(2, 2), n_occ=14, t=1, boundary=periodic, U=8.5, repetition=2) = 47.29667933672968 (evals=851, final=47.29667933672968)[0m
[[2m[37m16:54:43[0m[2m[0m] [2mVQE (lattice=(2, 2), n_occ=14, t=1, boundary=periodic, U=7, repetition=2) = 37.8101111458534 (evals=851, final=37.8101111458534)[0m
[[2m[37m16:56:52[0m[2m[0m] [2mVQE (lattice=(2, 2), n_occ=14, t=1, boundary=periodic, U=0.5, repetition=2) = -2.285192243430923 (evals=851, final=-2.285192243430923)[0m
[[2m[37m17:02:37[0m[2m[0m] [2mVQE (lattice=(2, 2), n_occ=14, t=1, boundary=periodic, U=9, repetition=2) = 50.09889273801867 (evals=851, final=50.09889273801867)[0m
[[2m[37m17:02:47[0m[2m[0m] [2mVQE (lattice=(2, 2), n_occ=14, t=1, boundary=periodic, U=1, repetition=2) = 2.009234760178496 (evals=851, final=2.1382080065789544)[0m
[[2m[37m17:04:36[0m[2m[0m] [2mVQE (lattice=(2, 2), n_occ=14, t=1, boundary=periodic, U=10, repetition=2) = 55.55796212061778 (evals=851, final=55.55796212061778)[0m
[[2m[37m17:08:29[0m[2m[0m] [2mVQE (lattice=(2, 2), n_occ=14, t=1, boundary=periodic, U=2, repetition=2) = 6.462568122582272 (evals=851, final=6.462568122582272)[0m
[[2m[37m17:13:57[0m[2m[0m] [2mVQE (lattice=(2, 2), n_occ=13, t=1, boundary=periodic, U=7, repetition=2) = 30.080925970242607 (evals=851, final=30.080925970242607)[0m
[[2m[37m17:54:05[0m[2m[0m] [2mVQE (lattice=(2, 2), n_occ=13, t=1, boundary=periodic, U=8, repetition=2) = 36.299081362088586 (evals=851, final=36.299081362088586)[0m
[[2m[37m18:06:58[0m[2m[0m] [2mVQE (lattice=(2, 2), n_occ=13, t=1, boundary=periodic, U=8.5, repetition=2) = 38.062899648299194 (evals=851, final=38.062899648299194)[0m
[[2m[37m18:08:02[0m[2m[0m] [2mVQE (lattice=(2, 2), n_occ=13, t=1, boundary=periodic, U=0.5, repetition=2) = -3.6060515030414186 (evals=851, final=-3.6060515030414186)[0m
[[2m[37m18:08:26[0m[2m[0m] [2mVQE (lattice=(2, 2), n_occ=13, t=1, boundary=periodic, U=4, repetition=2) = 15.033820927303712 (evals=851, final=15.033820927303712)[0m
[[2m[37m18:11:48[0m[2m[0m] [2mVQE (lattice=(2, 2), n_occ=13, t=1, boundary=periodic, U=3, repetition=2) = 10.028518001835463 (evals=851, final=10.028518001835463)[0m
[[2m[37m18:11:48[0m[2m[0m] [2mVQE (lattice=(2, 2), n_occ=13, t=1, boundary=periodic, U=1.5, repetition=2) = 1.4599306932684328 (evals=851, final=1.4599306932684328)[0m
[[2m[37m18:12:35[0m[2m[0m] [2mVQE (lattice=(2, 2), n_occ=12, t=1, boundary=periodic, U=9.5, repetition=2) = 34.41394689037817 (evals=851, final=34.41394689037817)[0m
[[2m[37m18:15:49[0m[2m[0m] [2mVQE (lattice=(2, 2), n_occ=13, t=1, boundary=periodic, U=9.5, repetition=2) = 42.7985619788297 (evals=851, final=42.7985619788297)[0m
[[2m[37m18:22:47[0m[2m[0m] [2mVQE (lattice=(2, 2), n_occ=13, t=1, boundary=periodic, U=3.5, repetition=2) = 11.981208182070477 (evals=851, final=11.981208182070477)[0m
[[2m[37m18:24:30[0m[2m[0m] [2mVQE (lattice=(2, 2), n_occ=13, t=1, boundary=periodic, U=4.5, repetition=2) = 18.271184461250517 (evals=851, final=18.271184461250517)[0m
[[2m[37m18:32:07[0m[2m[0m] [2mVQE (lattice=(2, 2), n_occ=3, t=1, boundary=periodic, U=5, repetition=2) = -4.844571032997282 (evals=851, final=-4.844571032997282)[0m
[[2m[37m18:35:06[0m[2m[0m] [2mVQE (lattice=(2, 2), n_occ=3, t=1, boundary=periodic, U=2.5, repetition=2) = -5.133420899015678 (evals=851, final=-5.133420899015678)[0m
[[2m[37m18:54:29[0m[2m[0m] [2mVQE (lattice=(2, 2), n_occ=12, t=1, boundary=periodic, U=2.5, repetition=2) = 5.7529257959047335 (evals=851, final=6.008490088603416)[0m
[[2m[37m19:00:51[0m[2m[0m] [2mVQE (lattice=(2, 2), n_occ=11, t=1, boundary=periodic, U=4, repetition=2) = 6.832109710783206 (evals=851, final=6.832109710783206)[0m
[[2m[37m19:03:41[0m[2m[0m] [2mVQE (lattice=(2, 2), n_occ=6, t=1, boundary=periodic, U=8.5, repetition=2) = 1.1361206920406057 (evals=851, final=1.1361206920406057)[0m
[[2m[37m19:05:31[0m[2m[0m] [2mVQE (lattice=(2, 2), n_occ=6, t=1, boundary=periodic, U=0.5, repetition=2) = -6.781032474584709 (evals=851, final=-6.781032474584709)[0m
[[2m[37m19:07:04[0m[2m[0m] [2mVQE (lattice=(2, 2), n_occ=5, t=1, boundary=periodic, U=3, repetition=2) = -5.794923063160119 (evals=851, final=-5.794923063160119)[0m
[[2m[37m19:07:57[0m[2m[0m] [2mVQE (lattice=(2, 2), n_occ=12, t=1, boundary=periodic, U=3, repetition=2) = 7.247105960422626 (evals=851, final=7.247105960422626)[0m
[[2m[37m19:08:50[0m[2m[0m] [2mVQE (lattice=(2, 2), n_occ=12, t=1, boundary=periodic, U=6.5, repetition=2) = 21.755566844665687 (evals=851, final=21.755566844665687)[0m
[[2m[37m19:09:36[0m[2m[0m] [2mVQE (lattice=(2, 2), n_occ=4, t=1, boundary=periodic, U=6.5, repetition=2) = -4.201725734139453 (evals=851, final=-4.201725734139453)[0m
[[2m[37m19:14:14[0m[2m[0m] [2mVQE (lattice=(2, 2), n_occ=12, t=1, boundary=periodic, U=4, repetition=2) = 10.53837694256797 (evals=851, final=10.53837694256797)[0m
[[2m[37m19:16:42[0m[2m[0m] [2mVQE (lattice=(2, 2), n_occ=12, t=1, boundary=periodic, U=5.5, repetition=2) = 18.06036377588577 (evals=851, final=18.06036377588577)[0m
[[2m[37m19:19:34[0m[2m[0m] [2mVQE (lattice=(2, 2), n_occ=7, t=1, boundary=periodic, U=6, repetition=2) = -0.12449239948229174 (evals=851, final=-0.12449239948229174)[0m
[[2m[37m19:24:08[0m[2m[0m] [2mVQE (lattice=(2, 2), n_occ=4, t=1, boundary=periodic, U=7, repetition=2) = -3.988036000072365 (evals=851, final=-3.988036000072365)[0m
[[2m[37m19:24:28[0m[2m[0m] [2mVQE (lattice=(2, 2), n_occ=12, t=1, boundary=periodic, U=6, repetition=2) = 20.59398211367836 (evals=851, final=21.321497855050673)[0m
[[2m[37m19:24:47[0m[2m[0m] [2mVQE (lattice=(2, 2), n_occ=9, t=1, boundary=periodic, U=1, repetition=2) = -4.927193472586969 (evals=851, final=-4.910957254528413)[0m
[[2m[37m19:25:40[0m[2m[0m] [2mVQE (lattice=(2, 2), n_occ=12, t=1, boundary=periodic, U=7, repetition=2) = 23.625142438471723 (evals=851, final=23.625142438471723)[0m
[[2m[37m19:27:16[0m[2m[0m] [2mVQE (lattice=(2, 2), n_occ=4, t=1, boundary=periodic, U=1.5, repetition=2) = -5.984741635956877 (evals=851, final=-5.984741635956877)[0m
[[2m[37m19:27:34[0m[2m[0m] [2mVQE (lattice=(2, 2), n_occ=4, t=1, boundary=periodic, U=2.5, repetition=2) = -5.2124564229676205 (evals=851, final=-5.2124564229676205)[0m
[[2m[37m19:28:56[0m[2m[0m] [2mVQE (lattice=(2, 2), n_occ=9, t=1, boundary=periodic, U=9, repetition=2) = 13.24786428255006 (evals=851, final=13.24786428255006)[0m
[[2m[37m19:29:13[0m[2m[0m] [2mVQE (lattice=(2, 2), n_occ=4, t=1, boundary=periodic, U=8, repetition=2) = -3.005032189749439 (evals=851, final=-3.005032189749439)[0m
[[2m[37m19:30:40[0m[2m[0m] [2mVQE (lattice=(2, 2), n_occ=4, t=1, boundary=periodic, U=9.5, repetition=2) = -3.240163229959528 (evals=851, final=-3.240163229959528)[0m
[[2m[37m19:39:29[0m[2m[0m] [2mVQE (lattice=(2, 2), n_occ=4, t=1, boundary=periodic, U=3, repetition=2) = -5.574040247020462 (evals=851, final=-5.574040247020462)[0m
[[2m[37m19:40:32[0m[2m[0m] [2mVQE (lattice=(2, 2), n_occ=8, t=1, boundary=periodic, U=3.5, repetition=2) = -1.6117558976171367 (evals=851, final=-1.6117558976171367)[0m
[[2m[37m19:41:33[0m[2m[0m] [2mVQE (lattice=(2, 2), n_occ=10, t=1, boundary=periodic, U=6.5, repetition=2) = 11.089986819613095 (evals=851, final=11.089986819613095)[0m
[[2m[37m19:41:39[0m[2m[0m] [2mVQE (lattice=(2, 2), n_occ=4, t=1, boundary=periodic, U=10, repetition=2) = -4.100084174874746 (evals=851, final=-4.100084174874746)[0m
[[2m[37m19:42:37[0m[2m[0m] [2mVQE (lattice=(2, 2), n_occ=4, t=1, boundary=periodic, U=2, repetition=2) = -5.131096714620176 (evals=851, final=-5.131096714620176)[0m
[[2m[37m19:46:25[0m[2m[0m] [2mVQE (lattice=(2, 2), n_occ=5, t=1, boundary=periodic, U=4, repetition=2) = -5.24940136358889 (evals=851, final=-5.24940136358889)[0m
[[2m[37m19:46:37[0m[2m[0m] [2mVQE (lattice=(2, 2), n_occ=6, t=1, boundary=periodic, U=1.5, repetition=2) = -6.914920927141682 (evals=851, final=-6.914920927141682)[0m
[[2m[37m19:47:06[0m[2m[0m] [2mVQE (lattice=(2, 2), n_occ=6, t=1, boundary=periodic, U=9.5, repetition=2) = 2.4587827057595524 (evals=851, final=2.4587827057595524)[0m
[[2m[37m19:47:17[0m[2m[0m] [2mVQE (lattice=(2, 2), n_occ=11, t=1, boundary=periodic, U=5, repetition=2) = 10.123091421863815 (evals=851, final=10.123091421863815)[0m
[[2m[37m19:55:14[0m[2m[0m] [2mVQE (lattice=(2, 2), n_occ=16, t=1, boundary=periodic, U=7.5, repetition=3) = 59.99999999999953 (evals=851, final=59.999999999999766)[0m
[[2m[37m19:59:12[0m[2m[0m] [2mVQE (lattice=(2, 2), n_occ=7, t=1, boundary=periodic, U=7, repetition=2) = 2.3743433085651 (evals=851, final=2.3743433085651)[0m
[[2m[37m20:01:39[0m[2m[0m] [2mVQE (lattice=(2, 2), n_occ=6, t=1, boundary=periodic, U=2, repetition=2) = -5.704958674897311 (evals=851, final=-5.704958674897311)[0m
[[2m[37m20:02:11[0m[2m[0m] [2mVQE (lattice=(2, 2), n_occ=5, t=1, boundary=periodic, U=8, repetition=2) = -2.2197997049297196 (evals=851, final=-2.2197997049297196)[0m
[[2m[37m20:03:26[0m[2m[0m] [2mVQE (lattice=(2, 2), n_occ=11, t=1, boundary=periodic, U=1, repetition=2) = -3.164189826900249 (evals=851, final=-3.1201673041896965)[0m
[[2m[37m20:03:32[0m[2m[0m] [2mVQE (lattice=(2, 2), n_occ=11, t=1, boundary=periodic, U=5.5, repetition=2) = 12.011157503913122 (evals=851, final=12.011157503913122)[0m
[[2m[37m20:04:20[0m[2m[0m] [2mVQE (lattice=(2, 2), n_occ=6, t=1, boundary=periodic, U=10, repetition=2) = 2.473642930871995 (evals=851, final=2.473642930871995)[0m
[[2m[37m20:04:46[0m[2m[0m] [2mVQE (lattice=(2, 2), n_occ=6, t=1, boundary=periodic, U=5.5, repetition=2) = -3.1242405352150104 (evals=851, final=-3.1242405352150104)[0m
[[2m[37m20:04:54[0m[2m[0m] [2mVQE (lattice=(2, 2), n_occ=5, t=1, boundary=periodic, U=4.5, repetition=2) = -4.755094172297053 (evals=851, final=-4.755094172297053)[0m
[[2m[37m20:05:46[0m[2m[0m] [2mVQE (lattice=(2, 2), n_occ=5, t=1, boundary=periodic, U=5.5, repetition=2) = -3.9059305220109803 (evals=851, final=-3.9059305220109803)[0m
[[2m[37m20:06:01[0m[2m[0m] [2mVQE (lattice=(2, 2), n_occ=11, t=1, boundary=periodic, U=9, repetition=2) = 24.816889553876777 (evals=851, final=24.816889553876777)[0m
[[2m[37m20:07:58[0m[2m[0m] [2mVQE (lattice=(2, 2), n_occ=6, t=1, boundary=periodic, U=3, repetition=2) = -4.892917844041664 (evals=851, final=-4.892917844041664)[0m
[[2m[37m20:08:41[0m[2m[0m] [2mVQE (lattice=(2, 2), n_occ=9, t=1, boundary=periodic, U=10, repetition=2) = 16.211025647132864 (evals=851, final=18.046488593358394)[0m
[[2m[37m20:08:50[0m[2m[0m] [2mVQE (lattice=(2, 2), n_occ=9, t=1, boundary=periodic, U=2, repetition=2) = -3.6008472935186306 (evals=851, final=-3.6008472935186306)[0m
[[2m[37m20:09:11[0m[2m[0m] [2mVQE (lattice=(2, 2), n_occ=11, t=1, boundary=periodic, U=6.5, repetition=2) = 16.959823645303818 (evals=851, final=17.391116710014423)[0m
[[2m[37m20:09:44[0m[2m[0m] [2mVQE (lattice=(2, 2), n_occ=5, t=1, boundary=periodic, U=7, repetition=2) = -3.2582671938987087 (evals=851, final=-3.2582671938987087)[0m
[[2m[37m20:09:47[0m[2m[0m] [2mVQE (lattice=(2, 2), n_occ=11, t=1, boundary=periodic, U=8, repetition=2) = 20.641843291533682 (evals=851, final=20.641843291533682)[0m
[[2m[37m20:09:49[0m[2m[0m] [2mVQE (lattice=(2, 2), n_occ=6, t=1, boundary=periodic, U=4.5, repetition=2) = -3.8641280801359117 (evals=851, final=-3.8641280801359117)[0m
[[2m[37m20:18:07[0m[2m[0m] [2mVQE (lattice=(2, 2), n_occ=7, t=1, boundary=periodic, U=3, repetition=2) = -3.339967032246055 (evals=851, final=-3.339967032246055)[0m
[[2m[37m20:18:09[0m[2m[0m] [2mVQE (lattice=(2, 2), n_occ=7, t=1, boundary=periodic, U=7.5, repetition=2) = 3.4453215289864385 (evals=851, final=4.577044112869091)[0m
[[2m[37m20:18:31[0m[2m[0m] [2mVQE (lattice=(2, 2), n_occ=11, t=1, boundary=periodic, U=1.5, repetition=2) = -2.3302756128018327 (evals=851, final=-2.3302756128018327)[0m
[[2m[37m20:19:25[0m[2m[0m] [2mVQE (lattice=(2, 2), n_occ=11, t=1, boundary=periodic, U=0.5, repetition=2) = -5.779433765539774 (evals=851, final=-5.779433765539774)[0m
[[2m[37m20:19:57[0m[2m[0m] [2mVQE (lattice=(2, 2), n_occ=6, t=1, boundary=periodic, U=5, repetition=2) = -3.030338963145065 (evals=851, final=-3.030338963145065)[0m
[[2m[37m20:19:58[0m[2m[0m] [2mVQE (lattice=(2, 2), n_occ=10, t=1, boundary=periodic, U=7.5, repetition=2) = 13.764587176544017 (evals=851, final=13.764587176544017)[0m
[[2m[37m20:20:02[0m[2m[0m] [2mVQE (lattice=(2, 2), n_occ=11, t=1, boundary=periodic, U=9.5, repetition=2) = 26.51330229534981 (evals=851, final=26.51330229534981)[0m
[[2m[37m20:20:50[0m[2m[0m] [2mVQE (lattice=(2, 2), n_occ=11, t=1, boundary=periodic, U=8.5, repetition=2) = 23.209726888987674 (evals=851, final=23.209726888987674)[0m
[[2m[37m20:21:17[0m[2m[0m] [2mVQE (lattice=(2, 2), n_occ=7, t=1, boundary=periodic, U=2, repetition=2) = -5.563076061172144 (evals=851, final=-5.563076061172144)[0m
[[2m[37m20:21:38[0m[2m[0m] [2mVQE (lattice=(2, 2), n_occ=5, t=1, boundary=periodic, U=7.5, repetition=2) = -3.370915704256836 (evals=851, final=-3.370915704256836)[0m
[[2m[37m20:21:43[0m[2m[0m] [2mVQE (lattice=(2, 2), n_occ=5, t=1, boundary=periodic, U=8.5, repetition=2) = -2.02254796815327 (evals=851, final=-2.02254796815327)[0m
[[2m[37m20:22:03[0m[2m[0m] [2mVQE (lattice=(2, 2), n_occ=8, t=1, boundary=periodic, U=4.5, repetition=2) = 1.08365420733098 (evals=851, final=1.7782449544093029)[0m
[[2m[37m20:22:06[0m[2m[0m] [2mVQE (lattice=(2, 2), n_occ=5, t=1, boundary=periodic, U=0.5, repetition=2) = -6.7121345778643375 (evals=851, final=-6.7121345778643375)[0m
[[2m[37m20:22:51[0m[2m[0m] [2mVQE (lattice=(2, 2), n_occ=7, t=1, boundary=periodic, U=10, repetition=2) = 5.870100854490836 (evals=851, final=5.870100854490836)[0m
[[2m[37m20:23:34[0m[2m[0m] [2mVQE (lattice=(2, 2), n_occ=7, t=1, boundary=periodic, U=8.5, repetition=2) = 2.169657754952182 (evals=851, final=2.169657754952182)[0m
[[2m[37m20:23:38[0m[2m[0m] [2mVQE (lattice=(2, 2), n_occ=6, t=1, boundary=periodic, U=6, repetition=2) = -2.4386534455596305 (evals=851, final=-2.4386534455596305)[0m
[[2m[37m20:24:55[0m[2m[0m] [2mVQE (lattice=(2, 2), n_occ=9, t=1, boundary=periodic, U=2.5, repetition=2) = -2.9671080930290237 (evals=851, final=-2.9671080930290237)[0m
[[2m[37m20:26:22[0m[2m[0m] [2mVQE (lattice=(2, 2), n_occ=7, t=1, boundary=periodic, U=0.5, repetition=2) = -6.676240321352868 (evals=851, final=-6.676240321352868)[0m
[[2m[37m20:29:26[0m[2m[0m] [2mVQE (lattice=(2, 2), n_occ=9, t=1, boundary=periodic, U=6, repetition=2) = 7.677054548406462 (evals=851, final=8.993191520670944)[0m
[[2m[37m20:32:09[0m[2m[0m] [2mVQE (lattice=(2, 2), n_occ=9, t=1, boundary=periodic, U=3.5, repetition=2) = -0.1146075646476836 (evals=851, final=-0.1146075646476836)[0m
[[2m[37m20:35:17[0m[2m[0m] [2mVQE (lattice=(2, 2), n_occ=16, t=1, boundary=periodic, U=0.5, repetition=3) = 3.999999999999968 (evals=851, final=3.999999999999999)[0m
[[2m[37m20:35:46[0m[2m[0m] [2mVQE (lattice=(2, 2), n_occ=9, t=1, boundary=periodic, U=5, repetition=2) = 3.1785119350111226 (evals=851, final=3.1785119350111226)[0m
[[2m[37m20:36:05[0m[2m[0m] [2mVQE (lattice=(2, 2), n_occ=7, t=1, boundary=periodic, U=3.5, repetition=2) = -3.2190393345250508 (evals=851, final=-3.2190393345250508)[0m
[[2m[37m20:37:36[0m[2m[0m] [2mVQE (lattice=(2, 2), n_occ=7, t=1, boundary=periodic, U=2.5, repetition=2) = -5.2815165737601415 (evals=851, final=-5.2815165737601415)[0m
[[2m[37m20:40:05[0m[2m[0m] [2mVQE (lattice=(2, 2), n_occ=8, t=1, boundary=periodic, U=8.5, repetition=2) = 8.046929695239486 (evals=851, final=8.046929695239486)[0m
[[2m[37m20:40:29[0m[2m[0m] [2mVQE (lattice=(2, 2), n_occ=8, t=1, boundary=periodic, U=5, repetition=2) = -0.06907351626515801 (evals=851, final=-0.06907351626515801)[0m
[[2m[37m20:41:08[0m[2m[0m] [2mVQE (lattice=(2, 2), n_occ=9, t=1, boundary=periodic, U=6.5, repetition=2) = 8.757143307701089 (evals=851, final=8.757143307701089)[0m
[[2m[37m20:41:39[0m[2m[0m] [2mVQE (lattice=(2, 2), n_occ=9, t=1, boundary=periodic, U=5.5, repetition=2) = 5.62662169204532 (evals=851, final=5.62662169204532)[0m
[[2m[37m20:42:06[0m[2m[0m] [2mVQE (lattice=(2, 2), n_occ=10, t=1, boundary=periodic, U=3.5, repetition=2) = 1.8795848308265608 (evals=851, final=1.8795848308265608)[0m
[[2m[37m20:42:38[0m[2m[0m] [2mVQE (lattice=(2, 2), n_occ=10, t=1, boundary=periodic, U=8, repetition=2) = 15.731157448534141 (evals=851, final=15.731157448534141)[0m
[[2m[37m20:43:05[0m[2m[0m] [2mVQE (lattice=(2, 2), n_occ=8, t=1, boundary=periodic, U=0.5, repetition=2) = -9.564514728027481 (evals=851, final=-9.564514728027481)[0m
[[2m[37m20:45:15[0m[2m[0m] [2mVQE (lattice=(2, 2), n_occ=10, t=1, boundary=periodic, U=1, repetition=2) = -4.829315683011786 (evals=851, final=-4.829315683011786)[0m
[[2m[37m20:46:44[0m[2m[0m] [2mVQE (lattice=(2, 2), n_occ=8, t=1, boundary=periodic, U=7.5, repetition=2) = 5.538165034443193 (evals=851, final=5.538165034443193)[0m
[[2m[37m20:46:53[0m[2m[0m] [2mVQE (lattice=(2, 2), n_occ=8, t=1, boundary=periodic, U=6, repetition=2) = 3.795606167907606 (evals=851, final=5.746127844139349)[0m
[[2m[37m20:46:57[0m[2m[0m] [2mVQE (lattice=(2, 2), n_occ=10, t=1, boundary=periodic, U=9, repetition=2) = 18.014415796848013 (evals=851, final=18.014415796848013)[0m
[[2m[37m20:48:23[0m[2m[0m] [2mVQE (lattice=(2, 2), n_occ=10, t=1, boundary=periodic, U=2.5, repetition=2) = 0.590676019470303 (evals=851, final=0.590676019470303)[0m
[[2m[37m20:54:00[0m[2m[0m] [2mVQE (lattice=(2, 2), n_occ=16, t=1, boundary=periodic, U=1, repetition=3) = 7.999999999999936 (evals=851, final=7.99999999999995)[0m
[[2m[37m20:54:20[0m[2m[0m] [2mVQE (lattice=(2, 2), n_occ=16, t=1, boundary=periodic, U=9, repetition=3) = 71.99999999999939 (evals=851, final=71.9999999999998)[0m
[[2m[37m20:56:00[0m[2m[0m] [2mVQE (lattice=(2, 2), n_occ=10, t=1, boundary=periodic, U=3, repetition=2) = 0.6271383677388156 (evals=851, final=0.6271383677388156)[0m
[[2m[37m20:57:57[0m[2m[0m] [2mVQE (lattice=(2, 2), n_occ=8, t=1, boundary=periodic, U=9, repetition=2) = 8.426467808615135 (evals=851, final=8.426467808615135)[0m
[[2m[37m21:00:54[0m[2m[0m] [2mVQE (lattice=(2, 2), n_occ=16, t=1, boundary=periodic, U=3.5, repetition=3) = 27.999999999999776 (evals=851, final=27.99999999999991)[0m
[[2m[37m21:00:58[0m[2m[0m] [2mVQE (lattice=(2, 2), n_occ=8, t=1, boundary=periodic, U=1, repetition=2) = -7.249317709937062 (evals=851, final=-7.249317709937062)[0m
[[2m[37m21:01:31[0m[2m[0m] [2mVQE (lattice=(2, 2), n_occ=8, t=1, boundary=periodic, U=8, repetition=2) = 5.536678558267696 (evals=851, final=5.536678558267696)[0m
[[2m[37m21:02:00[0m[2m[0m] [2mVQE (lattice=(2, 2), n_occ=10, t=1, boundary=periodic, U=4, repetition=2) = 4.618200935628222 (evals=851, final=4.618200935628222)[0m
[[2m[37m21:13:07[0m[2m[0m] [2mVQE (lattice=(2, 2), n_occ=16, t=1, boundary=periodic, U=4, repetition=3) = 31.999999999999748 (evals=851, final=31.99999999999986)[0m
[[2m[37m22:26:55[0m[2m[0m] [2mVQE (lattice=(2, 2), n_occ=13, t=1, boundary=periodic, U=0, repetition=3) = -5.9222515159519284 (evals=851, final=-5.9222515159519284)[0m
[[2m[37m22:58:47[0m[2m[0m] [2mVQE (lattice=(2, 2), n_occ=15, t=1, boundary=periodic, U=2, repetition=3) = 11.202239901457867 (evals=851, final=11.202239901457867)[0m
[[2m[37m23:01:02[0m[2m[0m] [2mVQE (lattice=(2, 2), n_occ=15, t=1, boundary=periodic, U=10, repetition=3) = 67.07519670416825 (evals=851, final=67.07519670416825)[0m
[[2m[37m23:46:04[0m[2m[0m] [2mVQE (lattice=(2, 2), n_occ=15, t=1, boundary=periodic, U=3, repetition=3) = 18.08171272532676 (evals=851, final=18.08171272532676)[0m
[[2m[37m00:10:49[0m[2m[0m] [2mVQE (lattice=(2, 2), n_occ=15, t=1, boundary=periodic, U=3.5, repetition=3) = 21.99170033459638 (evals=851, final=21.99170033459638)[0m
[[2m[37m00:10:56[0m[2m[0m] [2mVQE (lattice=(2, 2), n_occ=15, t=1, boundary=periodic, U=7, repetition=3) = 46.424801401938396 (evals=851, final=46.424801401938396)[0m
[[2m[37m00:17:19[0m[2m[0m] [2mVQE (lattice=(2, 2), n_occ=15, t=1, boundary=periodic, U=4.5, repetition=3) = 28.54637542482745 (evals=851, final=28.54637542482745)[0m
[[2m[37m00:20:25[0m[2m[0m] [2mVQE (lattice=(2, 2), n_occ=15, t=1, boundary=periodic, U=6, repetition=3) = 39.05336427479161 (evals=851, final=39.05336427479161)[0m
[[2m[37m00:30:23[0m[2m[0m] [2mVQE (lattice=(2, 2), n_occ=14, t=1, boundary=periodic, U=4.5, repetition=3) = 21.856946369894267 (evals=851, final=21.856946369894267)[0m
[[2m[37m00:31:40[0m[2m[0m] [2mVQE (lattice=(2, 2), n_occ=15, t=1, boundary=periodic, U=7.5, repetition=3) = 49.56047136280263 (evals=851, final=49.56047136280263)[0m
[[2m[37m00:32:33[0m[2m[0m] [2mVQE (lattice=(2, 2), n_occ=15, t=1, boundary=periodic, U=6.5, repetition=3) = 42.62052613199041 (evals=851, final=42.62052613199041)[0m
[[2m[37m01:14:59[0m[2m[0m] [2mVQE (lattice=(2, 2), n_occ=14, t=1, boundary=periodic, U=5.5, repetition=3) = 28.55350885018994 (evals=851, final=28.55350885018994)[0m
[[2m[37m01:43:56[0m[2m[0m] [2mVQE (lattice=(2, 2), n_occ=14, t=1, boundary=periodic, U=6, repetition=3) = 31.797842801211303 (evals=851, final=31.797842801211303)[0m
[[2m[37m01:45:28[0m[2m[0m] [2mVQE (lattice=(2, 2), n_occ=14, t=1, boundary=periodic, U=9.5, repetition=3) = 52.41980841564661 (evals=851, final=52.41980841564661)[0m
[[2m[37m01:46:59[0m[2m[0m] [2mVQE (lattice=(2, 2), n_occ=14, t=1, boundary=periodic, U=1.5, repetition=3) = 3.6029930859017827 (evals=851, final=3.6029930859017827)[0m
[[2m[37m01:49:28[0m[2m[0m] [2mVQE (lattice=(2, 2), n_occ=14, t=1, boundary=periodic, U=8.5, repetition=3) = 46.20019019342424 (evals=851, final=46.20019019342424)[0m
[[2m[37m01:51:23[0m[2m[0m] [2mVQE (lattice=(2, 2), n_occ=14, t=1, boundary=periodic, U=7, repetition=3) = 37.334576877395534 (evals=851, final=37.334576877395534)[0m
[[2m[37m01:52:57[0m[2m[0m] [2mVQE (lattice=(2, 2), n_occ=14, t=1, boundary=periodic, U=0.5, repetition=3) = -1.094650815851027 (evals=851, final=-1.094650815851027)[0m
[[2m[37m02:00:25[0m[2m[0m] [2mVQE (lattice=(2, 2), n_occ=14, t=1, boundary=periodic, U=9, repetition=3) = 49.76173420000626 (evals=851, final=49.76173420000626)[0m
[[2m[37m02:03:37[0m[2m[0m] [2mVQE (lattice=(2, 2), n_occ=14, t=1, boundary=periodic, U=1, repetition=3) = 0.5388824864270123 (evals=851, final=0.5388824864270123)[0m
[[2m[37m02:06:21[0m[2m[0m] [2mVQE (lattice=(2, 2), n_occ=14, t=1, boundary=periodic, U=10, repetition=3) = 55.46712196069282 (evals=851, final=55.46712196069282)[0m
[[2m[37m02:09:08[0m[2m[0m] [2mVQE (lattice=(2, 2), n_occ=14, t=1, boundary=periodic, U=2, repetition=3) = 7.028253109458987 (evals=851, final=7.028253109458987)[0m
[[2m[37m02:17:52[0m[2m[0m] [2mVQE (lattice=(2, 2), n_occ=13, t=1, boundary=periodic, U=7, repetition=3) = 30.87058484881021 (evals=851, final=30.87058484881021)[0m
[[2m[37m02:50:41[0m[2m[0m] [2mVQE (lattice=(2, 2), n_occ=16, t=1, boundary=periodic, U=7.5, repetition=4) = 59.99999999999954 (evals=851, final=59.99999999999979)[0m
[[2m[37m03:04:32[0m[2m[0m] [2mVQE (lattice=(2, 2), n_occ=13, t=1, boundary=periodic, U=8, repetition=3) = 35.55452936164793 (evals=851, final=35.55452936164793)[0m
[[2m[37m03:35:16[0m[2m[0m] [2mVQE (lattice=(2, 2), n_occ=16, t=1, boundary=periodic, U=0.5, repetition=4) = 3.999999999999969 (evals=851, final=3.9999999999999885)[0m
[[2m[37m03:38:06[0m[2m[0m] [2mVQE (lattice=(2, 2), n_occ=13, t=1, boundary=periodic, U=8.5, repetition=3) = 38.63577744392197 (evals=851, final=38.63577744392197)[0m
[[2m[37m03:39:49[0m[2m[0m] [2mVQE (lattice=(2, 2), n_occ=13, t=1, boundary=periodic, U=0.5, repetition=3) = -3.6265796926921174 (evals=851, final=-3.6265796926921174)[0m
[[2m[37m03:42:42[0m[2m[0m] [2mVQE (lattice=(2, 2), n_occ=13, t=1, boundary=periodic, U=4, repetition=3) = 14.562995550018881 (evals=851, final=14.562995550018881)[0m
[[2m[37m03:45:26[0m[2m[0m] [2mVQE (lattice=(2, 2), n_occ=12, t=1, boundary=periodic, U=9.5, repetition=3) = 34.012052790430566 (evals=851, final=34.012052790430566)[0m
[[2m[37m03:47:25[0m[2m[0m] [2mVQE (lattice=(2, 2), n_occ=13, t=1, boundary=periodic, U=1.5, repetition=3) = 1.7068502065854547 (evals=851, final=1.7068502065854547)[0m
[[2m[37m03:47:46[0m[2m[0m] [2mVQE (lattice=(2, 2), n_occ=13, t=1, boundary=periodic, U=3, repetition=3) = 9.555366988880197 (evals=851, final=9.555366988880197)[0m
[[2m[37m03:50:04[0m[2m[0m] [2mVQE (lattice=(2, 2), n_occ=13, t=1, boundary=periodic, U=9.5, repetition=3) = 43.94818212010931 (evals=851, final=43.94818212010931)[0m
[[2m[37m04:02:07[0m[2m[0m] [2mVQE (lattice=(2, 2), n_occ=13, t=1, boundary=periodic, U=3.5, repetition=3) = 12.795994277668683 (evals=851, final=12.795994277668683)[0m
[[2m[37m04:04:00[0m[2m[0m] [2mVQE (lattice=(2, 2), n_occ=13, t=1, boundary=periodic, U=4.5, repetition=3) = 17.1036806809695 (evals=851, final=17.1036806809695)[0m
[[2m[37m04:11:49[0m[2m[0m] [2mVQE (lattice=(2, 2), n_occ=16, t=1, boundary=periodic, U=9, repetition=4) = 71.99999999999935 (evals=851, final=71.9999999999997)[0m
[[2m[37m04:12:15[0m[2m[0m] [2mVQE (lattice=(2, 2), n_occ=16, t=1, boundary=periodic, U=1, repetition=4) = 7.999999999999936 (evals=851, final=7.999999999999973)[0m
[[2m[37m04:18:24[0m[2m[0m] [2mVQE (lattice=(2, 2), n_occ=3, t=1, boundary=periodic, U=5, repetition=3) = -5.145828381998798 (evals=851, final=-5.145828381998798)[0m
[[2m[37m04:21:10[0m[2m[0m] [2mVQE (lattice=(2, 2), n_occ=3, t=1, boundary=periodic, U=2.5, repetition=3) = -6.05754527779013 (evals=851, final=-6.05754527779013)[0m
[[2m[37m04:21:12[0m[2m[0m] [2mVQE (lattice=(2, 2), n_occ=16, t=1, boundary=periodic, U=3.5, repetition=4) = 27.99999999999977 (evals=851, final=27.99999999999988)[0m
[[2m[37m04:35:33[0m[2m[0m] [2mVQE (lattice=(2, 2), n_occ=16, t=1, boundary=periodic, U=4, repetition=4) = 31.999999999999684 (evals=851, final=31.999999999999908)[0m
[[2m[37m04:36:06[0m[2m[0m] [2mVQE (lattice=(2, 2), n_occ=12, t=1, boundary=periodic, U=2.5, repetition=3) = 4.9195215016033 (evals=851, final=4.9195215016033)[0m
[[2m[37m04:57:10[0m[2m[0m] [2mVQE (lattice=(2, 2), n_occ=4, t=1, boundary=periodic, U=6.5, repetition=3) = -2.662475795495547 (evals=851, final=-2.626741580091295)[0m
[[2m[37m05:02:24[0m[2m[0m] [2mVQE (lattice=(2, 2), n_occ=11, t=1, boundary=periodic, U=4, repetition=3) = 6.969691540172969 (evals=851, final=6.969691540172969)[0m
[[2m[37m05:04:39[0m[2m[0m] [2mVQE (lattice=(2, 2), n_occ=6, t=1, boundary=periodic, U=8.5, repetition=3) = 0.6485303716462969 (evals=851, final=0.6485303716462969)[0m
[[2m[37m05:06:13[0m[2m[0m] [2mVQE (lattice=(2, 2), n_occ=6, t=1, boundary=periodic, U=0.5, repetition=3) = -8.285196013456728 (evals=851, final=-8.285196013456728)[0m
[[2m[37m05:06:37[0m[2m[0m] [2mVQE (lattice=(2, 2), n_occ=5, t=1, boundary=periodic, U=3, repetition=3) = -6.336974560149368 (evals=851, final=-6.336974560149368)[0m
[[2m[37m05:10:15[0m[2m[0m] [2mVQE (lattice=(2, 2), n_occ=12, t=1, boundary=periodic, U=3, repetition=3) = 5.982135735688087 (evals=851, final=5.982135735688087)[0m
[[2m[37m05:13:58[0m[2m[0m] [2mVQE (lattice=(2, 2), n_occ=12, t=1, boundary=periodic, U=6.5, repetition=3) = 21.406874618579668 (evals=851, final=21.406874618579668)[0m
[[2m[37m05:18:42[0m[2m[0m] [2mVQE (lattice=(2, 2), n_occ=12, t=1, boundary=periodic, U=4, repetition=3) = 11.07115611856025 (evals=851, final=11.07115611856025)[0m
[[2m[37m05:24:56[0m[2m[0m] [2mVQE (lattice=(2, 2), n_occ=12, t=1, boundary=periodic, U=5.5, repetition=3) = 18.805183452079525 (evals=851, final=18.805183452079525)[0m
[[2m[37m05:27:12[0m[2m[0m] [2mVQE (lattice=(2, 2), n_occ=7, t=1, boundary=periodic, U=6, repetition=3) = -0.9183836449433777 (evals=851, final=-0.9183836449433777)[0m
[[2m[37m05:34:47[0m[2m[0m] [2mVQE (lattice=(2, 2), n_occ=12, t=1, boundary=periodic, U=7, repetition=3) = 23.768167897845732 (evals=851, final=23.768167897845732)[0m
[[2m[37m05:35:25[0m[2m[0m] [2mVQE (lattice=(2, 2), n_occ=4, t=1, boundary=periodic, U=7, repetition=3) = -2.750944411978526 (evals=851, final=-2.5075491239212684)[0m
[[2m[37m05:35:36[0m[2m[0m] [2mVQE (lattice=(2, 2), n_occ=12, t=1, boundary=periodic, U=6, repetition=3) = 21.30471043525016 (evals=851, final=21.4532488543392)[0m
[[2m[37m05:36:33[0m[2m[0m] [2mVQE (lattice=(2, 2), n_occ=9, t=1, boundary=periodic, U=1, repetition=3) = -5.471666161958072 (evals=851, final=-5.471666161958072)[0m
[[2m[37m05:40:43[0m[2m[0m] [2mVQE (lattice=(2, 2), n_occ=4, t=1, boundary=periodic, U=1.5, repetition=3) = -5.712545337974965 (evals=851, final=-5.712545337974965)[0m
[[2m[37m05:40:43[0m[2m[0m] [2mVQE (lattice=(2, 2), n_occ=9, t=1, boundary=periodic, U=9, repetition=3) = 14.690117574145024 (evals=851, final=16.093410870009237)[0m
[[2m[37m05:41:36[0m[2m[0m] [2mVQE (lattice=(2, 2), n_occ=4, t=1, boundary=periodic, U=2.5, repetition=3) = -5.623227557226072 (evals=851, final=-5.623227557226072)[0m
[[2m[37m05:43:41[0m[2m[0m] [2mVQE (lattice=(2, 2), n_occ=4, t=1, boundary=periodic, U=8, repetition=3) = -4.333277654312663 (evals=851, final=-4.333277654312663)[0m
[[2m[37m05:46:20[0m[2m[0m] [2mVQE (lattice=(2, 2), n_occ=4, t=1, boundary=periodic, U=9.5, repetition=3) = -2.818633326988746 (evals=851, final=-2.818633326988746)[0m
[[2m[37m05:52:29[0m[2m[0m] [2mVQE (lattice=(2, 2), n_occ=11, t=1, boundary=periodic, U=5, repetition=3) = 10.284669092215415 (evals=851, final=10.284669092215415)[0m
[[2m[37m05:52:30[0m[2m[0m] [2mVQE (lattice=(2, 2), n_occ=6, t=1, boundary=periodic, U=1.5, repetition=3) = -5.392370273027645 (evals=851, final=-5.392370273027645)[0m
[[2m[37m05:52:35[0m[2m[0m] [2mVQE (lattice=(2, 2), n_occ=5, t=1, boundary=periodic, U=4, repetition=3) = -5.215744750589734 (evals=851, final=-5.215744750589734)[0m
[[2m[37m05:53:35[0m[2m[0m] [2mVQE (lattice=(2, 2), n_occ=6, t=1, boundary=periodic, U=9.5, repetition=3) = -0.2152589993647439 (evals=851, final=-0.2152589993647439)[0m
[[2m[37m05:58:22[0m[2m[0m] [2mVQE (lattice=(2, 2), n_occ=8, t=1, boundary=periodic, U=3.5, repetition=3) = -2.449364314501299 (evals=851, final=-2.449364314501299)[0m
[[2m[37m05:58:30[0m[2m[0m] [2mVQE (lattice=(2, 2), n_occ=4, t=1, boundary=periodic, U=3, repetition=3) = -5.907598039117968 (evals=851, final=-5.907598039117968)[0m
[[2m[37m05:59:29[0m[2m[0m] [2mVQE (lattice=(2, 2), n_occ=10, t=1, boundary=periodic, U=6.5, repetition=3) = 10.950891560675348 (evals=851, final=10.950891560675348)[0m
[[2m[37m05:59:35[0m[2m[0m] [2mVQE (lattice=(2, 2), n_occ=4, t=1, boundary=periodic, U=10, repetition=3) = -2.5667815111568806 (evals=851, final=-2.5667815111568806)[0m
[[2m[37m06:01:04[0m[2m[0m] [2mVQE (lattice=(2, 2), n_occ=4, t=1, boundary=periodic, U=2, repetition=3) = -5.35223224743668 (evals=851, final=-5.35223224743668)[0m
[[2m[37m06:04:08[0m[2m[0m] [2mVQE (lattice=(2, 2), n_occ=13, t=1, boundary=periodic, U=0, repetition=4) = -6.606444474614374 (evals=851, final=-6.606444474614374)[0m
[[2m[37m06:12:10[0m[2m[0m] [2mVQE (lattice=(2, 2), n_occ=7, t=1, boundary=periodic, U=7, repetition=3) = -0.4073072254020558 (evals=851, final=-0.4073072254020558)[0m
[[2m[37m06:24:47[0m[2m[0m] [2mVQE (lattice=(2, 2), n_occ=9, t=1, boundary=periodic, U=2, repetition=3) = -3.49788348958231 (evals=851, final=-3.49788348958231)[0m
[[2m[37m06:25:38[0m[2m[0m] [2mVQE (lattice=(2, 2), n_occ=9, t=1, boundary=periodic, U=10, repetition=3) = 15.160302555704295 (evals=851, final=15.160302555704295)[0m
[[2m[37m06:29:42[0m[2m[0m] [2mVQE (lattice=(2, 2), n_occ=6, t=1, boundary=periodic, U=2, repetition=3) = -4.686583118947838 (evals=851, final=-4.686583118947838)[0m
[[2m[37m06:33:45[0m[2m[0m] [2mVQE (lattice=(2, 2), n_occ=5, t=1, boundary=periodic, U=8, repetition=3) = -3.3805653674882272 (evals=851, final=-3.3805653674882272)[0m
[[2m[37m06:33:54[0m[2m[0m] [2mVQE (lattice=(2, 2), n_occ=11, t=1, boundary=periodic, U=5.5, repetition=3) = 12.304411142468304 (evals=851, final=12.304411142468304)[0m
[[2m[37m06:34:45[0m[2m[0m] [2mVQE (lattice=(2, 2), n_occ=6, t=1, boundary=periodic, U=5.5, repetition=3) = -3.6370301615280476 (evals=851, final=-3.6370301615280476)[0m
[[2m[37m06:34:57[0m[2m[0m] [2mVQE (lattice=(2, 2), n_occ=6, t=1, boundary=periodic, U=10, repetition=3) = 1.670497188447295 (evals=851, final=1.670497188447295)[0m
[[2m[37m06:35:30[0m[2m[0m] [2mVQE (lattice=(2, 2), n_occ=5, t=1, boundary=periodic, U=4.5, repetition=3) = -4.711019386489235 (evals=851, final=-4.711019386489235)[0m
[[2m[37m06:36:09[0m[2m[0m] [2mVQE (lattice=(2, 2), n_occ=11, t=1, boundary=periodic, U=1, repetition=3) = -2.628116164625144 (evals=851, final=-2.628116164625144)[0m
[[2m[37m06:37:34[0m[2m[0m] [2mVQE (lattice=(2, 2), n_occ=11, t=1, boundary=periodic, U=9, repetition=3) = 26.20538823039086 (evals=851, final=27.143816861133782)[0m
[[2m[37m06:38:44[0m[2m[0m] [2mVQE (lattice=(2, 2), n_occ=5, t=1, boundary=periodic, U=5.5, repetition=3) = -3.9914408779168786 (evals=851, final=-3.9914408779168786)[0m
[[2m[37m06:43:07[0m[2m[0m] [2mVQE (lattice=(2, 2), n_occ=6, t=1, boundary=periodic, U=3, repetition=3) = -3.36806995553618 (evals=851, final=-2.99674959318803)[0m
[[2m[37m06:43:11[0m[2m[0m] [2mVQE (lattice=(2, 2), n_occ=11, t=1, boundary=periodic, U=6.5, repetition=3) = 15.639352350866892 (evals=851, final=15.639352350866892)[0m
[[2m[37m06:43:34[0m[2m[0m] [2mVQE (lattice=(2, 2), n_occ=5, t=1, boundary=periodic, U=7, repetition=3) = -1.078101614976754 (evals=851, final=-1.078101614976754)[0m
[[2m[37m06:43:50[0m[2m[0m] [2mVQE (lattice=(2, 2), n_occ=11, t=1, boundary=periodic, U=8, repetition=3) = 21.850985440229774 (evals=851, final=21.850985440229774)[0m
[[2m[37m06:44:12[0m[2m[0m] [2mVQE (lattice=(2, 2), n_occ=10, t=1, boundary=periodic, U=7.5, repetition=3) = 14.918458987583346 (evals=851, final=14.918458987583346)[0m
[[2m[37m06:44:25[0m[2m[0m] [2mVQE (lattice=(2, 2), n_occ=6, t=1, boundary=periodic, U=4.5, repetition=3) = -3.0813662218125106 (evals=851, final=-3.0813662218125106)[0m
[[2m[37m06:46:20[0m[2m[0m] [2mVQE (lattice=(2, 2), n_occ=8, t=1, boundary=periodic, U=4.5, repetition=3) = 0.580746106908791 (evals=851, final=0.580746106908791)[0m
[[2m[37m06:55:11[0m[2m[0m] [2mVQE (lattice=(2, 2), n_occ=11, t=1, boundary=periodic, U=0.5, repetition=3) = -5.571782204178903 (evals=851, final=-5.571782204178903)[0m
[[2m[37m06:55:49[0m[2m[0m] [2mVQE (lattice=(2, 2), n_occ=7, t=1, boundary=periodic, U=7.5, repetition=3) = 1.079177372801634 (evals=851, final=1.079177372801634)[0m
[[2m[37m06:57:14[0m[2m[0m] [2mVQE (lattice=(2, 2), n_occ=15, t=1, boundary=periodic, U=2, repetition=4) = 11.0869325528223 (evals=851, final=11.0869325528223)[0m
[[2m[37m06:57:21[0m[2m[0m] [2mVQE (lattice=(2, 2), n_occ=7, t=1, boundary=periodic, U=3, repetition=3) = -4.437205576905825 (evals=851, final=-4.437205576905825)[0m
[[2m[37m06:57:49[0m[2m[0m] [2mVQE (lattice=(2, 2), n_occ=6, t=1, boundary=periodic, U=5, repetition=3) = -2.6789498793013786 (evals=851, final=-2.6789498793013786)[0m
[[2m[37m06:58:03[0m[2m[0m] [2mVQE (lattice=(2, 2), n_occ=11, t=1, boundary=periodic, U=9.5, repetition=3) = 27.44392199165368 (evals=851, final=27.44392199165368)[0m
[[2m[37m06:58:18[0m[2m[0m] [2mVQE (lattice=(2, 2), n_occ=11, t=1, boundary=periodic, U=1.5, repetition=3) = -2.5319315621445444 (evals=851, final=-2.5319315621445444)[0m
[[2m[37m06:58:23[0m[2m[0m] [2mVQE (lattice=(2, 2), n_occ=5, t=1, boundary=periodic, U=7.5, repetition=3) = -1.8068119745621751 (evals=851, final=-1.8068119745621751)[0m
[[2m[37m06:58:25[0m[2m[0m] [2mVQE (lattice=(2, 2), n_occ=11, t=1, boundary=periodic, U=8.5, repetition=3) = 24.38623357040201 (evals=851, final=24.53857470803661)[0m
[[2m[37m06:59:57[0m[2m[0m] [2mVQE (lattice=(2, 2), n_occ=5, t=1, boundary=periodic, U=8.5, repetition=3) = -0.6814504708800112 (evals=851, final=-0.6814504708800112)[0m
[[2m[37m07:00:09[0m[2m[0m] [2mVQE (lattice=(2, 2), n_occ=15, t=1, boundary=periodic, U=10, repetition=4) = 67.0539753877616 (evals=851, final=67.0539753877616)[0m
[[2m[37m07:00:37[0m[2m[0m] [2mVQE (lattice=(2, 2), n_occ=5, t=1, boundary=periodic, U=0.5, repetition=3) = -6.940560322195619 (evals=851, final=-6.940560322195619)[0m
[[2m[37m07:02:01[0m[2m[0m] [2mVQE (lattice=(2, 2), n_occ=6, t=1, boundary=periodic, U=6, repetition=3) = -0.315609936899112 (evals=851, final=-0.315609936899112)[0m
[[2m[37m07:02:58[0m[2m[0m] [2mVQE (lattice=(2, 2), n_occ=7, t=1, boundary=periodic, U=2, repetition=3) = -5.745596162302451 (evals=851, final=-5.745596162302451)[0m
[[2m[37m07:03:10[0m[2m[0m] [2mVQE (lattice=(2, 2), n_occ=7, t=1, boundary=periodic, U=10, repetition=3) = 4.380214736323229 (evals=851, final=4.380214736323229)[0m
[[2m[37m07:04:41[0m[2m[0m] [2mVQE (lattice=(2, 2), n_occ=7, t=1, boundary=periodic, U=8.5, repetition=3) = 4.277201809790272 (evals=851, final=4.277201809790272)[0m
[[2m[37m07:06:28[0m[2m[0m] [2mVQE (lattice=(2, 2), n_occ=9, t=1, boundary=periodic, U=2.5, repetition=3) = -1.8194749531132701 (evals=851, final=-1.8194749531132701)[0m
[[2m[37m07:08:30[0m[2m[0m] [2mVQE (lattice=(2, 2), n_occ=7, t=1, boundary=periodic, U=0.5, repetition=3) = -8.404511139411156 (evals=851, final=-8.404511139411156)[0m
[[2m[37m07:12:38[0m[2m[0m] [2mVQE (lattice=(2, 2), n_occ=9, t=1, boundary=periodic, U=6, repetition=3) = 4.720809542788558 (evals=851, final=4.720809542788558)[0m
[[2m[37m07:17:48[0m[2m[0m] [2mVQE (lattice=(2, 2), n_occ=9, t=1, boundary=periodic, U=3.5, repetition=3) = -0.7773538769841226 (evals=851, final=-0.7773538769841226)[0m
[[2m[37m07:20:44[0m[2m[0m] [2mVQE (lattice=(2, 2), n_occ=9, t=1, boundary=periodic, U=5, repetition=3) = 3.173956755462377 (evals=851, final=3.173956755462377)[0m
[[2m[37m07:21:26[0m[2m[0m] [2mVQE (lattice=(2, 2), n_occ=7, t=1, boundary=periodic, U=3.5, repetition=3) = -4.415595386477967 (evals=851, final=-4.415595386477967)[0m
[[2m[37m07:24:05[0m[2m[0m] [2mVQE (lattice=(2, 2), n_occ=7, t=1, boundary=periodic, U=2.5, repetition=3) = -4.390915674370369 (evals=851, final=-4.390915674370369)[0m
[[2m[37m07:29:23[0m[2m[0m] [2mVQE (lattice=(2, 2), n_occ=8, t=1, boundary=periodic, U=5, repetition=3) = 1.1249708965547223 (evals=851, final=1.1249708965547223)[0m
[[2m[37m07:30:27[0m[2m[0m] [2mVQE (lattice=(2, 2), n_occ=9, t=1, boundary=periodic, U=5.5, repetition=3) = 6.2053741469428125 (evals=851, final=7.196681173271243)[0m
[[2m[37m07:32:03[0m[2m[0m] [2mVQE (lattice=(2, 2), n_occ=9, t=1, boundary=periodic, U=6.5, repetition=3) = 7.421824772467931 (evals=851, final=7.421824772467931)[0m
[[2m[37m07:33:18[0m[2m[0m] [2mVQE (lattice=(2, 2), n_occ=10, t=1, boundary=periodic, U=8, repetition=3) = 17.57607887677347 (evals=851, final=17.996343298115267)[0m
[[2m[37m07:33:21[0m[2m[0m] [2mVQE (lattice=(2, 2), n_occ=8, t=1, boundary=periodic, U=8.5, repetition=3) = 8.040271103253781 (evals=851, final=8.040271103253781)[0m
[[2m[37m07:34:55[0m[2m[0m] [2mVQE (lattice=(2, 2), n_occ=8, t=1, boundary=periodic, U=0.5, repetition=3) = -9.181305434754615 (evals=851, final=-9.181305434754615)[0m
[[2m[37m07:34:58[0m[2m[0m] [2mVQE (lattice=(2, 2), n_occ=10, t=1, boundary=periodic, U=3.5, repetition=3) = 3.578026730462134 (evals=851, final=3.578026730462134)[0m
[[2m[37m07:38:20[0m[2m[0m] [2mVQE (lattice=(2, 2), n_occ=10, t=1, boundary=periodic, U=1, repetition=3) = -5.316950018653258 (evals=851, final=-5.316950018653258)[0m
[[2m[37m07:38:26[0m[2m[0m] [2mVQE (lattice=(2, 2), n_occ=8, t=1, boundary=periodic, U=6, repetition=3) = 1.4862883284777437 (evals=851, final=1.4862883284777437)[0m
[[2m[37m07:39:21[0m[2m[0m] [2mVQE (lattice=(2, 2), n_occ=10, t=1, boundary=periodic, U=9, repetition=3) = 19.597129094068368 (evals=851, final=19.597129094068368)[0m
[[2m[37m07:39:27[0m[2m[0m] [2mVQE (lattice=(2, 2), n_occ=8, t=1, boundary=periodic, U=7.5, repetition=3) = 5.303528670292013 (evals=851, final=5.303528670292013)[0m
[[2m[37m07:42:33[0m[2m[0m] [2mVQE (lattice=(2, 2), n_occ=10, t=1, boundary=periodic, U=2.5, repetition=3) = -0.30192576520781694 (evals=851, final=-0.30192576520781694)[0m
[[2m[37m07:49:58[0m[2m[0m] [2mVQE (lattice=(2, 2), n_occ=15, t=1, boundary=periodic, U=3, repetition=4) = 18.078435838069392 (evals=851, final=18.078435838069392)[0m
[[2m[37m07:53:18[0m[2m[0m] [2mVQE (lattice=(2, 2), n_occ=8, t=1, boundary=periodic, U=9, repetition=3) = 9.690065976871805 (evals=851, final=9.926538013280506)[0m
[[2m[37m07:53:57[0m[2m[0m] [2mVQE (lattice=(2, 2), n_occ=10, t=1, boundary=periodic, U=3, repetition=3) = 0.6975658949465775 (evals=851, final=0.6975658949465775)[0m
[[2m[37m07:58:01[0m[2m[0m] [2mVQE (lattice=(2, 2), n_occ=8, t=1, boundary=periodic, U=8, repetition=3) = 6.919045305220239 (evals=851, final=7.022487562151457)[0m
[[2m[37m07:59:02[0m[2m[0m] [2mVQE (lattice=(2, 2), n_occ=10, t=1, boundary=periodic, U=4, repetition=3) = 3.636682579177667 (evals=851, final=3.636682579177667)[0m
[[2m[37m08:00:32[0m[2m[0m] [2mVQE (lattice=(2, 2), n_occ=8, t=1, boundary=periodic, U=1, repetition=3) = -7.619070197992157 (evals=851, final=-7.619070197992157)[0m
[[2m[37m08:33:41[0m[2m[0m] [2mVQE (lattice=(2, 2), n_occ=15, t=1, boundary=periodic, U=3.5, repetition=4) = 21.61652597118217 (evals=851, final=21.61652597118217)[0m
[[2m[37m08:37:32[0m[2m[0m] [2mVQE (lattice=(2, 2), n_occ=15, t=1, boundary=periodic, U=7, repetition=4) = 46.05310134282084 (evals=851, final=46.05310134282084)[0m
[[2m[37m08:42:30[0m[2m[0m] [2mVQE (lattice=(2, 2), n_occ=15, t=1, boundary=periodic, U=4.5, repetition=4) = 28.72267711008285 (evals=851, final=28.72267711008285)[0m
[[2m[37m08:46:03[0m[2m[0m] [2mVQE (lattice=(2, 2), n_occ=15, t=1, boundary=periodic, U=6, repetition=4) = 39.09530859921149 (evals=851, final=39.09530859921149)[0m
[[2m[37m08:58:30[0m[2m[0m] [2mVQE (lattice=(2, 2), n_occ=14, t=1, boundary=periodic, U=4.5, repetition=4) = 22.0682575216277 (evals=851, final=22.0682575216277)[0m
[[2m[37m09:00:31[0m[2m[0m] [2mVQE (lattice=(2, 2), n_occ=15, t=1, boundary=periodic, U=7.5, repetition=4) = 49.89002699421577 (evals=851, final=49.89002699421577)[0m
[[2m[37m09:01:21[0m[2m[0m] [2mVQE (lattice=(2, 2), n_occ=15, t=1, boundary=periodic, U=6.5, repetition=4) = 42.544629102950395 (evals=851, final=42.544629102950395)[0m
[[2m[37m09:47:36[0m[2m[0m] [2mVQE (lattice=(2, 2), n_occ=16, t=1, boundary=periodic, U=7.5, repetition=5) = 59.99999999999955 (evals=851, final=59.99999999999995)[0m
[[1m[32m09:49:14[0m[1m[0m] [37mVQE other benchmarks (lattice=(2, 2), n_occ=16, t=1, boundary=periodic, U=7.5): num_queries=146000, circuit_depth=[83,75][0m
[[2m[37m09:50:00[0m[2m[0m] [2mVQE (lattice=(2, 2), n_occ=14, t=1, boundary=periodic, U=5.5, repetition=4) = 28.481968673852744 (evals=851, final=28.481968673852744)[0m
[[2m[37m10:35:57[0m[2m[0m] [2mVQE (lattice=(2, 2), n_occ=14, t=1, boundary=periodic, U=6, repetition=4) = 31.083099919209733 (evals=851, final=31.083099919209733)[0m
[[2m[37m10:36:52[0m[2m[0m] [2mVQE (lattice=(2, 2), n_occ=16, t=1, boundary=periodic, U=0.5, repetition=5) = 3.9999999999999685 (evals=851, final=3.999999999999986)[0m
[[1m[32m10:38:33[0m[1m[0m] [37mVQE other benchmarks (lattice=(2, 2), n_occ=16, t=1, boundary=periodic, U=0.5): num_queries=146000, circuit_depth=[83,75][0m
[[2m[37m10:41:16[0m[2m[0m] [2mVQE (lattice=(2, 2), n_occ=14, t=1, boundary=periodic, U=1.5, repetition=4) = 3.9073171520054815 (evals=851, final=3.9073171520054815)[0m
[[2m[37m10:41:55[0m[2m[0m] [2mVQE (lattice=(2, 2), n_occ=14, t=1, boundary=periodic, U=9.5, repetition=4) = 52.419407074867756 (evals=851, final=52.419407074867756)[0m
[[2m[37m10:46:35[0m[2m[0m] [2mVQE (lattice=(2, 2), n_occ=14, t=1, boundary=periodic, U=8.5, repetition=4) = 46.5166189513345 (evals=851, final=46.5166189513345)[0m
[[2m[37m10:48:05[0m[2m[0m] [2mVQE (lattice=(2, 2), n_occ=14, t=1, boundary=periodic, U=0.5, repetition=4) = -1.1131010444234402 (evals=851, final=-1.0779635540473427)[0m
[[2m[37m10:48:40[0m[2m[0m] [2mVQE (lattice=(2, 2), n_occ=14, t=1, boundary=periodic, U=7, repetition=4) = 37.72590085194763 (evals=851, final=37.72590085194763)[0m
[[2m[37m11:00:16[0m[2m[0m] [2mVQE (lattice=(2, 2), n_occ=14, t=1, boundary=periodic, U=9, repetition=4) = 49.296191422075935 (evals=851, final=49.296191422075935)[0m
[[2m[37m11:03:03[0m[2m[0m] [2mVQE (lattice=(2, 2), n_occ=14, t=1, boundary=periodic, U=1, repetition=4) = 0.25191697401224133 (evals=851, final=0.25191697401224133)[0m
[[2m[37m11:07:15[0m[2m[0m] [2mVQE (lattice=(2, 2), n_occ=14, t=1, boundary=periodic, U=10, repetition=4) = 55.42729534483032 (evals=851, final=55.42729534483032)[0m
[[2m[37m11:10:18[0m[2m[0m] [2mVQE (lattice=(2, 2), n_occ=14, t=1, boundary=periodic, U=2, repetition=4) = 6.783674621535986 (evals=851, final=6.783674621535986)[0m
[[2m[37m11:16:02[0m[2m[0m] [2mVQE (lattice=(2, 2), n_occ=13, t=1, boundary=periodic, U=7, repetition=4) = 29.918316919816128 (evals=851, final=29.918316919816128)[0m
[[2m[37m11:27:39[0m[2m[0m] [2mVQE (lattice=(2, 2), n_occ=16, t=1, boundary=periodic, U=1, repetition=5) = 7.999999999999936 (evals=851, final=7.999999999999973)[0m
[[2m[37m11:28:44[0m[2m[0m] [2mVQE (lattice=(2, 2), n_occ=16, t=1, boundary=periodic, U=9, repetition=5) = 71.99999999999939 (evals=851, final=71.9999999999997)[0m
[[1m[32m11:29:25[0m[1m[0m] [37mVQE other benchmarks (lattice=(2, 2), n_occ=16, t=1, boundary=periodic, U=1): num_queries=146000, circuit_depth=[83,75][0m
[[1m[32m11:30:23[0m[1m[0m] [37mVQE other benchmarks (lattice=(2, 2), n_occ=16, t=1, boundary=periodic, U=9): num_queries=146000, circuit_depth=[83,75][0m
[[2m[37m11:41:06[0m[2m[0m] [2mVQE (lattice=(2, 2), n_occ=16, t=1, boundary=periodic, U=3.5, repetition=5) = 27.99999999999977 (evals=851, final=27.99999999999997)[0m
[[1m[32m11:42:54[0m[1m[0m] [37mVQE other benchmarks (lattice=(2, 2), n_occ=16, t=1, boundary=periodic, U=3.5): num_queries=146000, circuit_depth=[83,75][0m
[[2m[37m11:58:17[0m[2m[0m] [2mVQE (lattice=(2, 2), n_occ=16, t=1, boundary=periodic, U=4, repetition=5) = 31.999999999999748 (evals=851, final=32.00000000000001)[0m
[[1m[32m12:00:02[0m[1m[0m] [37mVQE other benchmarks (lattice=(2, 2), n_occ=16, t=1, boundary=periodic, U=4): num_queries=146000, circuit_depth=[83,75][0m
[[2m[37m12:15:15[0m[2m[0m] [2mVQE (lattice=(2, 2), n_occ=13, t=1, boundary=periodic, U=8, repetition=4) = 35.27875523747324 (evals=851, final=35.27875523747324)[0m
[[2m[37m12:56:54[0m[2m[0m] [2mVQE (lattice=(2, 2), n_occ=13, t=1, boundary=periodic, U=8.5, repetition=4) = 38.36439248322507 (evals=851, final=38.36439248322507)[0m
[[2m[37m12:58:11[0m[2m[0m] [2mVQE (lattice=(2, 2), n_occ=13, t=1, boundary=periodic, U=0.5, repetition=4) = -3.7880363551816183 (evals=851, final=-3.7880363551816183)[0m
[[2m[37m13:04:53[0m[2m[0m] [2mVQE (lattice=(2, 2), n_occ=12, t=1, boundary=periodic, U=9.5, repetition=4) = 34.31882658556557 (evals=851, final=34.31882658556557)[0m
[[2m[37m13:17:53[0m[2m[0m] [2mVQE (lattice=(2, 2), n_occ=13, t=1, boundary=periodic, U=4, repetition=4) = 15.271752697232326 (evals=851, final=15.271752697232326)[0m
[[2m[37m13:18:51[0m[2m[0m] [2mVQE (lattice=(2, 2), n_occ=13, t=1, boundary=periodic, U=3, repetition=4) = 9.378457436584 (evals=851, final=9.378457436584)[0m
[[2m[37m13:24:52[0m[2m[0m] [2mVQE (lattice=(2, 2), n_occ=13, t=1, boundary=periodic, U=1.5, repetition=4) = 2.3892681594086396 (evals=851, final=2.3892681594086396)[0m
[[2m[37m13:26:18[0m[2m[0m] [2mVQE (lattice=(2, 2), n_occ=13, t=1, boundary=periodic, U=9.5, repetition=4) = 44.2816675207313 (evals=851, final=44.2816675207313)[0m
[[2m[37m13:34:53[0m[2m[0m] [2mVQE (lattice=(2, 2), n_occ=13, t=1, boundary=periodic, U=3.5, repetition=4) = 12.526209652532259 (evals=851, final=12.526209652532259)[0m
[[2m[37m13:43:15[0m[2m[0m] [2mVQE (lattice=(2, 2), n_occ=13, t=1, boundary=periodic, U=4.5, repetition=4) = 19.172639594968413 (evals=851, final=19.63067718843366)[0m
[[2m[37m13:46:48[0m[2m[0m] [2mVQE (lattice=(2, 2), n_occ=13, t=1, boundary=periodic, U=0, repetition=5) = -6.227785261709062 (evals=851, final=-6.227785261709062)[0m
[[1m[32m13:48:44[0m[1m[0m] [37mVQE other benchmarks (lattice=(2, 2), n_occ=13, t=1, boundary=periodic, U=0): num_queries=96000, circuit_depth=[123,103][0m
[[2m[37m14:06:26[0m[2m[0m] [2mVQE (lattice=(2, 2), n_occ=3, t=1, boundary=periodic, U=5, repetition=4) = -4.004384938854615 (evals=851, final=-4.004384938854615)[0m
[[2m[37m14:08:32[0m[2m[0m] [2mVQE (lattice=(2, 2), n_occ=3, t=1, boundary=periodic, U=2.5, repetition=4) = -5.788938296829844 (evals=851, final=-5.788938296829844)[0m
[[2m[37m14:16:55[0m[2m[0m] [2mVQE (lattice=(2, 2), n_occ=12, t=1, boundary=periodic, U=2.5, repetition=4) = 4.981323536441791 (evals=851, final=4.981323536441791)[0m
[[2m[37m14:35:37[0m[2m[0m] [2mVQE (lattice=(2, 2), n_occ=15, t=1, boundary=periodic, U=2, repetition=5) = 11.543095933591 (evals=851, final=12.347318413481549)[0m
[[2m[37m14:37:13[0m[2m[0m] [2mVQE (lattice=(2, 2), n_occ=15, t=1, boundary=periodic, U=10, repetition=5) = 67.07700894485454 (evals=851, final=67.07700894485454)[0m
[[1m[32m14:37:15[0m[1m[0m] [37mVQE other benchmarks (lattice=(2, 2), n_occ=15, t=1, boundary=periodic, U=2): num_queries=146000, circuit_depth=[121,105][0m
[[1m[32m14:38:45[0m[1m[0m] [37mVQE other benchmarks (lattice=(2, 2), n_occ=15, t=1, boundary=periodic, U=10): num_queries=146000, circuit_depth=[121,105][0m
[[2m[37m14:40:56[0m[2m[0m] [2mVQE (lattice=(2, 2), n_occ=11, t=1, boundary=periodic, U=4, repetition=4) = 8.511793124378858 (evals=851, final=8.645279052570121)[0m
[[2m[37m14:42:40[0m[2m[0m] [2mVQE (lattice=(2, 2), n_occ=12, t=1, boundary=periodic, U=3, repetition=4) = 5.910524036113249 (evals=851, final=5.910524036113249)[0m
[[2m[37m14:43:26[0m[2m[0m] [2mVQE (lattice=(2, 2), n_occ=6, t=1, boundary=periodic, U=8.5, repetition=4) = -0.4971577470625405 (evals=851, final=-0.4971577470625405)[0m
[[2m[37m14:44:27[0m[2m[0m] [2mVQE (lattice=(2, 2), n_occ=5, t=1, boundary=periodic, U=3, repetition=4) = -5.346444553503131 (evals=851, final=-5.346444553503131)[0m
[[2m[37m14:45:01[0m[2m[0m] [2mVQE (lattice=(2, 2), n_occ=6, t=1, boundary=periodic, U=0.5, repetition=4) = -6.969493553747436 (evals=851, final=-6.969493553747436)[0m
[[2m[37m14:46:53[0m[2m[0m] [2mVQE (lattice=(2, 2), n_occ=4, t=1, boundary=periodic, U=6.5, repetition=4) = -4.9341780276835685 (evals=851, final=-4.9341780276835685)[0m
[[2m[37m15:07:12[0m[2m[0m] [2mVQE (lattice=(2, 2), n_occ=7, t=1, boundary=periodic, U=6, repetition=4) = 1.1594258586254216 (evals=851, final=1.1594258586254216)[0m
[[2m[37m15:12:35[0m[2m[0m] [2mVQE (lattice=(2, 2), n_occ=4, t=1, boundary=periodic, U=7, repetition=4) = -2.818453131864066 (evals=851, final=-2.818453131864066)[0m
[[2m[37m15:17:23[0m[2m[0m] [2mVQE (lattice=(2, 2), n_occ=9, t=1, boundary=periodic, U=1, repetition=4) = -6.01251632742544 (evals=851, final=-6.01251632742544)[0m
[[2m[37m15:19:26[0m[2m[0m] [2mVQE (lattice=(2, 2), n_occ=12, t=1, boundary=periodic, U=5.5, repetition=4) = 16.953815331585467 (evals=851, final=16.953815331585467)[0m
[[2m[37m15:20:05[0m[2m[0m] [2mVQE (lattice=(2, 2), n_occ=12, t=1, boundary=periodic, U=6.5, repetition=4) = 22.273617539760426 (evals=851, final=22.273617539760426)[0m
[[2m[37m15:20:53[0m[2m[0m] [2mVQE (lattice=(2, 2), n_occ=9, t=1, boundary=periodic, U=9, repetition=4) = 14.012795603751288 (evals=851, final=14.518902586914235)[0m
[[2m[37m15:26:05[0m[2m[0m] [2mVQE (lattice=(2, 2), n_occ=12, t=1, boundary=periodic, U=4, repetition=4) = 10.607148847328506 (evals=851, final=10.607148847328506)[0m
[[2m[37m15:30:17[0m[2m[0m] [2mVQE (lattice=(2, 2), n_occ=12, t=1, boundary=periodic, U=6, repetition=4) = 20.90511947183544 (evals=851, final=20.90511947183544)[0m
[[2m[37m15:41:00[0m[2m[0m] [2mVQE (lattice=(2, 2), n_occ=8, t=1, boundary=periodic, U=3.5, repetition=4) = -2.532556975582387 (evals=851, final=-2.532556975582387)[0m
[[2m[37m15:41:33[0m[2m[0m] [2mVQE (lattice=(2, 2), n_occ=4, t=1, boundary=periodic, U=1.5, repetition=4) = -6.7534986470967935 (evals=851, final=-6.7534986470967935)[0m
[[2m[37m15:41:45[0m[2m[0m] [2mVQE (lattice=(2, 2), n_occ=10, t=1, boundary=periodic, U=6.5, repetition=4) = 12.838358828281637 (evals=851, final=12.838358828281637)[0m
[[2m[37m15:45:10[0m[2m[0m] [2mVQE (lattice=(2, 2), n_occ=12, t=1, boundary=periodic, U=7, repetition=4) = 23.62248738996457 (evals=851, final=23.62248738996457)[0m
[[2m[37m15:47:46[0m[2m[0m] [2mVQE (lattice=(2, 2), n_occ=4, t=1, boundary=periodic, U=9.5, repetition=4) = -3.78176870606233 (evals=851, final=-3.78176870606233)[0m
[[2m[37m15:53:18[0m[2m[0m] [2mVQE (lattice=(2, 2), n_occ=15, t=1, boundary=periodic, U=3, repetition=5) = 18.091706155768936 (evals=851, final=18.091706155768936)[0m
[[2m[37m15:54:59[0m[2m[0m] [2mVQE (lattice=(2, 2), n_occ=5, t=1, boundary=periodic, U=4, repetition=4) = -4.265512461605598 (evals=851, final=-4.265512461605598)[0m
[[1m[32m15:55:02[0m[1m[0m] [37mVQE other benchmarks (lattice=(2, 2), n_occ=15, t=1, boundary=periodic, U=3): num_queries=146000, circuit_depth=[121,105][0m
[[2m[37m15:57:39[0m[2m[0m] [2mVQE (lattice=(2, 2), n_occ=4, t=1, boundary=periodic, U=2.5, repetition=4) = -5.115871630545441 (evals=851, final=-5.115871630545441)[0m
[[2m[37m15:57:46[0m[2m[0m] [2mVQE (lattice=(2, 2), n_occ=11, t=1, boundary=periodic, U=5, repetition=4) = 10.365860800640482 (evals=851, final=10.365860800640482)[0m
[[2m[37m15:58:20[0m[2m[0m] [2mVQE (lattice=(2, 2), n_occ=6, t=1, boundary=periodic, U=1.5, repetition=4) = -6.533736189276478 (evals=851, final=-6.533736189276478)[0m
[[2m[37m15:59:46[0m[2m[0m] [2mVQE (lattice=(2, 2), n_occ=6, t=1, boundary=periodic, U=9.5, repetition=4) = 1.8355149103137605 (evals=851, final=1.8355149103137605)[0m
[[2m[37m16:00:15[0m[2m[0m] [2mVQE (lattice=(2, 2), n_occ=4, t=1, boundary=periodic, U=8, repetition=4) = -3.3978882172923375 (evals=851, final=-3.3978882172923375)[0m
[[2m[37m16:02:18[0m[2m[0m] [2mVQE (lattice=(2, 2), n_occ=4, t=1, boundary=periodic, U=10, repetition=4) = -3.6038099997956374 (evals=851, final=-3.6038099997956374)[0m
[[2m[37m16:04:07[0m[2m[0m] [2mVQE (lattice=(2, 2), n_occ=4, t=1, boundary=periodic, U=2, repetition=4) = -6.694200957243343 (evals=851, final=-6.694200957243343)[0m
[[2m[37m16:14:56[0m[2m[0m] [2mVQE (lattice=(2, 2), n_occ=15, t=1, boundary=periodic, U=3.5, repetition=5) = 21.548039715225904 (evals=851, final=21.548039715225904)[0m
[[2m[37m16:15:22[0m[2m[0m] [2mVQE (lattice=(2, 2), n_occ=6, t=1, boundary=periodic, U=2, repetition=4) = -4.184296613268086 (evals=851, final=-3.1595110885843805)[0m
[[1m[32m16:16:29[0m[1m[0m] [37mVQE other benchmarks (lattice=(2, 2), n_occ=15, t=1, boundary=periodic, U=3.5): num_queries=146000, circuit_depth=[121,105][0m
[[2m[37m16:16:48[0m[2m[0m] [2mVQE (lattice=(2, 2), n_occ=4, t=1, boundary=periodic, U=3, repetition=4) = -5.343046944231793 (evals=851, final=-5.343046944231793)[0m
[[2m[37m16:18:58[0m[2m[0m] [2mVQE (lattice=(2, 2), n_occ=6, t=1, boundary=periodic, U=10, repetition=4) = 3.679001961693558 (evals=851, final=4.05155837629576)[0m
[[2m[37m16:19:37[0m[2m[0m] [2mVQE (lattice=(2, 2), n_occ=5, t=1, boundary=periodic, U=4.5, repetition=4) = -3.754727752143839 (evals=851, final=-3.754727752143839)[0m
[[2m[37m16:19:42[0m[2m[0m] [2mVQE (lattice=(2, 2), n_occ=11, t=1, boundary=periodic, U=5.5, repetition=4) = 12.158504535072796 (evals=851, final=12.158504535072796)[0m
[[2m[37m16:22:13[0m[2m[0m] [2mVQE (lattice=(2, 2), n_occ=7, t=1, boundary=periodic, U=7, repetition=4) = 3.3287739834937797 (evals=851, final=3.8161068138525334)[0m
[[2m[37m16:35:59[0m[2m[0m] [2mVQE (lattice=(2, 2), n_occ=14, t=1, boundary=periodic, U=4.5, repetition=5) = 22.008998986548363 (evals=851, final=22.008998986548363)[0m
[[2m[37m16:36:23[0m[2m[0m] [2mVQE (lattice=(2, 2), n_occ=9, t=1, boundary=periodic, U=10, repetition=4) = 16.40715140450672 (evals=851, final=17.211496497091115)[0m
[[2m[37m16:36:58[0m[2m[0m] [2mVQE (lattice=(2, 2), n_occ=9, t=1, boundary=periodic, U=2, repetition=4) = -2.345620531392366 (evals=851, final=-1.3865604743594155)[0m
[[1m[32m16:37:28[0m[1m[0m] [37mVQE other benchmarks (lattice=(2, 2), n_occ=14, t=1, boundary=periodic, U=4.5): num_queries=146000, circuit_depth=[125,105][0m
[[2m[37m16:44:16[0m[2m[0m] [2mVQE (lattice=(2, 2), n_occ=7, t=1, boundary=periodic, U=7.5, repetition=4) = 2.865566931998466 (evals=851, final=2.865566931998466)[0m
[[2m[37m16:54:44[0m[2m[0m] [2mVQE (lattice=(2, 2), n_occ=15, t=1, boundary=periodic, U=6, repetition=5) = 39.12768579270163 (evals=851, final=39.12768579270163)[0m
[[2m[37m16:55:57[0m[2m[0m] [2mVQE (lattice=(2, 2), n_occ=9, t=1, boundary=periodic, U=2.5, repetition=4) = -2.646815174759553 (evals=851, final=-2.646815174759553)[0m
[[1m[32m16:56:26[0m[1m[0m] [37mVQE other benchmarks (lattice=(2, 2), n_occ=15, t=1, boundary=periodic, U=6): num_queries=146000, circuit_depth=[121,105][0m
[[2m[37m16:59:15[0m[2m[0m] [2mVQE (lattice=(2, 2), n_occ=11, t=1, boundary=periodic, U=8, repetition=4) = 21.04046229471692 (evals=851, final=21.04046229471692)[0m
[[2m[37m17:00:29[0m[2m[0m] [2mVQE (lattice=(2, 2), n_occ=5, t=1, boundary=periodic, U=7, repetition=4) = -2.937102317807332 (evals=851, final=-2.937102317807332)[0m
[[2m[37m17:00:48[0m[2m[0m] [2mVQE (lattice=(2, 2), n_occ=6, t=1, boundary=periodic, U=4.5, repetition=4) = -2.567936079661029 (evals=851, final=-2.567936079661029)[0m
[[2m[37m17:01:05[0m[2m[0m] [2mVQE (lattice=(2, 2), n_occ=10, t=1, boundary=periodic, U=7.5, repetition=4) = 13.953277023921155 (evals=851, final=13.953277023921155)[0m
[[2m[37m17:02:56[0m[2m[0m] [2mVQE (lattice=(2, 2), n_occ=15, t=1, boundary=periodic, U=7, repetition=5) = 46.20111976082255 (evals=851, final=46.20111976082255)[0m
[[2m[37m17:04:14[0m[2m[0m] [2mVQE (lattice=(2, 2), n_occ=8, t=1, boundary=periodic, U=4.5, repetition=4) = -0.11301900320287558 (evals=851, final=-0.11301900320287558)[0m
[[1m[32m17:04:42[0m[1m[0m] [37mVQE other benchmarks (lattice=(2, 2), n_occ=15, t=1, boundary=periodic, U=7): num_queries=146000, circuit_depth=[121,105][0m
[[2m[37m17:08:19[0m[2m[0m] [2mVQE (lattice=(2, 2), n_occ=6, t=1, boundary=periodic, U=5.5, repetition=4) = -1.3584854990331543 (evals=851, final=-1.3584854990331543)[0m
[[2m[37m17:09:08[0m[2m[0m] [2mVQE (lattice=(2, 2), n_occ=5, t=1, boundary=periodic, U=8, repetition=4) = -3.5395157757519287 (evals=851, final=-3.5395157757519287)[0m
[[2m[37m17:09:09[0m[2m[0m] [2mVQE (lattice=(2, 2), n_occ=15, t=1, boundary=periodic, U=4.5, repetition=5) = 28.584004826241014 (evals=851, final=28.584004826241014)[0m
[[2m[37m17:10:45[0m[2m[0m] [2mVQE (lattice=(2, 2), n_occ=15, t=1, boundary=periodic, U=6.5, repetition=5) = 42.60328338907757 (evals=851, final=42.60328338907757)[0m
[[1m[32m17:11:07[0m[1m[0m] [37mVQE other benchmarks (lattice=(2, 2), n_occ=15, t=1, boundary=periodic, U=4.5): num_queries=146000, circuit_depth=[121,105][0m
[[2m[37m17:11:21[0m[2m[0m] [2mVQE (lattice=(2, 2), n_occ=11, t=1, boundary=periodic, U=1, repetition=4) = -3.9474557772910965 (evals=851, final=-3.9474557772910965)[0m
[[2m[37m17:12:11[0m[2m[0m] [2mVQE (lattice=(2, 2), n_occ=11, t=1, boundary=periodic, U=9, repetition=4) = 24.610285554294837 (evals=851, final=24.610285554294837)[0m
[[1m[32m17:12:32[0m[1m[0m] [37mVQE other benchmarks (lattice=(2, 2), n_occ=15, t=1, boundary=periodic, U=6.5): num_queries=146000, circuit_depth=[121,105][0m
[[2m[37m17:13:45[0m[2m[0m] [2mVQE (lattice=(2, 2), n_occ=11, t=1, boundary=periodic, U=0.5, repetition=4) = -6.230533614332774 (evals=851, final=-6.230533614332774)[0m
[[2m[37m17:15:08[0m[2m[0m] [2mVQE (lattice=(2, 2), n_occ=5, t=1, boundary=periodic, U=5.5, repetition=4) = -3.4224112191672615 (evals=851, final=-3.4224112191672615)[0m
[[2m[37m17:15:25[0m[2m[0m] [2mVQE (lattice=(2, 2), n_occ=6, t=1, boundary=periodic, U=5, repetition=4) = -3.552584923753205 (evals=851, final=-3.552584923753205)[0m
[[2m[37m17:16:40[0m[2m[0m] [2mVQE (lattice=(2, 2), n_occ=11, t=1, boundary=periodic, U=8.5, repetition=4) = 24.748630010010686 (evals=851, final=26.251470627173987)[0m
[[2m[37m17:16:47[0m[2m[0m] [2mVQE (lattice=(2, 2), n_occ=5, t=1, boundary=periodic, U=7.5, repetition=4) = -1.7137647785766505 (evals=851, final=-1.7137647785766505)[0m
[[2m[37m17:17:02[0m[2m[0m] [2mVQE (lattice=(2, 2), n_occ=6, t=1, boundary=periodic, U=3, repetition=4) = -5.019042974533547 (evals=851, final=-5.019042974533547)[0m
[[2m[37m17:19:29[0m[2m[0m] [2mVQE (lattice=(2, 2), n_occ=11, t=1, boundary=periodic, U=6.5, repetition=4) = 16.759916444056078 (evals=851, final=16.759916444056078)[0m
[[2m[37m17:20:22[0m[2m[0m] [2mVQE (lattice=(2, 2), n_occ=8, t=1, boundary=periodic, U=5, repetition=4) = 0.9302485774701013 (evals=851, final=0.9302485774701013)[0m
[[2m[37m17:22:21[0m[2m[0m] [2mVQE (lattice=(2, 2), n_occ=10, t=1, boundary=periodic, U=8, repetition=4) = 17.024860972945053 (evals=851, final=17.160268450816687)[0m
[[2m[37m17:22:31[0m[2m[0m] [2mVQE (lattice=(2, 2), n_occ=7, t=1, boundary=periodic, U=2, repetition=4) = -4.940753837760539 (evals=851, final=-4.940753837760539)[0m
[[2m[37m17:23:17[0m[2m[0m] [2mVQE (lattice=(2, 2), n_occ=7, t=1, boundary=periodic, U=10, repetition=4) = 4.564666735300346 (evals=851, final=4.564666735300346)[0m
[[2m[37m17:26:12[0m[2m[0m] [2mVQE (lattice=(2, 2), n_occ=16, t=1, boundary=periodic, U=8.5, repetition=1) = 67.99999999999949 (evals=851, final=67.99999999999979)[0m
[[2m[37m17:31:38[0m[2m[0m] [2mVQE (lattice=(2, 2), n_occ=15, t=1, boundary=periodic, U=7.5, repetition=5) = 49.78464408588523 (evals=851, final=49.78464408588523)[0m
[[1m[32m17:33:33[0m[1m[0m] [37mVQE other benchmarks (lattice=(2, 2), n_occ=15, t=1, boundary=periodic, U=7.5): num_queries=146000, circuit_depth=[121,105][0m
[[2m[37m17:35:58[0m[2m[0m] [2mVQE (lattice=(2, 2), n_occ=11, t=1, boundary=periodic, U=9.5, repetition=4) = 28.03632424077124 (evals=851, final=28.209226608307226)[0m
[[2m[37m17:35:59[0m[2m[0m] [2mVQE (lattice=(2, 2), n_occ=11, t=1, boundary=periodic, U=1.5, repetition=4) = -2.3592710019899172 (evals=851, final=-2.3592710019899172)[0m
[[2m[37m17:36:38[0m[2m[0m] [2mVQE (lattice=(2, 2), n_occ=5, t=1, boundary=periodic, U=0.5, repetition=4) = -6.542962218550992 (evals=851, final=-6.542962218550992)[0m
[[2m[37m17:39:09[0m[2m[0m] [2mVQE (lattice=(2, 2), n_occ=5, t=1, boundary=periodic, U=8.5, repetition=4) = -1.7724359626769632 (evals=851, final=-1.7724359626769632)[0m
[[2m[37m17:39:50[0m[2m[0m] [2mVQE (lattice=(2, 2), n_occ=6, t=1, boundary=periodic, U=6, repetition=4) = -2.2682093444918636 (evals=851, final=-2.2682093444918636)[0m
[[2m[37m17:42:01[0m[2m[0m] [2mVQE (lattice=(2, 2), n_occ=7, t=1, boundary=periodic, U=3, repetition=4) = -4.292527858660159 (evals=851, final=-4.292527858660159)[0m
[[2m[37m17:42:23[0m[2m[0m] [2mVQE (lattice=(2, 2), n_occ=9, t=1, boundary=periodic, U=5, repetition=4) = 3.005548099773098 (evals=851, final=3.005548099773098)[0m
[[2m[37m17:44:01[0m[2m[0m] [2mVQE (lattice=(2, 2), n_occ=7, t=1, boundary=periodic, U=2.5, repetition=4) = -5.118383421520624 (evals=851, final=-5.118383421520624)[0m
[[2m[37m17:46:37[0m[2m[0m] [2mVQE (lattice=(2, 2), n_occ=7, t=1, boundary=periodic, U=8.5, repetition=4) = 4.430327483310443 (evals=851, final=4.430327483310443)[0m
[[2m[37m17:52:56[0m[2m[0m] [2mVQE (lattice=(2, 2), n_occ=7, t=1, boundary=periodic, U=0.5, repetition=4) = -6.500323416685399 (evals=851, final=-6.3640779298242265)[0m
[[2m[37m17:53:38[0m[2m[0m] [2mVQE (lattice=(2, 2), n_occ=9, t=1, boundary=periodic, U=5.5, repetition=4) = 4.482060419048954 (evals=851, final=4.482060419048954)[0m
[[2m[37m17:58:45[0m[2m[0m] [2mVQE (lattice=(2, 2), n_occ=9, t=1, boundary=periodic, U=6, repetition=4) = 6.493133912808806 (evals=851, final=6.493133912808806)[0m
[[2m[37m18:05:50[0m[2m[0m] [2mVQE (lattice=(2, 2), n_occ=8, t=1, boundary=periodic, U=7.5, repetition=4) = 5.874766636127798 (evals=851, final=6.030430064189964)[0m
[[2m[37m18:06:13[0m[2m[0m] [2mVQE (lattice=(2, 2), n_occ=9, t=1, boundary=periodic, U=3.5, repetition=4) = 0.32666531679912303 (evals=851, final=0.32666531679912303)[0m
[[2m[37m18:07:26[0m[2m[0m] [2mVQE (lattice=(2, 2), n_occ=10, t=1, boundary=periodic, U=2.5, repetition=4) = -0.2755183598396243 (evals=851, final=-0.2755183598396243)[0m
[[2m[37m18:07:56[0m[2m[0m] [2mVQE (lattice=(2, 2), n_occ=7, t=1, boundary=periodic, U=3.5, repetition=4) = -3.7555132137155685 (evals=851, final=-3.7555132137155685)[0m
[[2m[37m18:09:06[0m[2m[0m] [2mVQE (lattice=(2, 2), n_occ=14, t=1, boundary=periodic, U=5.5, repetition=5) = 29.79277812395085 (evals=851, final=30.397159701151004)[0m
[[1m[32m18:10:50[0m[1m[0m] [37mVQE other benchmarks (lattice=(2, 2), n_occ=14, t=1, boundary=periodic, U=5.5): num_queries=146000, circuit_depth=[125,105][0m
[[2m[37m18:18:58[0m[2m[0m] [2mVQE (lattice=(2, 2), n_occ=14, t=1, boundary=periodic, U=6, repetition=5) = 31.22157417329072 (evals=851, final=31.22157417329072)[0m
[[1m[32m18:20:28[0m[1m[0m] [37mVQE other benchmarks (lattice=(2, 2), n_occ=14, t=1, boundary=periodic, U=6): num_queries=146000, circuit_depth=[125,105][0m
[[2m[37m18:21:23[0m[2m[0m] [2mVQE (lattice=(2, 2), n_occ=10, t=1, boundary=periodic, U=3, repetition=4) = 0.2644132583517523 (evals=851, final=0.2644132583517523)[0m
[[2m[37m18:22:09[0m[2m[0m] [2mVQE (lattice=(2, 2), n_occ=9, t=1, boundary=periodic, U=6.5, repetition=4) = 8.106357840779967 (evals=851, final=8.106357840779967)[0m
[[2m[37m18:25:41[0m[2m[0m] [2mVQE (lattice=(2, 2), n_occ=8, t=1, boundary=periodic, U=8.5, repetition=4) = 6.8683046387173565 (evals=851, final=6.8683046387173565)[0m
[[2m[37m18:27:05[0m[2m[0m] [2mVQE (lattice=(2, 2), n_occ=8, t=1, boundary=periodic, U=8, repetition=4) = 5.682751576467415 (evals=851, final=5.682751576467415)[0m
[[2m[37m18:28:01[0m[2m[0m] [2mVQE (lattice=(2, 2), n_occ=8, t=1, boundary=periodic, U=0.5, repetition=4) = -8.53066919582897 (evals=851, final=-8.53066919582897)[0m
[[2m[37m18:29:16[0m[2m[0m] [2mVQE (lattice=(2, 2), n_occ=10, t=1, boundary=periodic, U=3.5, repetition=4) = 2.3180574930382885 (evals=851, final=2.3180574930382885)[0m
[[2m[37m18:33:15[0m[2m[0m] [2mVQE (lattice=(2, 2), n_occ=8, t=1, boundary=periodic, U=6, repetition=4) = 3.194358285880315 (evals=851, final=3.194358285880315)[0m
[[2m[37m18:33:45[0m[2m[0m] [2mVQE (lattice=(2, 2), n_occ=10, t=1, boundary=periodic, U=1, repetition=4) = -5.487059304617986 (evals=851, final=-5.487059304617986)[0m
[[2m[37m18:34:33[0m[2m[0m] [2mVQE (lattice=(2, 2), n_occ=10, t=1, boundary=periodic, U=9, repetition=4) = 16.745685883194643 (evals=851, final=16.745685883194643)[0m
[[2m[37m18:49:58[0m[2m[0m] [2mVQE (lattice=(2, 2), n_occ=13, t=1, boundary=periodic, U=7, repetition=5) = 30.42804592635703 (evals=851, final=30.42804592635703)[0m
[[2m[37m18:49:59[0m[2m[0m] [2mVQE (lattice=(2, 2), n_occ=8, t=1, boundary=periodic, U=9, repetition=4) = 6.759413738224749 (evals=851, final=6.759413738224749)[0m
[[1m[32m18:51:20[0m[1m[0m] [37mVQE other benchmarks (lattice=(2, 2), n_occ=13, t=1, boundary=periodic, U=7): num_queries=146000, circuit_depth=[123,103][0m
[[2m[37m18:58:03[0m[2m[0m] [2mVQE (lattice=(2, 2), n_occ=10, t=1, boundary=periodic, U=4, repetition=4) = 4.335442915947825 (evals=851, final=4.335442915947825)[0m
[[2m[37m18:58:26[0m[2m[0m] [2mVQE (lattice=(2, 2), n_occ=8, t=1, boundary=periodic, U=1, repetition=4) = -6.779873249165617 (evals=851, final=-6.779873249165617)[0m
[[2m[37m19:08:41[0m[2m[0m] [2mVQE (lattice=(2, 2), n_occ=14, t=1, boundary=periodic, U=8.5, repetition=5) = 47.019467474971876 (evals=851, final=47.019467474971876)[0m
[[2m[37m19:09:47[0m[2m[0m] [2mVQE (lattice=(2, 2), n_occ=14, t=1, boundary=periodic, U=0.5, repetition=5) = -2.271769515306613 (evals=851, final=-2.271769515306613)[0m
[[1m[32m19:10:15[0m[1m[0m] [37mVQE other benchmarks (lattice=(2, 2), n_occ=14, t=1, boundary=periodic, U=8.5): num_queries=146000, circuit_depth=[125,105][0m
[[1m[32m19:11:26[0m[1m[0m] [37mVQE other benchmarks (lattice=(2, 2), n_occ=14, t=1, boundary=periodic, U=0.5): num_queries=146000, circuit_depth=[125,105][0m
