===================================================================
Hubbard 2x2 magnetization analytic+VQE (SHARDED) - M_stag
  observable:  M_stag
  sweep:       n_occ [0 16 1] vs U [0.0 10.0 0.5]
  methods:     analytic vqe
  optimizer:   L_BFGS_B
  plot format: heatmap
  parallelism: distributed across 16 shards on multiple nodes
===================================================================

===================================================================
Resuming from progress log: skipping 38 already-computed cell(s), 7 remaining.
Resuming from progress log: skipping 38 already-computed cell(s), 7 remaining.
Resuming from progress log: skipping 39 already-computed cell(s), 6 remaining.
Resuming from progress log: skipping 38 already-computed cell(s), 6 remaining.
Resuming from progress log: skipping 38 already-computed cell(s), 7 remaining.
Resuming from progress log: skipping 37 already-computed cell(s), 8 remaining.
Resuming from progress log: skipping 38 already-computed cell(s), 6 remaining.
Resuming from progress log: skipping 38 already-computed cell(s), 6 remaining.
Resuming from progress log: skipping 38 already-computed cell(s), 6 remaining.
Resuming from progress log: skipping 38 already-computed cell(s), 7 remaining.
Resuming from progress log: skipping 39 already-computed cell(s), 6 remaining.
Resuming from progress log: skipping 39 already-computed cell(s), 6 remaining.
Resuming from progress log: skipping 38 already-computed cell(s), 6 remaining.
Resuming from progress log: skipping 35 already-computed cell(s), 10 remaining.
Resuming from progress log: skipping 38 already-computed cell(s), 6 remaining.
Resuming from progress log: skipping 39 already-computed cell(s), 6 remaining.
