[[1m[32m19:35:11[0m[1m[0m] [37mExact (n_sites=4, n_occ=1, t1=1.0, U=2.0, t2=0.0) = -1.8750000000000004[0m
[[1m[32m19:35:11[0m[1m[0m] [37mVQE other benchmarks (n_sites=6, n_occ=1): num_queries=2400000, circuit_depth=[64,57][0m
[[1m[32m19:35:16[0m[1m[0m] [37mExact (n_sites=4, n_occ=3, t1=1.0, U=2.0, t2=1.0) = -5.117640687119291[0m
[[1m[32m19:35:16[0m[1m[0m] [37mExact (n_sites=6, n_occ=2, t1=1.0, U=0.0, t2=0.0) = -4.0[0m
[[1m[32m19:35:17[0m[1m[0m] [37mExact (n_sites=6, n_occ=1, t1=1.0, U=2.0, t2=1.0) = -3.3308802290397614[0m
[[1m[32m19:35:18[0m[1m[0m] [37mExact (n_sites=4, n_occ=0, t1=1.0, U=0.0, t2=0.0) = 0.0[0m
[[1m[32m19:35:18[0m[1m[0m] [37mVQE other benchmarks (n_sites=4, n_occ=2): num_queries=1600000, circuit_depth=[52,45][0m
[[1m[32m19:35:21[0m[1m[0m] [37mExact (n_sites=6, n_occ=1, t1=1.0, U=0.0, t2=0.0) = -2.000000000000001[0m
[[1m[32m19:35:21[0m[1m[0m] [37mVQE other benchmarks (n_sites=6, n_occ=2): num_queries=2400000, circuit_depth=[64,57][0m
[[1m[32m19:35:21[0m[1m[0m] [37mVQE other benchmarks (n_sites=4, n_occ=0): num_queries=3700000, circuit_depth=[51,45][0m
[[1m[32m19:35:21[0m[1m[0m] [37mExact (n_sites=4, n_occ=1, t1=1.0, U=0.0, t2=1.0) = -3.4142135623730976[0m
[[1m[32m19:35:21[0m[1m[0m] [37mVQE other benchmarks (n_sites=4, n_occ=0): num_queries=1600000, circuit_depth=[51,45][0m
[[1m[32m19:35:23[0m[1m[0m] [37mVQE other benchmarks (n_sites=6, n_occ=2): num_queries=7200000, circuit_depth=[64,57][0m
[[1m[32m19:35:23[0m[1m[0m] [37mVQE other benchmarks (n_sites=4, n_occ=2): num_queries=2400000, circuit_depth=[52,45][0m
[[1m[32m19:35:29[0m[1m[0m] [37mVQE other benchmarks (n_sites=6, n_occ=2): num_queries=4300000, circuit_depth=[64,57][0m
[[1m[32m19:35:29[0m[1m[0m] [37mExact (n_sites=6, n_occ=0, t1=1.0, U=0.0, t2=0.5) = 0.0[0m
[[1m[32m19:35:30[0m[1m[0m] [37mExact (n_sites=4, n_occ=3, t1=1.0, U=2.0, t2=0.0) = -2.875000000000001[0m
[[1m[32m19:35:33[0m[1m[0m] [37mExact (n_sites=6, n_occ=1, t1=1.0, U=2.0, t2=0.0) = -1.9166666666666676[0m
[[1m[32m19:35:34[0m[1m[0m] [37mExact (n_sites=6, n_occ=0, t1=1.0, U=0.0, t2=1.0) = 0.0[0m
[[1m[32m19:35:47[0m[1m[0m] [37mExact (n_sites=4, n_occ=1, t1=1.0, U=2.0, t2=0.5) = -2.582106781186549[0m
[[1m[32m19:35:53[0m[1m[0m] [37mExact (n_sites=6, n_occ=2, t1=1.0, U=2.0, t2=1.0) = -6.495093791412856[0m
[[1m[32m19:36:20[0m[1m[0m] [37mExact (n_sites=4, n_occ=1, t1=1.0, U=0.0, t2=0.0) = -2.0000000000000004[0m
[[1m[32m19:36:24[0m[1m[0m] [37mVQE other benchmarks (n_sites=4, n_occ=1): num_queries=3700000, circuit_depth=[52,45][0m
[[1m[32m19:36:51[0m[1m[0m] [37mVQE other benchmarks (n_sites=4, n_occ=5): num_queries=1600000, circuit_depth=[52,45][0m
[[1m[32m19:37:39[0m[1m[0m] [37mIQPE other benchmarks (n_sites=4, n_occ=0): num_queries=12800, circuit_depth=[32677,30444][0m
[[1m[32m19:37:54[0m[1m[0m] [37mVQE other benchmarks (n_sites=4, n_occ=2): num_queries=3700000, circuit_depth=[52,45][0m
[[1m[32m19:37:54[0m[1m[0m] [37mExact (n_sites=4, n_occ=0, t1=1.0, U=2.0, t2=0.5) = 0.0[0m
[[1m[32m19:37:54[0m[1m[0m] [37mVQE other benchmarks (n_sites=6, n_occ=2): num_queries=7200000, circuit_depth=[64,57][0m
[[1m[32m19:37:54[0m[1m[0m] [37mVQE other benchmarks (n_sites=6, n_occ=0): num_queries=7200000, circuit_depth=[63,57][0m
[[1m[32m19:37:54[0m[1m[0m] [37mExact (n_sites=4, n_occ=2, t1=1.0, U=2.0, t2=0.0) = -3.500000000000001[0m
[[1m[32m19:37:54[0m[1m[0m] [37mExact (n_sites=4, n_occ=0, t1=1.0, U=0.0, t2=1.0) = 0.0[0m
[[1m[32m19:37:54[0m[1m[0m] [37mExact (n_sites=4, n_occ=3, t1=1.0, U=0.0, t2=0.5) = -4.707106781186551[0m
[[1m[32m19:37:54[0m[1m[0m] [37mVQE other benchmarks (n_sites=4, n_occ=0): num_queries=2400000, circuit_depth=[51,45][0m
[[1m[32m19:37:54[0m[1m[0m] [37mVQE other benchmarks (n_sites=4, n_occ=2): num_queries=3700000, circuit_depth=[52,45][0m
[[1m[32m19:37:54[0m[1m[0m] [37mVQE other benchmarks (n_sites=4, n_occ=1): num_queries=2900000, circuit_depth=[52,45][0m
[[1m[32m19:37:55[0m[1m[0m] [37mExact (n_sites=6, n_occ=2, t1=1.0, U=2.0, t2=0.5) = -5.080880229039761[0m
[[1m[32m19:37:55[0m[1m[0m] [37mExact (n_sites=4, n_occ=0, t1=1.0, U=2.0, t2=0.0) = 0.0[0m
[[1m[32m19:37:55[0m[1m[0m] [37mExact (n_sites=6, n_occ=0, t1=1.0, U=2.0, t2=1.0) = 0.0[0m
[[1m[32m19:37:55[0m[1m[0m] [37mExact (n_sites=6, n_occ=0, t1=1.0, U=2.0, t2=0.0) = 0.0[0m
[[1m[32m19:37:55[0m[1m[0m] [37mExact (n_sites=4, n_occ=3, t1=1.0, U=2.0, t2=0.5) = -3.5821067811865506[0m
[[1m[32m19:37:55[0m[1m[0m] [37mExact (n_sites=6, n_occ=3, t1=1.0, U=2.0, t2=0.0) = -4.250000000000001[0m
[[1m[32m19:37:55[0m[1m[0m] [37mVQE other benchmarks (n_sites=4, n_occ=0): num_queries=3700000, circuit_depth=[51,45][0m
[[1m[32m19:37:55[0m[1m[0m] [37mExact (n_sites=4, n_occ=2, t1=1.0, U=0.0, t2=1.0) = -6.828427124746195[0m
[[1m[32m19:37:55[0m[1m[0m] [37mVQE other benchmarks (n_sites=4, n_occ=0): num_queries=2900000, circuit_depth=[51,45][0m
[[1m[32m19:37:55[0m[1m[0m] [37mExact (n_sites=4, n_occ=0, t1=1.0, U=2.0, t2=1.0) = 0.0[0m
[[1m[32m19:37:55[0m[1m[0m] [37mVQE other benchmarks (n_sites=6, n_occ=2): num_queries=9100000, circuit_depth=[64,57][0m
[[1m[32m19:38:18[0m[1m[0m] [37mExact (n_sites=4, n_occ=5, t1=1.0, U=0.0, t2=0.0) = -4.000000000000001[0m
[[1m[32m19:39:59[0m[1m[0m] [37mExact (n_sites=4, n_occ=6, t1=1.0, U=0.0, t2=0.5) = -2.585786437626907[0m
[[1m[32m19:40:04[0m[1m[0m] [37mIQPE other benchmarks (n_sites=4, n_occ=4): num_queries=12800, circuit_depth=[32677,30444][0m
[[1m[32m19:40:21[0m[1m[0m] [37mVQE other benchmarks (n_sites=4, n_occ=6): num_queries=1600000, circuit_depth=[52,45][0m
[[1m[32m19:40:28[0m[1m[0m] [37mExact (n_sites=6, n_occ=4, t1=1.0, U=0.0, t2=0.0) = -6.000000000000001[0m
[[1m[32m19:40:35[0m[1m[0m] [37mIQPE other benchmarks (n_sites=6, n_occ=1): num_queries=19200, circuit_depth=[54352,50844][0m
[[1m[32m19:40:43[0m[1m[0m] [37mExact (n_sites=6, n_occ=7, t1=1.0, U=0.0, t2=0.0) = -7.0[0m
[[1m[32m19:40:45[0m[1m[0m] [37mExact (n_sites=6, n_occ=5, t1=1.0, U=0.0, t2=0.0) = -7.000000000000001[0m
[[1m[32m19:40:50[0m[1m[0m] [37mExact (n_sites=4, n_occ=4, t1=1.0, U=0.0, t2=1.0) = -5.656854249492386[0m
[[1m[32m19:40:52[0m[1m[0m] [37mExact (n_sites=6, n_occ=6, t1=1.0, U=0.0, t2=0.0) = -8.0[0m
[[1m[32m19:40:53[0m[1m[0m] [37mVQE other benchmarks (n_sites=6, n_occ=4): num_queries=2400000, circuit_depth=[64,57][0m
[[1m[32m19:40:54[0m[1m[0m] [37mExact (n_sites=6, n_occ=3, t1=1.0, U=2.0, t2=0.5) = -5.923032607475616[0m
[[1m[32m19:40:55[0m[1m[0m] [37mExact (n_sites=6, n_occ=1, t1=1.0, U=0.0, t2=0.5) = -2.707106781186548[0m
[[1m[32m19:40:55[0m[1m[0m] [37mExact (n_sites=6, n_occ=2, t1=1.0, U=0.0, t2=0.5) = -5.414213562373094[0m
[[1m[32m19:40:55[0m[1m[0m] [37mExact (n_sites=4, n_occ=0, t1=1.0, U=0.0, t2=0.5) = 0.0[0m
[[1m[32m19:40:55[0m[1m[0m] [37mExact (n_sites=6, n_occ=2, t1=1.0, U=2.0, t2=0.0) = -3.6666666666666665[0m
[[1m[32m19:40:55[0m[1m[0m] [37mExact (n_sites=4, n_occ=3, t1=1.0, U=0.0, t2=0.0) = -4.000000000000001[0m
[[1m[32m19:40:55[0m[1m[0m] [37mVQE other benchmarks (n_sites=6, n_occ=0): num_queries=7200000, circuit_depth=[63,57][0m
[[1m[32m19:40:55[0m[1m[0m] [37mVQE other benchmarks (n_sites=6, n_occ=0): num_queries=4300000, circuit_depth=[63,57][0m
[[1m[32m19:40:55[0m[1m[0m] [37mExact (n_sites=6, n_occ=1, t1=1.0, U=0.0, t2=1.0) = -3.414213562373095[0m
[[1m[32m19:40:55[0m[1m[0m] [37mExact (n_sites=4, n_occ=2, t1=1.0, U=0.0, t2=0.5) = -5.414213562373098[0m
[[1m[32m19:40:55[0m[1m[0m] [37mVQE other benchmarks (n_sites=6, n_occ=0): num_queries=9100000, circuit_depth=[63,57][0m
[[1m[32m19:40:55[0m[1m[0m] [37mVQE other benchmarks (n_sites=4, n_occ=1): num_queries=3700000, circuit_depth=[52,45][0m
[[1m[32m19:40:55[0m[1m[0m] [37mVQE other benchmarks (n_sites=4, n_occ=1): num_queries=2400000, circuit_depth=[52,45][0m
[[1m[32m19:40:55[0m[1m[0m] [37mVQE other benchmarks (n_sites=6, n_occ=1): num_queries=7200000, circuit_depth=[64,57][0m
[[1m[32m19:40:55[0m[1m[0m] [37mExact (n_sites=6, n_occ=3, t1=1.0, U=2.0, t2=1.0) = -7.596065214951231[0m
[[1m[32m19:40:55[0m[1m[0m] [37mVQE other benchmarks (n_sites=4, n_occ=2): num_queries=2400000, circuit_depth=[52,45][0m
[[1m[32m19:40:55[0m[1m[0m] [37mVQE other benchmarks (n_sites=6, n_occ=1): num_queries=9100000, circuit_depth=[64,57][0m
[[1m[32m19:40:55[0m[1m[0m] [37mVQE other benchmarks (n_sites=4, n_occ=2): num_queries=2900000, circuit_depth=[52,45][0m
[[1m[32m19:40:56[0m[1m[0m] [37mExact (n_sites=6, n_occ=0, t1=1.0, U=0.0, t2=0.0) = 0.0[0m
[[1m[32m19:40:57[0m[1m[0m] [37mExact (n_sites=4, n_occ=2, t1=1.0, U=0.0, t2=0.0) = -4.000000000000001[0m
[[1m[32m19:40:57[0m[1m[0m] [37mExact (n_sites=4, n_occ=8, t1=1.0, U=2.0, t2=0.0) = 8.0[0m
[[1m[32m19:41:06[0m[1m[0m] [37mIQPE other benchmarks (n_sites=4, n_occ=3): num_queries=12800, circuit_depth=[32677,30444][0m
[[1m[32m19:41:36[0m[1m[0m] [37mVQE other benchmarks (n_sites=4, n_occ=4): num_queries=2400000, circuit_depth=[52,45][0m
[[1m[32m19:41:47[0m[1m[0m] [37mExact (n_sites=4, n_occ=7, t1=1.0, U=0.0, t2=1.0) = -1.4142135623731[0m
[[1m[32m19:41:55[0m[1m[0m] [37mIQPE other benchmarks (n_sites=4, n_occ=3): num_queries=23200, circuit_depth=[38257,35705][0m
[[1m[32m19:41:57[0m[1m[0m] [37mIQPE other benchmarks (n_sites=6, n_occ=10): num_queries=19200, circuit_depth=[54194,50686][0m
[[1m[32m19:42:09[0m[1m[0m] [37mIQPE other benchmarks (n_sites=4, n_occ=2): num_queries=29600, circuit_depth=[60569,57061][0m
[[1m[32m19:42:40[0m[1m[0m] [37mVQE other benchmarks (n_sites=4, n_occ=8): num_queries=1600000, circuit_depth=[52,45][0m
[[1m[32m19:42:41[0m[1m[0m] [37mIQPE other benchmarks (n_sites=4, n_occ=1): num_queries=23200, circuit_depth=[38415,35863][0m
[[1m[32m19:42:41[0m[1m[0m] [37mVQE other benchmarks (n_sites=4, n_occ=3): num_queries=3700000, circuit_depth=[52,45][0m
[[1m[32m19:42:43[0m[1m[0m] [37mVQE other benchmarks (n_sites=4, n_occ=6): num_queries=2900000, circuit_depth=[52,45][0m
[[1m[32m19:42:44[0m[1m[0m] [37mIQPE other benchmarks (n_sites=4, n_occ=0): num_queries=29600, circuit_depth=[60569,57061][0m
[[1m[32m19:42:46[0m[1m[0m] [37mExact (n_sites=4, n_occ=4, t1=1.0, U=2.0, t2=0.0) = -2.000000000000001[0m
[[1m[32m19:42:54[0m[1m[0m] [37mVQE other benchmarks (n_sites=4, n_occ=5): num_queries=2400000, circuit_depth=[52,45][0m
[[1m[32m19:42:57[0m[1m[0m] [37mIQPE other benchmarks (n_sites=6, n_occ=0): num_queries=19200, circuit_depth=[54352,50844][0m
[[1m[32m19:43:05[0m[1m[0m] [37mVQE other benchmarks (n_sites=6, n_occ=3): num_queries=2400000, circuit_depth=[64,57][0m
[[1m[32m19:43:10[0m[1m[0m] [37mVQE other benchmarks (n_sites=4, n_occ=3): num_queries=1600000, circuit_depth=[52,45][0m
[[1m[32m19:43:11[0m[1m[0m] [37mVQE other benchmarks (n_sites=4, n_occ=4): num_queries=1600000, circuit_depth=[52,45][0m
[[1m[32m19:43:12[0m[1m[0m] [37mExact (n_sites=4, n_occ=6, t1=1.0, U=0.0, t2=0.0) = -4.0[0m
[[1m[32m19:43:12[0m[1m[0m] [37mIQPE other benchmarks (n_sites=4, n_occ=2): num_queries=12800, circuit_depth=[32677,30444][0m
[[1m[32m19:43:12[0m[1m[0m] [37mExact (n_sites=4, n_occ=7, t1=1.0, U=0.0, t2=0.0) = -2.0[0m
[[1m[32m19:43:13[0m[1m[0m] [37mVQE other benchmarks (n_sites=4, n_occ=4): num_queries=2400000, circuit_depth=[52,45][0m
[[1m[32m19:43:16[0m[1m[0m] [37mIQPE other benchmarks (n_sites=4, n_occ=0): num_queries=19200, circuit_depth=[55627,52119][0m
[[1m[32m19:43:18[0m[1m[0m] [37mExact (n_sites=4, n_occ=6, t1=1.0, U=0.0, t2=1.0) = -2.8284271247461956[0m
[[1m[32m19:43:20[0m[1m[0m] [37mIQPE other benchmarks (n_sites=4, n_occ=1): num_queries=19200, circuit_depth=[55627,52119][0m
[[1m[32m19:43:25[0m[1m[0m] [37mVQE other benchmarks (n_sites=6, n_occ=6): num_queries=2400000, circuit_depth=[64,57][0m
[[1m[32m19:43:31[0m[1m[0m] [37mVQE other benchmarks (n_sites=4, n_occ=5): num_queries=2400000, circuit_depth=[52,45][0m
[[1m[32m19:43:50[0m[1m[0m] [37mIQPE other benchmarks (n_sites=6, n_occ=1): num_queries=34400, circuit_depth=[62482,58655][0m
[[1m[32m19:43:54[0m[1m[0m] [37mExact (n_sites=6, n_occ=3, t1=1.0, U=0.0, t2=0.0) = -5.000000000000001[0m
[[1m[32m19:43:54[0m[1m[0m] [37mExact (n_sites=6, n_occ=2, t1=1.0, U=0.0, t2=1.0) = -6.828427124746189[0m
[[1m[32m19:43:55[0m[1m[0m] [37mExact (n_sites=4, n_occ=1, t1=1.0, U=0.0, t2=0.5) = -2.707106781186549[0m
[[1m[32m19:43:55[0m[1m[0m] [37mExact (n_sites=4, n_occ=2, t1=1.0, U=2.0, t2=1.0) = -6.328427124746195[0m
[[1m[32m19:43:55[0m[1m[0m] [37mExact (n_sites=6, n_occ=1, t1=1.0, U=2.0, t2=0.5) = -2.6237734478532144[0m
[[1m[32m19:43:55[0m[1m[0m] [37mExact (n_sites=6, n_occ=0, t1=1.0, U=2.0, t2=0.5) = 0.0[0m
[[1m[32m19:43:55[0m[1m[0m] [37mExact (n_sites=4, n_occ=1, t1=1.0, U=2.0, t2=1.0) = -3.2892135623730976[0m
[[1m[32m19:43:55[0m[1m[0m] [37mExact (n_sites=6, n_occ=3, t1=1.0, U=0.0, t2=1.0) = -8.346065214951231[0m
[[1m[32m19:43:55[0m[1m[0m] [37mExact (n_sites=4, n_occ=2, t1=1.0, U=2.0, t2=0.5) = -4.914213562373098[0m
[[1m[32m19:43:55[0m[1m[0m] [37mExact (n_sites=4, n_occ=3, t1=1.0, U=0.0, t2=1.0) = -6.242640687119291[0m
[[1m[32m19:43:55[0m[1m[0m] [37mVQE other benchmarks (n_sites=6, n_occ=1): num_queries=7200000, circuit_depth=[64,57][0m
[[1m[32m19:43:55[0m[1m[0m] [37mVQE other benchmarks (n_sites=4, n_occ=1): num_queries=1600000, circuit_depth=[52,45][0m
[[1m[32m19:43:55[0m[1m[0m] [37mVQE other benchmarks (n_sites=6, n_occ=0): num_queries=2400000, circuit_depth=[63,57][0m
[[1m[32m19:43:55[0m[1m[0m] [37mVQE other benchmarks (n_sites=6, n_occ=1): num_queries=9100000, circuit_depth=[64,57][0m
[[1m[32m19:43:55[0m[1m[0m] [37mExact (n_sites=6, n_occ=3, t1=1.0, U=0.0, t2=0.5) = -6.673032607475616[0m
[[1m[32m19:43:55[0m[1m[0m] [37mVQE other benchmarks (n_sites=4, n_occ=1): num_queries=2400000, circuit_depth=[52,45][0m
[[1m[32m19:43:55[0m[1m[0m] [37mVQE other benchmarks (n_sites=4, n_occ=0): num_queries=2400000, circuit_depth=[51,45][0m
[[1m[32m19:43:55[0m[1m[0m] [37mVQE other benchmarks (n_sites=6, n_occ=1): num_queries=4300000, circuit_depth=[64,57][0m
[[1m[32m19:45:06[0m[1m[0m] [37mExact (n_sites=4, n_occ=6, t1=1.0, U=2.0, t2=0.0) = 0.5[0m
[[1m[32m19:45:12[0m[1m[0m] [37mVQE other benchmarks (n_sites=6, n_occ=7): num_queries=2400000, circuit_depth=[64,57][0m
[[1m[32m19:45:15[0m[1m[0m] [37mExact (n_sites=4, n_occ=5, t1=1.0, U=2.0, t2=0.0) = -0.8750000000000009[0m
[[1m[32m19:45:19[0m[1m[0m] [37mExact (n_sites=6, n_occ=10, t1=1.0, U=0.0, t2=0.0) = -4.000000000000002[0m
[[1m[32m19:45:25[0m[1m[0m] [37mIQPE other benchmarks (n_sites=4, n_occ=1): num_queries=29600, circuit_depth=[60569,57061][0m
[[1m[32m19:45:29[0m[1m[0m] [37mExact (n_sites=4, n_occ=8, t1=1.0, U=0.0, t2=0.0) = 0.0[0m
[[1m[32m19:45:33[0m[1m[0m] [37mIQPE other benchmarks (n_sites=4, n_occ=5): num_queries=12800, circuit_depth=[32677,30444][0m
[[1m[32m19:45:34[0m[1m[0m] [37mVQE other benchmarks (n_sites=4, n_occ=7): num_queries=1600000, circuit_depth=[52,45][0m
[[1m[32m19:45:36[0m[1m[0m] [37mExact (n_sites=4, n_occ=6, t1=1.0, U=2.0, t2=1.0) = 1.6715728752538044[0m
[[1m[32m19:45:39[0m[1m[0m] [37mVQE other benchmarks (n_sites=4, n_occ=7): num_queries=2400000, circuit_depth=[52,45][0m
[[1m[32m19:45:45[0m[1m[0m] [37mVQE other benchmarks (n_sites=6, n_occ=8): num_queries=2400000, circuit_depth=[64,57][0m
[[1m[32m19:45:52[0m[1m[0m] [37mVQE other benchmarks (n_sites=4, n_occ=3): num_queries=2400000, circuit_depth=[52,45][0m
[[1m[32m19:46:04[0m[1m[0m] [37mIQPE other benchmarks (n_sites=6, n_occ=2): num_queries=19200, circuit_depth=[54352,50844][0m
[[1m[32m19:46:05[0m[1m[0m] [37mExact (n_sites=4, n_occ=5, t1=1.0, U=0.0, t2=1.0) = -4.242640687119291[0m
[[1m[32m19:46:05[0m[1m[0m] [37mVQE other benchmarks (n_sites=4, n_occ=3): num_queries=2400000, circuit_depth=[52,45][0m
[[1m[32m19:46:07[0m[1m[0m] [37mIQPE other benchmarks (n_sites=4, n_occ=0): num_queries=19200, circuit_depth=[55627,52119][0m
[[1m[32m19:46:09[0m[1m[0m] [37mIQPE other benchmarks (n_sites=4, n_occ=4): num_queries=19200, circuit_depth=[55627,52119][0m
[[1m[32m19:46:10[0m[1m[0m] [37mExact (n_sites=4, n_occ=8, t1=1.0, U=0.0, t2=0.5) = -1.7763568394002505e-15[0m
[[1m[32m19:46:11[0m[1m[0m] [37mVQE other benchmarks (n_sites=4, n_occ=6): num_queries=2400000, circuit_depth=[52,45][0m
[[1m[32m19:46:11[0m[1m[0m] [37mIQPE other benchmarks (n_sites=6, n_occ=6): num_queries=19200, circuit_depth=[54352,50844][0m
[[1m[32m19:46:12[0m[1m[0m] [37mExact (n_sites=4, n_occ=4, t1=1.0, U=0.0, t2=0.0) = -4.000000000000001[0m
[[1m[32m19:46:13[0m[1m[0m] [37mIQPE other benchmarks (n_sites=4, n_occ=1): num_queries=19200, circuit_depth=[55627,52119][0m
[[1m[32m19:46:15[0m[1m[0m] [37mVQE other benchmarks (n_sites=6, n_occ=5): num_queries=2400000, circuit_depth=[64,57][0m
[[1m[32m19:46:16[0m[1m[0m] [37mIQPE other benchmarks (n_sites=4, n_occ=1): num_queries=12800, circuit_depth=[32677,30444][0m
[[1m[32m19:46:17[0m[1m[0m] [37mVQE other benchmarks (n_sites=6, n_occ=10): num_queries=2400000, circuit_depth=[64,57][0m
[[1m[32m19:46:18[0m[1m[0m] [37mIQPE other benchmarks (n_sites=4, n_occ=2): num_queries=19200, circuit_depth=[55627,52119][0m
[[1m[32m19:46:21[0m[1m[0m] [37mIQPE other benchmarks (n_sites=4, n_occ=6): num_queries=23200, circuit_depth=[38257,35705][0m
[[1m[32m19:46:22[0m[1m[0m] [37mExact (n_sites=4, n_occ=5, t1=1.0, U=0.0, t2=0.5) = -3.2928932188134548[0m
[[1m[32m19:46:24[0m[1m[0m] [37mIQPE other benchmarks (n_sites=4, n_occ=2): num_queries=19200, circuit_depth=[55627,52119][0m
[[1m[32m19:46:41[0m[1m[0m] [37mIQPE other benchmarks (n_sites=4, n_occ=5): num_queries=19200, circuit_depth=[55627,52119][0m
[[1m[32m19:46:45[0m[1m[0m] [37mIQPE other benchmarks (n_sites=6, n_occ=0): num_queries=34400, circuit_depth=[62482,58655][0m
[[1m[32m19:46:54[0m[1m[0m] [37mVQE other benchmarks (n_sites=6, n_occ=2): num_queries=9100000, circuit_depth=[64,57][0m
[[1m[32m19:47:01[0m[1m[0m] [37mVQE other benchmarks (n_sites=6, n_occ=5): num_queries=4300000, circuit_depth=[64,57][0m
[[1m[32m19:47:05[0m[1m[0m] [37mIQPE other benchmarks (n_sites=4, n_occ=7): num_queries=19200, circuit_depth=[55469,51961][0m
[[1m[32m19:47:18[0m[1m[0m] [37mVQE other benchmarks (n_sites=4, n_occ=4): num_queries=3700000, circuit_depth=[52,45][0m
[[1m[32m19:47:38[0m[1m[0m] [37mIQPE other benchmarks (n_sites=6, n_occ=4): num_queries=19200, circuit_depth=[54352,50844][0m
[[1m[32m19:47:44[0m[1m[0m] [37mVQE other benchmarks (n_sites=4, n_occ=4): num_queries=3700000, circuit_depth=[52,45][0m
[[1m[32m19:47:46[0m[1m[0m] [37mIQPE other benchmarks (n_sites=4, n_occ=8): num_queries=12800, circuit_depth=[32677,30444][0m
[[1m[32m19:47:48[0m[1m[0m] [37mIQPE other benchmarks (n_sites=4, n_occ=7): num_queries=12800, circuit_depth=[32677,30444][0m
[[1m[32m19:47:52[0m[1m[0m] [37mIQPE other benchmarks (n_sites=4, n_occ=0): num_queries=23200, circuit_depth=[38415,35863][0m
[[1m[32m19:48:01[0m[1m[0m] [37mIQPE other benchmarks (n_sites=4, n_occ=2): num_queries=23200, circuit_depth=[38415,35863][0m
[[1m[32m19:48:01[0m[1m[0m] [37mVQE other benchmarks (n_sites=4, n_occ=5): num_queries=2900000, circuit_depth=[52,45][0m
[[1m[32m19:48:02[0m[1m[0m] [37mExact (n_sites=4, n_occ=7, t1=1.0, U=2.0, t2=0.0) = 4.125[0m
[[1m[32m19:48:02[0m[1m[0m] [37mVQE other benchmarks (n_sites=4, n_occ=3): num_queries=2900000, circuit_depth=[52,45][0m
[[1m[32m19:48:08[0m[1m[0m] [37mVQE other benchmarks (n_sites=4, n_occ=4): num_queries=2900000, circuit_depth=[52,45][0m
[[1m[32m19:48:22[0m[1m[0m] [37mExact (n_sites=6, n_occ=11, t1=1.0, U=0.0, t2=0.0) = -2.0000000000000018[0m
[[1m[32m19:48:33[0m[1m[0m] [37mIQPE other benchmarks (n_sites=4, n_occ=6): num_queries=12800, circuit_depth=[32677,30444][0m
[[1m[32m19:48:33[0m[1m[0m] [37mVQE other benchmarks (n_sites=4, n_occ=3): num_queries=3700000, circuit_depth=[52,45][0m
[[1m[32m19:48:34[0m[1m[0m] [37mVQE other benchmarks (n_sites=4, n_occ=5): num_queries=3700000, circuit_depth=[52,45][0m
[[1m[32m19:48:36[0m[1m[0m] [37mIQPE other benchmarks (n_sites=4, n_occ=3): num_queries=19200, circuit_depth=[55627,52119][0m
[[1m[32m19:48:40[0m[1m[0m] [37mIQPE other benchmarks (n_sites=6, n_occ=3): num_queries=19200, circuit_depth=[54352,50844][0m
[[1m[32m19:48:42[0m[1m[0m] [37mExact (n_sites=4, n_occ=8, t1=1.0, U=0.0, t2=1.0) = -2.6645352591003757e-15[0m
[[1m[32m19:48:42[0m[1m[0m] [37mIQPE other benchmarks (n_sites=4, n_occ=3): num_queries=19200, circuit_depth=[55627,52119][0m
[[1m[32m19:48:49[0m[1m[0m] [37mExact (n_sites=4, n_occ=4, t1=1.0, U=2.0, t2=1.0) = -3.656854249492386[0m
[[1m[32m19:48:56[0m[1m[0m] [37mVQE other benchmarks (n_sites=6, n_occ=9): num_queries=2400000, circuit_depth=[64,57][0m
[[1m[32m19:49:08[0m[1m[0m] [37mExact (n_sites=4, n_occ=7, t1=1.0, U=0.0, t2=0.5) = -1.2928932188134543[0m
[[1m[32m19:49:09[0m[1m[0m] [37mExact (n_sites=4, n_occ=4, t1=1.0, U=0.0, t2=0.5) = -4.000000000000003[0m
[[1m[32m19:49:29[0m[1m[0m] [37mVQE other benchmarks (n_sites=4, n_occ=6): num_queries=2400000, circuit_depth=[52,45][0m
[[1m[32m19:50:00[0m[1m[0m] [37mVQE other benchmarks (n_sites=4, n_occ=8): num_queries=2900000, circuit_depth=[52,45][0m
[[1m[32m19:50:02[0m[1m[0m] [37mIQPE other benchmarks (n_sites=4, n_occ=0): num_queries=29600, circuit_depth=[60727,57219][0m
[[1m[32m19:50:04[0m[1m[0m] [37mIQPE other benchmarks (n_sites=4, n_occ=5): num_queries=23200, circuit_depth=[38415,35863][0m
[[1m[32m19:50:20[0m[1m[0m] [37mIQPE other benchmarks (n_sites=4, n_occ=2): num_queries=29600, circuit_depth=[60727,57219][0m
[[1m[32m19:50:24[0m[1m[0m] [37mExact (n_sites=4, n_occ=7, t1=1.0, U=2.0, t2=1.0) = 4.7107864376269[0m
[[1m[32m19:51:05[0m[1m[0m] [37mVQE other benchmarks (n_sites=6, n_occ=3): num_queries=4300000, circuit_depth=[64,57][0m
[[1m[32m19:51:20[0m[1m[0m] [37mIQPE other benchmarks (n_sites=4, n_occ=6): num_queries=19200, circuit_depth=[55627,52119][0m
[[1m[32m19:51:21[0m[1m[0m] [37mIQPE other benchmarks (n_sites=6, n_occ=5): num_queries=19200, circuit_depth=[54352,50844][0m
[[1m[32m19:51:24[0m[1m[0m] [37mIQPE other benchmarks (n_sites=4, n_occ=4): num_queries=19200, circuit_depth=[55627,52119][0m
[[1m[32m19:51:30[0m[1m[0m] [37mVQE other benchmarks (n_sites=4, n_occ=8): num_queries=2400000, circuit_depth=[52,45][0m
[[1m[32m19:51:33[0m[1m[0m] [37mExact (n_sites=6, n_occ=8, t1=1.0, U=0.0, t2=0.0) = -6.000000000000002[0m
[[1m[32m19:51:37[0m[1m[0m] [37mIQPE other benchmarks (n_sites=4, n_occ=6): num_queries=19200, circuit_depth=[55627,52119][0m
[[1m[32m19:51:42[0m[1m[0m] [37mIQPE other benchmarks (n_sites=6, n_occ=9): num_queries=19200, circuit_depth=[54352,50844][0m
[[1m[32m19:52:27[0m[1m[0m] [37mExact (n_sites=6, n_occ=7, t1=1.0, U=2.0, t2=0.0) = -2.916666666666666[0m
[[1m[32m19:52:48[0m[1m[0m] [37mVQE other benchmarks (n_sites=4, n_occ=6): num_queries=3700000, circuit_depth=[52,45][0m
[[1m[32m19:52:52[0m[1m[0m] [37mExact (n_sites=4, n_occ=4, t1=1.0, U=2.0, t2=0.5) = -2.0000000000000027[0m
[[1m[32m19:53:01[0m[1m[0m] [37mExact (n_sites=4, n_occ=5, t1=1.0, U=2.0, t2=1.0) = -1.117640687119291[0m
[[1m[32m19:53:06[0m[1m[0m] [37mIQPE other benchmarks (n_sites=4, n_occ=1): num_queries=29600, circuit_depth=[60727,57219][0m
[[1m[32m19:53:11[0m[1m[0m] [37mExact (n_sites=4, n_occ=7, t1=1.0, U=2.0, t2=0.5) = 4.832106781186546[0m
[[1m[32m19:53:16[0m[1m[0m] [37mVQE other benchmarks (n_sites=4, n_occ=5): num_queries=3700000, circuit_depth=[52,45][0m
[[1m[32m19:54:00[0m[1m[0m] [37mIQPE other benchmarks (n_sites=6, n_occ=7): num_queries=19200, circuit_depth=[54352,50844][0m
[[1m[32m19:54:04[0m[1m[0m] [37mVQE other benchmarks (n_sites=4, n_occ=7): num_queries=2400000, circuit_depth=[52,45][0m
[[1m[32m19:54:07[0m[1m[0m] [37mIQPE other benchmarks (n_sites=6, n_occ=1): num_queries=57600, circuit_depth=[195082,183286][0m
[[1m[32m19:54:09[0m[1m[0m] [37mIQPE other benchmarks (n_sites=6, n_occ=2): num_queries=34400, circuit_depth=[62640,58813][0m
[[1m[32m19:54:17[0m[1m[0m] [37mIQPE other benchmarks (n_sites=4, n_occ=5): num_queries=19200, circuit_depth=[55627,52119][0m
[[1m[32m19:54:27[0m[1m[0m] [37mVQE other benchmarks (n_sites=4, n_occ=8): num_queries=2400000, circuit_depth=[52,45][0m
[[1m[32m19:54:30[0m[1m[0m] [37mVQE other benchmarks (n_sites=6, n_occ=6): num_queries=4300000, circuit_depth=[64,57][0m
[[1m[32m19:54:59[0m[1m[0m] [37mVQE other benchmarks (n_sites=4, n_occ=7): num_queries=2900000, circuit_depth=[52,45][0m
[[1m[32m19:55:01[0m[1m[0m] [37mIQPE other benchmarks (n_sites=4, n_occ=4): num_queries=23200, circuit_depth=[38415,35863][0m
[[1m[32m19:55:32[0m[1m[0m] [37mVQE other benchmarks (n_sites=4, n_occ=6): num_queries=3700000, circuit_depth=[52,45][0m
[[1m[32m19:55:51[0m[1m[0m] [37mExact (n_sites=4, n_occ=6, t1=1.0, U=2.0, t2=0.5) = 1.9142135623730931[0m
[[1m[32m19:55:53[0m[1m[0m] [37mExact (n_sites=4, n_occ=5, t1=1.0, U=2.0, t2=0.5) = -0.16789321881345476[0m
[[1m[32m19:56:37[0m[1m[0m] [37mIQPE other benchmarks (n_sites=4, n_occ=7): num_queries=19200, circuit_depth=[55627,52119][0m
[[1m[32m19:56:44[0m[1m[0m] [37mVQE other benchmarks (n_sites=6, n_occ=11): num_queries=2400000, circuit_depth=[64,57][0m
[[1m[32m19:56:47[0m[1m[0m] [37mExact (n_sites=6, n_occ=6, t1=1.0, U=2.0, t2=0.0) = -5.0[0m
[[1m[32m19:56:47[0m[1m[0m] [37mIQPE other benchmarks (n_sites=4, n_occ=8): num_queries=19200, circuit_depth=[55627,52119][0m
[[1m[32m19:56:49[0m[1m[0m] [37mVQE other benchmarks (n_sites=6, n_occ=12): num_queries=2400000, circuit_depth=[64,57][0m
[[1m[32m19:56:54[0m[1m[0m] [37mVQE other benchmarks (n_sites=6, n_occ=4): num_queries=4300000, circuit_depth=[64,57][0m
[[1m[32m19:56:54[0m[1m[0m] [37mExact (n_sites=6, n_occ=4, t1=1.0, U=2.0, t2=0.0) = -4.666666666666668[0m
[[1m[32m19:57:22[0m[1m[0m] [37mIQPE other benchmarks (n_sites=4, n_occ=8): num_queries=29600, circuit_depth=[60569,57061][0m
[[1m[32m19:59:00[0m[1m[0m] [37mVQE other benchmarks (n_sites=6, n_occ=4): num_queries=7200000, circuit_depth=[64,57][0m
[[1m[32m19:59:06[0m[1m[0m] [37mIQPE other benchmarks (n_sites=4, n_occ=8): num_queries=23200, circuit_depth=[38415,35863][0m
[[1m[32m19:59:21[0m[1m[0m] [37mIQPE other benchmarks (n_sites=6, n_occ=12): num_queries=19200, circuit_depth=[54352,50844][0m
[[1m[32m19:59:22[0m[1m[0m] [37mVQE other benchmarks (n_sites=4, n_occ=7): num_queries=3700000, circuit_depth=[52,45][0m
[[1m[32m19:59:35[0m[1m[0m] [37mIQPE other benchmarks (n_sites=4, n_occ=6): num_queries=29600, circuit_depth=[60727,57219][0m
[[1m[32m19:59:44[0m[1m[0m] [37mIQPE other benchmarks (n_sites=6, n_occ=8): num_queries=19200, circuit_depth=[54352,50844][0m
[[1m[32m20:00:07[0m[1m[0m] [37mExact (n_sites=6, n_occ=5, t1=1.0, U=2.0, t2=0.0) = -4.916666666666668[0m
[[1m[32m20:00:24[0m[1m[0m] [37mExact (n_sites=6, n_occ=12, t1=1.0, U=0.0, t2=0.0) = -8.881784197001252e-16[0m
[[1m[32m20:00:36[0m[1m[0m] [37mVQE other benchmarks (n_sites=4, n_occ=8): num_queries=3700000, circuit_depth=[52,45][0m
[[1m[32m20:00:36[0m[1m[0m] [37mIQPE other benchmarks (n_sites=4, n_occ=5): num_queries=29600, circuit_depth=[60727,57219][0m
[[1m[32m20:01:05[0m[1m[0m] [37mExact (n_sites=4, n_occ=8, t1=1.0, U=2.0, t2=0.5) = 7.999999999999998[0m
[[1m[32m20:01:40[0m[1m[0m] [37mIQPE other benchmarks (n_sites=6, n_occ=11): num_queries=19200, circuit_depth=[54352,50844][0m
[[1m[32m20:01:48[0m[1m[0m] [37mIQPE other benchmarks (n_sites=4, n_occ=7): num_queries=23200, circuit_depth=[38415,35863][0m
[[1m[32m20:01:53[0m[1m[0m] [37mExact (n_sites=4, n_occ=8, t1=1.0, U=2.0, t2=1.0) = 7.999999999999997[0m
[[1m[32m20:01:57[0m[1m[0m] [37mExact (n_sites=6, n_occ=6, t1=1.0, U=0.0, t2=1.0) = -8.898979485566354[0m
[[1m[32m20:02:12[0m[1m[0m] [37mVQE other benchmarks (n_sites=6, n_occ=5): num_queries=7200000, circuit_depth=[64,57][0m
[[1m[32m20:02:36[0m[1m[0m] [37mIQPE other benchmarks (n_sites=4, n_occ=5): num_queries=29600, circuit_depth=[60727,57219][0m
[[1m[32m20:04:11[0m[1m[0m] [37mIQPE other benchmarks (n_sites=4, n_occ=4): num_queries=29600, circuit_depth=[60727,57219][0m
[[1m[32m20:04:33[0m[1m[0m] [37mIQPE other benchmarks (n_sites=4, n_occ=6): num_queries=29600, circuit_depth=[60727,57219][0m
[[1m[32m20:04:46[0m[1m[0m] [37mVQE other benchmarks (n_sites=4, n_occ=8): num_queries=3700000, circuit_depth=[52,45][0m
[[1m[32m20:04:54[0m[1m[0m] [37mVQE other benchmarks (n_sites=4, n_occ=7): num_queries=3700000, circuit_depth=[52,45][0m
[[1m[32m20:05:01[0m[1m[0m] [37mIQPE other benchmarks (n_sites=4, n_occ=4): num_queries=29600, circuit_depth=[60727,57219][0m
[[1m[32m20:07:54[0m[1m[0m] [37mIQPE other benchmarks (n_sites=6, n_occ=5): num_queries=34400, circuit_depth=[62640,58813][0m
[[1m[32m20:08:04[0m[1m[0m] [37mIQPE other benchmarks (n_sites=4, n_occ=3): num_queries=29600, circuit_depth=[60727,57219][0m
[[1m[32m20:08:16[0m[1m[0m] [37mIQPE other benchmarks (n_sites=4, n_occ=3): num_queries=29600, circuit_depth=[60727,57219][0m
[[1m[32m20:08:22[0m[1m[0m] [37mVQE other benchmarks (n_sites=6, n_occ=7): num_queries=4300000, circuit_depth=[64,57][0m
[[1m[32m20:08:24[0m[1m[0m] [37mIQPE other benchmarks (n_sites=6, n_occ=4): num_queries=34400, circuit_depth=[62640,58813][0m
[[1m[32m20:09:24[0m[1m[0m] [37mIQPE other benchmarks (n_sites=6, n_occ=1): num_queries=72800, circuit_depth=[218032,208786][0m
[[1m[32m20:09:47[0m[1m[0m] [37mIQPE other benchmarks (n_sites=6, n_occ=0): num_queries=72800, circuit_depth=[212932,202411][0m
[[1m[32m20:10:11[0m[1m[0m] [37mVQE other benchmarks (n_sites=6, n_occ=8): num_queries=4300000, circuit_depth=[64,57][0m
[[1m[32m20:10:25[0m[1m[0m] [37mIQPE other benchmarks (n_sites=6, n_occ=6): num_queries=34400, circuit_depth=[62640,58813][0m
[[1m[32m20:10:31[0m[1m[0m] [37mExact (n_sites=6, n_occ=11, t1=1.0, U=2.0, t2=0.0) = 8.08333333333333[0m
[[1m[32m20:11:03[0m[1m[0m] [37mIQPE other benchmarks (n_sites=4, n_occ=7): num_queries=29600, circuit_depth=[60727,57219][0m
[[1m[32m20:12:08[0m[1m[0m] [37mIQPE other benchmarks (n_sites=4, n_occ=7): num_queries=29600, circuit_depth=[60727,57219][0m
[[1m[32m20:12:18[0m[1m[0m] [37mIQPE other benchmarks (n_sites=6, n_occ=3): num_queries=34400, circuit_depth=[62640,58813][0m
[[1m[32m20:12:40[0m[1m[0m] [37mVQE other benchmarks (n_sites=6, n_occ=10): num_queries=4300000, circuit_depth=[64,57][0m
[[1m[32m20:12:48[0m[1m[0m] [37mIQPE other benchmarks (n_sites=4, n_occ=8): num_queries=29600, circuit_depth=[60727,57219][0m
[[1m[32m20:12:49[0m[1m[0m] [37mExact (n_sites=6, n_occ=10, t1=1.0, U=2.0, t2=0.0) = 4.333333333333332[0m
[[1m[32m20:13:13[0m[1m[0m] [37mVQE other benchmarks (n_sites=6, n_occ=9): num_queries=4300000, circuit_depth=[64,57][0m
[[1m[32m20:15:21[0m[1m[0m] [37mExact (n_sites=6, n_occ=8, t1=1.0, U=2.0, t2=0.0) = -0.6666666666666687[0m
[[1m[32m20:15:49[0m[1m[0m] [37mExact (n_sites=6, n_occ=9, t1=1.0, U=2.0, t2=0.0) = 1.7499999999999982[0m
[[1m[32m20:20:07[0m[1m[0m] [37mExact (n_sites=6, n_occ=11, t1=1.0, U=0.0, t2=1.0) = -2.931851652578136[0m
[[1m[32m20:21:32[0m[1m[0m] [37mExact (n_sites=6, n_occ=10, t1=1.0, U=0.0, t2=1.0) = -5.863703305156269[0m
[[1m[32m20:21:36[0m[1m[0m] [37mIQPE other benchmarks (n_sites=6, n_occ=2): num_queries=57600, circuit_depth=[215640,206394][0m
[[1m[32m20:21:56[0m[1m[0m] [37mVQE other benchmarks (n_sites=6, n_occ=8): num_queries=7200000, circuit_depth=[64,57][0m
[[1m[32m20:23:29[0m[1m[0m] [37mVQE other benchmarks (n_sites=6, n_occ=11): num_queries=4300000, circuit_depth=[64,57][0m
[[1m[32m20:25:48[0m[1m[0m] [37mIQPE other benchmarks (n_sites=6, n_occ=7): num_queries=34400, circuit_depth=[62640,58813][0m
[[1m[32m20:26:09[0m[1m[0m] [37mIQPE other benchmarks (n_sites=6, n_occ=10): num_queries=34400, circuit_depth=[62640,58813][0m
[[1m[32m20:26:15[0m[1m[0m] [37mVQE other benchmarks (n_sites=6, n_occ=12): num_queries=4300000, circuit_depth=[64,57][0m
[[1m[32m20:26:30[0m[1m[0m] [37mExact (n_sites=6, n_occ=12, t1=1.0, U=2.0, t2=0.0) = 12.0[0m
[[1m[32m20:28:03[0m[1m[0m] [37mIQPE other benchmarks (n_sites=6, n_occ=8): num_queries=34400, circuit_depth=[62640,58813][0m
[[1m[32m20:31:03[0m[1m[0m] [37mVQE other benchmarks (n_sites=6, n_occ=12): num_queries=7200000, circuit_depth=[64,57][0m
[[1m[32m20:31:10[0m[1m[0m] [37mIQPE other benchmarks (n_sites=6, n_occ=9): num_queries=34400, circuit_depth=[62640,58813][0m
[[1m[32m20:32:26[0m[1m[0m] [37mExact (n_sites=6, n_occ=11, t1=1.0, U=2.0, t2=0.5) = 8.11740750704426[0m
[[1m[32m20:32:29[0m[1m[0m] [37mVQE other benchmarks (n_sites=6, n_occ=8): num_queries=9100000, circuit_depth=[64,57][0m
[[1m[32m20:32:46[0m[1m[0m] [37mVQE other benchmarks (n_sites=6, n_occ=9): num_queries=9100000, circuit_depth=[64,57][0m
[[1m[32m20:34:42[0m[1m[0m] [37mVQE other benchmarks (n_sites=6, n_occ=11): num_queries=7200000, circuit_depth=[64,57][0m
[[1m[32m20:35:08[0m[1m[0m] [37mIQPE other benchmarks (n_sites=6, n_occ=6): num_queries=72800, circuit_depth=[220582,210698][0m
[[1m[32m20:37:06[0m[1m[0m] [37mExact (n_sites=6, n_occ=10, t1=1.0, U=2.0, t2=0.5) = 4.401481680755197[0m
[[1m[32m20:37:43[0m[1m[0m] [37mIQPE other benchmarks (n_sites=6, n_occ=11): num_queries=34400, circuit_depth=[62640,58813][0m
[[1m[32m20:43:33[0m[1m[0m] [37mIQPE other benchmarks (n_sites=6, n_occ=12): num_queries=34400, circuit_depth=[62640,58813][0m
[[1m[32m20:52:06[0m[1m[0m] [37mIQPE other benchmarks (n_sites=6, n_occ=12): num_queries=57600, circuit_depth=[207832,197948][0m
[[1m[32m21:01:08[0m[1m[0m] [37mIQPE other benchmarks (n_sites=6, n_occ=9): num_queries=72800, circuit_depth=[205282,194123][0m
[[1m[32m21:04:18[0m[1m[0m] [37mExact (n_sites=6, n_occ=12, t1=1.0, U=2.0, t2=1.0) = 12.0[0m
[[1m[32m21:08:48[0m[1m[0m] [37mIQPE other benchmarks (n_sites=6, n_occ=3): num_queries=57600, circuit_depth=[207990,196832][0m
[[1m[32m21:21:31[0m[1m[0m] [37mExact (n_sites=6, n_occ=4, t1=1.0, U=0.0, t2=0.5) = -7.931851652578136[0m
[[1m[32m21:25:19[0m[1m[0m] [37mExact (n_sites=6, n_occ=7, t1=1.0, U=0.0, t2=1.0) = -8.31319304793945[0m
[[1m[32m21:25:31[0m[1m[0m] [37mIQPE other benchmarks (n_sites=6, n_occ=0): num_queries=57600, circuit_depth=[205440,194919][0m
[[1m[32m21:25:45[0m[1m[0m] [37mVQE other benchmarks (n_sites=6, n_occ=4): num_queries=7200000, circuit_depth=[64,57][0m
[[1m[32m21:25:54[0m[1m[0m] [37mVQE other benchmarks (n_sites=6, n_occ=6): num_queries=7200000, circuit_depth=[64,57][0m
[[1m[32m21:26:06[0m[1m[0m] [37mIQPE other benchmarks (n_sites=6, n_occ=1): num_queries=57600, circuit_depth=[192690,180257][0m
[[1m[32m21:26:16[0m[1m[0m] [37mVQE other benchmarks (n_sites=6, n_occ=3): num_queries=7200000, circuit_depth=[64,57][0m
[[1m[32m21:26:22[0m[1m[0m] [37mExact (n_sites=6, n_occ=5, t1=1.0, U=0.0, t2=1.0) = -9.381341395361314[0m
[[1m[32m21:27:49[0m[1m[0m] [37mExact (n_sites=6, n_occ=7, t1=1.0, U=0.0, t2=0.5) = -7.258819045102521[0m
[[1m[32m21:29:07[0m[1m[0m] [37mVQE other benchmarks (n_sites=6, n_occ=6): num_queries=7200000, circuit_depth=[64,57][0m
[[1m[32m21:29:32[0m[1m[0m] [37mIQPE other benchmarks (n_sites=6, n_occ=0): num_queries=57600, circuit_depth=[192690,180257][0m
[[1m[32m21:30:09[0m[1m[0m] [37mVQE other benchmarks (n_sites=6, n_occ=5): num_queries=7200000, circuit_depth=[64,57][0m
[[1m[32m21:30:41[0m[1m[0m] [37mIQPE other benchmarks (n_sites=6, n_occ=11): num_queries=72800, circuit_depth=[205282,194123][0m
[[1m[32m21:30:42[0m[1m[0m] [37mExact (n_sites=6, n_occ=5, t1=1.0, U=0.0, t2=0.5) = -7.965925826289069[0m
[[1m[32m21:30:49[0m[1m[0m] [37mVQE other benchmarks (n_sites=6, n_occ=3): num_queries=7200000, circuit_depth=[64,57][0m
[[1m[32m21:31:28[0m[1m[0m] [37mExact (n_sites=6, n_occ=4, t1=1.0, U=0.0, t2=1.0) = -9.863703305156271[0m
[[1m[32m21:36:20[0m[1m[0m] [37mIQPE other benchmarks (n_sites=6, n_occ=2): num_queries=57600, circuit_depth=[200340,189819][0m
[[1m[32m21:37:13[0m[1m[0m] [37mExact (n_sites=6, n_occ=6, t1=1.0, U=0.0, t2=0.5) = -8.0[0m
[[1m[32m22:02:47[0m[1m[0m] [37mIQPE other benchmarks (n_sites=6, n_occ=5): num_queries=72800, circuit_depth=[220740,210857][0m
[[1m[32m22:20:21[0m[1m[0m] [37mExact (n_sites=6, n_occ=7, t1=1.0, U=2.0, t2=1.0) = -4.229859714606116[0m
[[1m[32m22:20:51[0m[1m[0m] [37mVQE other benchmarks (n_sites=6, n_occ=6): num_queries=9100000, circuit_depth=[64,57][0m
[[1m[32m22:24:10[0m[1m[0m] [37mExact (n_sites=6, n_occ=7, t1=1.0, U=2.0, t2=0.5) = -3.175485711769187[0m
[[1m[32m22:25:43[0m[1m[0m] [37mVQE other benchmarks (n_sites=6, n_occ=3): num_queries=9100000, circuit_depth=[64,57][0m
[[1m[32m22:25:43[0m[1m[0m] [37mVQE other benchmarks (n_sites=6, n_occ=4): num_queries=9100000, circuit_depth=[64,57][0m
[[1m[32m22:26:12[0m[1m[0m] [37mIQPE other benchmarks (n_sites=6, n_occ=2): num_queries=72800, circuit_depth=[220740,212132][0m
[[1m[32m22:26:25[0m[1m[0m] [37mVQE other benchmarks (n_sites=6, n_occ=3): num_queries=9100000, circuit_depth=[64,57][0m
[[1m[32m22:26:26[0m[1m[0m] [37mExact (n_sites=6, n_occ=6, t1=1.0, U=2.0, t2=1.0) = -5.898979485566354[0m
[[1m[32m22:26:40[0m[1m[0m] [37mExact (n_sites=6, n_occ=4, t1=1.0, U=2.0, t2=0.5) = -6.598518319244803[0m
[[1m[32m22:26:43[0m[1m[0m] [37mIQPE other benchmarks (n_sites=6, n_occ=1): num_queries=72800, circuit_depth=[200340,189182][0m
[[1m[32m22:27:58[0m[1m[0m] [37mVQE other benchmarks (n_sites=6, n_occ=6): num_queries=9100000, circuit_depth=[64,57][0m
[[1m[32m22:30:00[0m[1m[0m] [37mIQPE other benchmarks (n_sites=6, n_occ=0): num_queries=72800, circuit_depth=[210540,199382][0m
[[1m[32m22:30:39[0m[1m[0m] [37mExact (n_sites=6, n_occ=4, t1=1.0, U=2.0, t2=1.0) = -8.530369971822937[0m
[[1m[32m22:31:28[0m[1m[0m] [37mIQPE other benchmarks (n_sites=6, n_occ=2): num_queries=72800, circuit_depth=[192690,179619][0m
[[1m[32m22:35:38[0m[1m[0m] [37mExact (n_sites=6, n_occ=5, t1=1.0, U=2.0, t2=1.0) = -7.29800806202798[0m
[[1m[32m22:36:06[0m[1m[0m] [37mVQE other benchmarks (n_sites=6, n_occ=5): num_queries=9100000, circuit_depth=[64,57][0m
[[1m[32m22:36:30[0m[1m[0m] [37mVQE other benchmarks (n_sites=6, n_occ=5): num_queries=9100000, circuit_depth=[64,57][0m
[[1m[32m22:37:13[0m[1m[0m] [37mExact (n_sites=6, n_occ=6, t1=1.0, U=2.0, t2=0.5) = -5.0[0m
[[1m[32m22:37:27[0m[1m[0m] [37mVQE other benchmarks (n_sites=6, n_occ=4): num_queries=9100000, circuit_depth=[64,57][0m
[[1m[32m23:04:20[0m[1m[0m] [37mVQE other benchmarks (n_sites=6, n_occ=9): num_queries=7200000, circuit_depth=[64,57][0m
[[1m[32m23:08:25[0m[1m[0m] [37mIQPE other benchmarks (n_sites=6, n_occ=5): num_queries=57600, circuit_depth=[190140,178344][0m
[[1m[32m23:08:26[0m[1m[0m] [37mExact (n_sites=6, n_occ=8, t1=1.0, U=0.0, t2=1.0) = -7.727406610312544[0m
[[1m[32m23:10:55[0m[1m[0m] [37mVQE other benchmarks (n_sites=6, n_occ=10): num_queries=7200000, circuit_depth=[64,57][0m
[[1m[32m23:11:03[0m[1m[0m] [37mIQPE other benchmarks (n_sites=6, n_occ=3): num_queries=57600, circuit_depth=[195240,183444][0m
[[1m[32m23:11:06[0m[1m[0m] [37mIQPE other benchmarks (n_sites=6, n_occ=4): num_queries=57600, circuit_depth=[197790,186632][0m
[[1m[32m23:12:07[0m[1m[0m] [37mVQE other benchmarks (n_sites=6, n_occ=7): num_queries=7200000, circuit_depth=[64,57][0m
[[1m[32m23:12:27[0m[1m[0m] [37mExact (n_sites=6, n_occ=9, t1=1.0, U=0.0, t2=1.0) = -6.795554957734407[0m
[[1m[32m23:12:30[0m[1m[0m] [37mExact (n_sites=6, n_occ=11, t1=1.0, U=0.0, t2=0.5) = -1.9659258262890713[0m
[[1m[32m23:13:33[0m[1m[0m] [37mExact (n_sites=6, n_occ=9, t1=1.0, U=0.0, t2=0.5) = -5.224744871391589[0m
[[1m[32m23:14:10[0m[1m[0m] [37mIQPE other benchmarks (n_sites=6, n_occ=5): num_queries=57600, circuit_depth=[195240,183444][0m
[[1m[32m23:14:12[0m[1m[0m] [37mVQE other benchmarks (n_sites=6, n_occ=8): num_queries=7200000, circuit_depth=[64,57][0m
[[1m[32m23:14:49[0m[1m[0m] [37mVQE other benchmarks (n_sites=6, n_occ=10): num_queries=7200000, circuit_depth=[64,57][0m
[[1m[32m23:15:21[0m[1m[0m] [37mIQPE other benchmarks (n_sites=6, n_occ=6): num_queries=57600, circuit_depth=[205440,194919][0m
[[1m[32m23:16:25[0m[1m[0m] [37mIQPE other benchmarks (n_sites=6, n_occ=4): num_queries=57600, circuit_depth=[182490,168782][0m
[[1m[32m23:17:56[0m[1m[0m] [37mIQPE other benchmarks (n_sites=6, n_occ=6): num_queries=57600, circuit_depth=[207990,198107][0m
[[1m[32m23:18:43[0m[1m[0m] [37mExact (n_sites=6, n_occ=8, t1=1.0, U=0.0, t2=0.5) = -6.517638090205041[0m
[[1m[32m23:24:02[0m[1m[0m] [37mExact (n_sites=6, n_occ=10, t1=1.0, U=0.0, t2=0.5) = -3.9318516525781373[0m
[[1m[32m23:25:05[0m[1m[0m] [37mIQPE other benchmarks (n_sites=6, n_occ=10): num_queries=72800, circuit_depth=[223290,214044][0m
[[1m[32m23:27:24[0m[1m[0m] [37mVQE other benchmarks (n_sites=6, n_occ=7): num_queries=7200000, circuit_depth=[64,57][0m
[[1m[32m00:53:39[0m[1m[0m] [37mIQPE other benchmarks (n_sites=6, n_occ=9): num_queries=57600, circuit_depth=[200340,189819][0m
[[1m[32m00:53:47[0m[1m[0m] [37mVQE other benchmarks (n_sites=6, n_occ=12): num_queries=7200000, circuit_depth=[64,57][0m
[[1m[32m00:57:26[0m[1m[0m] [37mIQPE other benchmarks (n_sites=6, n_occ=10): num_queries=57600, circuit_depth=[200340,189819][0m
[[1m[32m00:58:37[0m[1m[0m] [37mIQPE other benchmarks (n_sites=6, n_occ=7): num_queries=57600, circuit_depth=[187590,175157][0m
[[1m[32m00:59:21[0m[1m[0m] [37mIQPE other benchmarks (n_sites=6, n_occ=8): num_queries=57600, circuit_depth=[200340,189819][0m
[[1m[32m01:01:31[0m[1m[0m] [37mIQPE other benchmarks (n_sites=6, n_occ=8): num_queries=57600, circuit_depth=[195240,183444][0m
[[1m[32m01:03:07[0m[1m[0m] [37mIQPE other benchmarks (n_sites=6, n_occ=4): num_queries=72800, circuit_depth=[207990,197469][0m
[[1m[32m01:05:57[0m[1m[0m] [37mExact (n_sites=6, n_occ=12, t1=1.0, U=0.0, t2=0.5) = -3.3306690738754696e-15[0m
[[1m[32m01:06:47[0m[1m[0m] [37mIQPE other benchmarks (n_sites=6, n_occ=9): num_queries=57600, circuit_depth=[205440,194919][0m
[[1m[32m01:07:27[0m[1m[0m] [37mVQE other benchmarks (n_sites=6, n_occ=8): num_queries=9100000, circuit_depth=[64,57][0m
[[1m[32m01:08:23[0m[1m[0m] [37mExact (n_sites=6, n_occ=11, t1=1.0, U=2.0, t2=1.0) = 7.151481680755197[0m
[[1m[32m01:08:44[0m[1m[0m] [37mIQPE other benchmarks (n_sites=6, n_occ=4): num_queries=72800, circuit_depth=[197790,185994][0m
[[1m[32m01:09:29[0m[1m[0m] [37mExact (n_sites=6, n_occ=9, t1=1.0, U=2.0, t2=1.0) = -0.04555495773440743[0m
[[1m[32m01:10:05[0m[1m[0m] [37mExact (n_sites=6, n_occ=8, t1=1.0, U=2.0, t2=1.0) = -2.394073276979211[0m
[[1m[32m01:10:22[0m[1m[0m] [37mVQE other benchmarks (n_sites=6, n_occ=11): num_queries=7200000, circuit_depth=[64,57][0m
[[1m[32m01:11:30[0m[1m[0m] [37mIQPE other benchmarks (n_sites=6, n_occ=7): num_queries=57600, circuit_depth=[190140,178344][0m
[[1m[32m01:12:02[0m[1m[0m] [37mIQPE other benchmarks (n_sites=6, n_occ=5): num_queries=72800, circuit_depth=[200340,189182][0m
[[1m[32m01:12:30[0m[1m[0m] [37mExact (n_sites=6, n_occ=12, t1=1.0, U=0.0, t2=1.0) = 4.440892098500626e-16[0m
[[1m[32m01:13:38[0m[1m[0m] [37mVQE other benchmarks (n_sites=6, n_occ=10): num_queries=9100000, circuit_depth=[64,57][0m
[[1m[32m01:14:02[0m[1m[0m] [37mVQE other benchmarks (n_sites=6, n_occ=10): num_queries=9100000, circuit_depth=[64,57][0m
[[1m[32m01:15:46[0m[1m[0m] [37mVQE other benchmarks (n_sites=6, n_occ=7): num_queries=9100000, circuit_depth=[64,57][0m
[[1m[32m01:15:52[0m[1m[0m] [37mIQPE other benchmarks (n_sites=6, n_occ=10): num_queries=57600, circuit_depth=[207990,198107][0m
[[1m[32m01:17:29[0m[1m[0m] [37mExact (n_sites=6, n_occ=10, t1=1.0, U=2.0, t2=1.0) = 2.4696300281770647[0m
[[1m[32m01:21:40[0m[1m[0m] [37mVQE other benchmarks (n_sites=6, n_occ=9): num_queries=9100000, circuit_depth=[64,57][0m
[[1m[32m01:22:09[0m[1m[0m] [37mIQPE other benchmarks (n_sites=6, n_occ=3): num_queries=72800, circuit_depth=[213090,202569][0m
[[1m[32m01:22:29[0m[1m[0m] [37mIQPE other benchmarks (n_sites=6, n_occ=6): num_queries=72800, circuit_depth=[202890,191094][0m
[[1m[32m01:22:58[0m[1m[0m] [37mExact (n_sites=6, n_occ=8, t1=1.0, U=2.0, t2=0.5) = -1.1843047568717076[0m
[[1m[32m01:31:16[0m[1m[0m] [37mIQPE other benchmarks (n_sites=6, n_occ=3): num_queries=72800, circuit_depth=[200340,189182][0m
[[1m[32m01:34:22[0m[1m[0m] [37mExact (n_sites=6, n_occ=9, t1=1.0, U=2.0, t2=0.5) = 1.5252551286084106[0m
[[1m[32m01:38:32[0m[1m[0m] [37mVQE other benchmarks (n_sites=6, n_occ=7): num_queries=9100000, circuit_depth=[64,57][0m
[[1m[32m02:34:26[0m[1m[0m] [37mIQPE other benchmarks (n_sites=6, n_occ=11): num_queries=57600, circuit_depth=[197790,186632][0m
[[1m[32m02:55:55[0m[1m[0m] [37mIQPE other benchmarks (n_sites=6, n_occ=12): num_queries=57600, circuit_depth=[207990,198107][0m
[[1m[32m03:07:33[0m[1m[0m] [37mIQPE other benchmarks (n_sites=6, n_occ=11): num_queries=57600, circuit_depth=[197790,186632][0m
[[1m[32m03:42:56[0m[1m[0m] [37mIQPE other benchmarks (n_sites=6, n_occ=8): num_queries=72800, circuit_depth=[215640,205757][0m
[[1m[32m03:54:18[0m[1m[0m] [37mVQE other benchmarks (n_sites=6, n_occ=12): num_queries=9100000, circuit_depth=[64,57][0m
[[1m[32m03:56:09[0m[1m[0m] [37mIQPE other benchmarks (n_sites=6, n_occ=10): num_queries=72800, circuit_depth=[195240,182807][0m
[[1m[32m03:56:53[0m[1m[0m] [37mExact (n_sites=6, n_occ=12, t1=1.0, U=2.0, t2=0.5) = 11.999999999999996[0m
[[1m[32m04:07:12[0m[1m[0m] [37mIQPE other benchmarks (n_sites=6, n_occ=9): num_queries=72800, circuit_depth=[215640,205757][0m
[[1m[32m04:07:46[0m[1m[0m] [37mVQE other benchmarks (n_sites=6, n_occ=12): num_queries=9100000, circuit_depth=[64,57][0m
[[1m[32m04:11:27[0m[1m[0m] [37mIQPE other benchmarks (n_sites=6, n_occ=7): num_queries=72800, circuit_depth=[195240,184082][0m
[[1m[32m04:15:04[0m[1m[0m] [37mVQE other benchmarks (n_sites=6, n_occ=11): num_queries=9100000, circuit_depth=[64,57][0m
[[1m[32m04:20:15[0m[1m[0m] [37mIQPE other benchmarks (n_sites=6, n_occ=8): num_queries=72800, circuit_depth=[200340,190457][0m
[[1m[32m04:20:16[0m[1m[0m] [37mIQPE other benchmarks (n_sites=6, n_occ=7): num_queries=72800, circuit_depth=[195240,182807][0m
[[1m[32m04:26:37[0m[1m[0m] [37mVQE other benchmarks (n_sites=6, n_occ=11): num_queries=9100000, circuit_depth=[64,57][0m
[[1m[32m06:19:38[0m[1m[0m] [37mIQPE other benchmarks (n_sites=6, n_occ=12): num_queries=72800, circuit_depth=[200340,189182][0m
[[1m[32m06:37:51[0m[1m[0m] [37mIQPE other benchmarks (n_sites=6, n_occ=11): num_queries=72800, circuit_depth=[190140,177707][0m
[[1m[32m06:39:53[0m[1m[0m] [37mIQPE other benchmarks (n_sites=6, n_occ=12): num_queries=72800, circuit_depth=[210540,199382][0m
All configurations completed at Sun May  3 07:09:44 AM PDT 2026
