[[1m[32m00:42:43[0m[1m[0m] [37mVQE other benchmarks (n_sites=6, n_occ=1): num_queries=9100000, circuit_depth=[64,57][0m
[[1m[32m00:42:46[0m[1m[0m] [37mExact (n_sites=4, n_occ=3, t1=1.0, U=1.0, t2=0.05) = -3.5082106781186537[0m
[[1m[32m00:42:46[0m[1m[0m] [37mVQE other benchmarks (n_sites=6, n_occ=0): num_queries=9100000, circuit_depth=[63,57][0m
[[1m[32m00:42:53[0m[1m[0m] [37mVQE other benchmarks (n_sites=4, n_occ=1): num_queries=2900000, circuit_depth=[52,45][0m
[[1m[32m00:42:54[0m[1m[0m] [37mExact (n_sites=6, n_occ=3, t1=1.0, U=1.0, t2=0.0) = -4.625000000000001[0m
[[1m[32m00:42:55[0m[1m[0m] [37mVQE other benchmarks (n_sites=4, n_occ=1): num_queries=3700000, circuit_depth=[52,45][0m
[[1m[32m00:42:55[0m[1m[0m] [37mVQE other benchmarks (n_sites=4, n_occ=2): num_queries=3700000, circuit_depth=[52,45][0m
[[1m[32m00:42:55[0m[1m[0m] [37mVQE other benchmarks (n_sites=6, n_occ=1): num_queries=4300000, circuit_depth=[64,57][0m
[[1m[32m00:42:59[0m[1m[0m] [37mVQE other benchmarks (n_sites=6, n_occ=0): num_queries=4300000, circuit_depth=[63,57][0m
[[1m[32m00:43:00[0m[1m[0m] [37mExact (n_sites=4, n_occ=1, t1=1.0, U=1.0, t2=0.0) = -1.9375000000000004[0m
[[1m[32m00:43:06[0m[1m[0m] [37mVQE other benchmarks (n_sites=4, n_occ=2): num_queries=2900000, circuit_depth=[52,45][0m
[[1m[32m00:43:07[0m[1m[0m] [37mExact (n_sites=6, n_occ=2, t1=1.0, U=1.0, t2=0.05) = -3.9747546895706436[0m
[[1m[32m00:43:09[0m[1m[0m] [37mExact (n_sites=4, n_occ=0, t1=1.0, U=1.0, t2=0.0) = 0.0[0m
[[1m[32m00:43:14[0m[1m[0m] [37mVQE other benchmarks (n_sites=4, n_occ=0): num_queries=2900000, circuit_depth=[51,45][0m
[[1m[32m00:43:20[0m[1m[0m] [37mExact (n_sites=6, n_occ=1, t1=1.0, U=1.0, t2=0.05) = -2.0290440114519885[0m
[[1m[32m00:43:20[0m[1m[0m] [37mExact (n_sites=6, n_occ=3, t1=1.0, U=1.0, t2=0.05) = -4.792303260747562[0m
[[1m[32m00:43:22[0m[1m[0m] [37mExact (n_sites=4, n_occ=0, t1=1.0, U=1.0, t2=0.05) = 0.0[0m
[[1m[32m00:43:25[0m[1m[0m] [37mVQE other benchmarks (n_sites=6, n_occ=2): num_queries=4300000, circuit_depth=[64,57][0m
[[1m[32m00:43:50[0m[1m[0m] [37mExact (n_sites=4, n_occ=3, t1=1.0, U=1.0, t2=0.0) = -3.437500000000001[0m
[[1m[32m00:43:52[0m[1m[0m] [37mExact (n_sites=6, n_occ=0, t1=1.0, U=1.0, t2=0.05) = 0.0[0m
[[1m[32m00:43:52[0m[1m[0m] [37mExact (n_sites=6, n_occ=2, t1=1.0, U=1.0, t2=0.0) = -3.8333333333333335[0m
[[1m[32m00:43:55[0m[1m[0m] [37mExact (n_sites=4, n_occ=1, t1=1.0, U=1.0, t2=0.05) = -2.0082106781186537[0m
[[1m[32m00:43:56[0m[1m[0m] [37mExact (n_sites=4, n_occ=2, t1=1.0, U=1.0, t2=0.0) = -3.750000000000001[0m
[[1m[32m00:43:56[0m[1m[0m] [37mExact (n_sites=6, n_occ=0, t1=1.0, U=1.0, t2=0.0) = 0.0[0m
[[1m[32m00:43:56[0m[1m[0m] [37mVQE other benchmarks (n_sites=4, n_occ=0): num_queries=3700000, circuit_depth=[51,45][0m
[[1m[32m00:44:00[0m[1m[0m] [37mExact (n_sites=6, n_occ=1, t1=1.0, U=1.0, t2=0.0) = -1.9583333333333341[0m
[[1m[32m00:44:02[0m[1m[0m] [37mExact (n_sites=4, n_occ=2, t1=1.0, U=1.0, t2=0.05) = -3.8914213562373074[0m
[[1m[32m00:44:11[0m[1m[0m] [37mVQE other benchmarks (n_sites=6, n_occ=2): num_queries=9100000, circuit_depth=[64,57][0m
[[1m[32m00:45:39[0m[1m[0m] [37mVQE other benchmarks (n_sites=4, n_occ=3): num_queries=2900000, circuit_depth=[52,45][0m
[[1m[32m00:46:49[0m[1m[0m] [37mVQE other benchmarks (n_sites=4, n_occ=5): num_queries=2900000, circuit_depth=[52,45][0m
[[1m[32m00:48:19[0m[1m[0m] [37mExact (n_sites=4, n_occ=7, t1=1.0, U=1.0, t2=0.05) = 1.1332106781186553[0m
[[1m[32m00:49:34[0m[1m[0m] [37mVQE other benchmarks (n_sites=6, n_occ=3): num_queries=4300000, circuit_depth=[64,57][0m
[[1m[32m00:50:43[0m[1m[0m] [37mExact (n_sites=4, n_occ=7, t1=1.0, U=1.0, t2=0.0) = 1.0625[0m
[[1m[32m00:51:20[0m[1m[0m] [37mIQPE other benchmarks (n_sites=4, n_occ=0): num_queries=23200, circuit_depth=[38415,35863][0m
[[1m[32m00:51:21[0m[1m[0m] [37mExact (n_sites=4, n_occ=4, t1=1.0, U=1.0, t2=0.0) = -3.000000000000001[0m
[[1m[32m00:51:23[0m[1m[0m] [37mExact (n_sites=4, n_occ=5, t1=1.0, U=1.0, t2=0.0) = -2.437500000000001[0m
[[1m[32m00:51:27[0m[1m[0m] [37mVQE other benchmarks (n_sites=4, n_occ=4): num_queries=2900000, circuit_depth=[52,45][0m
[[1m[32m00:51:27[0m[1m[0m] [37mVQE other benchmarks (n_sites=4, n_occ=6): num_queries=2900000, circuit_depth=[52,45][0m
[[1m[32m00:51:29[0m[1m[0m] [37mExact (n_sites=4, n_occ=6, t1=1.0, U=1.0, t2=0.0) = -1.75[0m
[[1m[32m00:51:30[0m[1m[0m] [37mIQPE other benchmarks (n_sites=4, n_occ=1): num_queries=23200, circuit_depth=[38415,35863][0m
[[1m[32m00:51:38[0m[1m[0m] [37mIQPE other benchmarks (n_sites=4, n_occ=2): num_queries=23200, circuit_depth=[38415,35863][0m
[[1m[32m00:52:08[0m[1m[0m] [37mIQPE other benchmarks (n_sites=4, n_occ=4): num_queries=29600, circuit_depth=[60569,57061][0m
[[1m[32m00:52:25[0m[1m[0m] [37mExact (n_sites=4, n_occ=8, t1=1.0, U=1.0, t2=0.05) = 4.0[0m
[[1m[32m00:55:30[0m[1m[0m] [37mExact (n_sites=4, n_occ=4, t1=1.0, U=1.0, t2=0.05) = -2.999999999999999[0m
[[1m[32m00:55:49[0m[1m[0m] [37mExact (n_sites=4, n_occ=6, t1=1.0, U=1.0, t2=0.05) = -1.6085786437626894[0m
[[1m[32m00:56:00[0m[1m[0m] [37mVQE other benchmarks (n_sites=4, n_occ=6): num_queries=3700000, circuit_depth=[52,45][0m
[[1m[32m00:56:24[0m[1m[0m] [37mIQPE other benchmarks (n_sites=4, n_occ=2): num_queries=29600, circuit_depth=[60727,57219][0m
[[1m[32m00:56:39[0m[1m[0m] [37mVQE other benchmarks (n_sites=4, n_occ=5): num_queries=3700000, circuit_depth=[52,45][0m
[[1m[32m00:56:41[0m[1m[0m] [37mVQE other benchmarks (n_sites=6, n_occ=7): num_queries=4300000, circuit_depth=[64,57][0m
[[1m[32m00:56:41[0m[1m[0m] [37mExact (n_sites=4, n_occ=5, t1=1.0, U=1.0, t2=0.05) = -2.3667893218813445[0m
[[1m[32m00:56:47[0m[1m[0m] [37mVQE other benchmarks (n_sites=4, n_occ=4): num_queries=3700000, circuit_depth=[52,45][0m
[[1m[32m00:56:52[0m[1m[0m] [37mIQPE other benchmarks (n_sites=4, n_occ=0): num_queries=29600, circuit_depth=[60727,57219][0m
[[1m[32m00:56:56[0m[1m[0m] [37mIQPE other benchmarks (n_sites=4, n_occ=1): num_queries=29600, circuit_depth=[60727,57219][0m
[[1m[32m00:57:05[0m[1m[0m] [37mVQE other benchmarks (n_sites=4, n_occ=3): num_queries=3700000, circuit_depth=[52,45][0m
[[1m[32m00:57:47[0m[1m[0m] [37mIQPE other benchmarks (n_sites=4, n_occ=4): num_queries=23200, circuit_depth=[38415,35863][0m
[[1m[32m00:57:54[0m[1m[0m] [37mIQPE other benchmarks (n_sites=4, n_occ=3): num_queries=23200, circuit_depth=[38415,35863][0m
[[1m[32m00:58:05[0m[1m[0m] [37mIQPE other benchmarks (n_sites=4, n_occ=6): num_queries=23200, circuit_depth=[38415,35863][0m
[[1m[32m00:58:06[0m[1m[0m] [37mExact (n_sites=4, n_occ=8, t1=1.0, U=1.0, t2=0.0) = 4.0[0m
[[1m[32m00:58:14[0m[1m[0m] [37mVQE other benchmarks (n_sites=4, n_occ=8): num_queries=2900000, circuit_depth=[52,45][0m
[[1m[32m00:58:14[0m[1m[0m] [37mIQPE other benchmarks (n_sites=4, n_occ=5): num_queries=23200, circuit_depth=[38415,35863][0m
[[1m[32m00:58:41[0m[1m[0m] [37mVQE other benchmarks (n_sites=4, n_occ=7): num_queries=2900000, circuit_depth=[52,45][0m
[[1m[32m00:59:18[0m[1m[0m] [37mIQPE other benchmarks (n_sites=6, n_occ=1): num_queries=34400, circuit_depth=[62640,58813][0m
[[1m[32m00:59:35[0m[1m[0m] [37mIQPE other benchmarks (n_sites=6, n_occ=0): num_queries=34400, circuit_depth=[62640,58813][0m
[[1m[32m00:59:42[0m[1m[0m] [37mExact (n_sites=6, n_occ=6, t1=1.0, U=1.0, t2=0.0) = -6.5[0m
[[1m[32m00:59:43[0m[1m[0m] [37mVQE other benchmarks (n_sites=6, n_occ=6): num_queries=4300000, circuit_depth=[64,57][0m
[[1m[32m00:59:46[0m[1m[0m] [37mVQE other benchmarks (n_sites=6, n_occ=4): num_queries=4300000, circuit_depth=[64,57][0m
[[1m[32m00:59:53[0m[1m[0m] [37mIQPE other benchmarks (n_sites=6, n_occ=2): num_queries=34400, circuit_depth=[62640,58813][0m
[[1m[32m00:59:53[0m[1m[0m] [37mExact (n_sites=6, n_occ=7, t1=1.0, U=1.0, t2=0.0) = -4.958333333333333[0m
[[1m[32m01:00:06[0m[1m[0m] [37mExact (n_sites=6, n_occ=5, t1=1.0, U=1.0, t2=0.0) = -5.958333333333334[0m
[[1m[32m01:00:18[0m[1m[0m] [37mExact (n_sites=6, n_occ=4, t1=1.0, U=1.0, t2=0.0) = -5.333333333333334[0m
[[1m[32m01:00:42[0m[1m[0m] [37mVQE other benchmarks (n_sites=6, n_occ=5): num_queries=4300000, circuit_depth=[64,57][0m
[[1m[32m01:02:32[0m[1m[0m] [37mExact (n_sites=6, n_occ=12, t1=1.0, U=1.0, t2=0.0) = 5.999999999999999[0m
[[1m[32m01:04:35[0m[1m[0m] [37mIQPE other benchmarks (n_sites=4, n_occ=8): num_queries=23200, circuit_depth=[38415,35863][0m
[[1m[32m01:05:07[0m[1m[0m] [37mIQPE other benchmarks (n_sites=4, n_occ=7): num_queries=23200, circuit_depth=[38415,35863][0m
[[1m[32m01:07:15[0m[1m[0m] [37mIQPE other benchmarks (n_sites=4, n_occ=5): num_queries=29600, circuit_depth=[60727,57219][0m
[[1m[32m01:07:15[0m[1m[0m] [37mIQPE other benchmarks (n_sites=4, n_occ=6): num_queries=29600, circuit_depth=[60727,57219][0m
[[1m[32m01:07:47[0m[1m[0m] [37mVQE other benchmarks (n_sites=4, n_occ=8): num_queries=3700000, circuit_depth=[52,45][0m
[[1m[32m01:08:14[0m[1m[0m] [37mVQE other benchmarks (n_sites=4, n_occ=7): num_queries=3700000, circuit_depth=[52,45][0m
[[1m[32m01:08:23[0m[1m[0m] [37mIQPE other benchmarks (n_sites=4, n_occ=3): num_queries=29600, circuit_depth=[60727,57219][0m
[[1m[32m01:15:02[0m[1m[0m] [37mIQPE other benchmarks (n_sites=6, n_occ=6): num_queries=34400, circuit_depth=[62640,58813][0m
[[1m[32m01:15:31[0m[1m[0m] [37mIQPE other benchmarks (n_sites=6, n_occ=4): num_queries=34400, circuit_depth=[62640,58813][0m
[[1m[32m01:15:33[0m[1m[0m] [37mIQPE other benchmarks (n_sites=6, n_occ=5): num_queries=34400, circuit_depth=[62640,58813][0m
[[1m[32m01:15:34[0m[1m[0m] [37mExact (n_sites=6, n_occ=8, t1=1.0, U=1.0, t2=0.0) = -3.3333333333333353[0m
[[1m[32m01:15:54[0m[1m[0m] [37mIQPE other benchmarks (n_sites=6, n_occ=3): num_queries=34400, circuit_depth=[62640,58813][0m
[[1m[32m01:16:11[0m[1m[0m] [37mExact (n_sites=6, n_occ=9, t1=1.0, U=1.0, t2=0.0) = -1.6250000000000018[0m
[[1m[32m01:16:21[0m[1m[0m] [37mExact (n_sites=6, n_occ=11, t1=1.0, U=1.0, t2=0.0) = 3.0416666666666643[0m
[[1m[32m01:16:31[0m[1m[0m] [37mExact (n_sites=6, n_occ=10, t1=1.0, U=1.0, t2=0.0) = 0.1666666666666652[0m
[[1m[32m01:16:33[0m[1m[0m] [37mVQE other benchmarks (n_sites=6, n_occ=10): num_queries=4300000, circuit_depth=[64,57][0m
[[1m[32m01:16:36[0m[1m[0m] [37mVQE other benchmarks (n_sites=6, n_occ=9): num_queries=4300000, circuit_depth=[64,57][0m
[[1m[32m01:16:38[0m[1m[0m] [37mVQE other benchmarks (n_sites=6, n_occ=8): num_queries=4300000, circuit_depth=[64,57][0m
[[1m[32m01:19:43[0m[1m[0m] [37mIQPE other benchmarks (n_sites=4, n_occ=8): num_queries=29600, circuit_depth=[60727,57219][0m
[[1m[32m01:20:08[0m[1m[0m] [37mIQPE other benchmarks (n_sites=4, n_occ=7): num_queries=29600, circuit_depth=[60727,57219][0m
[[1m[32m01:30:24[0m[1m[0m] [37mIQPE other benchmarks (n_sites=6, n_occ=7): num_queries=34400, circuit_depth=[62640,58813][0m
[[1m[32m01:30:56[0m[1m[0m] [37mVQE other benchmarks (n_sites=6, n_occ=12): num_queries=4300000, circuit_depth=[64,57][0m
[[1m[32m01:31:09[0m[1m[0m] [37mVQE other benchmarks (n_sites=6, n_occ=11): num_queries=4300000, circuit_depth=[64,57][0m
[[1m[32m01:31:16[0m[1m[0m] [37mIQPE other benchmarks (n_sites=6, n_occ=9): num_queries=34400, circuit_depth=[62640,58813][0m
[[1m[32m01:31:57[0m[1m[0m] [37mIQPE other benchmarks (n_sites=6, n_occ=8): num_queries=34400, circuit_depth=[62640,58813][0m
[[1m[32m01:33:34[0m[1m[0m] [37mIQPE other benchmarks (n_sites=6, n_occ=10): num_queries=34400, circuit_depth=[62640,58813][0m
[[1m[32m01:36:26[0m[1m[0m] [37mIQPE (n_sites=4, n_occ=0) = -0.0[0m
[[1m[32m01:36:26[0m[1m[0m] [37mVQE (n_sites=4, n_occ=0) = -0.040771484375[0m
[[1m[32m01:36:26[0m[1m[0m] [37mIQPE (n_sites=4, n_occ=1) = -29.452431127404306[0m
[[1m[32m01:36:26[0m[1m[0m] [37mVQE (n_sites=4, n_occ=1) = -1.9117431640625[0m
[[1m[32m01:36:26[0m[1m[0m] [37mIQPE (n_sites=4, n_occ=2) = -29.452431127404306[0m
[[1m[32m01:36:26[0m[1m[0m] [37mVQE (n_sites=4, n_occ=2) = -3.5418701171875[0m
[[1m[32m01:36:26[0m[1m[0m] [37mIQPE (n_sites=4, n_occ=3) = -30.311460368620267[0m
[[1m[32m01:36:26[0m[1m[0m] [37mVQE (n_sites=4, n_occ=3) = -3.29931640625[0m
[[1m[32m01:36:26[0m[1m[0m] [37mIQPE (n_sites=4, n_occ=4) = -29.943304979527714[0m
[[1m[32m01:36:26[0m[1m[0m] [37mVQE (n_sites=4, n_occ=4) = -2.8798828125[0m
[[1m[32m01:36:26[0m[1m[0m] [37mIQPE (n_sites=4, n_occ=5) = -29.329712664373456[0m
[[1m[32m01:36:26[0m[1m[0m] [37mVQE (n_sites=4, n_occ=5) = -2.25634765625[0m
[[1m[32m01:36:26[0m[1m[0m] [37mIQPE (n_sites=4, n_occ=6) = -27.48893571891069[0m
[[1m[32m01:36:26[0m[1m[0m] [37mVQE (n_sites=4, n_occ=6) = -1.014404296875[0m
[[1m[32m01:36:26[0m[1m[0m] [37mIQPE (n_sites=4, n_occ=7) = -30.434178831651117[0m
[[1m[32m01:36:26[0m[1m[0m] [37mVQE (n_sites=4, n_occ=7) = 1.6248779296875[0m
[[1m[32m01:36:26[0m[1m[0m] [37mIQPE (n_sites=4, n_occ=8) = -27.36621725587984[0m
[[1m[32m01:36:26[0m[1m[0m] [37mVQE (n_sites=4, n_occ=8) = 3.986572265625[0m
[[1m[32m01:38:44[0m[1m[0m] [37mVQE other benchmarks (n_sites=6, n_occ=8): num_queries=9100000, circuit_depth=[64,57][0m
[[1m[32m01:46:29[0m[1m[0m] [37mIQPE other benchmarks (n_sites=6, n_occ=11): num_queries=34400, circuit_depth=[62640,58813][0m
[[1m[32m01:47:20[0m[1m[0m] [37mIQPE other benchmarks (n_sites=6, n_occ=12): num_queries=34400, circuit_depth=[62640,58813][0m
[[1m[32m02:05:15[0m[1m[0m] [37mIQPE other benchmarks (n_sites=6, n_occ=7): num_queries=72800, circuit_depth=[218032,207511][0m
[[1m[32m02:10:09[0m[1m[0m] [37mVQE other benchmarks (n_sites=6, n_occ=11): num_queries=9100000, circuit_depth=[64,57][0m
[[1m[32m02:10:34[0m[1m[0m] [37mIQPE other benchmarks (n_sites=6, n_occ=8): num_queries=72800, circuit_depth=[210382,200498][0m
[[1m[32m02:12:02[0m[1m[0m] [37mIQPE (n_sites=4, n_occ=0) = -0.0[0m
[[1m[32m02:12:02[0m[1m[0m] [37mVQE (n_sites=4, n_occ=0) = -0.0748253337662953[0m
[[1m[32m02:12:02[0m[1m[0m] [37mIQPE (n_sites=4, n_occ=1) = -31.293208072867078[0m
[[1m[32m02:12:02[0m[1m[0m] [37mVQE (n_sites=4, n_occ=1) = -2.0186492249720827[0m
[[1m[32m02:12:02[0m[1m[0m] [37mIQPE (n_sites=4, n_occ=2) = -29.452431127404306[0m
[[1m[32m02:12:02[0m[1m[0m] [37mVQE (n_sites=4, n_occ=2) = -3.6978258183554633[0m
[[1m[32m02:12:02[0m[1m[0m] [37mIQPE (n_sites=4, n_occ=3) = -28.4706834231575[0m
[[1m[32m02:12:02[0m[1m[0m] [37mVQE (n_sites=4, n_occ=3) = -3.3286154548249405[0m
[[1m[32m02:12:02[0m[1m[0m] [37mIQPE (n_sites=4, n_occ=4) = -26.384469551633025[0m
[[1m[32m02:12:02[0m[1m[0m] [37mVQE (n_sites=4, n_occ=4) = -3.011930643281887[0m
[[1m[32m02:12:02[0m[1m[0m] [37mIQPE (n_sites=4, n_occ=5) = -29.452431127404306[0m
[[1m[32m02:12:02[0m[1m[0m] [37mVQE (n_sites=4, n_occ=5) = -2.1749924979565662[0m
[[1m[32m02:12:02[0m[1m[0m] [37mIQPE (n_sites=4, n_occ=6) = -27.48893571891069[0m
[[1m[32m02:12:02[0m[1m[0m] [37mVQE (n_sites=4, n_occ=6) = -0.865727762891364[0m
[[1m[32m02:12:02[0m[1m[0m] [37mIQPE (n_sites=4, n_occ=7) = -30.434178831651117[0m
[[1m[32m02:12:02[0m[1m[0m] [37mVQE (n_sites=4, n_occ=7) = 1.6522734635384873[0m
[[1m[32m02:12:02[0m[1m[0m] [37mIQPE (n_sites=4, n_occ=8) = -27.36621725587984[0m
[[1m[32m02:12:02[0m[1m[0m] [37mVQE (n_sites=4, n_occ=8) = 3.971775819193347[0m
[[1m[32m02:28:59[0m[1m[0m] [37mIQPE (n_sites=6, n_occ=0) = -0.0[0m
[[1m[32m02:28:59[0m[1m[0m] [37mVQE (n_sites=6, n_occ=0) = -0.051513671875[0m
[[1m[32m02:28:59[0m[1m[0m] [37mIQPE (n_sites=6, n_occ=1) = -30.434178831651117[0m
[[1m[32m02:28:59[0m[1m[0m] [37mVQE (n_sites=6, n_occ=1) = -1.925537109375[0m
[[1m[32m02:28:59[0m[1m[0m] [37mIQPE (n_sites=6, n_occ=2) = -0.0[0m
[[1m[32m02:28:59[0m[1m[0m] [37mVQE (n_sites=6, n_occ=2) = -3.46630859375[0m
[[1m[32m02:28:59[0m[1m[0m] [37mIQPE (n_sites=6, n_occ=3) = -29.943304979527714[0m
[[1m[32m02:28:59[0m[1m[0m] [37mVQE (n_sites=6, n_occ=3) = -4.007080078125[0m
[[1m[32m02:28:59[0m[1m[0m] [37mIQPE (n_sites=6, n_occ=4) = -29.452431127404306[0m
[[1m[32m02:28:59[0m[1m[0m] [37mVQE (n_sites=6, n_occ=4) = -4.4500732421875[0m
[[1m[32m02:28:59[0m[1m[0m] [37mIQPE (n_sites=6, n_occ=5) = -28.34796496012665[0m
[[1m[32m02:28:59[0m[1m[0m] [37mVQE (n_sites=6, n_occ=5) = -4.6904296875[0m
[[1m[32m02:28:59[0m[1m[0m] [37mIQPE (n_sites=6, n_occ=6) = -30.925052683774528[0m
[[1m[32m02:28:59[0m[1m[0m] [37mVQE (n_sites=6, n_occ=6) = -4.050537109375[0m
[[1m[32m02:28:59[0m[1m[0m] [37mIQPE (n_sites=6, n_occ=7) = -27.979809571034092[0m
[[1m[32m02:28:59[0m[1m[0m] [37mVQE (n_sites=6, n_occ=7) = -2.600341796875[0m
[[1m[32m02:28:59[0m[1m[0m] [37mIQPE (n_sites=6, n_occ=8) = -28.4706834231575[0m
[[1m[32m02:28:59[0m[1m[0m] [37mVQE (n_sites=6, n_occ=8) = -1.5849609375[0m
[[1m[32m02:28:59[0m[1m[0m] [37mIQPE (n_sites=6, n_occ=9) = -26.998061866787285[0m
[[1m[32m02:28:59[0m[1m[0m] [37mVQE (n_sites=6, n_occ=9) = 0.066162109375[0m
[[1m[32m02:28:59[0m[1m[0m] [37mIQPE (n_sites=6, n_occ=10) = -27.36621725587984[0m
[[1m[32m02:28:59[0m[1m[0m] [37mVQE (n_sites=6, n_occ=10) = 1.3760986328125[0m
[[1m[32m02:28:59[0m[1m[0m] [37mIQPE (n_sites=6, n_occ=11) = -27.36621725587984[0m
[[1m[32m02:28:59[0m[1m[0m] [37mVQE (n_sites=6, n_occ=11) = 3.601318359375[0m
[[1m[32m02:28:59[0m[1m[0m] [37mIQPE (n_sites=6, n_occ=12) = -25.402721847386214[0m
[[1m[32m02:28:59[0m[1m[0m] [37mVQE (n_sites=6, n_occ=12) = 5.92041015625[0m
[[1m[32m03:18:08[0m[1m[0m] [37mExact (n_sites=6, n_occ=8, t1=1.0, U=1.0, t2=0.05) = -3.385097142353835[0m
[[1m[32m03:26:10[0m[1m[0m] [37mVQE other benchmarks (n_sites=6, n_occ=3): num_queries=9100000, circuit_depth=[64,57][0m
[[1m[32m03:31:03[0m[1m[0m] [37mExact (n_sites=6, n_occ=7, t1=1.0, U=1.0, t2=0.05) = -4.984215237843583[0m
[[1m[32m03:31:48[0m[1m[0m] [37mVQE other benchmarks (n_sites=6, n_occ=6): num_queries=9100000, circuit_depth=[64,57][0m
[[1m[32m03:32:10[0m[1m[0m] [37mVQE other benchmarks (n_sites=6, n_occ=4): num_queries=9100000, circuit_depth=[64,57][0m
[[1m[32m03:32:39[0m[1m[0m] [37mIQPE other benchmarks (n_sites=6, n_occ=2): num_queries=72800, circuit_depth=[205440,194282][0m
[[1m[32m03:34:07[0m[1m[0m] [37mIQPE other benchmarks (n_sites=6, n_occ=0): num_queries=72800, circuit_depth=[205440,195557][0m
[[1m[32m03:37:15[0m[1m[0m] [37mExact (n_sites=6, n_occ=6, t1=1.0, U=1.0, t2=0.05) = -6.499999999999997[0m
[[1m[32m03:37:23[0m[1m[0m] [37mExact (n_sites=6, n_occ=4, t1=1.0, U=1.0, t2=0.05) = -5.5265184985911455[0m
[[1m[32m03:38:47[0m[1m[0m] [37mIQPE other benchmarks (n_sites=6, n_occ=1): num_queries=72800, circuit_depth=[205440,194282][0m
[[1m[32m03:39:46[0m[1m[0m] [37mExact (n_sites=6, n_occ=5, t1=1.0, U=1.0, t2=0.05) = -6.054925915962238[0m
[[1m[32m03:42:43[0m[1m[0m] [37mVQE other benchmarks (n_sites=6, n_occ=5): num_queries=9100000, circuit_depth=[64,57][0m
[[1m[32m04:36:40[0m[1m[0m] [37mExact (n_sites=6, n_occ=12, t1=1.0, U=1.0, t2=0.05) = 6.000000000000002[0m
[[1m[32m06:08:11[0m[1m[0m] [37mIQPE other benchmarks (n_sites=6, n_occ=3): num_queries=72800, circuit_depth=[195240,182807][0m
[[1m[32m06:09:22[0m[1m[0m] [37mExact (n_sites=6, n_occ=10, t1=1.0, U=1.0, t2=0.05) = 0.30808802290397796[0m
[[1m[32m06:12:08[0m[1m[0m] [37mIQPE other benchmarks (n_sites=6, n_occ=4): num_queries=72800, circuit_depth=[202890,192369][0m
[[1m[32m06:20:05[0m[1m[0m] [37mExact (n_sites=6, n_occ=9, t1=1.0, U=1.0, t2=0.05) = -1.5801712263915961[0m
[[1m[32m06:20:54[0m[1m[0m] [37mVQE other benchmarks (n_sites=6, n_occ=9): num_queries=9100000, circuit_depth=[64,57][0m
[[1m[32m06:22:01[0m[1m[0m] [37mIQPE other benchmarks (n_sites=6, n_occ=6): num_queries=72800, circuit_depth=[202890,191094][0m
[[1m[32m06:23:55[0m[1m[0m] [37mVQE other benchmarks (n_sites=6, n_occ=10): num_queries=9100000, circuit_depth=[64,57][0m
[[1m[32m06:25:02[0m[1m[0m] [37mVQE other benchmarks (n_sites=6, n_occ=7): num_queries=9100000, circuit_depth=[64,57][0m
[[1m[32m06:31:34[0m[1m[0m] [37mIQPE other benchmarks (n_sites=6, n_occ=5): num_queries=72800, circuit_depth=[197790,185994][0m
[[1m[32m06:32:34[0m[1m[0m] [37mExact (n_sites=6, n_occ=11, t1=1.0, U=1.0, t2=0.05) = 3.112377344785322[0m
[[1m[32m08:19:47[0m[1m[0m] [37mIQPE other benchmarks (n_sites=6, n_occ=10): num_queries=72800, circuit_depth=[202890,191094][0m
[[1m[32m08:30:49[0m[1m[0m] [37mVQE other benchmarks (n_sites=6, n_occ=12): num_queries=9100000, circuit_depth=[64,57][0m
[[1m[32m08:56:54[0m[1m[0m] [37mIQPE other benchmarks (n_sites=6, n_occ=9): num_queries=72800, circuit_depth=[200340,189182][0m
[[1m[32m10:57:27[0m[1m[0m] [37mIQPE other benchmarks (n_sites=6, n_occ=12): num_queries=72800, circuit_depth=[220740,212132][0m
[[1m[32m11:41:13[0m[1m[0m] [37mIQPE other benchmarks (n_sites=6, n_occ=11): num_queries=72800, circuit_depth=[213090,202569][0m
[[1m[32m12:00:28[0m[1m[0m] [37mIQPE (n_sites=6, n_occ=0) = -0.0[0m
[[1m[32m12:00:28[0m[1m[0m] [37mVQE (n_sites=6, n_occ=0) = -0.09608291868130103[0m
[[1m[32m12:00:28[0m[1m[0m] [37mIQPE (n_sites=6, n_occ=1) = -30.55689729468197[0m
[[1m[32m12:00:28[0m[1m[0m] [37mVQE (n_sites=6, n_occ=1) = -1.8898750782093192[0m
[[1m[32m12:00:28[0m[1m[0m] [37mIQPE (n_sites=6, n_occ=2) = -31.293208072867078[0m
[[1m[32m12:00:28[0m[1m[0m] [37mVQE (n_sites=6, n_occ=2) = -3.44223872096041[0m
[[1m[32m12:00:28[0m[1m[0m] [37mIQPE (n_sites=6, n_occ=3) = -28.838838812250053[0m
[[1m[32m12:00:28[0m[1m[0m] [37mVQE (n_sites=6, n_occ=3) = -4.187661436103316[0m
[[1m[32m12:00:28[0m[1m[0m] [37mIQPE (n_sites=6, n_occ=4) = -29.452431127404306[0m
[[1m[32m12:00:28[0m[1m[0m] [37mVQE (n_sites=6, n_occ=4) = -4.499163798862535[0m
[[1m[32m12:00:28[0m[1m[0m] [37mIQPE (n_sites=6, n_occ=5) = -28.961557275280903[0m
[[1m[32m12:00:28[0m[1m[0m] [37mVQE (n_sites=6, n_occ=5) = -4.964199301497017[0m
[[1m[32m12:00:28[0m[1m[0m] [37mIQPE (n_sites=6, n_occ=6) = -30.802334220743674[0m
[[1m[32m12:00:28[0m[1m[0m] [37mVQE (n_sites=6, n_occ=6) = -4.13452512138492[0m
[[1m[32m12:00:28[0m[1m[0m] [37mIQPE (n_sites=6, n_occ=7) = -31.293208072867078[0m
[[1m[32m12:00:28[0m[1m[0m] [37mVQE (n_sites=6, n_occ=7) = -2.6131264030027865[0m
[[1m[32m12:00:28[0m[1m[0m] [37mIQPE (n_sites=6, n_occ=8) = -29.329712664373456[0m
[[1m[32m12:00:28[0m[1m[0m] [37mVQE (n_sites=6, n_occ=8) = -1.607520815390135[0m
[[1m[32m12:00:28[0m[1m[0m] [37mIQPE (n_sites=6, n_occ=9) = -28.838838812250053[0m
[[1m[32m12:00:28[0m[1m[0m] [37mVQE (n_sites=6, n_occ=9) = 0.03847233887679602[0m
[[1m[32m12:00:28[0m[1m[0m] [37mIQPE (n_sites=6, n_occ=10) = -27.48893571891069[0m
[[1m[32m12:00:28[0m[1m[0m] [37mVQE (n_sites=6, n_occ=10) = 1.478316822519278[0m
[[1m[32m12:00:28[0m[1m[0m] [37mIQPE (n_sites=6, n_occ=11) = -27.36621725587984[0m
[[1m[32m12:00:28[0m[1m[0m] [37mVQE (n_sites=6, n_occ=11) = 3.596131682054823[0m
[[1m[32m12:00:28[0m[1m[0m] [37mIQPE (n_sites=6, n_occ=12) = -25.402721847386214[0m
[[1m[32m12:00:28[0m[1m[0m] [37mVQE (n_sites=6, n_occ=12) = 5.906788713642716[0m
All configurations completed at Sat May  2 12:00:29 PDT 2026
