[[1m[32m20:24:54[0m[1m[0m] [37mExact (n_sites=4, n_occ=3) = -6.242640687119291[0m
[[1m[32m20:24:54[0m[1m[0m] [37mVQE other benchmarks (n_sites=4, n_occ=2): num_queries=2400000, circuit_depth=[52,45][0m
[[1m[32m20:24:54[0m[1m[0m] [37mExact (n_sites=4, n_occ=1) = -3.4142135623730976[0m
[[1m[32m20:24:54[0m[1m[0m] [37mVQE other benchmarks (n_sites=4, n_occ=0): num_queries=2400000, circuit_depth=[51,45][0m
[[1m[32m20:24:55[0m[1m[0m] [37mExact (n_sites=4, n_occ=2) = -6.828427124746195[0m
[[1m[32m20:24:55[0m[1m[0m] [37mExact (n_sites=4, n_occ=0) = 0.0[0m
[[1m[32m20:24:55[0m[1m[0m] [37mVQE other benchmarks (n_sites=4, n_occ=1): num_queries=2400000, circuit_depth=[52,45][0m
[[1m[32m20:27:02[0m[1m[0m] [37mVQE other benchmarks (n_sites=4, n_occ=5): num_queries=2400000, circuit_depth=[52,45][0m
[[1m[32m20:29:07[0m[1m[0m] [37mVQE other benchmarks (n_sites=4, n_occ=7): num_queries=2400000, circuit_depth=[52,45][0m
[[1m[32m20:30:24[0m[1m[0m] [37mIQPE other benchmarks (n_sites=4, n_occ=2): num_queries=19200, circuit_depth=[55627,52119][0m
[[1m[32m20:30:24[0m[1m[0m] [37mExact (n_sites=4, n_occ=6) = -2.8284271247461956[0m
[[1m[32m20:30:26[0m[1m[0m] [37mIQPE other benchmarks (n_sites=4, n_occ=1): num_queries=19200, circuit_depth=[55627,52119][0m
[[1m[32m20:30:30[0m[1m[0m] [37mExact (n_sites=4, n_occ=5) = -4.242640687119291[0m
[[1m[32m20:30:30[0m[1m[0m] [37mVQE other benchmarks (n_sites=4, n_occ=4): num_queries=2400000, circuit_depth=[52,45][0m
[[1m[32m20:30:32[0m[1m[0m] [37mExact (n_sites=4, n_occ=4) = -5.656854249492386[0m
[[1m[32m20:30:34[0m[1m[0m] [37mVQE other benchmarks (n_sites=4, n_occ=3): num_queries=2400000, circuit_depth=[52,45][0m
[[1m[32m20:30:35[0m[1m[0m] [37mVQE other benchmarks (n_sites=4, n_occ=6): num_queries=2400000, circuit_depth=[52,45][0m
[[1m[32m20:30:36[0m[1m[0m] [37mIQPE other benchmarks (n_sites=4, n_occ=0): num_queries=19200, circuit_depth=[55627,52119][0m
[[1m[32m20:30:39[0m[1m[0m] [37mExact (n_sites=4, n_occ=7) = -1.4142135623731[0m
[[1m[32m20:35:36[0m[1m[0m] [37mIQPE other benchmarks (n_sites=4, n_occ=5): num_queries=19200, circuit_depth=[55627,52119][0m
[[1m[32m20:35:41[0m[1m[0m] [37mIQPE other benchmarks (n_sites=4, n_occ=4): num_queries=19200, circuit_depth=[55627,52119][0m
[[1m[32m20:35:44[0m[1m[0m] [37mIQPE other benchmarks (n_sites=4, n_occ=3): num_queries=19200, circuit_depth=[55627,52119][0m
[[1m[32m20:35:46[0m[1m[0m] [37mIQPE other benchmarks (n_sites=4, n_occ=6): num_queries=19200, circuit_depth=[55627,52119][0m
[[1m[32m20:35:49[0m[1m[0m] [37mExact (n_sites=4, n_occ=8) = -2.6645352591003757e-15[0m
[[1m[32m20:35:53[0m[1m[0m] [37mVQE other benchmarks (n_sites=4, n_occ=8): num_queries=2400000, circuit_depth=[52,45][0m
[[1m[32m20:40:47[0m[1m[0m] [37mIQPE other benchmarks (n_sites=4, n_occ=8): num_queries=19200, circuit_depth=[55627,52119][0m
[[1m[32m20:40:54[0m[1m[0m] [37mIQPE other benchmarks (n_sites=4, n_occ=7): num_queries=19200, circuit_depth=[55627,52119][0m
[[1m[32m21:46:33[0m[1m[0m] [37mIQPE (n_sites=4, n_occ=0) = -0.0[0m
[[1m[32m21:46:33[0m[1m[0m] [37mVQE (n_sites=4, n_occ=0) = -0.13166591973418412[0m
[[1m[32m21:46:33[0m[1m[0m] [37mIQPE (n_sites=4, n_occ=1) = -30.925052683774528[0m
[[1m[32m21:46:33[0m[1m[0m] [37mVQE (n_sites=4, n_occ=1) = -3.315080561094951[0m
[[1m[32m21:46:33[0m[1m[0m] [37mIQPE (n_sites=4, n_occ=2) = -29.452431127404306[0m
[[1m[32m21:46:33[0m[1m[0m] [37mVQE (n_sites=4, n_occ=2) = -6.419583985143576[0m
[[1m[32m21:46:33[0m[1m[0m] [37mIQPE (n_sites=4, n_occ=3) = -28.961557275280903[0m
[[1m[32m21:46:33[0m[1m[0m] [37mVQE (n_sites=4, n_occ=3) = -5.435292724663529[0m
[[1m[32m21:46:33[0m[1m[0m] [37mIQPE (n_sites=4, n_occ=4) = -27.48893571891069[0m
[[1m[32m21:46:33[0m[1m[0m] [37mVQE (n_sites=4, n_occ=4) = -4.636065325682893[0m
[[1m[32m21:46:33[0m[1m[0m] [37mIQPE (n_sites=4, n_occ=5) = -30.925052683774528[0m
[[1m[32m21:46:33[0m[1m[0m] [37mVQE (n_sites=4, n_occ=5) = -3.562915581753321[0m
[[1m[32m21:46:33[0m[1m[0m] [37mIQPE (n_sites=4, n_occ=6) = -29.452431127404306[0m
[[1m[32m21:46:33[0m[1m[0m] [37mVQE (n_sites=4, n_occ=6) = -2.598499641489404[0m
[[1m[32m21:46:33[0m[1m[0m] [37mIQPE (n_sites=4, n_occ=7) = -1.4726215563702154[0m
[[1m[32m21:46:33[0m[1m[0m] [37mVQE (n_sites=4, n_occ=7) = -1.4037603802891288[0m
[[1m[32m21:46:33[0m[1m[0m] [37mIQPE (n_sites=4, n_occ=8) = -0.0[0m
[[1m[32m21:46:33[0m[1m[0m] [37mVQE (n_sites=4, n_occ=8) = -0.09351776690314428[0m
Configuration completed at Fri May  1 21:46:34 PDT 2026
