[[1m[32m21:09:17[0m[1m[0m] [37mVQE other benchmarks (n_sites=6, n_occ=0): num_queries=7200000, circuit_depth=[63,57][0m
[[1m[32m21:09:19[0m[1m[0m] [37mVQE other benchmarks (n_sites=6, n_occ=0): num_queries=7200000, circuit_depth=[63,57][0m
[[1m[32m21:09:19[0m[1m[0m] [37mExact (n_sites=4, n_occ=1) = -2.707106781186549[0m
[[1m[32m21:09:20[0m[1m[0m] [37mExact (n_sites=6, n_occ=3) = -5.167303260747562[0m
[[1m[32m21:09:20[0m[1m[0m] [37mExact (n_sites=6, n_occ=0) = 0.0[0m
[[1m[32m21:09:20[0m[1m[0m] [37mVQE other benchmarks (n_sites=6, n_occ=1): num_queries=7200000, circuit_depth=[64,57][0m
[[1m[32m21:09:20[0m[1m[0m] [37mVQE other benchmarks (n_sites=4, n_occ=2): num_queries=2400000, circuit_depth=[52,45][0m
[[1m[32m21:09:20[0m[1m[0m] [37mVQE other benchmarks (n_sites=4, n_occ=0): num_queries=2400000, circuit_depth=[51,45][0m
[[1m[32m21:09:25[0m[1m[0m] [37mVQE other benchmarks (n_sites=6, n_occ=2): num_queries=7200000, circuit_depth=[64,57][0m
[[1m[32m21:09:35[0m[1m[0m] [37mVQE other benchmarks (n_sites=6, n_occ=1): num_queries=7200000, circuit_depth=[64,57][0m
[[1m[32m21:10:08[0m[1m[0m] [37mExact (n_sites=6, n_occ=2) = -5.414213562373094[0m
[[1m[32m21:10:32[0m[1m[0m] [37mExact (n_sites=6, n_occ=2) = -6.828427124746189[0m
[[1m[32m21:11:18[0m[1m[0m] [37mExact (n_sites=6, n_occ=1) = -3.414213562373095[0m
[[1m[32m21:12:06[0m[1m[0m] [37mExact (n_sites=6, n_occ=0) = 0.0[0m
[[1m[32m21:12:22[0m[1m[0m] [37mExact (n_sites=6, n_occ=1) = -2.707106781186548[0m
[[1m[32m21:12:48[0m[1m[0m] [37mExact (n_sites=4, n_occ=0) = 0.0[0m
[[1m[32m21:12:54[0m[1m[0m] [37mIQPE other benchmarks (n_sites=4, n_occ=1): num_queries=19200, circuit_depth=[55469,51961][0m
[[1m[32m21:13:02[0m[1m[0m] [37mIQPE other benchmarks (n_sites=4, n_occ=2): num_queries=19200, circuit_depth=[55469,51961][0m
[[1m[32m21:13:12[0m[1m[0m] [37mExact (n_sites=6, n_occ=1) = -2.070710678118655[0m
[[1m[32m21:13:21[0m[1m[0m] [37mExact (n_sites=4, n_occ=5) = -3.2928932188134548[0m
[[1m[32m21:13:53[0m[1m[0m] [37mExact (n_sites=4, n_occ=2) = -5.414213562373098[0m
[[1m[32m21:14:09[0m[1m[0m] [37mVQE other benchmarks (n_sites=4, n_occ=1): num_queries=2400000, circuit_depth=[52,45][0m
[[1m[32m21:14:27[0m[1m[0m] [37mExact (n_sites=6, n_occ=3) = -6.673032607475616[0m
[[1m[32m21:14:41[0m[1m[0m] [37mVQE other benchmarks (n_sites=6, n_occ=1): num_queries=7200000, circuit_depth=[64,57][0m
[[1m[32m21:14:46[0m[1m[0m] [37mVQE other benchmarks (n_sites=4, n_occ=5): num_queries=2400000, circuit_depth=[52,45][0m
[[1m[32m21:14:51[0m[1m[0m] [37mExact (n_sites=4, n_occ=7) = -1.2928932188134543[0m
[[1m[32m21:15:05[0m[1m[0m] [37mVQE other benchmarks (n_sites=6, n_occ=2): num_queries=7200000, circuit_depth=[64,57][0m
[[1m[32m21:15:14[0m[1m[0m] [37mVQE other benchmarks (n_sites=4, n_occ=3): num_queries=2400000, circuit_depth=[52,45][0m
[[1m[32m21:15:20[0m[1m[0m] [37mExact (n_sites=6, n_occ=2) = -4.14142135623731[0m
[[1m[32m21:15:50[0m[1m[0m] [37mVQE other benchmarks (n_sites=6, n_occ=0): num_queries=7200000, circuit_depth=[63,57][0m
[[1m[32m21:16:07[0m[1m[0m] [37mIQPE other benchmarks (n_sites=4, n_occ=0): num_queries=19200, circuit_depth=[55627,52119][0m
[[1m[32m21:16:10[0m[1m[0m] [37mExact (n_sites=6, n_occ=3) = -8.346065214951231[0m
[[1m[32m21:16:28[0m[1m[0m] [37mExact (n_sites=4, n_occ=3) = -4.707106781186551[0m
[[1m[32m21:16:38[0m[1m[0m] [37mVQE other benchmarks (n_sites=6, n_occ=2): num_queries=7200000, circuit_depth=[64,57][0m
[[1m[32m21:16:42[0m[1m[0m] [37mExact (n_sites=6, n_occ=0) = 0.0[0m
[[1m[32m21:18:18[0m[1m[0m] [37mExact (n_sites=4, n_occ=6) = -2.585786437626907[0m
[[1m[32m21:19:23[0m[1m[0m] [37mVQE other benchmarks (n_sites=4, n_occ=4): num_queries=2400000, circuit_depth=[52,45][0m
[[1m[32m21:19:58[0m[1m[0m] [37mVQE other benchmarks (n_sites=4, n_occ=8): num_queries=2400000, circuit_depth=[52,45][0m
[[1m[32m21:20:07[0m[1m[0m] [37mVQE other benchmarks (n_sites=4, n_occ=6): num_queries=2400000, circuit_depth=[52,45][0m
[[1m[32m21:20:17[0m[1m[0m] [37mExact (n_sites=4, n_occ=4) = -4.000000000000003[0m
[[1m[32m21:20:46[0m[1m[0m] [37mVQE other benchmarks (n_sites=4, n_occ=7): num_queries=2400000, circuit_depth=[52,45][0m
[[1m[32m21:23:11[0m[1m[0m] [37mIQPE other benchmarks (n_sites=4, n_occ=4): num_queries=19200, circuit_depth=[55627,52119][0m
[[1m[32m21:23:29[0m[1m[0m] [37mIQPE other benchmarks (n_sites=4, n_occ=5): num_queries=19200, circuit_depth=[55627,52119][0m
[[1m[32m21:24:22[0m[1m[0m] [37mIQPE other benchmarks (n_sites=4, n_occ=6): num_queries=19200, circuit_depth=[55627,52119][0m
[[1m[32m21:27:33[0m[1m[0m] [37mIQPE other benchmarks (n_sites=4, n_occ=3): num_queries=19200, circuit_depth=[55627,52119][0m
[[1m[32m21:27:48[0m[1m[0m] [37mExact (n_sites=4, n_occ=8) = -1.7763568394002505e-15[0m
[[1m[32m21:28:01[0m[1m[0m] [37mExact (n_sites=6, n_occ=4) = -7.931851652578136[0m
[[1m[32m21:29:49[0m[1m[0m] [37mVQE other benchmarks (n_sites=6, n_occ=3): num_queries=7200000, circuit_depth=[64,57][0m
[[1m[32m21:30:43[0m[1m[0m] [37mIQPE other benchmarks (n_sites=4, n_occ=7): num_queries=19200, circuit_depth=[55627,52119][0m
[[1m[32m21:32:47[0m[1m[0m] [37mVQE other benchmarks (n_sites=6, n_occ=6): num_queries=7200000, circuit_depth=[64,57][0m
[[1m[32m21:33:07[0m[1m[0m] [37mIQPE other benchmarks (n_sites=4, n_occ=8): num_queries=19200, circuit_depth=[55627,52119][0m
[[1m[32m21:35:32[0m[1m[0m] [37mExact (n_sites=6, n_occ=6) = -7.999999999999997[0m
[[1m[32m21:46:36[0m[1m[0m] [37mExact (n_sites=6, n_occ=10) = -5.863703305156269[0m
[[1m[32m21:49:14[0m[1m[0m] [37mIQPE other benchmarks (n_sites=6, n_occ=4): num_queries=57600, circuit_depth=[197632,187748][0m
[[1m[32m21:49:27[0m[1m[0m] [37mVQE other benchmarks (n_sites=6, n_occ=7): num_queries=7200000, circuit_depth=[64,57][0m
[[1m[32m21:51:47[0m[1m[0m] [37mIQPE other benchmarks (n_sites=6, n_occ=5): num_queries=57600, circuit_depth=[200182,189661][0m
[[1m[32m21:52:57[0m[1m[0m] [37mVQE other benchmarks (n_sites=6, n_occ=7): num_queries=7200000, circuit_depth=[64,57][0m
[[1m[32m21:59:55[0m[1m[0m] [37mExact (n_sites=6, n_occ=5) = -7.096592582628905[0m
[[1m[32m22:05:04[0m[1m[0m] [37mVQE other benchmarks (n_sites=6, n_occ=11): num_queries=7200000, circuit_depth=[64,57][0m
[[1m[32m22:05:28[0m[1m[0m] [37mVQE other benchmarks (n_sites=6, n_occ=12): num_queries=7200000, circuit_depth=[64,57][0m
[[1m[32m22:07:01[0m[1m[0m] [37mIQPE other benchmarks (n_sites=6, n_occ=8): num_queries=57600, circuit_depth=[205282,194761][0m
[[1m[32m22:08:14[0m[1m[0m] [37mVQE other benchmarks (n_sites=6, n_occ=12): num_queries=7200000, circuit_depth=[64,57][0m
[[1m[32m22:23:34[0m[1m[0m] [37mIQPE other benchmarks (n_sites=6, n_occ=12): num_queries=57600, circuit_depth=[187432,174998][0m
[[1m[32m22:27:55[0m[1m[0m] [37mIQPE other benchmarks (n_sites=6, n_occ=12): num_queries=57600, circuit_depth=[212932,203048][0m
[[1m[32m22:28:51[0m[1m[0m] [37mIQPE other benchmarks (n_sites=6, n_occ=11): num_queries=57600, circuit_depth=[202732,192848][0m
[[1m[32m22:42:21[0m[1m[0m] [37mIQPE (n_sites=4, n_occ=0) = -0.0[0m
[[1m[32m22:42:21[0m[1m[0m] [37mVQE (n_sites=4, n_occ=0) = -0.0761655600795765[0m
[[1m[32m22:42:21[0m[1m[0m] [37mIQPE (n_sites=4, n_occ=1) = -30.67961575771282[0m
[[1m[32m22:42:21[0m[1m[0m] [37mVQE (n_sites=4, n_occ=1) = -2.624379043456473[0m
[[1m[32m22:42:21[0m[1m[0m] [37mIQPE (n_sites=4, n_occ=2) = -29.452431127404306[0m
[[1m[32m22:42:21[0m[1m[0m] [37mVQE (n_sites=4, n_occ=2) = -5.040944829547753[0m
[[1m[32m22:42:21[0m[1m[0m] [37mIQPE (n_sites=4, n_occ=3) = -28.716120349219203[0m
[[1m[32m22:42:21[0m[1m[0m] [37mVQE (n_sites=4, n_occ=3) = -4.469530799966872[0m
[[1m[32m22:42:21[0m[1m[0m] [37mIQPE (n_sites=4, n_occ=4) = -27.48893571891069[0m
[[1m[32m22:42:21[0m[1m[0m] [37mVQE (n_sites=4, n_occ=4) = -3.749810526720703[0m
[[1m[32m22:42:21[0m[1m[0m] [37mIQPE (n_sites=4, n_occ=5) = -30.67961575771282[0m
[[1m[32m22:42:21[0m[1m[0m] [37mVQE (n_sites=4, n_occ=5) = -2.9113968317594656[0m
[[1m[32m22:42:21[0m[1m[0m] [37mIQPE (n_sites=4, n_occ=6) = -29.452431127404306[0m
[[1m[32m22:42:21[0m[1m[0m] [37mVQE (n_sites=4, n_occ=6) = -2.2733533993236956[0m
[[1m[32m22:42:21[0m[1m[0m] [37mIQPE (n_sites=4, n_occ=7) = -1.2271846303085128[0m
[[1m[32m22:42:21[0m[1m[0m] [37mVQE (n_sites=4, n_occ=7) = -1.1398533679063207[0m
[[1m[32m22:42:21[0m[1m[0m] [37mIQPE (n_sites=4, n_occ=8) = -0.0[0m
[[1m[32m22:42:21[0m[1m[0m] [37mVQE (n_sites=4, n_occ=8) = -0.013565666786488184[0m
[[1m[32m22:49:21[0m[1m[0m] [37mIQPE other benchmarks (n_sites=6, n_occ=4): num_queries=57600, circuit_depth=[210540,200019][0m
[[1m[32m22:50:31[0m[1m[0m] [37mExact (n_sites=6, n_occ=8) = -6.0517638090205015[0m
[[1m[32m22:57:12[0m[1m[0m] [37mVQE other benchmarks (n_sites=6, n_occ=3): num_queries=7200000, circuit_depth=[64,57][0m
[[1m[32m22:58:37[0m[1m[0m] [37mIQPE other benchmarks (n_sites=6, n_occ=0): num_queries=57600, circuit_depth=[200340,189819][0m
[[1m[32m22:58:39[0m[1m[0m] [37mExact (n_sites=6, n_occ=6) = -8.898979485566354[0m
[[1m[32m22:59:52[0m[1m[0m] [37mExact (n_sites=6, n_occ=4) = -9.863703305156271[0m
[[1m[32m23:00:38[0m[1m[0m] [37mIQPE other benchmarks (n_sites=6, n_occ=2): num_queries=57600, circuit_depth=[197790,186632][0m
[[1m[32m23:00:45[0m[1m[0m] [37mVQE other benchmarks (n_sites=6, n_occ=5): num_queries=7200000, circuit_depth=[64,57][0m
[[1m[32m23:00:54[0m[1m[0m] [37mIQPE other benchmarks (n_sites=6, n_occ=0): num_queries=57600, circuit_depth=[210540,201294][0m
[[1m[32m23:01:08[0m[1m[0m] [37mExact (n_sites=6, n_occ=5) = -7.965925826289069[0m
[[1m[32m23:01:59[0m[1m[0m] [37mVQE other benchmarks (n_sites=6, n_occ=4): num_queries=7200000, circuit_depth=[64,57][0m
[[1m[32m23:03:20[0m[1m[0m] [37mExact (n_sites=6, n_occ=7) = -8.31319304793945[0m
[[1m[32m23:03:42[0m[1m[0m] [37mIQPE other benchmarks (n_sites=6, n_occ=2): num_queries=57600, circuit_depth=[192690,180257][0m
[[1m[32m23:04:21[0m[1m[0m] [37mVQE other benchmarks (n_sites=6, n_occ=6): num_queries=7200000, circuit_depth=[64,57][0m
[[1m[32m23:04:22[0m[1m[0m] [37mExact (n_sites=6, n_occ=4) = -6.1931851652578125[0m
[[1m[32m23:04:26[0m[1m[0m] [37mExact (n_sites=6, n_occ=5) = -9.381341395361314[0m
[[1m[32m23:04:27[0m[1m[0m] [37mIQPE other benchmarks (n_sites=6, n_occ=2): num_queries=57600, circuit_depth=[197790,185357][0m
[[1m[32m23:05:10[0m[1m[0m] [37mVQE other benchmarks (n_sites=6, n_occ=3): num_queries=7200000, circuit_depth=[64,57][0m
[[1m[32m23:05:10[0m[1m[0m] [37mIQPE other benchmarks (n_sites=6, n_occ=1): num_queries=57600, circuit_depth=[197790,186632][0m
[[1m[32m23:05:11[0m[1m[0m] [37mExact (n_sites=6, n_occ=7) = -7.258819045102521[0m
[[1m[32m23:05:17[0m[1m[0m] [37mVQE other benchmarks (n_sites=6, n_occ=5): num_queries=7200000, circuit_depth=[64,57][0m
[[1m[32m23:06:30[0m[1m[0m] [37mIQPE other benchmarks (n_sites=6, n_occ=1): num_queries=57600, circuit_depth=[205440,194919][0m
[[1m[32m23:07:20[0m[1m[0m] [37mIQPE other benchmarks (n_sites=6, n_occ=1): num_queries=57600, circuit_depth=[200340,189819][0m
[[1m[32m23:07:34[0m[1m[0m] [37mVQE other benchmarks (n_sites=6, n_occ=4): num_queries=7200000, circuit_depth=[64,57][0m
[[1m[32m23:08:23[0m[1m[0m] [37mIQPE other benchmarks (n_sites=6, n_occ=0): num_queries=57600, circuit_depth=[200340,189819][0m
[[1m[32m23:08:54[0m[1m[0m] [37mExact (n_sites=6, n_occ=7) = -7.02588190451025[0m
[[1m[32m23:11:19[0m[1m[0m] [37mVQE other benchmarks (n_sites=6, n_occ=4): num_queries=7200000, circuit_depth=[64,57][0m
[[1m[32m23:12:04[0m[1m[0m] [37mVQE other benchmarks (n_sites=6, n_occ=5): num_queries=7200000, circuit_depth=[64,57][0m
[[1m[32m23:12:50[0m[1m[0m] [37mVQE other benchmarks (n_sites=6, n_occ=6): num_queries=7200000, circuit_depth=[64,57][0m
[[1m[32m23:14:01[0m[1m[0m] [37mExact (n_sites=6, n_occ=6) = -8.0[0m
[[1m[32m23:33:57[0m[1m[0m] [37mIQPE other benchmarks (n_sites=6, n_occ=7): num_queries=57600, circuit_depth=[215640,206394][0m
[[1m[32m23:37:48[0m[1m[0m] [37mIQPE other benchmarks (n_sites=6, n_occ=8): num_queries=57600, circuit_depth=[210540,200019][0m
[[1m[32m00:39:44[0m[1m[0m] [37mIQPE other benchmarks (n_sites=6, n_occ=3): num_queries=57600, circuit_depth=[200340,189819][0m
[[1m[32m00:42:21[0m[1m[0m] [37mVQE other benchmarks (n_sites=6, n_occ=9): num_queries=7200000, circuit_depth=[64,57][0m
[[1m[32m00:46:51[0m[1m[0m] [37mVQE other benchmarks (n_sites=6, n_occ=10): num_queries=7200000, circuit_depth=[64,57][0m
[[1m[32m00:47:27[0m[1m[0m] [37mIQPE other benchmarks (n_sites=6, n_occ=6): num_queries=57600, circuit_depth=[182490,168782][0m
[[1m[32m00:49:08[0m[1m[0m] [37mIQPE other benchmarks (n_sites=6, n_occ=5): num_queries=57600, circuit_depth=[202890,191732][0m
[[1m[32m00:51:43[0m[1m[0m] [37mExact (n_sites=6, n_occ=9) = -4.955171226391596[0m
[[1m[32m00:51:51[0m[1m[0m] [37mExact (n_sites=6, n_occ=9) = -6.795554957734407[0m
[[1m[32m00:53:08[0m[1m[0m] [37mVQE other benchmarks (n_sites=6, n_occ=10): num_queries=7200000, circuit_depth=[64,57][0m
[[1m[32m00:53:15[0m[1m[0m] [37mVQE other benchmarks (n_sites=6, n_occ=8): num_queries=7200000, circuit_depth=[64,57][0m
[[1m[32m00:54:13[0m[1m[0m] [37mVQE other benchmarks (n_sites=6, n_occ=7): num_queries=7200000, circuit_depth=[64,57][0m
[[1m[32m00:55:06[0m[1m[0m] [37mIQPE other benchmarks (n_sites=6, n_occ=4): num_queries=57600, circuit_depth=[210540,201294][0m
[[1m[32m00:56:31[0m[1m[0m] [37mVQE other benchmarks (n_sites=6, n_occ=8): num_queries=7200000, circuit_depth=[64,57][0m
[[1m[32m00:56:34[0m[1m[0m] [37mIQPE other benchmarks (n_sites=6, n_occ=6): num_queries=57600, circuit_depth=[210540,201294][0m
[[1m[32m00:56:40[0m[1m[0m] [37mExact (n_sites=6, n_occ=11) = -2.931851652578136[0m
[[1m[32m00:57:03[0m[1m[0m] [37mVQE other benchmarks (n_sites=6, n_occ=9): num_queries=7200000, circuit_depth=[64,57][0m
[[1m[32m00:57:20[0m[1m[0m] [37mIQPE other benchmarks (n_sites=6, n_occ=3): num_queries=57600, circuit_depth=[200340,189819][0m
[[1m[32m00:58:36[0m[1m[0m] [37mIQPE other benchmarks (n_sites=6, n_occ=5): num_queries=57600, circuit_depth=[190140,178344][0m
[[1m[32m00:59:22[0m[1m[0m] [37mExact (n_sites=6, n_occ=11) = -1.9659258262890713[0m
[[1m[32m00:59:42[0m[1m[0m] [37mExact (n_sites=6, n_occ=10) = -3.858578643762689[0m
[[1m[32m01:01:31[0m[1m[0m] [37mExact (n_sites=6, n_occ=9) = -5.224744871391589[0m
[[1m[32m01:03:35[0m[1m[0m] [37mVQE other benchmarks (n_sites=6, n_occ=10): num_queries=7200000, circuit_depth=[64,57][0m
[[1m[32m01:04:21[0m[1m[0m] [37mIQPE other benchmarks (n_sites=6, n_occ=3): num_queries=57600, circuit_depth=[192690,180257][0m
[[1m[32m01:04:38[0m[1m[0m] [37mExact (n_sites=6, n_occ=8) = -7.727406610312544[0m
[[1m[32m01:04:44[0m[1m[0m] [37mVQE other benchmarks (n_sites=6, n_occ=8): num_queries=7200000, circuit_depth=[64,57][0m
[[1m[32m01:06:51[0m[1m[0m] [37mIQPE other benchmarks (n_sites=6, n_occ=6): num_queries=57600, circuit_depth=[210540,201294][0m
[[1m[32m01:09:43[0m[1m[0m] [37mExact (n_sites=6, n_occ=11) = -1.929289321881344[0m
[[1m[32m01:09:47[0m[1m[0m] [37mExact (n_sites=6, n_occ=10) = -3.9318516525781373[0m
[[1m[32m01:12:26[0m[1m[0m] [37mExact (n_sites=6, n_occ=8) = -6.517638090205041[0m
[[1m[32m01:13:44[0m[1m[0m] [37mVQE other benchmarks (n_sites=6, n_occ=9): num_queries=7200000, circuit_depth=[64,57][0m
[[1m[32m02:37:56[0m[1m[0m] [37mIQPE other benchmarks (n_sites=6, n_occ=7): num_queries=57600, circuit_depth=[195240,183444][0m
[[1m[32m02:39:14[0m[1m[0m] [37mVQE other benchmarks (n_sites=6, n_occ=11): num_queries=7200000, circuit_depth=[64,57][0m
[[1m[32m02:40:49[0m[1m[0m] [37mIQPE other benchmarks (n_sites=6, n_occ=9): num_queries=57600, circuit_depth=[192690,180257][0m
[[1m[32m02:43:40[0m[1m[0m] [37mExact (n_sites=6, n_occ=12) = 4.440892098500626e-16[0m
[[1m[32m02:47:11[0m[1m[0m] [37mIQPE other benchmarks (n_sites=6, n_occ=10): num_queries=57600, circuit_depth=[200340,189819][0m
[[1m[32m02:54:01[0m[1m[0m] [37mIQPE other benchmarks (n_sites=6, n_occ=9): num_queries=57600, circuit_depth=[190140,178344][0m
[[1m[32m02:56:06[0m[1m[0m] [37mIQPE other benchmarks (n_sites=6, n_occ=7): num_queries=57600, circuit_depth=[185040,173244][0m
[[1m[32m03:02:21[0m[1m[0m] [37mIQPE other benchmarks (n_sites=6, n_occ=8): num_queries=57600, circuit_depth=[202890,193007][0m
[[1m[32m03:02:26[0m[1m[0m] [37mIQPE other benchmarks (n_sites=6, n_occ=9): num_queries=57600, circuit_depth=[190140,178344][0m
[[1m[32m03:03:25[0m[1m[0m] [37mIQPE other benchmarks (n_sites=6, n_occ=10): num_queries=57600, circuit_depth=[192690,181532][0m
[[1m[32m03:09:22[0m[1m[0m] [37mIQPE other benchmarks (n_sites=6, n_occ=10): num_queries=57600, circuit_depth=[192690,181532][0m
[[1m[32m03:18:33[0m[1m[0m] [37mVQE other benchmarks (n_sites=6, n_occ=11): num_queries=7200000, circuit_depth=[64,57][0m
[[1m[32m03:23:18[0m[1m[0m] [37mExact (n_sites=6, n_occ=12) = -3.3306690738754696e-15[0m
[[1m[32m03:24:45[0m[1m[0m] [37mExact (n_sites=6, n_occ=12) = 1.3322676295501878e-15[0m
[[1m[32m03:36:19[0m[1m[0m] [37mVQE other benchmarks (n_sites=6, n_occ=12): num_queries=7200000, circuit_depth=[64,57][0m
[[1m[32m04:38:03[0m[1m[0m] [37mIQPE other benchmarks (n_sites=6, n_occ=12): num_queries=57600, circuit_depth=[197790,185357][0m
[[1m[32m05:16:28[0m[1m[0m] [37mIQPE other benchmarks (n_sites=6, n_occ=11): num_queries=57600, circuit_depth=[190140,178344][0m
[[1m[32m05:19:16[0m[1m[0m] [37mIQPE (n_sites=6, n_occ=0) = -0.0[0m
[[1m[32m05:19:16[0m[1m[0m] [37mVQE (n_sites=6, n_occ=0) = -0.041785027310199244[0m
[[1m[32m05:19:16[0m[1m[0m] [37mIQPE (n_sites=6, n_occ=1) = -30.55689729468197[0m
[[1m[32m05:19:16[0m[1m[0m] [37mVQE (n_sites=6, n_occ=1) = -1.956780346107369[0m
[[1m[32m05:19:16[0m[1m[0m] [37mIQPE (n_sites=6, n_occ=2) = -31.293208072867078[0m
[[1m[32m05:19:16[0m[1m[0m] [37mVQE (n_sites=6, n_occ=2) = -3.647913608582646[0m
[[1m[32m05:19:16[0m[1m[0m] [37mIQPE (n_sites=6, n_occ=3) = -30.434178831651117[0m
[[1m[32m05:19:16[0m[1m[0m] [37mVQE (n_sites=6, n_occ=3) = -4.223470716488984[0m
[[1m[32m05:19:16[0m[1m[0m] [37mIQPE (n_sites=6, n_occ=4) = -31.293208072867078[0m
[[1m[32m05:19:16[0m[1m[0m] [37mVQE (n_sites=6, n_occ=4) = -5.262289735991866[0m
[[1m[32m05:19:16[0m[1m[0m] [37mIQPE (n_sites=6, n_occ=5) = -30.311460368620267[0m
[[1m[32m05:19:16[0m[1m[0m] [37mVQE (n_sites=6, n_occ=5) = -5.616735663647134[0m
[[1m[32m05:19:16[0m[1m[0m] [37mIQPE (n_sites=6, n_occ=6) = -31.293208072867078[0m
[[1m[32m05:19:16[0m[1m[0m] [37mVQE (n_sites=6, n_occ=6) = -5.401117740845885[0m
[[1m[32m05:19:16[0m[1m[0m] [37mIQPE (n_sites=6, n_occ=7) = -30.434178831651117[0m
[[1m[32m05:19:16[0m[1m[0m] [37mVQE (n_sites=6, n_occ=7) = -4.943156113392689[0m
[[1m[32m05:19:16[0m[1m[0m] [37mIQPE (n_sites=6, n_occ=8) = -31.293208072867078[0m
[[1m[32m05:19:16[0m[1m[0m] [37mVQE (n_sites=6, n_occ=8) = -4.392741254908364[0m
[[1m[32m05:19:16[0m[1m[0m] [37mIQPE (n_sites=6, n_occ=9) = -30.434178831651117[0m
[[1m[32m05:19:16[0m[1m[0m] [37mVQE (n_sites=6, n_occ=9) = -3.415054270667567[0m
[[1m[32m05:19:16[0m[1m[0m] [37mIQPE (n_sites=6, n_occ=10) = -31.293208072867078[0m
[[1m[32m05:19:16[0m[1m[0m] [37mVQE (n_sites=6, n_occ=10) = -2.87471950166872[0m
[[1m[32m05:19:16[0m[1m[0m] [37mIQPE (n_sites=6, n_occ=11) = -30.311460368620267[0m
[[1m[32m05:19:16[0m[1m[0m] [37mVQE (n_sites=6, n_occ=11) = -1.38367505712151[0m
[[1m[32m05:19:16[0m[1m[0m] [37mIQPE (n_sites=6, n_occ=12) = -0.0[0m
[[1m[32m05:19:16[0m[1m[0m] [37mVQE (n_sites=6, n_occ=12) = -0.05847045281905043[0m
[[1m[32m05:34:49[0m[1m[0m] [37mIQPE other benchmarks (n_sites=6, n_occ=11): num_queries=57600, circuit_depth=[197790,186632][0m
[[1m[32m05:35:11[0m[1m[0m] [37mIQPE (n_sites=6, n_occ=0) = -0.0[0m
[[1m[32m05:35:11[0m[1m[0m] [37mVQE (n_sites=6, n_occ=0) = -0.0499447996828921[0m
[[1m[32m05:35:11[0m[1m[0m] [37mIQPE (n_sites=6, n_occ=1) = -30.67961575771282[0m
[[1m[32m05:35:11[0m[1m[0m] [37mVQE (n_sites=6, n_occ=1) = -2.5216224826739384[0m
[[1m[32m05:35:11[0m[1m[0m] [37mIQPE (n_sites=6, n_occ=2) = -30.925052683774528[0m
[[1m[32m05:35:11[0m[1m[0m] [37mVQE (n_sites=6, n_occ=2) = -5.035689596970076[0m
[[1m[32m05:35:11[0m[1m[0m] [37mIQPE (n_sites=6, n_occ=3) = -30.925052683774528[0m
[[1m[32m05:35:11[0m[1m[0m] [37mVQE (n_sites=6, n_occ=3) = -5.639702147507762[0m
[[1m[32m05:35:11[0m[1m[0m] [37mIQPE (n_sites=6, n_occ=4) = -31.170489609836228[0m
[[1m[32m05:35:11[0m[1m[0m] [37mVQE (n_sites=6, n_occ=4) = -6.153144903055502[0m
[[1m[32m05:35:11[0m[1m[0m] [37mIQPE (n_sites=6, n_occ=5) = -31.170489609836228[0m
[[1m[32m05:35:11[0m[1m[0m] [37mVQE (n_sites=6, n_occ=5) = -6.271512662896913[0m
[[1m[32m05:35:11[0m[1m[0m] [37mIQPE (n_sites=6, n_occ=6) = -31.170489609836228[0m
[[1m[32m05:35:11[0m[1m[0m] [37mVQE (n_sites=6, n_occ=6) = -5.552123793727986[0m
[[1m[32m05:35:11[0m[1m[0m] [37mIQPE (n_sites=6, n_occ=7) = -30.925052683774528[0m
[[1m[32m05:35:11[0m[1m[0m] [37mVQE (n_sites=6, n_occ=7) = -4.7736431783856155[0m
[[1m[32m05:35:11[0m[1m[0m] [37mIQPE (n_sites=6, n_occ=8) = -29.452431127404306[0m
[[1m[32m05:35:11[0m[1m[0m] [37mVQE (n_sites=6, n_occ=8) = -4.457291221741672[0m
[[1m[32m05:35:11[0m[1m[0m] [37mIQPE (n_sites=6, n_occ=9) = -31.170489609836228[0m
[[1m[32m05:35:11[0m[1m[0m] [37mVQE (n_sites=6, n_occ=9) = -3.37143510622777[0m
[[1m[32m05:35:11[0m[1m[0m] [37mIQPE (n_sites=6, n_occ=10) = -2.945243112740431[0m
[[1m[32m05:35:11[0m[1m[0m] [37mVQE (n_sites=6, n_occ=10) = -2.5679844887924967[0m
[[1m[32m05:35:11[0m[1m[0m] [37mIQPE (n_sites=6, n_occ=11) = -1.718058482431918[0m
[[1m[32m05:35:11[0m[1m[0m] [37mVQE (n_sites=6, n_occ=11) = -1.31756938369519[0m
[[1m[32m05:35:11[0m[1m[0m] [37mIQPE (n_sites=6, n_occ=12) = -0.0[0m
[[1m[32m05:35:11[0m[1m[0m] [37mVQE (n_sites=6, n_occ=12) = -0.037039175729342975[0m
[[1m[32m05:39:04[0m[1m[0m] [37mIQPE (n_sites=6, n_occ=0) = -0.0[0m
[[1m[32m05:39:04[0m[1m[0m] [37mVQE (n_sites=6, n_occ=0) = -0.07614697647465732[0m
[[1m[32m05:39:04[0m[1m[0m] [37mIQPE (n_sites=6, n_occ=1) = -30.925052683774528[0m
[[1m[32m05:39:04[0m[1m[0m] [37mVQE (n_sites=6, n_occ=1) = -3.2186378273909657[0m
[[1m[32m05:39:04[0m[1m[0m] [37mIQPE (n_sites=6, n_occ=2) = -30.066023442558567[0m
[[1m[32m05:39:04[0m[1m[0m] [37mVQE (n_sites=6, n_occ=2) = -6.456157237220506[0m
[[1m[32m05:39:04[0m[1m[0m] [37mIQPE (n_sites=6, n_occ=3) = -29.575149590435164[0m
[[1m[32m05:39:04[0m[1m[0m] [37mVQE (n_sites=6, n_occ=3) = -7.4889566667324265[0m
[[1m[32m05:39:04[0m[1m[0m] [37mIQPE (n_sites=6, n_occ=4) = -29.084275738311753[0m
[[1m[32m05:39:04[0m[1m[0m] [37mVQE (n_sites=6, n_occ=4) = -7.845067536308519[0m
[[1m[32m05:39:04[0m[1m[0m] [37mIQPE (n_sites=6, n_occ=5) = -30.55689729468197[0m
[[1m[32m05:39:04[0m[1m[0m] [37mVQE (n_sites=6, n_occ=5) = -7.413846662307054[0m
[[1m[32m05:39:04[0m[1m[0m] [37mIQPE (n_sites=6, n_occ=6) = -30.925052683774528[0m
[[1m[32m05:39:04[0m[1m[0m] [37mVQE (n_sites=6, n_occ=6) = -6.547437594406774[0m
[[1m[32m05:39:04[0m[1m[0m] [37mIQPE (n_sites=6, n_occ=7) = -30.925052683774528[0m
[[1m[32m05:39:04[0m[1m[0m] [37mVQE (n_sites=6, n_occ=7) = -5.649598793817237[0m
[[1m[32m05:39:04[0m[1m[0m] [37mIQPE (n_sites=6, n_occ=8) = -30.311460368620267[0m
[[1m[32m05:39:04[0m[1m[0m] [37mVQE (n_sites=6, n_occ=8) = -4.683556535860669[0m
[[1m[32m05:39:04[0m[1m[0m] [37mIQPE (n_sites=6, n_occ=9) = -29.575149590435164[0m
[[1m[32m05:39:04[0m[1m[0m] [37mVQE (n_sites=6, n_occ=9) = -3.6967284079764258[0m
[[1m[32m05:39:04[0m[1m[0m] [37mIQPE (n_sites=6, n_occ=10) = -28.4706834231575[0m
[[1m[32m05:39:04[0m[1m[0m] [37mVQE (n_sites=6, n_occ=10) = -3.184388077382872[0m
[[1m[32m05:39:04[0m[1m[0m] [37mIQPE (n_sites=6, n_occ=11) = -0.4908738521234052[0m
[[1m[32m05:39:04[0m[1m[0m] [37mVQE (n_sites=6, n_occ=11) = -1.3589212959007453[0m
[[1m[32m05:39:04[0m[1m[0m] [37mIQPE (n_sites=6, n_occ=12) = -0.0[0m
[[1m[32m05:39:04[0m[1m[0m] [37mVQE (n_sites=6, n_occ=12) = -0.06890653354265237[0m
All configurations completed at Sat May  2 05:39:05 PDT 2026
