[[1m[32m19:31:35[0m[1m[0m] [37mExact (n_sites=6, n_occ=0, t1=1.0, U=0.0, t2=0.0) = 0.0[0m
[[1m[32m19:31:36[0m[1m[0m] [37mExact (n_sites=4, n_occ=2, t1=1.0, U=0.0, t2=0.0) = -4.000000000000001[0m
[[1m[32m19:31:37[0m[1m[0m] [37mExact (n_sites=4, n_occ=1, t1=1.0, U=0.0, t2=0.0) = -2.0000000000000004[0m
[[1m[32m19:31:37[0m[1m[0m] [37mVQE other benchmarks (n_sites=6, n_occ=2): num_queries=2400000, circuit_depth=[64,57][0m
[[1m[32m19:31:38[0m[1m[0m] [37mExact (n_sites=6, n_occ=2, t1=1.0, U=0.0, t2=0.0) = -4.0[0m
[[1m[32m19:31:47[0m[1m[0m] [37mExact (n_sites=4, n_occ=0, t1=1.0, U=0.0, t2=0.0) = 0.0[0m
[[1m[32m19:31:47[0m[1m[0m] [37mExact (n_sites=6, n_occ=2, t1=1.0, U=0.0, t2=0.5) = -5.414213562373094[0m
[[1m[32m19:31:47[0m[1m[0m] [37mExact (n_sites=6, n_occ=1, t1=1.0, U=0.0, t2=0.5) = -2.707106781186548[0m
[[1m[32m19:31:47[0m[1m[0m] [37mVQE other benchmarks (n_sites=6, n_occ=1): num_queries=7200000, circuit_depth=[64,57][0m
[[1m[32m19:31:48[0m[1m[0m] [37mExact (n_sites=6, n_occ=1, t1=1.0, U=0.0, t2=0.0) = -2.000000000000001[0m
[[1m[32m19:31:48[0m[1m[0m] [37mVQE other benchmarks (n_sites=6, n_occ=0): num_queries=2400000, circuit_depth=[63,57][0m
[[1m[32m19:31:49[0m[1m[0m] [37mExact (n_sites=4, n_occ=3, t1=1.0, U=0.0, t2=0.0) = -4.000000000000001[0m
[[1m[32m19:31:49[0m[1m[0m] [37mExact (n_sites=6, n_occ=3, t1=1.0, U=0.0, t2=0.0) = -5.000000000000001[0m
[[1m[32m19:31:49[0m[1m[0m] [37mExact (n_sites=6, n_occ=3, t1=1.0, U=0.0, t2=0.5) = -6.673032607475616[0m
[[1m[32m19:31:50[0m[1m[0m] [37mVQE other benchmarks (n_sites=4, n_occ=2): num_queries=1600000, circuit_depth=[52,45][0m
[[1m[32m19:31:50[0m[1m[0m] [37mVQE other benchmarks (n_sites=4, n_occ=0): num_queries=1600000, circuit_depth=[51,45][0m
[[1m[32m19:31:50[0m[1m[0m] [37mVQE other benchmarks (n_sites=6, n_occ=1): num_queries=2400000, circuit_depth=[64,57][0m
[[1m[32m19:31:50[0m[1m[0m] [37mVQE other benchmarks (n_sites=4, n_occ=1): num_queries=1600000, circuit_depth=[52,45][0m
[[1m[32m19:31:50[0m[1m[0m] [37mVQE other benchmarks (n_sites=6, n_occ=0): num_queries=7200000, circuit_depth=[63,57][0m
[[1m[32m19:31:59[0m[1m[0m] [37mVQE other benchmarks (n_sites=6, n_occ=2): num_queries=7200000, circuit_depth=[64,57][0m
[[1m[32m19:32:04[0m[1m[0m] [37mExact (n_sites=6, n_occ=0, t1=1.0, U=0.0, t2=0.5) = 0.0[0m
[[1m[32m19:32:36[0m[1m[0m] [37mIQPE other benchmarks (n_sites=4, n_occ=1): num_queries=12800, circuit_depth=[32519,30286][0m
[[1m[32m19:32:44[0m[1m[0m] [37mVQE other benchmarks (n_sites=4, n_occ=3): num_queries=1600000, circuit_depth=[52,45][0m
[[1m[32m19:32:46[0m[1m[0m] [37mVQE other benchmarks (n_sites=4, n_occ=6): num_queries=1600000, circuit_depth=[52,45][0m
[[1m[32m19:33:48[0m[1m[0m] [37mExact (n_sites=6, n_occ=5, t1=1.0, U=0.0, t2=0.0) = -7.000000000000001[0m
[[1m[32m19:33:55[0m[1m[0m] [37mExact (n_sites=4, n_occ=6, t1=1.0, U=0.0, t2=0.0) = -4.0[0m
[[1m[32m19:33:57[0m[1m[0m] [37mIQPE other benchmarks (n_sites=6, n_occ=1): num_queries=19200, circuit_depth=[54194,50686][0m
[[1m[32m19:33:59[0m[1m[0m] [37mIQPE other benchmarks (n_sites=4, n_occ=0): num_queries=12800, circuit_depth=[32677,30444][0m
[[1m[32m19:34:01[0m[1m[0m] [37mIQPE other benchmarks (n_sites=4, n_occ=2): num_queries=12800, circuit_depth=[32677,30444][0m
[[1m[32m19:34:09[0m[1m[0m] [37mExact (n_sites=4, n_occ=4, t1=1.0, U=0.0, t2=0.0) = -4.000000000000001[0m
[[1m[32m19:34:12[0m[1m[0m] [37mExact (n_sites=4, n_occ=5, t1=1.0, U=0.0, t2=0.0) = -4.000000000000001[0m
[[1m[32m19:34:14[0m[1m[0m] [37mVQE other benchmarks (n_sites=4, n_occ=5): num_queries=1600000, circuit_depth=[52,45][0m
[[1m[32m19:34:15[0m[1m[0m] [37mVQE other benchmarks (n_sites=4, n_occ=4): num_queries=1600000, circuit_depth=[52,45][0m
[[1m[32m19:34:37[0m[1m[0m] [37mExact (n_sites=4, n_occ=7, t1=1.0, U=0.0, t2=0.0) = -2.0[0m
[[1m[32m19:34:51[0m[1m[0m] [37mIQPE other benchmarks (n_sites=4, n_occ=8): num_queries=12800, circuit_depth=[32519,30286][0m
[[1m[32m19:36:04[0m[1m[0m] [37mIQPE other benchmarks (n_sites=6, n_occ=3): num_queries=19200, circuit_depth=[54194,50686][0m
[[1m[32m19:36:11[0m[1m[0m] [37mExact (n_sites=4, n_occ=8, t1=1.0, U=0.0, t2=0.0) = 0.0[0m
[[1m[32m19:36:15[0m[1m[0m] [37mExact (n_sites=6, n_occ=11, t1=1.0, U=0.0, t2=0.0) = -2.0000000000000018[0m
[[1m[32m19:36:23[0m[1m[0m] [37mIQPE other benchmarks (n_sites=4, n_occ=3): num_queries=12800, circuit_depth=[32677,30444][0m
[[1m[32m19:36:25[0m[1m[0m] [37mIQPE other benchmarks (n_sites=4, n_occ=6): num_queries=12800, circuit_depth=[32677,30444][0m
[[1m[32m19:36:31[0m[1m[0m] [37mIQPE other benchmarks (n_sites=4, n_occ=4): num_queries=12800, circuit_depth=[32677,30444][0m
[[1m[32m19:36:33[0m[1m[0m] [37mVQE other benchmarks (n_sites=4, n_occ=7): num_queries=1600000, circuit_depth=[52,45][0m
[[1m[32m19:36:35[0m[1m[0m] [37mVQE other benchmarks (n_sites=4, n_occ=8): num_queries=1600000, circuit_depth=[52,45][0m
[[1m[32m19:36:49[0m[1m[0m] [37mIQPE other benchmarks (n_sites=4, n_occ=5): num_queries=12800, circuit_depth=[32677,30444][0m
[[1m[32m19:36:59[0m[1m[0m] [37mIQPE other benchmarks (n_sites=6, n_occ=2): num_queries=19200, circuit_depth=[54352,50844][0m
[[1m[32m19:37:07[0m[1m[0m] [37mVQE other benchmarks (n_sites=6, n_occ=3): num_queries=2400000, circuit_depth=[64,57][0m
[[1m[32m19:37:08[0m[1m[0m] [37mVQE other benchmarks (n_sites=6, n_occ=6): num_queries=2400000, circuit_depth=[64,57][0m
[[1m[32m19:37:15[0m[1m[0m] [37mExact (n_sites=6, n_occ=7, t1=1.0, U=0.0, t2=0.0) = -7.0[0m
[[1m[32m19:37:16[0m[1m[0m] [37mExact (n_sites=6, n_occ=4, t1=1.0, U=0.0, t2=0.0) = -6.000000000000001[0m
[[1m[32m19:37:16[0m[1m[0m] [37mExact (n_sites=6, n_occ=6, t1=1.0, U=0.0, t2=0.0) = -8.0[0m
[[1m[32m19:37:21[0m[1m[0m] [37mVQE other benchmarks (n_sites=6, n_occ=4): num_queries=2400000, circuit_depth=[64,57][0m
[[1m[32m19:37:51[0m[1m[0m] [37mIQPE other benchmarks (n_sites=6, n_occ=6): num_queries=19200, circuit_depth=[54194,50686][0m
[[1m[32m19:38:46[0m[1m[0m] [37mVQE other benchmarks (n_sites=6, n_occ=5): num_queries=2400000, circuit_depth=[64,57][0m
[[1m[32m19:38:50[0m[1m[0m] [37mIQPE other benchmarks (n_sites=6, n_occ=0): num_queries=19200, circuit_depth=[54352,50844][0m
[[1m[32m19:38:52[0m[1m[0m] [37mIQPE other benchmarks (n_sites=4, n_occ=7): num_queries=12800, circuit_depth=[32677,30444][0m
[[1m[32m19:42:17[0m[1m[0m] [37mIQPE other benchmarks (n_sites=6, n_occ=5): num_queries=19200, circuit_depth=[54352,50844][0m
[[1m[32m19:42:21[0m[1m[0m] [37mVQE other benchmarks (n_sites=6, n_occ=10): num_queries=2400000, circuit_depth=[64,57][0m
[[1m[32m19:42:23[0m[1m[0m] [37mExact (n_sites=6, n_occ=10, t1=1.0, U=0.0, t2=0.0) = -4.000000000000002[0m
[[1m[32m19:42:23[0m[1m[0m] [37mVQE other benchmarks (n_sites=6, n_occ=9): num_queries=2400000, circuit_depth=[64,57][0m
[[1m[32m19:42:27[0m[1m[0m] [37mExact (n_sites=6, n_occ=8, t1=1.0, U=0.0, t2=0.0) = -6.000000000000002[0m
[[1m[32m19:42:27[0m[1m[0m] [37mVQE other benchmarks (n_sites=6, n_occ=7): num_queries=2400000, circuit_depth=[64,57][0m
[[1m[32m19:42:29[0m[1m[0m] [37mExact (n_sites=6, n_occ=9, t1=1.0, U=0.0, t2=0.0) = -5.000000000000002[0m
[[1m[32m19:43:39[0m[1m[0m] [37mIQPE other benchmarks (n_sites=6, n_occ=4): num_queries=19200, circuit_depth=[54352,50844][0m
[[1m[32m19:44:17[0m[1m[0m] [37mVQE other benchmarks (n_sites=6, n_occ=8): num_queries=2400000, circuit_depth=[64,57][0m
[[1m[32m19:47:14[0m[1m[0m] [37mIQPE other benchmarks (n_sites=6, n_occ=7): num_queries=19200, circuit_depth=[54352,50844][0m
[[1m[32m19:47:22[0m[1m[0m] [37mIQPE other benchmarks (n_sites=6, n_occ=8): num_queries=19200, circuit_depth=[54352,50844][0m
[[1m[32m19:47:30[0m[1m[0m] [37mIQPE other benchmarks (n_sites=6, n_occ=10): num_queries=19200, circuit_depth=[54352,50844][0m
[[1m[32m19:47:38[0m[1m[0m] [37mVQE other benchmarks (n_sites=6, n_occ=12): num_queries=2400000, circuit_depth=[64,57][0m
[[1m[32m19:47:40[0m[1m[0m] [37mIQPE other benchmarks (n_sites=6, n_occ=9): num_queries=19200, circuit_depth=[54352,50844][0m
[[1m[32m19:47:49[0m[1m[0m] [37mExact (n_sites=6, n_occ=12, t1=1.0, U=0.0, t2=0.0) = -8.881784197001252e-16[0m
[[1m[32m19:47:55[0m[1m[0m] [37mVQE other benchmarks (n_sites=6, n_occ=11): num_queries=2400000, circuit_depth=[64,57][0m
[[1m[32m19:50:02[0m[1m[0m] [37mExact (n_sites=6, n_occ=6, t1=1.0, U=0.0, t2=0.5) = -8.0[0m
[[1m[32m19:50:13[0m[1m[0m] [37mIQPE other benchmarks (n_sites=6, n_occ=1): num_queries=57600, circuit_depth=[200182,189661][0m
[[1m[32m19:51:04[0m[1m[0m] [37mVQE other benchmarks (n_sites=6, n_occ=6): num_queries=7200000, circuit_depth=[64,57][0m
[[1m[32m19:52:42[0m[1m[0m] [37mIQPE other benchmarks (n_sites=6, n_occ=11): num_queries=19200, circuit_depth=[54352,50844][0m
[[1m[32m19:54:23[0m[1m[0m] [37mIQPE other benchmarks (n_sites=6, n_occ=12): num_queries=19200, circuit_depth=[54352,50844][0m
[[1m[32m20:07:58[0m[1m[0m] [37mExact (n_sites=6, n_occ=11, t1=1.0, U=0.0, t2=0.5) = -1.9659258262890713[0m
[[1m[32m20:18:21[0m[1m[0m] [37mIQPE (n_sites=4, n_occ=0) = -0.0[0m
[[1m[32m20:18:21[0m[1m[0m] [37mVQE (n_sites=4, n_occ=0) = -0.067626953125[0m
[[1m[32m20:18:21[0m[1m[0m] [37mIQPE (n_sites=4, n_occ=1) = -29.452431127404306[0m
[[1m[32m20:18:21[0m[1m[0m] [37mVQE (n_sites=4, n_occ=1) = -1.897216796875[0m
[[1m[32m20:18:21[0m[1m[0m] [37mIQPE (n_sites=4, n_occ=2) = -29.452431127404306[0m
[[1m[32m20:18:21[0m[1m[0m] [37mVQE (n_sites=4, n_occ=2) = -3.732666015625[0m
[[1m[32m20:18:21[0m[1m[0m] [37mIQPE (n_sites=4, n_occ=3) = -29.452431127404306[0m
[[1m[32m20:18:21[0m[1m[0m] [37mVQE (n_sites=4, n_occ=3) = -3.780029296875[0m
[[1m[32m20:18:21[0m[1m[0m] [37mIQPE (n_sites=4, n_occ=4) = -27.48893571891069[0m
[[1m[32m20:18:21[0m[1m[0m] [37mVQE (n_sites=4, n_occ=4) = -3.775634765625[0m
[[1m[32m20:18:21[0m[1m[0m] [37mIQPE (n_sites=4, n_occ=5) = -29.452431127404306[0m
[[1m[32m20:18:21[0m[1m[0m] [37mVQE (n_sites=4, n_occ=5) = -3.68994140625[0m
[[1m[32m20:18:21[0m[1m[0m] [37mIQPE (n_sites=4, n_occ=6) = -29.452431127404306[0m
[[1m[32m20:18:21[0m[1m[0m] [37mVQE (n_sites=4, n_occ=6) = -3.248291015625[0m
[[1m[32m20:18:21[0m[1m[0m] [37mIQPE (n_sites=4, n_occ=7) = -29.452431127404306[0m
[[1m[32m20:18:21[0m[1m[0m] [37mVQE (n_sites=4, n_occ=7) = -1.405517578125[0m
[[1m[32m20:18:21[0m[1m[0m] [37mIQPE (n_sites=4, n_occ=8) = -0.0[0m
[[1m[32m20:18:21[0m[1m[0m] [37mVQE (n_sites=4, n_occ=8) = -0.0615234375[0m
[[1m[32m20:19:23[0m[1m[0m] [37mIQPE other benchmarks (n_sites=6, n_occ=0): num_queries=57600, circuit_depth=[210540,200019][0m
[[1m[32m20:25:04[0m[1m[0m] [37mIQPE other benchmarks (n_sites=6, n_occ=10): num_queries=57600, circuit_depth=[189982,178186][0m
[[1m[32m20:25:10[0m[1m[0m] [37mExact (n_sites=6, n_occ=12, t1=1.0, U=0.0, t2=0.5) = -3.3306690738754696e-15[0m
[[1m[32m20:57:50[0m[1m[0m] [37mIQPE (n_sites=6, n_occ=0) = -0.0[0m
[[1m[32m20:57:50[0m[1m[0m] [37mVQE (n_sites=6, n_occ=0) = -0.072265625[0m
[[1m[32m20:57:50[0m[1m[0m] [37mIQPE (n_sites=6, n_occ=1) = -30.434178831651117[0m
[[1m[32m20:57:50[0m[1m[0m] [37mVQE (n_sites=6, n_occ=1) = -1.862548828125[0m
[[1m[32m20:57:50[0m[1m[0m] [37mIQPE (n_sites=6, n_occ=2) = -0.0[0m
[[1m[32m20:57:50[0m[1m[0m] [37mVQE (n_sites=6, n_occ=2) = -3.477783203125[0m
[[1m[32m20:57:50[0m[1m[0m] [37mIQPE (n_sites=6, n_occ=3) = -30.434178831651117[0m
[[1m[32m20:57:50[0m[1m[0m] [37mVQE (n_sites=6, n_occ=3) = -4.364501953125[0m
[[1m[32m20:57:50[0m[1m[0m] [37mIQPE (n_sites=6, n_occ=4) = -30.434178831651117[0m
[[1m[32m20:57:50[0m[1m[0m] [37mVQE (n_sites=6, n_occ=4) = -5.249755859375[0m
[[1m[32m20:57:50[0m[1m[0m] [37mIQPE (n_sites=6, n_occ=5) = -30.434178831651117[0m
[[1m[32m20:57:50[0m[1m[0m] [37mVQE (n_sites=6, n_occ=5) = -4.852783203125[0m
[[1m[32m20:57:50[0m[1m[0m] [37mIQPE (n_sites=6, n_occ=6) = -30.434178831651117[0m
[[1m[32m20:57:50[0m[1m[0m] [37mVQE (n_sites=6, n_occ=6) = -5.5029296875[0m
[[1m[32m20:57:50[0m[1m[0m] [37mIQPE (n_sites=6, n_occ=7) = -30.434178831651117[0m
[[1m[32m20:57:50[0m[1m[0m] [37mVQE (n_sites=6, n_occ=7) = -4.938232421875[0m
[[1m[32m20:57:50[0m[1m[0m] [37mIQPE (n_sites=6, n_occ=8) = -30.434178831651117[0m
[[1m[32m20:57:50[0m[1m[0m] [37mVQE (n_sites=6, n_occ=8) = -4.35546875[0m
[[1m[32m20:57:50[0m[1m[0m] [37mIQPE (n_sites=6, n_occ=9) = -30.434178831651117[0m
[[1m[32m20:57:50[0m[1m[0m] [37mVQE (n_sites=6, n_occ=9) = -3.525146484375[0m
[[1m[32m20:57:50[0m[1m[0m] [37mIQPE (n_sites=6, n_occ=10) = -0.0[0m
[[1m[32m20:57:50[0m[1m[0m] [37mVQE (n_sites=6, n_occ=10) = -2.827392578125[0m
[[1m[32m20:57:50[0m[1m[0m] [37mIQPE (n_sites=6, n_occ=11) = -30.434178831651117[0m
[[1m[32m20:57:50[0m[1m[0m] [37mVQE (n_sites=6, n_occ=11) = -1.43701171875[0m
[[1m[32m20:57:50[0m[1m[0m] [37mIQPE (n_sites=6, n_occ=12) = -0.0[0m
[[1m[32m20:57:50[0m[1m[0m] [37mVQE (n_sites=6, n_occ=12) = -0.058837890625[0m
[[1m[32m21:06:31[0m[1m[0m] [37mExact (n_sites=6, n_occ=10, t1=1.0, U=0.0, t2=0.5) = -3.9318516525781373[0m
[[1m[32m21:07:29[0m[1m[0m] [37mIQPE other benchmarks (n_sites=6, n_occ=4): num_queries=57600, circuit_depth=[213090,203207][0m
[[1m[32m21:11:08[0m[1m[0m] [37mExact (n_sites=6, n_occ=8, t1=1.0, U=0.0, t2=0.5) = -6.517638090205041[0m
[[1m[32m21:14:41[0m[1m[0m] [37mVQE other benchmarks (n_sites=6, n_occ=3): num_queries=7200000, circuit_depth=[64,57][0m
[[1m[32m21:15:48[0m[1m[0m] [37mExact (n_sites=6, n_occ=5, t1=1.0, U=0.0, t2=0.5) = -7.965925826289069[0m
[[1m[32m21:19:26[0m[1m[0m] [37mIQPE other benchmarks (n_sites=6, n_occ=2): num_queries=57600, circuit_depth=[190140,178344][0m
[[1m[32m21:19:44[0m[1m[0m] [37mVQE other benchmarks (n_sites=6, n_occ=5): num_queries=7200000, circuit_depth=[64,57][0m
[[1m[32m21:20:32[0m[1m[0m] [37mVQE other benchmarks (n_sites=6, n_occ=4): num_queries=7200000, circuit_depth=[64,57][0m
[[1m[32m21:21:31[0m[1m[0m] [37mExact (n_sites=6, n_occ=7, t1=1.0, U=0.0, t2=0.5) = -7.258819045102521[0m
[[1m[32m21:25:04[0m[1m[0m] [37mExact (n_sites=6, n_occ=4, t1=1.0, U=0.0, t2=0.5) = -7.931851652578136[0m
[[1m[32m22:51:27[0m[1m[0m] [37mVQE other benchmarks (n_sites=6, n_occ=9): num_queries=7200000, circuit_depth=[64,57][0m
[[1m[32m22:57:36[0m[1m[0m] [37mIQPE other benchmarks (n_sites=6, n_occ=5): num_queries=57600, circuit_depth=[190140,178344][0m
[[1m[32m22:59:19[0m[1m[0m] [37mExact (n_sites=6, n_occ=9, t1=1.0, U=0.0, t2=0.5) = -5.224744871391589[0m
[[1m[32m23:00:37[0m[1m[0m] [37mIQPE other benchmarks (n_sites=6, n_occ=3): num_queries=57600, circuit_depth=[207990,198107][0m
[[1m[32m23:06:38[0m[1m[0m] [37mVQE other benchmarks (n_sites=6, n_occ=10): num_queries=7200000, circuit_depth=[64,57][0m
[[1m[32m23:12:44[0m[1m[0m] [37mIQPE other benchmarks (n_sites=6, n_occ=6): num_queries=57600, circuit_depth=[205440,194919][0m
[[1m[32m23:13:43[0m[1m[0m] [37mVQE other benchmarks (n_sites=6, n_occ=7): num_queries=7200000, circuit_depth=[64,57][0m
[[1m[32m23:21:45[0m[1m[0m] [37mVQE other benchmarks (n_sites=6, n_occ=8): num_queries=7200000, circuit_depth=[64,57][0m
[[1m[32m00:43:00[0m[1m[0m] [37mVQE other benchmarks (n_sites=6, n_occ=11): num_queries=7200000, circuit_depth=[64,57][0m
[[1m[32m00:45:16[0m[1m[0m] [37mIQPE other benchmarks (n_sites=6, n_occ=9): num_queries=57600, circuit_depth=[210540,201294][0m
[[1m[32m00:48:39[0m[1m[0m] [37mIQPE other benchmarks (n_sites=6, n_occ=7): num_queries=57600, circuit_depth=[197790,186632][0m
[[1m[32m00:50:17[0m[1m[0m] [37mIQPE other benchmarks (n_sites=6, n_occ=8): num_queries=57600, circuit_depth=[207990,198107][0m
[[1m[32m00:50:59[0m[1m[0m] [37mVQE other benchmarks (n_sites=6, n_occ=12): num_queries=7200000, circuit_depth=[64,57][0m
[[1m[32m02:26:10[0m[1m[0m] [37mIQPE other benchmarks (n_sites=6, n_occ=11): num_queries=57600, circuit_depth=[200340,188544][0m
[[1m[32m02:39:14[0m[1m[0m] [37mIQPE other benchmarks (n_sites=6, n_occ=12): num_queries=57600, circuit_depth=[202890,191732][0m
[[1m[32m03:04:19[0m[1m[0m] [37mIQPE (n_sites=6, n_occ=0) = -0.0[0m
[[1m[32m03:04:19[0m[1m[0m] [37mVQE (n_sites=6, n_occ=0) = -0.08643427594182745[0m
[[1m[32m03:04:19[0m[1m[0m] [37mIQPE (n_sites=6, n_occ=1) = -30.67961575771282[0m
[[1m[32m03:04:19[0m[1m[0m] [37mVQE (n_sites=6, n_occ=1) = -2.538900130684041[0m
[[1m[32m03:04:19[0m[1m[0m] [37mIQPE (n_sites=6, n_occ=2) = -30.925052683774528[0m
[[1m[32m03:04:19[0m[1m[0m] [37mVQE (n_sites=6, n_occ=2) = -4.899327585526941[0m
[[1m[32m03:04:19[0m[1m[0m] [37mIQPE (n_sites=6, n_occ=3) = -31.170489609836228[0m
[[1m[32m03:04:19[0m[1m[0m] [37mVQE (n_sites=6, n_occ=3) = -5.705035865303203[0m
[[1m[32m03:04:19[0m[1m[0m] [37mIQPE (n_sites=6, n_occ=4) = -30.925052683774528[0m
[[1m[32m03:04:19[0m[1m[0m] [37mVQE (n_sites=6, n_occ=4) = -6.4137159145227045[0m
[[1m[32m03:04:19[0m[1m[0m] [37mIQPE (n_sites=6, n_occ=5) = -31.170489609836228[0m
[[1m[32m03:04:19[0m[1m[0m] [37mVQE (n_sites=6, n_occ=5) = -5.797351997771884[0m
[[1m[32m03:04:19[0m[1m[0m] [37mIQPE (n_sites=6, n_occ=6) = -30.67961575771282[0m
[[1m[32m03:04:19[0m[1m[0m] [37mVQE (n_sites=6, n_occ=6) = -5.4381525824788275[0m
[[1m[32m03:04:19[0m[1m[0m] [37mIQPE (n_sites=6, n_occ=7) = -30.925052683774528[0m
[[1m[32m03:04:19[0m[1m[0m] [37mVQE (n_sites=6, n_occ=7) = -4.573756414446356[0m
[[1m[32m03:04:19[0m[1m[0m] [37mIQPE (n_sites=6, n_occ=8) = -29.697868053466014[0m
[[1m[32m03:04:19[0m[1m[0m] [37mVQE (n_sites=6, n_occ=8) = -4.303317181329156[0m
[[1m[32m03:04:19[0m[1m[0m] [37mIQPE (n_sites=6, n_occ=9) = -30.925052683774528[0m
[[1m[32m03:04:19[0m[1m[0m] [37mVQE (n_sites=6, n_occ=9) = -3.3700188264635416[0m
[[1m[32m03:04:19[0m[1m[0m] [37mIQPE (n_sites=6, n_occ=10) = -1.9634954084936207[0m
[[1m[32m03:04:19[0m[1m[0m] [37mVQE (n_sites=6, n_occ=10) = -2.595156054088573[0m
[[1m[32m03:04:19[0m[1m[0m] [37mIQPE (n_sites=6, n_occ=11) = -0.7363107781851077[0m
[[1m[32m03:04:19[0m[1m[0m] [37mVQE (n_sites=6, n_occ=11) = -1.2831862104142746[0m
[[1m[32m03:04:19[0m[1m[0m] [37mIQPE (n_sites=6, n_occ=12) = -0.0[0m
[[1m[32m03:04:19[0m[1m[0m] [37mVQE (n_sites=6, n_occ=12) = -0.042199086117232276[0m
All configurations completed at Mon May  4 03:04:20 PDT 2026
