[[1m[32m18:53:05[0m[1m[0m] [37mExact (n_sites=6, n_occ=2, t1=1.0, U=0.0, t2=1.0) = -6.828427124746189[0m
[[1m[32m18:53:05[0m[1m[0m] [37mExact (n_sites=6, n_occ=1, t1=1.0, U=0.0, t2=1.0) = -3.414213562373095[0m
[[1m[32m18:53:05[0m[1m[0m] [37mExact (n_sites=6, n_occ=0, t1=1.0, U=0.0, t2=1.0) = 0.0[0m
[[1m[32m18:53:05[0m[1m[0m] [37mExact (n_sites=6, n_occ=3, t1=1.0, U=0.0, t2=1.0) = -8.346065214951231[0m
[[1m[32m18:53:06[0m[1m[0m] [37mExact (n_sites=4, n_occ=3, t1=1.0, U=0.0, t2=0.5) = -4.707106781186551[0m
[[1m[32m18:53:06[0m[1m[0m] [37mVQE other benchmarks (n_sites=6, n_occ=0): num_queries=7200000, circuit_depth=[63,57][0m
[[1m[32m18:53:06[0m[1m[0m] [37mVQE other benchmarks (n_sites=6, n_occ=1): num_queries=7200000, circuit_depth=[64,57][0m
[[1m[32m18:53:13[0m[1m[0m] [37mVQE other benchmarks (n_sites=4, n_occ=1): num_queries=2400000, circuit_depth=[52,45][0m
[[1m[32m18:53:13[0m[1m[0m] [37mExact (n_sites=4, n_occ=2, t1=1.0, U=0.0, t2=0.5) = -5.414213562373098[0m
[[1m[32m18:53:13[0m[1m[0m] [37mVQE other benchmarks (n_sites=4, n_occ=1): num_queries=2400000, circuit_depth=[52,45][0m
[[1m[32m18:53:13[0m[1m[0m] [37mVQE other benchmarks (n_sites=4, n_occ=0): num_queries=2400000, circuit_depth=[51,45][0m
[[1m[32m18:53:17[0m[1m[0m] [37mExact (n_sites=4, n_occ=0, t1=1.0, U=0.0, t2=1.0) = 0.0[0m
[[1m[32m18:53:17[0m[1m[0m] [37mExact (n_sites=4, n_occ=2, t1=1.0, U=0.0, t2=1.0) = -6.828427124746195[0m
[[1m[32m18:53:17[0m[1m[0m] [37mVQE other benchmarks (n_sites=4, n_occ=0): num_queries=2400000, circuit_depth=[51,45][0m
[[1m[32m18:53:17[0m[1m[0m] [37mVQE other benchmarks (n_sites=6, n_occ=2): num_queries=7200000, circuit_depth=[64,57][0m
[[1m[32m18:53:17[0m[1m[0m] [37mVQE other benchmarks (n_sites=4, n_occ=2): num_queries=2400000, circuit_depth=[52,45][0m
[[1m[32m18:53:18[0m[1m[0m] [37mExact (n_sites=4, n_occ=3, t1=1.0, U=0.0, t2=1.0) = -6.242640687119291[0m
[[1m[32m18:53:18[0m[1m[0m] [37mExact (n_sites=4, n_occ=0, t1=1.0, U=0.0, t2=0.5) = 0.0[0m
[[1m[32m18:53:18[0m[1m[0m] [37mVQE other benchmarks (n_sites=4, n_occ=2): num_queries=2400000, circuit_depth=[52,45][0m
[[1m[32m18:53:38[0m[1m[0m] [37mExact (n_sites=4, n_occ=1, t1=1.0, U=0.0, t2=1.0) = -3.4142135623730976[0m
[[1m[32m18:54:00[0m[1m[0m] [37mExact (n_sites=4, n_occ=1, t1=1.0, U=0.0, t2=0.5) = -2.707106781186549[0m
[[1m[32m18:55:25[0m[1m[0m] [37mIQPE other benchmarks (n_sites=4, n_occ=2): num_queries=19200, circuit_depth=[55469,51961][0m
[[1m[32m18:57:34[0m[1m[0m] [37mIQPE other benchmarks (n_sites=4, n_occ=4): num_queries=19200, circuit_depth=[55469,51961][0m
[[1m[32m18:58:23[0m[1m[0m] [37mVQE other benchmarks (n_sites=4, n_occ=4): num_queries=2400000, circuit_depth=[52,45][0m
[[1m[32m18:58:27[0m[1m[0m] [37mExact (n_sites=4, n_occ=7, t1=1.0, U=0.0, t2=1.0) = -1.4142135623731[0m
[[1m[32m18:58:30[0m[1m[0m] [37mVQE other benchmarks (n_sites=4, n_occ=6): num_queries=2400000, circuit_depth=[52,45][0m
[[1m[32m18:58:38[0m[1m[0m] [37mIQPE other benchmarks (n_sites=4, n_occ=1): num_queries=19200, circuit_depth=[55627,52119][0m
[[1m[32m18:58:38[0m[1m[0m] [37mVQE other benchmarks (n_sites=4, n_occ=5): num_queries=2400000, circuit_depth=[52,45][0m
[[1m[32m18:58:38[0m[1m[0m] [37mIQPE other benchmarks (n_sites=4, n_occ=0): num_queries=19200, circuit_depth=[55627,52119][0m
[[1m[32m18:58:40[0m[1m[0m] [37mExact (n_sites=4, n_occ=4, t1=1.0, U=0.0, t2=0.5) = -4.000000000000003[0m
[[1m[32m18:58:40[0m[1m[0m] [37mExact (n_sites=4, n_occ=4, t1=1.0, U=0.0, t2=1.0) = -5.656854249492386[0m
[[1m[32m18:58:41[0m[1m[0m] [37mVQE other benchmarks (n_sites=4, n_occ=3): num_queries=2400000, circuit_depth=[52,45][0m
[[1m[32m18:58:41[0m[1m[0m] [37mIQPE other benchmarks (n_sites=4, n_occ=1): num_queries=19200, circuit_depth=[55627,52119][0m
[[1m[32m18:58:42[0m[1m[0m] [37mIQPE other benchmarks (n_sites=4, n_occ=0): num_queries=19200, circuit_depth=[55627,52119][0m
[[1m[32m18:58:45[0m[1m[0m] [37mVQE other benchmarks (n_sites=4, n_occ=6): num_queries=2400000, circuit_depth=[52,45][0m
[[1m[32m18:58:47[0m[1m[0m] [37mExact (n_sites=4, n_occ=6, t1=1.0, U=0.0, t2=0.5) = -2.585786437626907[0m
[[1m[32m18:58:48[0m[1m[0m] [37mVQE other benchmarks (n_sites=4, n_occ=3): num_queries=2400000, circuit_depth=[52,45][0m
[[1m[32m18:58:49[0m[1m[0m] [37mExact (n_sites=4, n_occ=5, t1=1.0, U=0.0, t2=0.5) = -3.2928932188134548[0m
[[1m[32m18:58:49[0m[1m[0m] [37mExact (n_sites=4, n_occ=5, t1=1.0, U=0.0, t2=1.0) = -4.242640687119291[0m
[[1m[32m18:58:52[0m[1m[0m] [37mExact (n_sites=4, n_occ=7, t1=1.0, U=0.0, t2=0.5) = -1.2928932188134543[0m
[[1m[32m18:58:55[0m[1m[0m] [37mIQPE other benchmarks (n_sites=4, n_occ=2): num_queries=19200, circuit_depth=[55627,52119][0m
[[1m[32m18:58:55[0m[1m[0m] [37mVQE other benchmarks (n_sites=4, n_occ=4): num_queries=2400000, circuit_depth=[52,45][0m
[[1m[32m18:59:02[0m[1m[0m] [37mVQE other benchmarks (n_sites=4, n_occ=5): num_queries=2400000, circuit_depth=[52,45][0m
[[1m[32m18:59:13[0m[1m[0m] [37mExact (n_sites=4, n_occ=6, t1=1.0, U=0.0, t2=1.0) = -2.8284271247461956[0m
[[1m[32m18:59:36[0m[1m[0m] [37mIQPE other benchmarks (n_sites=4, n_occ=7): num_queries=19200, circuit_depth=[55469,51961][0m
[[1m[32m19:03:18[0m[1m[0m] [37mIQPE other benchmarks (n_sites=4, n_occ=5): num_queries=19200, circuit_depth=[55627,52119][0m
[[1m[32m19:03:31[0m[1m[0m] [37mVQE other benchmarks (n_sites=4, n_occ=8): num_queries=2400000, circuit_depth=[52,45][0m
[[1m[32m19:03:41[0m[1m[0m] [37mExact (n_sites=4, n_occ=8, t1=1.0, U=0.0, t2=1.0) = -2.6645352591003757e-15[0m
[[1m[32m19:03:47[0m[1m[0m] [37mIQPE other benchmarks (n_sites=4, n_occ=6): num_queries=19200, circuit_depth=[55627,52119][0m
[[1m[32m19:03:59[0m[1m[0m] [37mIQPE other benchmarks (n_sites=4, n_occ=3): num_queries=19200, circuit_depth=[55627,52119][0m
[[1m[32m19:04:06[0m[1m[0m] [37mVQE other benchmarks (n_sites=4, n_occ=7): num_queries=2400000, circuit_depth=[52,45][0m
[[1m[32m19:04:08[0m[1m[0m] [37mVQE other benchmarks (n_sites=4, n_occ=7): num_queries=2400000, circuit_depth=[52,45][0m
[[1m[32m19:04:12[0m[1m[0m] [37mIQPE other benchmarks (n_sites=4, n_occ=3): num_queries=19200, circuit_depth=[55627,52119][0m
[[1m[32m19:04:13[0m[1m[0m] [37mIQPE other benchmarks (n_sites=4, n_occ=6): num_queries=19200, circuit_depth=[55627,52119][0m
[[1m[32m19:04:15[0m[1m[0m] [37mVQE other benchmarks (n_sites=4, n_occ=8): num_queries=2400000, circuit_depth=[52,45][0m
[[1m[32m19:04:16[0m[1m[0m] [37mIQPE other benchmarks (n_sites=4, n_occ=5): num_queries=19200, circuit_depth=[55627,52119][0m
[[1m[32m19:04:18[0m[1m[0m] [37mIQPE other benchmarks (n_sites=4, n_occ=4): num_queries=19200, circuit_depth=[55627,52119][0m
[[1m[32m19:04:28[0m[1m[0m] [37mExact (n_sites=4, n_occ=8, t1=1.0, U=0.0, t2=0.5) = -1.7763568394002505e-15[0m
[[1m[32m19:08:40[0m[1m[0m] [37mIQPE other benchmarks (n_sites=4, n_occ=8): num_queries=19200, circuit_depth=[55627,52119][0m
[[1m[32m19:09:24[0m[1m[0m] [37mIQPE other benchmarks (n_sites=4, n_occ=8): num_queries=19200, circuit_depth=[55627,52119][0m
[[1m[32m19:09:49[0m[1m[0m] [37mIQPE other benchmarks (n_sites=4, n_occ=7): num_queries=19200, circuit_depth=[55627,52119][0m
[[1m[32m19:30:52[0m[1m[0m] [37mIQPE other benchmarks (n_sites=6, n_occ=3): num_queries=57600, circuit_depth=[207832,197948][0m
[[1m[32m19:43:51[0m[1m[0m] [37mExact (n_sites=6, n_occ=6, t1=1.0, U=0.0, t2=1.0) = -8.898979485566354[0m
[[1m[32m19:47:32[0m[1m[0m] [37mVQE other benchmarks (n_sites=6, n_occ=12): num_queries=7200000, circuit_depth=[64,57][0m
[[1m[32m20:18:23[0m[1m[0m] [37mIQPE (n_sites=4, n_occ=0) = -0.0[0m
[[1m[32m20:18:23[0m[1m[0m] [37mVQE (n_sites=4, n_occ=0) = -0.06500064469900374[0m
[[1m[32m20:18:23[0m[1m[0m] [37mIQPE (n_sites=4, n_occ=1) = -30.67961575771282[0m
[[1m[32m20:18:23[0m[1m[0m] [37mVQE (n_sites=4, n_occ=1) = -2.6887890474825626[0m
[[1m[32m20:18:23[0m[1m[0m] [37mIQPE (n_sites=4, n_occ=2) = -29.452431127404306[0m
[[1m[32m20:18:23[0m[1m[0m] [37mVQE (n_sites=4, n_occ=2) = -5.148746672610767[0m
[[1m[32m20:18:23[0m[1m[0m] [37mIQPE (n_sites=4, n_occ=3) = -28.716120349219203[0m
[[1m[32m20:18:23[0m[1m[0m] [37mVQE (n_sites=4, n_occ=3) = -4.379589772399468[0m
[[1m[32m20:18:23[0m[1m[0m] [37mIQPE (n_sites=4, n_occ=4) = -27.48893571891069[0m
[[1m[32m20:18:23[0m[1m[0m] [37mVQE (n_sites=4, n_occ=4) = -3.6461636453859905[0m
[[1m[32m20:18:23[0m[1m[0m] [37mIQPE (n_sites=4, n_occ=5) = -30.67961575771282[0m
[[1m[32m20:18:23[0m[1m[0m] [37mVQE (n_sites=4, n_occ=5) = -2.889824047873537[0m
[[1m[32m20:18:23[0m[1m[0m] [37mIQPE (n_sites=4, n_occ=6) = -29.452431127404306[0m
[[1m[32m20:18:23[0m[1m[0m] [37mVQE (n_sites=4, n_occ=6) = -2.2000670073807314[0m
[[1m[32m20:18:23[0m[1m[0m] [37mIQPE (n_sites=4, n_occ=7) = -1.2271846303085128[0m
[[1m[32m20:18:23[0m[1m[0m] [37mVQE (n_sites=4, n_occ=7) = -1.1072277429861779[0m
[[1m[32m20:18:23[0m[1m[0m] [37mIQPE (n_sites=4, n_occ=8) = -0.0[0m
[[1m[32m20:18:23[0m[1m[0m] [37mVQE (n_sites=4, n_occ=8) = -0.06218435224150062[0m
[[1m[32m20:19:17[0m[1m[0m] [37mIQPE (n_sites=4, n_occ=0) = -0.0[0m
[[1m[32m20:19:17[0m[1m[0m] [37mVQE (n_sites=4, n_occ=0) = -0.08059268743611443[0m
[[1m[32m20:19:17[0m[1m[0m] [37mIQPE (n_sites=4, n_occ=1) = -30.925052683774528[0m
[[1m[32m20:19:17[0m[1m[0m] [37mVQE (n_sites=4, n_occ=1) = -3.2989211819890043[0m
[[1m[32m20:19:17[0m[1m[0m] [37mIQPE (n_sites=4, n_occ=2) = -29.452431127404306[0m
[[1m[32m20:19:17[0m[1m[0m] [37mVQE (n_sites=4, n_occ=2) = -6.380100862236477[0m
[[1m[32m20:19:17[0m[1m[0m] [37mIQPE (n_sites=4, n_occ=3) = -28.961557275280903[0m
[[1m[32m20:19:17[0m[1m[0m] [37mVQE (n_sites=4, n_occ=3) = -5.580331773391643[0m
[[1m[32m20:19:17[0m[1m[0m] [37mIQPE (n_sites=4, n_occ=4) = -27.48893571891069[0m
[[1m[32m20:19:17[0m[1m[0m] [37mVQE (n_sites=4, n_occ=4) = -4.727903789400173[0m
[[1m[32m20:19:17[0m[1m[0m] [37mIQPE (n_sites=4, n_occ=5) = -30.925052683774528[0m
[[1m[32m20:19:17[0m[1m[0m] [37mVQE (n_sites=4, n_occ=5) = -3.8626633367068335[0m
[[1m[32m20:19:17[0m[1m[0m] [37mIQPE (n_sites=4, n_occ=6) = -29.452431127404306[0m
[[1m[32m20:19:17[0m[1m[0m] [37mVQE (n_sites=4, n_occ=6) = -2.7696372873547523[0m
[[1m[32m20:19:17[0m[1m[0m] [37mIQPE (n_sites=4, n_occ=7) = -1.4726215563702154[0m
[[1m[32m20:19:17[0m[1m[0m] [37mVQE (n_sites=4, n_occ=7) = -1.334634604646819[0m
[[1m[32m20:19:17[0m[1m[0m] [37mIQPE (n_sites=4, n_occ=8) = -0.0[0m
[[1m[32m20:19:17[0m[1m[0m] [37mVQE (n_sites=4, n_occ=8) = -0.06219538786108336[0m
[[1m[32m20:30:00[0m[1m[0m] [37mVQE other benchmarks (n_sites=6, n_occ=10): num_queries=7200000, circuit_depth=[64,57][0m
[[1m[32m20:32:50[0m[1m[0m] [37mExact (n_sites=6, n_occ=5, t1=1.0, U=0.0, t2=1.0) = -9.381341395361314[0m
[[1m[32m20:33:21[0m[1m[0m] [37mVQE other benchmarks (n_sites=6, n_occ=8): num_queries=7200000, circuit_depth=[64,57][0m
[[1m[32m20:37:53[0m[1m[0m] [37mVQE other benchmarks (n_sites=6, n_occ=5): num_queries=7200000, circuit_depth=[64,57][0m
[[1m[32m20:40:49[0m[1m[0m] [37mIQPE other benchmarks (n_sites=6, n_occ=1): num_queries=57600, circuit_depth=[207990,198107][0m
[[1m[32m20:41:27[0m[1m[0m] [37mExact (n_sites=6, n_occ=4, t1=1.0, U=0.0, t2=1.0) = -9.863703305156271[0m
[[1m[32m20:42:16[0m[1m[0m] [37mVQE other benchmarks (n_sites=6, n_occ=6): num_queries=7200000, circuit_depth=[64,57][0m
[[1m[32m20:42:33[0m[1m[0m] [37mExact (n_sites=6, n_occ=7, t1=1.0, U=0.0, t2=1.0) = -8.31319304793945[0m
[[1m[32m20:45:04[0m[1m[0m] [37mVQE other benchmarks (n_sites=6, n_occ=3): num_queries=7200000, circuit_depth=[64,57][0m
[[1m[32m20:45:13[0m[1m[0m] [37mIQPE other benchmarks (n_sites=6, n_occ=0): num_queries=57600, circuit_depth=[190140,178344][0m
[[1m[32m20:45:27[0m[1m[0m] [37mIQPE other benchmarks (n_sites=6, n_occ=2): num_queries=57600, circuit_depth=[197790,186632][0m
[[1m[32m20:46:14[0m[1m[0m] [37mVQE other benchmarks (n_sites=6, n_occ=4): num_queries=7200000, circuit_depth=[64,57][0m
[[1m[32m22:12:59[0m[1m[0m] [37mIQPE other benchmarks (n_sites=6, n_occ=5): num_queries=57600, circuit_depth=[202890,193007][0m
[[1m[32m22:19:01[0m[1m[0m] [37mVQE other benchmarks (n_sites=6, n_occ=7): num_queries=7200000, circuit_depth=[64,57][0m
[[1m[32m22:24:59[0m[1m[0m] [37mIQPE other benchmarks (n_sites=6, n_occ=6): num_queries=57600, circuit_depth=[205440,194919][0m
[[1m[32m22:27:39[0m[1m[0m] [37mExact (n_sites=6, n_occ=11, t1=1.0, U=0.0, t2=1.0) = -2.931851652578136[0m
[[1m[32m22:38:21[0m[1m[0m] [37mExact (n_sites=6, n_occ=9, t1=1.0, U=0.0, t2=1.0) = -6.795554957734407[0m
[[1m[32m22:38:59[0m[1m[0m] [37mVQE other benchmarks (n_sites=6, n_occ=9): num_queries=7200000, circuit_depth=[64,57][0m
[[1m[32m22:41:45[0m[1m[0m] [37mIQPE other benchmarks (n_sites=6, n_occ=4): num_queries=57600, circuit_depth=[187590,176432][0m
[[1m[32m22:42:37[0m[1m[0m] [37mExact (n_sites=6, n_occ=8, t1=1.0, U=0.0, t2=1.0) = -7.727406610312544[0m
[[1m[32m22:49:25[0m[1m[0m] [37mExact (n_sites=6, n_occ=10, t1=1.0, U=0.0, t2=1.0) = -5.863703305156269[0m
[[1m[32m00:23:15[0m[1m[0m] [37mIQPE other benchmarks (n_sites=6, n_occ=7): num_queries=57600, circuit_depth=[197790,186632][0m
[[1m[32m00:24:55[0m[1m[0m] [37mIQPE other benchmarks (n_sites=6, n_occ=8): num_queries=57600, circuit_depth=[197790,186632][0m
[[1m[32m00:29:36[0m[1m[0m] [37mIQPE other benchmarks (n_sites=6, n_occ=10): num_queries=57600, circuit_depth=[205440,194919][0m
[[1m[32m00:30:04[0m[1m[0m] [37mIQPE other benchmarks (n_sites=6, n_occ=9): num_queries=57600, circuit_depth=[192690,180257][0m
[[1m[32m00:34:07[0m[1m[0m] [37mVQE other benchmarks (n_sites=6, n_occ=11): num_queries=7200000, circuit_depth=[64,57][0m
[[1m[32m00:35:57[0m[1m[0m] [37mExact (n_sites=6, n_occ=12, t1=1.0, U=0.0, t2=1.0) = 4.440892098500626e-16[0m
[[1m[32m02:15:28[0m[1m[0m] [37mIQPE other benchmarks (n_sites=6, n_occ=12): num_queries=57600, circuit_depth=[174840,160494][0m
[[1m[32m02:29:05[0m[1m[0m] [37mIQPE other benchmarks (n_sites=6, n_occ=11): num_queries=57600, circuit_depth=[200340,188544][0m
[[1m[32m02:44:34[0m[1m[0m] [37mIQPE (n_sites=6, n_occ=0) = -0.0[0m
[[1m[32m02:44:34[0m[1m[0m] [37mVQE (n_sites=6, n_occ=0) = -0.10024575237250935[0m
[[1m[32m02:44:34[0m[1m[0m] [37mIQPE (n_sites=6, n_occ=1) = -30.925052683774528[0m
[[1m[32m02:44:34[0m[1m[0m] [37mVQE (n_sites=6, n_occ=1) = -3.1830096251765516[0m
[[1m[32m02:44:34[0m[1m[0m] [37mIQPE (n_sites=6, n_occ=2) = -30.55689729468197[0m
[[1m[32m02:44:34[0m[1m[0m] [37mVQE (n_sites=6, n_occ=2) = -6.083566408520319[0m
[[1m[32m02:44:34[0m[1m[0m] [37mIQPE (n_sites=6, n_occ=3) = -29.575149590435164[0m
[[1m[32m02:44:34[0m[1m[0m] [37mVQE (n_sites=6, n_occ=3) = -7.273422893518637[0m
[[1m[32m02:44:34[0m[1m[0m] [37mIQPE (n_sites=6, n_occ=4) = -29.084275738311753[0m
[[1m[32m02:44:34[0m[1m[0m] [37mVQE (n_sites=6, n_occ=4) = -7.516770749058989[0m
[[1m[32m02:44:34[0m[1m[0m] [37mIQPE (n_sites=6, n_occ=5) = -30.55689729468197[0m
[[1m[32m02:44:34[0m[1m[0m] [37mVQE (n_sites=6, n_occ=5) = -7.171142706457958[0m
[[1m[32m02:44:34[0m[1m[0m] [37mIQPE (n_sites=6, n_occ=6) = -30.925052683774528[0m
[[1m[32m02:44:34[0m[1m[0m] [37mVQE (n_sites=6, n_occ=6) = -6.494758335540056[0m
[[1m[32m02:44:34[0m[1m[0m] [37mIQPE (n_sites=6, n_occ=7) = -30.925052683774528[0m
[[1m[32m02:44:34[0m[1m[0m] [37mVQE (n_sites=6, n_occ=7) = -6.033498336442332[0m
[[1m[32m02:44:34[0m[1m[0m] [37mIQPE (n_sites=6, n_occ=8) = -30.311460368620267[0m
[[1m[32m02:44:34[0m[1m[0m] [37mVQE (n_sites=6, n_occ=8) = -4.769265899412945[0m
[[1m[32m02:44:34[0m[1m[0m] [37mIQPE (n_sites=6, n_occ=9) = -29.329712664373456[0m
[[1m[32m02:44:34[0m[1m[0m] [37mVQE (n_sites=6, n_occ=9) = -3.6751386966714756[0m
[[1m[32m02:44:34[0m[1m[0m] [37mIQPE (n_sites=6, n_occ=10) = -28.838838812250053[0m
[[1m[32m02:44:34[0m[1m[0m] [37mVQE (n_sites=6, n_occ=10) = -3.0115380471395023[0m
[[1m[32m02:44:34[0m[1m[0m] [37mIQPE (n_sites=6, n_occ=11) = -0.4908738521234052[0m
[[1m[32m02:44:34[0m[1m[0m] [37mVQE (n_sites=6, n_occ=11) = -1.3895850767352727[0m
[[1m[32m02:44:34[0m[1m[0m] [37mIQPE (n_sites=6, n_occ=12) = -0.0[0m
[[1m[32m02:44:34[0m[1m[0m] [37mVQE (n_sites=6, n_occ=12) = -0.07913975121425873[0m
All configurations completed at Mon May  4 02:44:35 PDT 2026
