Matplotlib is building the font cache; this may take a moment.
2026-05-01 01:24:23.970 | INFO     | models.haldane:real_space_exact:75 - Exact (n_sites=6, n_occ=0) = 0.0
/pscratch/sd/m/mbao202/NNL-P7/scripts/real_space_simulated_ideal.py:40: DeprecationWarning: Sampler has been deprecated as of Aer 0.15, please use SamplerV2 instead.
  return tag, func(*args, **kwargs)
2026-05-01 01:24:24.576 | INFO     | models.haldane:real_space_exact:75 - Exact (n_sites=4, n_occ=0) = 0.0
/pscratch/sd/m/mbao202/NNL-P7/scripts/real_space_simulated_ideal.py:40: DeprecationWarning: Sampler has been deprecated as of Aer 0.15, please use SamplerV2 instead.
  return tag, func(*args, **kwargs)
2026-05-01 01:24:26.028 | INFO     | models.haldane:real_space_exact:75 - Exact (n_sites=6, n_occ=0) = 0.0
/pscratch/sd/m/mbao202/NNL-P7/scripts/real_space_simulated_ideal.py:40: DeprecationWarning: Sampler has been deprecated as of Aer 0.15, please use SamplerV2 instead.
  return tag, func(*args, **kwargs)
2026-05-01 01:24:27.623 | INFO     | models.haldane:real_space_exact:75 - Exact (n_sites=6, n_occ=0) = 0.0
/pscratch/sd/m/mbao202/NNL-P7/scripts/real_space_simulated_ideal.py:40: DeprecationWarning: Sampler has been deprecated as of Aer 0.15, please use SamplerV2 instead.
  return tag, func(*args, **kwargs)
2026-05-01 01:27:43.085 | DEBUG    | core:iqpe_estimate:67 - IQPE (n_sites=4, n_occ=0, repetition 1, iteration 1) = 0.0
2026-05-01 01:28:36.927 | DEBUG    | core:iqpe_estimate:67 - IQPE (n_sites=4, n_occ=0, repetition 1, iteration 2) = 0.0
2026-05-01 01:28:51.786 | DEBUG    | core:iqpe_estimate:67 - IQPE (n_sites=4, n_occ=0, repetition 1, iteration 3) = 0.0
2026-05-01 01:28:56.070 | DEBUG    | core:iqpe_estimate:67 - IQPE (n_sites=4, n_occ=0, repetition 1, iteration 4) = 0.0
2026-05-01 01:28:57.460 | DEBUG    | core:iqpe_estimate:67 - IQPE (n_sites=4, n_occ=0, repetition 1, iteration 5) = 0.0
2026-05-01 01:28:58.011 | DEBUG    | core:iqpe_estimate:67 - IQPE (n_sites=4, n_occ=0, repetition 1, iteration 6) = 0.0
2026-05-01 01:28:58.279 | DEBUG    | core:iqpe_estimate:67 - IQPE (n_sites=4, n_occ=0, repetition 1, iteration 7) = 0.0
2026-05-01 01:28:58.438 | DEBUG    | core:iqpe_estimate:67 - IQPE (n_sites=4, n_occ=0, repetition 1, iteration 8) = 0.0
2026-05-01 01:28:58.438 | DEBUG    | core:real_space_iqpe:160 - IQPE (n_sites=4, n_occ=0, repetition 1) = -0.0
2026-05-01 01:32:17.776 | DEBUG    | core:iqpe_estimate:67 - IQPE (n_sites=4, n_occ=0, repetition 2, iteration 1) = 0.0
2026-05-01 01:33:10.061 | DEBUG    | core:iqpe_estimate:67 - IQPE (n_sites=4, n_occ=0, repetition 2, iteration 2) = 0.0
2026-05-01 01:33:24.847 | DEBUG    | core:iqpe_estimate:67 - IQPE (n_sites=4, n_occ=0, repetition 2, iteration 3) = 0.0
2026-05-01 01:33:29.032 | DEBUG    | core:iqpe_estimate:67 - IQPE (n_sites=4, n_occ=0, repetition 2, iteration 4) = 0.0
2026-05-01 01:33:30.419 | DEBUG    | core:iqpe_estimate:67 - IQPE (n_sites=4, n_occ=0, repetition 2, iteration 5) = 0.0
2026-05-01 01:33:30.966 | DEBUG    | core:iqpe_estimate:67 - IQPE (n_sites=4, n_occ=0, repetition 2, iteration 6) = 0.0
2026-05-01 01:33:31.233 | DEBUG    | core:iqpe_estimate:67 - IQPE (n_sites=4, n_occ=0, repetition 2, iteration 7) = 0.0
2026-05-01 01:33:31.391 | DEBUG    | core:iqpe_estimate:67 - IQPE (n_sites=4, n_occ=0, repetition 2, iteration 8) = 0.0
2026-05-01 01:33:31.392 | DEBUG    | core:real_space_iqpe:160 - IQPE (n_sites=4, n_occ=0, repetition 2) = -0.0
2026-05-01 01:35:06.800 | DEBUG    | core:iqpe_estimate:67 - IQPE (n_sites=6, n_occ=0, repetition 1, iteration 1) = 0.0
2026-05-01 01:35:15.551 | DEBUG    | core:iqpe_estimate:67 - IQPE (n_sites=6, n_occ=0, repetition 1, iteration 1) = 0.0
2026-05-01 01:36:49.858 | DEBUG    | core:iqpe_estimate:67 - IQPE (n_sites=4, n_occ=0, repetition 3, iteration 1) = 0.0
2026-05-01 01:37:41.828 | DEBUG    | core:iqpe_estimate:67 - IQPE (n_sites=4, n_occ=0, repetition 3, iteration 2) = 0.0
2026-05-01 01:37:56.054 | DEBUG    | core:iqpe_estimate:67 - IQPE (n_sites=4, n_occ=0, repetition 3, iteration 3) = 0.0
2026-05-01 01:38:00.225 | DEBUG    | core:iqpe_estimate:67 - IQPE (n_sites=4, n_occ=0, repetition 3, iteration 4) = 0.0
2026-05-01 01:38:01.619 | DEBUG    | core:iqpe_estimate:67 - IQPE (n_sites=4, n_occ=0, repetition 3, iteration 5) = 0.0
2026-05-01 01:38:02.173 | DEBUG    | core:iqpe_estimate:67 - IQPE (n_sites=4, n_occ=0, repetition 3, iteration 6) = 0.0
2026-05-01 01:38:02.437 | DEBUG    | core:iqpe_estimate:67 - IQPE (n_sites=6, n_occ=0, repetition 1, iteration 2) = 0.0
2026-05-01 01:38:02.442 | DEBUG    | core:iqpe_estimate:67 - IQPE (n_sites=4, n_occ=0, repetition 3, iteration 7) = 0.0
2026-05-01 01:38:02.603 | DEBUG    | core:iqpe_estimate:67 - IQPE (n_sites=4, n_occ=0, repetition 3, iteration 8) = 0.0
2026-05-01 01:38:02.603 | DEBUG    | core:real_space_iqpe:160 - IQPE (n_sites=4, n_occ=0, repetition 3) = -0.0
2026-05-01 01:38:15.112 | DEBUG    | core:iqpe_estimate:67 - IQPE (n_sites=6, n_occ=0, repetition 1, iteration 2) = 0.0
2026-05-01 01:38:54.713 | DEBUG    | core:iqpe_estimate:67 - IQPE (n_sites=6, n_occ=0, repetition 1, iteration 3) = 0.0
2026-05-01 01:39:08.394 | DEBUG    | core:iqpe_estimate:67 - IQPE (n_sites=6, n_occ=0, repetition 1, iteration 3) = 0.0
2026-05-01 01:39:11.768 | DEBUG    | core:iqpe_estimate:67 - IQPE (n_sites=6, n_occ=0, repetition 1, iteration 4) = 0.0
2026-05-01 01:39:18.010 | DEBUG    | core:iqpe_estimate:67 - IQPE (n_sites=6, n_occ=0, repetition 1, iteration 5) = 0.0
2026-05-01 01:39:20.646 | DEBUG    | core:iqpe_estimate:67 - IQPE (n_sites=6, n_occ=0, repetition 1, iteration 6) = 0.0
2026-05-01 01:39:21.859 | DEBUG    | core:iqpe_estimate:67 - IQPE (n_sites=6, n_occ=0, repetition 1, iteration 7) = 0.0
2026-05-01 01:39:22.485 | DEBUG    | core:iqpe_estimate:67 - IQPE (n_sites=6, n_occ=0, repetition 1, iteration 8) = 0.0
2026-05-01 01:39:22.485 | DEBUG    | core:real_space_iqpe:160 - IQPE (n_sites=6, n_occ=0, repetition 1) = -0.0
2026-05-01 01:39:25.993 | DEBUG    | core:iqpe_estimate:67 - IQPE (n_sites=6, n_occ=0, repetition 1, iteration 4) = 0.0
2026-05-01 01:39:32.439 | DEBUG    | core:iqpe_estimate:67 - IQPE (n_sites=6, n_occ=0, repetition 1, iteration 5) = 0.0
2026-05-01 01:39:35.160 | DEBUG    | core:iqpe_estimate:67 - IQPE (n_sites=6, n_occ=0, repetition 1, iteration 6) = 0.0
2026-05-01 01:39:36.399 | DEBUG    | core:iqpe_estimate:67 - IQPE (n_sites=6, n_occ=0, repetition 1, iteration 7) = 0.0
2026-05-01 01:39:37.020 | DEBUG    | core:iqpe_estimate:67 - IQPE (n_sites=6, n_occ=0, repetition 1, iteration 8) = 0.0
2026-05-01 01:39:37.021 | DEBUG    | core:real_space_iqpe:160 - IQPE (n_sites=6, n_occ=0, repetition 1) = -0.0
2026-05-01 01:41:21.940 | DEBUG    | core:iqpe_estimate:67 - IQPE (n_sites=4, n_occ=0, repetition 4, iteration 1) = 0.0
2026-05-01 01:42:14.004 | DEBUG    | core:iqpe_estimate:67 - IQPE (n_sites=4, n_occ=0, repetition 4, iteration 2) = 0.0
2026-05-01 01:42:28.409 | DEBUG    | core:iqpe_estimate:67 - IQPE (n_sites=4, n_occ=0, repetition 4, iteration 3) = 0.0
2026-05-01 01:42:32.608 | DEBUG    | core:iqpe_estimate:67 - IQPE (n_sites=4, n_occ=0, repetition 4, iteration 4) = 0.0
2026-05-01 01:42:34.017 | DEBUG    | core:iqpe_estimate:67 - IQPE (n_sites=4, n_occ=0, repetition 4, iteration 5) = 0.0
2026-05-01 01:42:34.579 | DEBUG    | core:iqpe_estimate:67 - IQPE (n_sites=4, n_occ=0, repetition 4, iteration 6) = 0.0
2026-05-01 01:42:34.851 | DEBUG    | core:iqpe_estimate:67 - IQPE (n_sites=4, n_occ=0, repetition 4, iteration 7) = 0.0
2026-05-01 01:42:35.010 | DEBUG    | core:iqpe_estimate:67 - IQPE (n_sites=4, n_occ=0, repetition 4, iteration 8) = 0.0
2026-05-01 01:42:35.010 | DEBUG    | core:real_space_iqpe:160 - IQPE (n_sites=4, n_occ=0, repetition 4) = -0.0
2026-05-01 01:45:53.638 | DEBUG    | core:iqpe_estimate:67 - IQPE (n_sites=4, n_occ=0, repetition 5, iteration 1) = 0.0
2026-05-01 01:46:45.308 | DEBUG    | core:iqpe_estimate:67 - IQPE (n_sites=4, n_occ=0, repetition 5, iteration 2) = 0.0
2026-05-01 01:46:59.587 | DEBUG    | core:iqpe_estimate:67 - IQPE (n_sites=4, n_occ=0, repetition 5, iteration 3) = 0.0
2026-05-01 01:47:03.739 | DEBUG    | core:iqpe_estimate:67 - IQPE (n_sites=4, n_occ=0, repetition 5, iteration 4) = 0.0
2026-05-01 01:47:05.134 | DEBUG    | core:iqpe_estimate:67 - IQPE (n_sites=4, n_occ=0, repetition 5, iteration 5) = 0.0
2026-05-01 01:47:05.675 | DEBUG    | core:iqpe_estimate:67 - IQPE (n_sites=4, n_occ=0, repetition 5, iteration 6) = 0.0
2026-05-01 01:47:05.938 | DEBUG    | core:iqpe_estimate:67 - IQPE (n_sites=4, n_occ=0, repetition 5, iteration 7) = 0.0
2026-05-01 01:47:06.094 | DEBUG    | core:iqpe_estimate:67 - IQPE (n_sites=4, n_occ=0, repetition 5, iteration 8) = 0.0
2026-05-01 01:47:06.094 | DEBUG    | core:real_space_iqpe:160 - IQPE (n_sites=4, n_occ=0, repetition 5) = -0.0
2026-05-01 01:50:05.009 | DEBUG    | core:iqpe_estimate:67 - IQPE (n_sites=6, n_occ=0, repetition 2, iteration 1) = 0.0
2026-05-01 01:50:26.418 | DEBUG    | core:iqpe_estimate:67 - IQPE (n_sites=6, n_occ=0, repetition 2, iteration 1) = 0.0
2026-05-01 01:50:28.114 | DEBUG    | core:iqpe_estimate:67 - IQPE (n_sites=4, n_occ=0, repetition 6, iteration 1) = 0.0
2026-05-01 01:51:20.288 | DEBUG    | core:iqpe_estimate:67 - IQPE (n_sites=4, n_occ=0, repetition 6, iteration 2) = 0.0
2026-05-01 01:51:34.966 | DEBUG    | core:iqpe_estimate:67 - IQPE (n_sites=4, n_occ=0, repetition 6, iteration 3) = 0.0
2026-05-01 01:51:39.164 | DEBUG    | core:iqpe_estimate:67 - IQPE (n_sites=4, n_occ=0, repetition 6, iteration 4) = 0.0
2026-05-01 01:51:40.557 | DEBUG    | core:iqpe_estimate:67 - IQPE (n_sites=4, n_occ=0, repetition 6, iteration 5) = 0.0
2026-05-01 01:51:41.201 | DEBUG    | core:iqpe_estimate:67 - IQPE (n_sites=4, n_occ=0, repetition 6, iteration 6) = 0.0
2026-05-01 01:51:41.470 | DEBUG    | core:iqpe_estimate:67 - IQPE (n_sites=4, n_occ=0, repetition 6, iteration 7) = 0.0
2026-05-01 01:51:41.631 | DEBUG    | core:iqpe_estimate:67 - IQPE (n_sites=4, n_occ=0, repetition 6, iteration 8) = 0.0
2026-05-01 01:51:41.631 | DEBUG    | core:real_space_iqpe:160 - IQPE (n_sites=4, n_occ=0, repetition 6) = -0.0
2026-05-01 01:53:00.238 | DEBUG    | core:iqpe_estimate:67 - IQPE (n_sites=6, n_occ=0, repetition 2, iteration 2) = 0.0
2026-05-01 01:53:25.789 | DEBUG    | core:iqpe_estimate:67 - IQPE (n_sites=6, n_occ=0, repetition 2, iteration 2) = 0.0
2026-05-01 01:53:53.927 | DEBUG    | core:iqpe_estimate:67 - IQPE (n_sites=6, n_occ=0, repetition 2, iteration 3) = 0.0
2026-05-01 01:54:10.757 | DEBUG    | core:iqpe_estimate:67 - IQPE (n_sites=6, n_occ=0, repetition 2, iteration 4) = 0.0
2026-05-01 01:54:16.906 | DEBUG    | core:iqpe_estimate:67 - IQPE (n_sites=6, n_occ=0, repetition 2, iteration 5) = 0.0
2026-05-01 01:54:19.458 | DEBUG    | core:iqpe_estimate:67 - IQPE (n_sites=6, n_occ=0, repetition 2, iteration 6) = 0.0
2026-05-01 01:54:19.729 | DEBUG    | core:iqpe_estimate:67 - IQPE (n_sites=6, n_occ=0, repetition 2, iteration 3) = 0.0
2026-05-01 01:54:20.634 | DEBUG    | core:iqpe_estimate:67 - IQPE (n_sites=6, n_occ=0, repetition 2, iteration 7) = 0.0
2026-05-01 01:54:21.225 | DEBUG    | core:iqpe_estimate:67 - IQPE (n_sites=6, n_occ=0, repetition 2, iteration 8) = 0.0
2026-05-01 01:54:21.225 | DEBUG    | core:real_space_iqpe:160 - IQPE (n_sites=6, n_occ=0, repetition 2) = -0.0
2026-05-01 01:54:37.148 | DEBUG    | core:iqpe_estimate:67 - IQPE (n_sites=6, n_occ=0, repetition 2, iteration 4) = 0.0
2026-05-01 01:54:43.716 | DEBUG    | core:iqpe_estimate:67 - IQPE (n_sites=6, n_occ=0, repetition 2, iteration 5) = 0.0
2026-05-01 01:54:46.393 | DEBUG    | core:iqpe_estimate:67 - IQPE (n_sites=6, n_occ=0, repetition 2, iteration 6) = 0.0
2026-05-01 01:54:47.660 | DEBUG    | core:iqpe_estimate:67 - IQPE (n_sites=6, n_occ=0, repetition 2, iteration 7) = 0.0
2026-05-01 01:54:48.281 | DEBUG    | core:iqpe_estimate:67 - IQPE (n_sites=6, n_occ=0, repetition 2, iteration 8) = 0.0
2026-05-01 01:54:48.281 | DEBUG    | core:real_space_iqpe:160 - IQPE (n_sites=6, n_occ=0, repetition 2) = -0.0
2026-05-01 01:55:06.164 | DEBUG    | core:iqpe_estimate:67 - IQPE (n_sites=4, n_occ=0, repetition 7, iteration 1) = 0.0
2026-05-01 01:55:58.490 | DEBUG    | core:iqpe_estimate:67 - IQPE (n_sites=4, n_occ=0, repetition 7, iteration 2) = 0.0
2026-05-01 01:56:12.736 | DEBUG    | core:iqpe_estimate:67 - IQPE (n_sites=4, n_occ=0, repetition 7, iteration 3) = 0.0
2026-05-01 01:56:16.884 | DEBUG    | core:iqpe_estimate:67 - IQPE (n_sites=4, n_occ=0, repetition 7, iteration 4) = 0.0
2026-05-01 01:56:18.282 | DEBUG    | core:iqpe_estimate:67 - IQPE (n_sites=4, n_occ=0, repetition 7, iteration 5) = 0.0
2026-05-01 01:56:18.826 | DEBUG    | core:iqpe_estimate:67 - IQPE (n_sites=4, n_occ=0, repetition 7, iteration 6) = 0.0
2026-05-01 01:56:19.091 | DEBUG    | core:iqpe_estimate:67 - IQPE (n_sites=4, n_occ=0, repetition 7, iteration 7) = 0.0
2026-05-01 01:56:19.246 | DEBUG    | core:iqpe_estimate:67 - IQPE (n_sites=4, n_occ=0, repetition 7, iteration 8) = 0.0
2026-05-01 01:56:19.246 | DEBUG    | core:real_space_iqpe:160 - IQPE (n_sites=4, n_occ=0, repetition 7) = -0.0
2026-05-01 01:59:36.111 | DEBUG    | core:iqpe_estimate:67 - IQPE (n_sites=4, n_occ=0, repetition 8, iteration 1) = 0.0
2026-05-01 02:00:27.925 | DEBUG    | core:iqpe_estimate:67 - IQPE (n_sites=4, n_occ=0, repetition 8, iteration 2) = 0.0
2026-05-01 02:00:42.084 | DEBUG    | core:iqpe_estimate:67 - IQPE (n_sites=4, n_occ=0, repetition 8, iteration 3) = 0.0
2026-05-01 02:00:46.243 | DEBUG    | core:iqpe_estimate:67 - IQPE (n_sites=4, n_occ=0, repetition 8, iteration 4) = 0.0
2026-05-01 02:00:47.634 | DEBUG    | core:iqpe_estimate:67 - IQPE (n_sites=4, n_occ=0, repetition 8, iteration 5) = 0.0
2026-05-01 02:00:48.184 | DEBUG    | core:iqpe_estimate:67 - IQPE (n_sites=4, n_occ=0, repetition 8, iteration 6) = 0.0
2026-05-01 02:00:48.449 | DEBUG    | core:iqpe_estimate:67 - IQPE (n_sites=4, n_occ=0, repetition 8, iteration 7) = 0.0
2026-05-01 02:00:48.606 | DEBUG    | core:iqpe_estimate:67 - IQPE (n_sites=4, n_occ=0, repetition 8, iteration 8) = 0.0
2026-05-01 02:00:48.606 | DEBUG    | core:real_space_iqpe:160 - IQPE (n_sites=4, n_occ=0, repetition 8) = -0.0
2026-05-01 02:04:07.876 | DEBUG    | core:iqpe_estimate:67 - IQPE (n_sites=4, n_occ=0, repetition 9, iteration 1) = 0.0
2026-05-01 02:04:59.064 | DEBUG    | core:iqpe_estimate:67 - IQPE (n_sites=6, n_occ=0, repetition 3, iteration 1) = 0.0
2026-05-01 02:05:00.266 | DEBUG    | core:iqpe_estimate:67 - IQPE (n_sites=4, n_occ=0, repetition 9, iteration 2) = 0.0
2026-05-01 02:05:14.555 | DEBUG    | core:iqpe_estimate:67 - IQPE (n_sites=4, n_occ=0, repetition 9, iteration 3) = 0.0
2026-05-01 02:05:18.741 | DEBUG    | core:iqpe_estimate:67 - IQPE (n_sites=4, n_occ=0, repetition 9, iteration 4) = 0.0
2026-05-01 02:05:20.126 | DEBUG    | core:iqpe_estimate:67 - IQPE (n_sites=4, n_occ=0, repetition 9, iteration 5) = 0.0
2026-05-01 02:05:20.676 | DEBUG    | core:iqpe_estimate:67 - IQPE (n_sites=4, n_occ=0, repetition 9, iteration 6) = 0.0
2026-05-01 02:05:20.945 | DEBUG    | core:iqpe_estimate:67 - IQPE (n_sites=4, n_occ=0, repetition 9, iteration 7) = 0.0
2026-05-01 02:05:21.106 | DEBUG    | core:iqpe_estimate:67 - IQPE (n_sites=4, n_occ=0, repetition 9, iteration 8) = 0.0
2026-05-01 02:05:21.106 | DEBUG    | core:real_space_iqpe:160 - IQPE (n_sites=4, n_occ=0, repetition 9) = -0.0
2026-05-01 02:05:36.190 | DEBUG    | core:iqpe_estimate:67 - IQPE (n_sites=6, n_occ=0, repetition 3, iteration 1) = 0.0
2026-05-01 02:07:55.985 | DEBUG    | core:iqpe_estimate:67 - IQPE (n_sites=6, n_occ=0, repetition 3, iteration 2) = 0.0
2026-05-01 02:08:37.901 | DEBUG    | core:iqpe_estimate:67 - IQPE (n_sites=6, n_occ=0, repetition 3, iteration 2) = 0.0
2026-05-01 02:08:40.186 | DEBUG    | core:iqpe_estimate:67 - IQPE (n_sites=4, n_occ=0, repetition 10, iteration 1) = 0.0
2026-05-01 02:08:47.864 | DEBUG    | core:iqpe_estimate:67 - IQPE (n_sites=6, n_occ=0, repetition 3, iteration 3) = 0.0
2026-05-01 02:09:04.855 | DEBUG    | core:iqpe_estimate:67 - IQPE (n_sites=6, n_occ=0, repetition 3, iteration 4) = 0.0
2026-05-01 02:09:10.978 | DEBUG    | core:iqpe_estimate:67 - IQPE (n_sites=6, n_occ=0, repetition 3, iteration 5) = 0.0
2026-05-01 02:09:13.540 | DEBUG    | core:iqpe_estimate:67 - IQPE (n_sites=6, n_occ=0, repetition 3, iteration 6) = 0.0
2026-05-01 02:09:14.716 | DEBUG    | core:iqpe_estimate:67 - IQPE (n_sites=6, n_occ=0, repetition 3, iteration 7) = 0.0
2026-05-01 02:09:15.306 | DEBUG    | core:iqpe_estimate:67 - IQPE (n_sites=6, n_occ=0, repetition 3, iteration 8) = 0.0
2026-05-01 02:09:15.306 | DEBUG    | core:real_space_iqpe:160 - IQPE (n_sites=6, n_occ=0, repetition 3) = -0.0
2026-05-01 02:09:31.096 | DEBUG    | core:iqpe_estimate:67 - IQPE (n_sites=6, n_occ=0, repetition 3, iteration 3) = 0.0
2026-05-01 02:09:32.835 | DEBUG    | core:iqpe_estimate:67 - IQPE (n_sites=4, n_occ=0, repetition 10, iteration 2) = 0.0
2026-05-01 02:09:47.229 | DEBUG    | core:iqpe_estimate:67 - IQPE (n_sites=4, n_occ=0, repetition 10, iteration 3) = 0.0
2026-05-01 02:09:48.470 | DEBUG    | core:iqpe_estimate:67 - IQPE (n_sites=6, n_occ=0, repetition 3, iteration 4) = 0.0
2026-05-01 02:09:51.453 | DEBUG    | core:iqpe_estimate:67 - IQPE (n_sites=4, n_occ=0, repetition 10, iteration 4) = 0.0
2026-05-01 02:09:52.840 | DEBUG    | core:iqpe_estimate:67 - IQPE (n_sites=4, n_occ=0, repetition 10, iteration 5) = 0.0
2026-05-01 02:09:53.386 | DEBUG    | core:iqpe_estimate:67 - IQPE (n_sites=4, n_occ=0, repetition 10, iteration 6) = 0.0
2026-05-01 02:09:53.654 | DEBUG    | core:iqpe_estimate:67 - IQPE (n_sites=4, n_occ=0, repetition 10, iteration 7) = 0.0
2026-05-01 02:09:53.814 | DEBUG    | core:iqpe_estimate:67 - IQPE (n_sites=4, n_occ=0, repetition 10, iteration 8) = 0.0
2026-05-01 02:09:53.814 | DEBUG    | core:real_space_iqpe:160 - IQPE (n_sites=4, n_occ=0, repetition 10) = -0.0
2026-05-01 02:09:54.910 | DEBUG    | core:iqpe_estimate:67 - IQPE (n_sites=6, n_occ=0, repetition 3, iteration 5) = 0.0
2026-05-01 02:09:57.598 | DEBUG    | core:iqpe_estimate:67 - IQPE (n_sites=6, n_occ=0, repetition 3, iteration 6) = 0.0
2026-05-01 02:09:58.856 | DEBUG    | core:iqpe_estimate:67 - IQPE (n_sites=6, n_occ=0, repetition 3, iteration 7) = 0.0
2026-05-01 02:09:59.472 | DEBUG    | core:iqpe_estimate:67 - IQPE (n_sites=6, n_occ=0, repetition 3, iteration 8) = 0.0
2026-05-01 02:09:59.472 | DEBUG    | core:real_space_iqpe:160 - IQPE (n_sites=6, n_occ=0, repetition 3) = -0.0
2026-05-01 02:13:13.084 | DEBUG    | core:iqpe_estimate:67 - IQPE (n_sites=4, n_occ=0, repetition 11, iteration 1) = 0.0
2026-05-01 02:14:05.409 | DEBUG    | core:iqpe_estimate:67 - IQPE (n_sites=4, n_occ=0, repetition 11, iteration 2) = 0.0
2026-05-01 02:14:19.635 | DEBUG    | core:iqpe_estimate:67 - IQPE (n_sites=4, n_occ=0, repetition 11, iteration 3) = 0.0
2026-05-01 02:14:23.928 | DEBUG    | core:iqpe_estimate:67 - IQPE (n_sites=4, n_occ=0, repetition 11, iteration 4) = 0.0
2026-05-01 02:14:25.319 | DEBUG    | core:iqpe_estimate:67 - IQPE (n_sites=4, n_occ=0, repetition 11, iteration 5) = 0.0
2026-05-01 02:14:25.877 | DEBUG    | core:iqpe_estimate:67 - IQPE (n_sites=4, n_occ=0, repetition 11, iteration 6) = 0.0
2026-05-01 02:14:26.141 | DEBUG    | core:iqpe_estimate:67 - IQPE (n_sites=4, n_occ=0, repetition 11, iteration 7) = 0.0
2026-05-01 02:14:26.300 | DEBUG    | core:iqpe_estimate:67 - IQPE (n_sites=4, n_occ=0, repetition 11, iteration 8) = 0.0
2026-05-01 02:14:26.301 | DEBUG    | core:real_space_iqpe:160 - IQPE (n_sites=4, n_occ=0, repetition 11) = -0.0
2026-05-01 02:17:48.821 | DEBUG    | core:iqpe_estimate:67 - IQPE (n_sites=4, n_occ=0, repetition 12, iteration 1) = 0.0
2026-05-01 02:18:41.053 | DEBUG    | core:iqpe_estimate:67 - IQPE (n_sites=4, n_occ=0, repetition 12, iteration 2) = 0.0
2026-05-01 02:18:55.411 | DEBUG    | core:iqpe_estimate:67 - IQPE (n_sites=4, n_occ=0, repetition 12, iteration 3) = 0.0
2026-05-01 02:18:59.599 | DEBUG    | core:iqpe_estimate:67 - IQPE (n_sites=4, n_occ=0, repetition 12, iteration 4) = 0.0
2026-05-01 02:19:01.028 | DEBUG    | core:iqpe_estimate:67 - IQPE (n_sites=4, n_occ=0, repetition 12, iteration 5) = 0.0
2026-05-01 02:19:01.580 | DEBUG    | core:iqpe_estimate:67 - IQPE (n_sites=4, n_occ=0, repetition 12, iteration 6) = 0.0
2026-05-01 02:19:01.853 | DEBUG    | core:iqpe_estimate:67 - IQPE (n_sites=4, n_occ=0, repetition 12, iteration 7) = 0.0
2026-05-01 02:19:02.013 | DEBUG    | core:iqpe_estimate:67 - IQPE (n_sites=4, n_occ=0, repetition 12, iteration 8) = 0.0
2026-05-01 02:19:02.013 | DEBUG    | core:real_space_iqpe:160 - IQPE (n_sites=4, n_occ=0, repetition 12) = -0.0
2026-05-01 02:20:05.567 | DEBUG    | core:iqpe_estimate:67 - IQPE (n_sites=6, n_occ=0, repetition 4, iteration 1) = 0.0
2026-05-01 02:20:47.570 | DEBUG    | core:iqpe_estimate:67 - IQPE (n_sites=6, n_occ=0, repetition 4, iteration 1) = 0.0
2026-05-01 02:22:21.529 | DEBUG    | core:iqpe_estimate:67 - IQPE (n_sites=4, n_occ=0, repetition 13, iteration 1) = 0.0
2026-05-01 02:23:01.099 | DEBUG    | core:iqpe_estimate:67 - IQPE (n_sites=6, n_occ=0, repetition 4, iteration 2) = 0.0
2026-05-01 02:23:14.212 | DEBUG    | core:iqpe_estimate:67 - IQPE (n_sites=4, n_occ=0, repetition 13, iteration 2) = 0.0
2026-05-01 02:23:28.692 | DEBUG    | core:iqpe_estimate:67 - IQPE (n_sites=4, n_occ=0, repetition 13, iteration 3) = 0.0
2026-05-01 02:23:32.893 | DEBUG    | core:iqpe_estimate:67 - IQPE (n_sites=4, n_occ=0, repetition 13, iteration 4) = 0.0
2026-05-01 02:23:34.288 | DEBUG    | core:iqpe_estimate:67 - IQPE (n_sites=4, n_occ=0, repetition 13, iteration 5) = 0.0
2026-05-01 02:23:34.847 | DEBUG    | core:iqpe_estimate:67 - IQPE (n_sites=4, n_occ=0, repetition 13, iteration 6) = 0.0
2026-05-01 02:23:35.117 | DEBUG    | core:iqpe_estimate:67 - IQPE (n_sites=4, n_occ=0, repetition 13, iteration 7) = 0.0
2026-05-01 02:23:35.278 | DEBUG    | core:iqpe_estimate:67 - IQPE (n_sites=4, n_occ=0, repetition 13, iteration 8) = 0.0
2026-05-01 02:23:35.278 | DEBUG    | core:real_space_iqpe:160 - IQPE (n_sites=4, n_occ=0, repetition 13) = -0.0
2026-05-01 02:23:46.259 | DEBUG    | core:iqpe_estimate:67 - IQPE (n_sites=6, n_occ=0, repetition 4, iteration 2) = 0.0
2026-05-01 02:23:53.079 | DEBUG    | core:iqpe_estimate:67 - IQPE (n_sites=6, n_occ=0, repetition 4, iteration 3) = 0.0
2026-05-01 02:24:10.158 | DEBUG    | core:iqpe_estimate:67 - IQPE (n_sites=6, n_occ=0, repetition 4, iteration 4) = 0.0
2026-05-01 02:24:16.360 | DEBUG    | core:iqpe_estimate:67 - IQPE (n_sites=6, n_occ=0, repetition 4, iteration 5) = 0.0
2026-05-01 02:24:18.965 | DEBUG    | core:iqpe_estimate:67 - IQPE (n_sites=6, n_occ=0, repetition 4, iteration 6) = 0.0
2026-05-01 02:24:20.143 | DEBUG    | core:iqpe_estimate:67 - IQPE (n_sites=6, n_occ=0, repetition 4, iteration 7) = 0.0
2026-05-01 02:24:20.744 | DEBUG    | core:iqpe_estimate:67 - IQPE (n_sites=6, n_occ=0, repetition 4, iteration 8) = 0.0
2026-05-01 02:24:20.745 | DEBUG    | core:real_space_iqpe:160 - IQPE (n_sites=6, n_occ=0, repetition 4) = -0.0
2026-05-01 02:24:40.665 | DEBUG    | core:iqpe_estimate:67 - IQPE (n_sites=6, n_occ=0, repetition 4, iteration 3) = 0.0
2026-05-01 02:24:58.049 | DEBUG    | core:iqpe_estimate:67 - IQPE (n_sites=6, n_occ=0, repetition 4, iteration 4) = 0.0
2026-05-01 02:25:04.437 | DEBUG    | core:iqpe_estimate:67 - IQPE (n_sites=6, n_occ=0, repetition 4, iteration 5) = 0.0
2026-05-01 02:25:07.076 | DEBUG    | core:iqpe_estimate:67 - IQPE (n_sites=6, n_occ=0, repetition 4, iteration 6) = 0.0
2026-05-01 02:25:08.295 | DEBUG    | core:iqpe_estimate:67 - IQPE (n_sites=6, n_occ=0, repetition 4, iteration 7) = 0.0
2026-05-01 02:25:08.913 | DEBUG    | core:iqpe_estimate:67 - IQPE (n_sites=6, n_occ=0, repetition 4, iteration 8) = 0.0
2026-05-01 02:25:08.913 | DEBUG    | core:real_space_iqpe:160 - IQPE (n_sites=6, n_occ=0, repetition 4) = -0.0
2026-05-01 02:26:53.678 | DEBUG    | core:iqpe_estimate:67 - IQPE (n_sites=4, n_occ=0, repetition 14, iteration 1) = 0.0
2026-05-01 02:27:46.867 | DEBUG    | core:iqpe_estimate:67 - IQPE (n_sites=4, n_occ=0, repetition 14, iteration 2) = 0.0
2026-05-01 02:28:01.270 | DEBUG    | core:iqpe_estimate:67 - IQPE (n_sites=4, n_occ=0, repetition 14, iteration 3) = 0.0
2026-05-01 02:28:05.471 | DEBUG    | core:iqpe_estimate:67 - IQPE (n_sites=4, n_occ=0, repetition 14, iteration 4) = 0.0
2026-05-01 02:28:06.885 | DEBUG    | core:iqpe_estimate:67 - IQPE (n_sites=4, n_occ=0, repetition 14, iteration 5) = 0.0
2026-05-01 02:28:07.445 | DEBUG    | core:iqpe_estimate:67 - IQPE (n_sites=4, n_occ=0, repetition 14, iteration 6) = 0.0
2026-05-01 02:28:07.717 | DEBUG    | core:iqpe_estimate:67 - IQPE (n_sites=4, n_occ=0, repetition 14, iteration 7) = 0.0
2026-05-01 02:28:07.877 | DEBUG    | core:iqpe_estimate:67 - IQPE (n_sites=4, n_occ=0, repetition 14, iteration 8) = 0.0
2026-05-01 02:28:07.878 | DEBUG    | core:real_space_iqpe:160 - IQPE (n_sites=4, n_occ=0, repetition 14) = -0.0
2026-05-01 02:31:27.917 | DEBUG    | core:iqpe_estimate:67 - IQPE (n_sites=4, n_occ=0, repetition 15, iteration 1) = 0.0
2026-05-01 02:32:20.561 | DEBUG    | core:iqpe_estimate:67 - IQPE (n_sites=4, n_occ=0, repetition 15, iteration 2) = 0.0
2026-05-01 02:32:34.888 | DEBUG    | core:iqpe_estimate:67 - IQPE (n_sites=4, n_occ=0, repetition 15, iteration 3) = 0.0
2026-05-01 02:32:39.079 | DEBUG    | core:iqpe_estimate:67 - IQPE (n_sites=4, n_occ=0, repetition 15, iteration 4) = 0.0
2026-05-01 02:32:40.469 | DEBUG    | core:iqpe_estimate:67 - IQPE (n_sites=4, n_occ=0, repetition 15, iteration 5) = 0.0
2026-05-01 02:32:41.023 | DEBUG    | core:iqpe_estimate:67 - IQPE (n_sites=4, n_occ=0, repetition 15, iteration 6) = 0.0
2026-05-01 02:32:41.292 | DEBUG    | core:iqpe_estimate:67 - IQPE (n_sites=4, n_occ=0, repetition 15, iteration 7) = 0.0
2026-05-01 02:32:41.451 | DEBUG    | core:iqpe_estimate:67 - IQPE (n_sites=4, n_occ=0, repetition 15, iteration 8) = 0.0
2026-05-01 02:32:41.451 | DEBUG    | core:real_space_iqpe:160 - IQPE (n_sites=4, n_occ=0, repetition 15) = -0.0
2026-05-01 02:32:46.650 | DEBUG    | core:iqpe_estimate:67 - IQPE (n_sites=6, n_occ=0, repetition 1, iteration 1) = 0.0
2026-05-01 02:35:06.565 | DEBUG    | core:iqpe_estimate:67 - IQPE (n_sites=6, n_occ=0, repetition 5, iteration 1) = 0.0
2026-05-01 02:35:59.809 | DEBUG    | core:iqpe_estimate:67 - IQPE (n_sites=4, n_occ=0, repetition 16, iteration 1) = 0.0
2026-05-01 02:36:07.234 | DEBUG    | core:iqpe_estimate:67 - IQPE (n_sites=6, n_occ=0, repetition 5, iteration 1) = 0.0
2026-05-01 02:36:53.640 | DEBUG    | core:iqpe_estimate:67 - IQPE (n_sites=4, n_occ=0, repetition 16, iteration 2) = 0.0
2026-05-01 02:37:07.963 | DEBUG    | core:iqpe_estimate:67 - IQPE (n_sites=4, n_occ=0, repetition 16, iteration 3) = 0.0
2026-05-01 02:37:12.263 | DEBUG    | core:iqpe_estimate:67 - IQPE (n_sites=4, n_occ=0, repetition 16, iteration 4) = 0.0
2026-05-01 02:37:13.662 | DEBUG    | core:iqpe_estimate:67 - IQPE (n_sites=4, n_occ=0, repetition 16, iteration 5) = 0.0
2026-05-01 02:37:14.222 | DEBUG    | core:iqpe_estimate:67 - IQPE (n_sites=4, n_occ=0, repetition 16, iteration 6) = 0.0
2026-05-01 02:37:14.490 | DEBUG    | core:iqpe_estimate:67 - IQPE (n_sites=4, n_occ=0, repetition 16, iteration 7) = 0.0
2026-05-01 02:37:14.649 | DEBUG    | core:iqpe_estimate:67 - IQPE (n_sites=4, n_occ=0, repetition 16, iteration 8) = 0.0
2026-05-01 02:37:14.649 | DEBUG    | core:real_space_iqpe:160 - IQPE (n_sites=4, n_occ=0, repetition 16) = -0.0
2026-05-01 02:38:03.182 | DEBUG    | core:iqpe_estimate:67 - IQPE (n_sites=6, n_occ=0, repetition 5, iteration 2) = 0.0
2026-05-01 02:38:54.841 | DEBUG    | core:iqpe_estimate:67 - IQPE (n_sites=6, n_occ=0, repetition 5, iteration 3) = 0.0
2026-05-01 02:39:06.661 | DEBUG    | core:iqpe_estimate:67 - IQPE (n_sites=6, n_occ=0, repetition 5, iteration 2) = 0.0
2026-05-01 02:39:11.844 | DEBUG    | core:iqpe_estimate:67 - IQPE (n_sites=6, n_occ=0, repetition 5, iteration 4) = 0.0
2026-05-01 02:39:18.012 | DEBUG    | core:iqpe_estimate:67 - IQPE (n_sites=6, n_occ=0, repetition 5, iteration 5) = 0.0
2026-05-01 02:39:20.590 | DEBUG    | core:iqpe_estimate:67 - IQPE (n_sites=6, n_occ=0, repetition 5, iteration 6) = 0.0
2026-05-01 02:39:21.766 | DEBUG    | core:iqpe_estimate:67 - IQPE (n_sites=6, n_occ=0, repetition 5, iteration 7) = 0.0
2026-05-01 02:39:22.360 | DEBUG    | core:iqpe_estimate:67 - IQPE (n_sites=6, n_occ=0, repetition 5, iteration 8) = 0.0
2026-05-01 02:39:22.360 | DEBUG    | core:real_space_iqpe:160 - IQPE (n_sites=6, n_occ=0, repetition 5) = -0.0
2026-05-01 02:39:59.251 | DEBUG    | core:iqpe_estimate:67 - IQPE (n_sites=6, n_occ=0, repetition 5, iteration 3) = 0.0
2026-05-01 02:40:16.434 | DEBUG    | core:iqpe_estimate:67 - IQPE (n_sites=6, n_occ=0, repetition 5, iteration 4) = 0.0
2026-05-01 02:40:22.734 | DEBUG    | core:iqpe_estimate:67 - IQPE (n_sites=6, n_occ=0, repetition 5, iteration 5) = 0.0
2026-05-01 02:40:25.358 | DEBUG    | core:iqpe_estimate:67 - IQPE (n_sites=6, n_occ=0, repetition 5, iteration 6) = 0.0
2026-05-01 02:40:26.583 | DEBUG    | core:iqpe_estimate:67 - IQPE (n_sites=6, n_occ=0, repetition 5, iteration 7) = 0.0
2026-05-01 02:40:27.198 | DEBUG    | core:iqpe_estimate:67 - IQPE (n_sites=6, n_occ=0, repetition 5, iteration 8) = 0.0
2026-05-01 02:40:27.198 | DEBUG    | core:real_space_iqpe:160 - IQPE (n_sites=6, n_occ=0, repetition 5) = -0.0
2026-05-01 02:40:34.016 | DEBUG    | core:iqpe_estimate:67 - IQPE (n_sites=4, n_occ=0, repetition 17, iteration 1) = 0.0
2026-05-01 02:41:27.892 | DEBUG    | core:iqpe_estimate:67 - IQPE (n_sites=4, n_occ=0, repetition 17, iteration 2) = 0.0
2026-05-01 02:41:42.153 | DEBUG    | core:iqpe_estimate:67 - IQPE (n_sites=4, n_occ=0, repetition 17, iteration 3) = 0.0
2026-05-01 02:41:46.337 | DEBUG    | core:iqpe_estimate:67 - IQPE (n_sites=4, n_occ=0, repetition 17, iteration 4) = 0.0
2026-05-01 02:41:47.733 | DEBUG    | core:iqpe_estimate:67 - IQPE (n_sites=4, n_occ=0, repetition 17, iteration 5) = 0.0
2026-05-01 02:41:48.286 | DEBUG    | core:iqpe_estimate:67 - IQPE (n_sites=4, n_occ=0, repetition 17, iteration 6) = 0.0
2026-05-01 02:41:48.555 | DEBUG    | core:iqpe_estimate:67 - IQPE (n_sites=4, n_occ=0, repetition 17, iteration 7) = 0.0
2026-05-01 02:41:48.713 | DEBUG    | core:iqpe_estimate:67 - IQPE (n_sites=4, n_occ=0, repetition 17, iteration 8) = 0.0
2026-05-01 02:41:48.713 | DEBUG    | core:real_space_iqpe:160 - IQPE (n_sites=4, n_occ=0, repetition 17) = -0.0
2026-05-01 02:45:07.144 | DEBUG    | core:iqpe_estimate:67 - IQPE (n_sites=4, n_occ=0, repetition 18, iteration 1) = 0.0
2026-05-01 02:45:59.317 | DEBUG    | core:iqpe_estimate:67 - IQPE (n_sites=4, n_occ=0, repetition 18, iteration 2) = 0.0
2026-05-01 02:46:13.710 | DEBUG    | core:iqpe_estimate:67 - IQPE (n_sites=4, n_occ=0, repetition 18, iteration 3) = 0.0
2026-05-01 02:46:17.951 | DEBUG    | core:iqpe_estimate:67 - IQPE (n_sites=4, n_occ=0, repetition 18, iteration 4) = 0.0
2026-05-01 02:46:19.357 | DEBUG    | core:iqpe_estimate:67 - IQPE (n_sites=4, n_occ=0, repetition 18, iteration 5) = 0.0
2026-05-01 02:46:19.907 | DEBUG    | core:iqpe_estimate:67 - IQPE (n_sites=4, n_occ=0, repetition 18, iteration 6) = 0.0
2026-05-01 02:46:20.180 | DEBUG    | core:iqpe_estimate:67 - IQPE (n_sites=4, n_occ=0, repetition 18, iteration 7) = 0.0
2026-05-01 02:46:20.339 | DEBUG    | core:iqpe_estimate:67 - IQPE (n_sites=4, n_occ=0, repetition 18, iteration 8) = 0.0
2026-05-01 02:46:20.339 | DEBUG    | core:real_space_iqpe:160 - IQPE (n_sites=4, n_occ=0, repetition 18) = -0.0
2026-05-01 02:49:39.471 | DEBUG    | core:iqpe_estimate:67 - IQPE (n_sites=4, n_occ=0, repetition 19, iteration 1) = 0.0
2026-05-01 02:49:56.649 | DEBUG    | core:iqpe_estimate:67 - IQPE (n_sites=6, n_occ=0, repetition 1, iteration 2) = 0.0
2026-05-01 02:50:10.118 | DEBUG    | core:iqpe_estimate:67 - IQPE (n_sites=6, n_occ=0, repetition 6, iteration 1) = 0.0
2026-05-01 02:50:30.831 | DEBUG    | core:iqpe_estimate:67 - IQPE (n_sites=4, n_occ=0, repetition 19, iteration 2) = 0.0
2026-05-01 02:50:45.118 | DEBUG    | core:iqpe_estimate:67 - IQPE (n_sites=4, n_occ=0, repetition 19, iteration 3) = 0.0
2026-05-01 02:50:49.351 | DEBUG    | core:iqpe_estimate:67 - IQPE (n_sites=4, n_occ=0, repetition 19, iteration 4) = 0.0
2026-05-01 02:50:50.726 | DEBUG    | core:iqpe_estimate:67 - IQPE (n_sites=4, n_occ=0, repetition 19, iteration 5) = 0.0
2026-05-01 02:50:51.267 | DEBUG    | core:iqpe_estimate:67 - IQPE (n_sites=4, n_occ=0, repetition 19, iteration 6) = 0.0
2026-05-01 02:50:51.527 | DEBUG    | core:iqpe_estimate:67 - IQPE (n_sites=4, n_occ=0, repetition 19, iteration 7) = 0.0
2026-05-01 02:50:51.682 | DEBUG    | core:iqpe_estimate:67 - IQPE (n_sites=4, n_occ=0, repetition 19, iteration 8) = 0.0
2026-05-01 02:50:51.682 | DEBUG    | core:real_space_iqpe:160 - IQPE (n_sites=4, n_occ=0, repetition 19) = -0.0
2026-05-01 02:51:09.586 | DEBUG    | core:iqpe_estimate:67 - IQPE (n_sites=6, n_occ=0, repetition 6, iteration 1) = 0.0
2026-05-01 02:53:07.084 | DEBUG    | core:iqpe_estimate:67 - IQPE (n_sites=6, n_occ=0, repetition 6, iteration 2) = 0.0
2026-05-01 02:53:59.232 | DEBUG    | core:iqpe_estimate:67 - IQPE (n_sites=6, n_occ=0, repetition 6, iteration 3) = 0.0
2026-05-01 02:54:07.828 | DEBUG    | core:iqpe_estimate:67 - IQPE (n_sites=6, n_occ=0, repetition 6, iteration 2) = 0.0
2026-05-01 02:54:10.059 | DEBUG    | core:iqpe_estimate:67 - IQPE (n_sites=4, n_occ=0, repetition 20, iteration 1) = 0.0
2026-05-01 02:54:16.263 | DEBUG    | core:iqpe_estimate:67 - IQPE (n_sites=6, n_occ=0, repetition 6, iteration 4) = 0.0
2026-05-01 02:54:22.422 | DEBUG    | core:iqpe_estimate:67 - IQPE (n_sites=6, n_occ=0, repetition 6, iteration 5) = 0.0
2026-05-01 02:54:25.006 | DEBUG    | core:iqpe_estimate:67 - IQPE (n_sites=6, n_occ=0, repetition 6, iteration 6) = 0.0
2026-05-01 02:54:25.506 | DEBUG    | core:iqpe_estimate:67 - IQPE (n_sites=6, n_occ=0, repetition 1, iteration 3) = 0.0
2026-05-01 02:54:26.182 | DEBUG    | core:iqpe_estimate:67 - IQPE (n_sites=6, n_occ=0, repetition 6, iteration 7) = 0.0
2026-05-01 02:54:26.771 | DEBUG    | core:iqpe_estimate:67 - IQPE (n_sites=6, n_occ=0, repetition 6, iteration 8) = 0.0
2026-05-01 02:54:26.772 | DEBUG    | core:real_space_iqpe:160 - IQPE (n_sites=6, n_occ=0, repetition 6) = -0.0
2026-05-01 02:55:00.899 | DEBUG    | core:iqpe_estimate:67 - IQPE (n_sites=6, n_occ=0, repetition 6, iteration 3) = 0.0
2026-05-01 02:55:02.288 | DEBUG    | core:iqpe_estimate:67 - IQPE (n_sites=4, n_occ=0, repetition 20, iteration 2) = 0.0
2026-05-01 02:55:16.496 | DEBUG    | core:iqpe_estimate:67 - IQPE (n_sites=4, n_occ=0, repetition 20, iteration 3) = 0.0
2026-05-01 02:55:18.278 | DEBUG    | core:iqpe_estimate:67 - IQPE (n_sites=6, n_occ=0, repetition 6, iteration 4) = 0.0
2026-05-01 02:55:20.639 | DEBUG    | core:iqpe_estimate:67 - IQPE (n_sites=4, n_occ=0, repetition 20, iteration 4) = 0.0
2026-05-01 02:55:22.004 | DEBUG    | core:iqpe_estimate:67 - IQPE (n_sites=4, n_occ=0, repetition 20, iteration 5) = 0.0
2026-05-01 02:55:22.551 | DEBUG    | core:iqpe_estimate:67 - IQPE (n_sites=4, n_occ=0, repetition 20, iteration 6) = 0.0
2026-05-01 02:55:22.812 | DEBUG    | core:iqpe_estimate:67 - IQPE (n_sites=4, n_occ=0, repetition 20, iteration 7) = 0.0
2026-05-01 02:55:22.967 | DEBUG    | core:iqpe_estimate:67 - IQPE (n_sites=4, n_occ=0, repetition 20, iteration 8) = 0.0
2026-05-01 02:55:22.967 | DEBUG    | core:real_space_iqpe:160 - IQPE (n_sites=4, n_occ=0, repetition 20) = -0.0
2026-05-01 02:55:24.723 | DEBUG    | core:iqpe_estimate:67 - IQPE (n_sites=6, n_occ=0, repetition 6, iteration 5) = 0.0
2026-05-01 02:55:27.413 | DEBUG    | core:iqpe_estimate:67 - IQPE (n_sites=6, n_occ=0, repetition 6, iteration 6) = 0.0
2026-05-01 02:55:28.677 | DEBUG    | core:iqpe_estimate:67 - IQPE (n_sites=6, n_occ=0, repetition 6, iteration 7) = 0.0
2026-05-01 02:55:29.298 | DEBUG    | core:iqpe_estimate:67 - IQPE (n_sites=6, n_occ=0, repetition 6, iteration 8) = 0.0
2026-05-01 02:55:29.299 | DEBUG    | core:real_space_iqpe:160 - IQPE (n_sites=6, n_occ=0, repetition 6) = -0.0
2026-05-01 02:55:38.202 | DEBUG    | core:iqpe_estimate:67 - IQPE (n_sites=6, n_occ=0, repetition 1, iteration 4) = 0.0
2026-05-01 02:55:57.661 | DEBUG    | core:iqpe_estimate:67 - IQPE (n_sites=6, n_occ=0, repetition 1, iteration 5) = 0.0
2026-05-01 02:56:03.499 | DEBUG    | core:iqpe_estimate:67 - IQPE (n_sites=6, n_occ=0, repetition 1, iteration 6) = 0.0
2026-05-01 02:56:05.449 | DEBUG    | core:iqpe_estimate:67 - IQPE (n_sites=6, n_occ=0, repetition 1, iteration 7) = 0.0
2026-05-01 02:56:06.226 | DEBUG    | core:iqpe_estimate:67 - IQPE (n_sites=6, n_occ=0, repetition 1, iteration 8) = 0.0
2026-05-01 02:56:06.226 | DEBUG    | core:real_space_iqpe:160 - IQPE (n_sites=6, n_occ=0, repetition 1) = -0.0
2026-05-01 03:05:20.639 | DEBUG    | core:iqpe_estimate:67 - IQPE (n_sites=6, n_occ=0, repetition 7, iteration 1) = 0.0
2026-05-01 03:06:13.997 | DEBUG    | core:iqpe_estimate:67 - IQPE (n_sites=6, n_occ=0, repetition 7, iteration 1) = 0.0
2026-05-01 03:08:24.923 | DEBUG    | core:iqpe_estimate:67 - IQPE (n_sites=6, n_occ=0, repetition 7, iteration 2) = 0.0
2026-05-01 03:09:13.378 | DEBUG    | core:iqpe_estimate:67 - IQPE (n_sites=6, n_occ=0, repetition 7, iteration 2) = 0.0
2026-05-01 03:09:18.096 | DEBUG    | core:iqpe_estimate:67 - IQPE (n_sites=6, n_occ=0, repetition 7, iteration 3) = 0.0
2026-05-01 03:09:35.282 | DEBUG    | core:iqpe_estimate:67 - IQPE (n_sites=6, n_occ=0, repetition 7, iteration 4) = 0.0
2026-05-01 03:09:41.569 | DEBUG    | core:iqpe_estimate:67 - IQPE (n_sites=6, n_occ=0, repetition 7, iteration 5) = 0.0
2026-05-01 03:09:44.177 | DEBUG    | core:iqpe_estimate:67 - IQPE (n_sites=6, n_occ=0, repetition 7, iteration 6) = 0.0
2026-05-01 03:09:45.401 | DEBUG    | core:iqpe_estimate:67 - IQPE (n_sites=6, n_occ=0, repetition 7, iteration 7) = 0.0
2026-05-01 03:09:45.999 | DEBUG    | core:iqpe_estimate:67 - IQPE (n_sites=6, n_occ=0, repetition 7, iteration 8) = 0.0
2026-05-01 03:09:45.999 | DEBUG    | core:real_space_iqpe:160 - IQPE (n_sites=6, n_occ=0, repetition 7) = -0.0
2026-05-01 03:10:06.586 | DEBUG    | core:iqpe_estimate:67 - IQPE (n_sites=6, n_occ=0, repetition 7, iteration 3) = 0.0
2026-05-01 03:10:24.085 | DEBUG    | core:iqpe_estimate:67 - IQPE (n_sites=6, n_occ=0, repetition 7, iteration 4) = 0.0
2026-05-01 03:10:30.480 | DEBUG    | core:iqpe_estimate:67 - IQPE (n_sites=6, n_occ=0, repetition 7, iteration 5) = 0.0
2026-05-01 03:10:33.150 | DEBUG    | core:iqpe_estimate:67 - IQPE (n_sites=6, n_occ=0, repetition 7, iteration 6) = 0.0
2026-05-01 03:10:34.422 | DEBUG    | core:iqpe_estimate:67 - IQPE (n_sites=6, n_occ=0, repetition 7, iteration 7) = 0.0
2026-05-01 03:10:35.040 | DEBUG    | core:iqpe_estimate:67 - IQPE (n_sites=6, n_occ=0, repetition 7, iteration 8) = 0.0
2026-05-01 03:10:35.040 | DEBUG    | core:real_space_iqpe:160 - IQPE (n_sites=6, n_occ=0, repetition 7) = -0.0
2026-05-01 03:20:44.707 | DEBUG    | core:iqpe_estimate:67 - IQPE (n_sites=6, n_occ=0, repetition 8, iteration 1) = 0.0
2026-05-01 03:21:22.097 | DEBUG    | core:iqpe_estimate:67 - IQPE (n_sites=6, n_occ=0, repetition 8, iteration 1) = 0.0
2026-05-01 03:23:45.723 | DEBUG    | core:iqpe_estimate:67 - IQPE (n_sites=6, n_occ=0, repetition 8, iteration 2) = 0.0
2026-05-01 03:24:21.670 | DEBUG    | core:iqpe_estimate:67 - IQPE (n_sites=6, n_occ=0, repetition 8, iteration 2) = 0.0
2026-05-01 03:24:38.732 | DEBUG    | core:iqpe_estimate:67 - IQPE (n_sites=6, n_occ=0, repetition 8, iteration 3) = 0.0
2026-05-01 03:24:55.813 | DEBUG    | core:iqpe_estimate:67 - IQPE (n_sites=6, n_occ=0, repetition 8, iteration 4) = 0.0
2026-05-01 03:25:02.069 | DEBUG    | core:iqpe_estimate:67 - IQPE (n_sites=6, n_occ=0, repetition 8, iteration 5) = 0.0
2026-05-01 03:25:04.659 | DEBUG    | core:iqpe_estimate:67 - IQPE (n_sites=6, n_occ=0, repetition 8, iteration 6) = 0.0
2026-05-01 03:25:05.888 | DEBUG    | core:iqpe_estimate:67 - IQPE (n_sites=6, n_occ=0, repetition 8, iteration 7) = 0.0
2026-05-01 03:25:06.485 | DEBUG    | core:iqpe_estimate:67 - IQPE (n_sites=6, n_occ=0, repetition 8, iteration 8) = 0.0
2026-05-01 03:25:06.485 | DEBUG    | core:real_space_iqpe:160 - IQPE (n_sites=6, n_occ=0, repetition 8) = -0.0
2026-05-01 03:25:14.367 | DEBUG    | core:iqpe_estimate:67 - IQPE (n_sites=6, n_occ=0, repetition 8, iteration 3) = 0.0
2026-05-01 03:25:31.706 | DEBUG    | core:iqpe_estimate:67 - IQPE (n_sites=6, n_occ=0, repetition 8, iteration 4) = 0.0
2026-05-01 03:25:38.099 | DEBUG    | core:iqpe_estimate:67 - IQPE (n_sites=6, n_occ=0, repetition 8, iteration 5) = 0.0
2026-05-01 03:25:40.771 | DEBUG    | core:iqpe_estimate:67 - IQPE (n_sites=6, n_occ=0, repetition 8, iteration 6) = 0.0
2026-05-01 03:25:42.027 | DEBUG    | core:iqpe_estimate:67 - IQPE (n_sites=6, n_occ=0, repetition 8, iteration 7) = 0.0
2026-05-01 03:25:42.643 | DEBUG    | core:iqpe_estimate:67 - IQPE (n_sites=6, n_occ=0, repetition 8, iteration 8) = 0.0
2026-05-01 03:25:42.644 | DEBUG    | core:real_space_iqpe:160 - IQPE (n_sites=6, n_occ=0, repetition 8) = -0.0
2026-05-01 03:35:54.794 | DEBUG    | core:iqpe_estimate:67 - IQPE (n_sites=6, n_occ=0, repetition 9, iteration 1) = 0.0
2026-05-01 03:36:38.791 | DEBUG    | core:iqpe_estimate:67 - IQPE (n_sites=6, n_occ=0, repetition 9, iteration 1) = 0.0
2026-05-01 03:38:56.916 | DEBUG    | core:iqpe_estimate:67 - IQPE (n_sites=6, n_occ=0, repetition 9, iteration 2) = 0.0
2026-05-01 03:39:37.193 | DEBUG    | core:iqpe_estimate:67 - IQPE (n_sites=6, n_occ=0, repetition 9, iteration 2) = 0.0
2026-05-01 03:39:49.703 | DEBUG    | core:iqpe_estimate:67 - IQPE (n_sites=6, n_occ=0, repetition 9, iteration 3) = 0.0
2026-05-01 03:40:06.838 | DEBUG    | core:iqpe_estimate:67 - IQPE (n_sites=6, n_occ=0, repetition 9, iteration 4) = 0.0
2026-05-01 03:40:13.077 | DEBUG    | core:iqpe_estimate:67 - IQPE (n_sites=6, n_occ=0, repetition 9, iteration 5) = 0.0
2026-05-01 03:40:15.714 | DEBUG    | core:iqpe_estimate:67 - IQPE (n_sites=6, n_occ=0, repetition 9, iteration 6) = 0.0
2026-05-01 03:40:16.938 | DEBUG    | core:iqpe_estimate:67 - IQPE (n_sites=6, n_occ=0, repetition 9, iteration 7) = 0.0
2026-05-01 03:40:17.533 | DEBUG    | core:iqpe_estimate:67 - IQPE (n_sites=6, n_occ=0, repetition 9, iteration 8) = 0.0
2026-05-01 03:40:17.533 | DEBUG    | core:real_space_iqpe:160 - IQPE (n_sites=6, n_occ=0, repetition 9) = -0.0
2026-05-01 03:40:30.212 | DEBUG    | core:iqpe_estimate:67 - IQPE (n_sites=6, n_occ=0, repetition 9, iteration 3) = 0.0
2026-05-01 03:40:47.587 | DEBUG    | core:iqpe_estimate:67 - IQPE (n_sites=6, n_occ=0, repetition 9, iteration 4) = 0.0
2026-05-01 03:40:53.945 | DEBUG    | core:iqpe_estimate:67 - IQPE (n_sites=6, n_occ=0, repetition 9, iteration 5) = 0.0
2026-05-01 03:40:56.625 | DEBUG    | core:iqpe_estimate:67 - IQPE (n_sites=6, n_occ=0, repetition 9, iteration 6) = 0.0
2026-05-01 03:40:57.887 | DEBUG    | core:iqpe_estimate:67 - IQPE (n_sites=6, n_occ=0, repetition 9, iteration 7) = 0.0
2026-05-01 03:40:58.502 | DEBUG    | core:iqpe_estimate:67 - IQPE (n_sites=6, n_occ=0, repetition 9, iteration 8) = 0.0
2026-05-01 03:40:58.503 | DEBUG    | core:real_space_iqpe:160 - IQPE (n_sites=6, n_occ=0, repetition 9) = -0.0
2026-05-01 03:51:00.814 | DEBUG    | core:iqpe_estimate:67 - IQPE (n_sites=6, n_occ=0, repetition 10, iteration 1) = 0.0
2026-05-01 03:51:50.469 | DEBUG    | core:iqpe_estimate:67 - IQPE (n_sites=6, n_occ=0, repetition 10, iteration 1) = 0.0
2026-05-01 03:53:57.271 | DEBUG    | core:iqpe_estimate:67 - IQPE (n_sites=6, n_occ=0, repetition 10, iteration 2) = 0.0
2026-05-01 03:54:49.601 | DEBUG    | core:iqpe_estimate:67 - IQPE (n_sites=6, n_occ=0, repetition 10, iteration 2) = 0.0
2026-05-01 03:54:51.135 | DEBUG    | core:iqpe_estimate:67 - IQPE (n_sites=6, n_occ=0, repetition 10, iteration 3) = 0.0
2026-05-01 03:55:08.206 | DEBUG    | core:iqpe_estimate:67 - IQPE (n_sites=6, n_occ=0, repetition 10, iteration 4) = 0.0
2026-05-01 03:55:14.497 | DEBUG    | core:iqpe_estimate:67 - IQPE (n_sites=6, n_occ=0, repetition 10, iteration 5) = 0.0
2026-05-01 03:55:17.150 | DEBUG    | core:iqpe_estimate:67 - IQPE (n_sites=6, n_occ=0, repetition 10, iteration 6) = 0.0
2026-05-01 03:55:18.433 | DEBUG    | core:iqpe_estimate:67 - IQPE (n_sites=6, n_occ=0, repetition 10, iteration 7) = 0.0
2026-05-01 03:55:19.082 | DEBUG    | core:iqpe_estimate:67 - IQPE (n_sites=6, n_occ=0, repetition 10, iteration 8) = 0.0
2026-05-01 03:55:19.082 | DEBUG    | core:real_space_iqpe:160 - IQPE (n_sites=6, n_occ=0, repetition 10) = -0.0
2026-05-01 03:55:42.378 | DEBUG    | core:iqpe_estimate:67 - IQPE (n_sites=6, n_occ=0, repetition 10, iteration 3) = 0.0
2026-05-01 03:55:59.713 | DEBUG    | core:iqpe_estimate:67 - IQPE (n_sites=6, n_occ=0, repetition 10, iteration 4) = 0.0
2026-05-01 03:56:06.164 | DEBUG    | core:iqpe_estimate:67 - IQPE (n_sites=6, n_occ=0, repetition 10, iteration 5) = 0.0
2026-05-01 03:56:08.849 | DEBUG    | core:iqpe_estimate:67 - IQPE (n_sites=6, n_occ=0, repetition 10, iteration 6) = 0.0
2026-05-01 03:56:10.146 | DEBUG    | core:iqpe_estimate:67 - IQPE (n_sites=6, n_occ=0, repetition 10, iteration 7) = 0.0
2026-05-01 03:56:10.791 | DEBUG    | core:iqpe_estimate:67 - IQPE (n_sites=6, n_occ=0, repetition 10, iteration 8) = 0.0
2026-05-01 03:56:10.792 | DEBUG    | core:real_space_iqpe:160 - IQPE (n_sites=6, n_occ=0, repetition 10) = -0.0
2026-05-01 04:04:15.143 | DEBUG    | core:iqpe_estimate:67 - IQPE (n_sites=6, n_occ=0, repetition 2, iteration 1) = 0.0
2026-05-01 04:06:22.088 | DEBUG    | core:iqpe_estimate:67 - IQPE (n_sites=6, n_occ=0, repetition 11, iteration 1) = 0.0
2026-05-01 04:07:04.193 | DEBUG    | core:iqpe_estimate:67 - IQPE (n_sites=6, n_occ=0, repetition 11, iteration 1) = 0.0
2026-05-01 04:09:22.096 | DEBUG    | core:iqpe_estimate:67 - IQPE (n_sites=6, n_occ=0, repetition 11, iteration 2) = 0.0
2026-05-01 04:10:03.562 | DEBUG    | core:iqpe_estimate:67 - IQPE (n_sites=6, n_occ=0, repetition 11, iteration 2) = 0.0
2026-05-01 04:10:14.548 | DEBUG    | core:iqpe_estimate:67 - IQPE (n_sites=6, n_occ=0, repetition 11, iteration 3) = 0.0
2026-05-01 04:10:31.647 | DEBUG    | core:iqpe_estimate:67 - IQPE (n_sites=6, n_occ=0, repetition 11, iteration 4) = 0.0
2026-05-01 04:10:37.937 | DEBUG    | core:iqpe_estimate:67 - IQPE (n_sites=6, n_occ=0, repetition 11, iteration 5) = 0.0
2026-05-01 04:10:40.628 | DEBUG    | core:iqpe_estimate:67 - IQPE (n_sites=6, n_occ=0, repetition 11, iteration 6) = 0.0
2026-05-01 04:10:41.864 | DEBUG    | core:iqpe_estimate:67 - IQPE (n_sites=6, n_occ=0, repetition 11, iteration 7) = 0.0
2026-05-01 04:10:42.516 | DEBUG    | core:iqpe_estimate:67 - IQPE (n_sites=6, n_occ=0, repetition 11, iteration 8) = 0.0
2026-05-01 04:10:42.516 | DEBUG    | core:real_space_iqpe:160 - IQPE (n_sites=6, n_occ=0, repetition 11) = -0.0
2026-05-01 04:10:56.827 | DEBUG    | core:iqpe_estimate:67 - IQPE (n_sites=6, n_occ=0, repetition 11, iteration 3) = 0.0
2026-05-01 04:11:14.277 | DEBUG    | core:iqpe_estimate:67 - IQPE (n_sites=6, n_occ=0, repetition 11, iteration 4) = 0.0
2026-05-01 04:11:20.777 | DEBUG    | core:iqpe_estimate:67 - IQPE (n_sites=6, n_occ=0, repetition 11, iteration 5) = 0.0
2026-05-01 04:11:23.539 | DEBUG    | core:iqpe_estimate:67 - IQPE (n_sites=6, n_occ=0, repetition 11, iteration 6) = 0.0
2026-05-01 04:11:24.844 | DEBUG    | core:iqpe_estimate:67 - IQPE (n_sites=6, n_occ=0, repetition 11, iteration 7) = 0.0
2026-05-01 04:11:25.511 | DEBUG    | core:iqpe_estimate:67 - IQPE (n_sites=6, n_occ=0, repetition 11, iteration 8) = 0.0
2026-05-01 04:11:25.511 | DEBUG    | core:real_space_iqpe:160 - IQPE (n_sites=6, n_occ=0, repetition 11) = -0.0
2026-05-01 04:21:31.947 | DEBUG    | core:iqpe_estimate:67 - IQPE (n_sites=6, n_occ=0, repetition 2, iteration 2) = 0.0
2026-05-01 04:21:34.574 | DEBUG    | core:iqpe_estimate:67 - IQPE (n_sites=6, n_occ=0, repetition 12, iteration 1) = 0.0
2026-05-01 04:22:18.444 | DEBUG    | core:iqpe_estimate:67 - IQPE (n_sites=6, n_occ=0, repetition 12, iteration 1) = 0.0
2026-05-01 04:24:34.140 | DEBUG    | core:iqpe_estimate:67 - IQPE (n_sites=6, n_occ=0, repetition 12, iteration 2) = 0.0
2026-05-01 04:25:21.341 | DEBUG    | core:iqpe_estimate:67 - IQPE (n_sites=6, n_occ=0, repetition 12, iteration 2) = 0.0
2026-05-01 04:25:26.804 | DEBUG    | core:iqpe_estimate:67 - IQPE (n_sites=6, n_occ=0, repetition 12, iteration 3) = 0.0
2026-05-01 04:25:44.137 | DEBUG    | core:iqpe_estimate:67 - IQPE (n_sites=6, n_occ=0, repetition 12, iteration 4) = 0.0
2026-05-01 04:25:50.556 | DEBUG    | core:iqpe_estimate:67 - IQPE (n_sites=6, n_occ=0, repetition 12, iteration 5) = 0.0
2026-05-01 04:25:53.256 | DEBUG    | core:iqpe_estimate:67 - IQPE (n_sites=6, n_occ=0, repetition 12, iteration 6) = 0.0
2026-05-01 04:25:54.468 | DEBUG    | core:iqpe_estimate:67 - IQPE (n_sites=6, n_occ=0, repetition 12, iteration 7) = 0.0
2026-05-01 04:25:55.097 | DEBUG    | core:iqpe_estimate:67 - IQPE (n_sites=6, n_occ=0, repetition 12, iteration 8) = 0.0
2026-05-01 04:25:55.097 | DEBUG    | core:real_space_iqpe:160 - IQPE (n_sites=6, n_occ=0, repetition 12) = -0.0
2026-05-01 04:26:01.821 | DEBUG    | core:iqpe_estimate:67 - IQPE (n_sites=6, n_occ=0, repetition 2, iteration 3) = 0.0
2026-05-01 04:26:14.658 | DEBUG    | core:iqpe_estimate:67 - IQPE (n_sites=6, n_occ=0, repetition 12, iteration 3) = 0.0
2026-05-01 04:26:32.162 | DEBUG    | core:iqpe_estimate:67 - IQPE (n_sites=6, n_occ=0, repetition 12, iteration 4) = 0.0
2026-05-01 04:26:38.865 | DEBUG    | core:iqpe_estimate:67 - IQPE (n_sites=6, n_occ=0, repetition 12, iteration 5) = 0.0
2026-05-01 04:26:41.636 | DEBUG    | core:iqpe_estimate:67 - IQPE (n_sites=6, n_occ=0, repetition 12, iteration 6) = 0.0
2026-05-01 04:26:42.870 | DEBUG    | core:iqpe_estimate:67 - IQPE (n_sites=6, n_occ=0, repetition 12, iteration 7) = 0.0
2026-05-01 04:26:43.525 | DEBUG    | core:iqpe_estimate:67 - IQPE (n_sites=6, n_occ=0, repetition 12, iteration 8) = 0.0
2026-05-01 04:26:43.525 | DEBUG    | core:real_space_iqpe:160 - IQPE (n_sites=6, n_occ=0, repetition 12) = -0.0
2026-05-01 04:27:13.189 | DEBUG    | core:iqpe_estimate:67 - IQPE (n_sites=6, n_occ=0, repetition 2, iteration 4) = 0.0
2026-05-01 04:27:32.907 | DEBUG    | core:iqpe_estimate:67 - IQPE (n_sites=6, n_occ=0, repetition 2, iteration 5) = 0.0
2026-05-01 04:27:38.821 | DEBUG    | core:iqpe_estimate:67 - IQPE (n_sites=6, n_occ=0, repetition 2, iteration 6) = 0.0
2026-05-01 04:27:40.779 | DEBUG    | core:iqpe_estimate:67 - IQPE (n_sites=6, n_occ=0, repetition 2, iteration 7) = 0.0
2026-05-01 04:27:41.547 | DEBUG    | core:iqpe_estimate:67 - IQPE (n_sites=6, n_occ=0, repetition 2, iteration 8) = 0.0
2026-05-01 04:27:41.547 | DEBUG    | core:real_space_iqpe:160 - IQPE (n_sites=6, n_occ=0, repetition 2) = -0.0
2026-05-01 04:37:13.562 | DEBUG    | core:iqpe_estimate:67 - IQPE (n_sites=6, n_occ=0, repetition 13, iteration 1) = 0.0
2026-05-01 04:37:39.743 | DEBUG    | core:iqpe_estimate:67 - IQPE (n_sites=6, n_occ=0, repetition 13, iteration 1) = 0.0
2026-05-01 04:40:12.951 | DEBUG    | core:iqpe_estimate:67 - IQPE (n_sites=6, n_occ=0, repetition 13, iteration 2) = 0.0
2026-05-01 04:40:41.418 | DEBUG    | core:iqpe_estimate:67 - IQPE (n_sites=6, n_occ=0, repetition 13, iteration 2) = 0.0
2026-05-01 04:41:05.307 | DEBUG    | core:iqpe_estimate:67 - IQPE (n_sites=6, n_occ=0, repetition 13, iteration 3) = 0.0
2026-05-01 04:41:22.612 | DEBUG    | core:iqpe_estimate:67 - IQPE (n_sites=6, n_occ=0, repetition 13, iteration 4) = 0.0
2026-05-01 04:41:29.073 | DEBUG    | core:iqpe_estimate:67 - IQPE (n_sites=6, n_occ=0, repetition 13, iteration 5) = 0.0
2026-05-01 04:41:31.753 | DEBUG    | core:iqpe_estimate:67 - IQPE (n_sites=6, n_occ=0, repetition 13, iteration 6) = 0.0
2026-05-01 04:41:32.936 | DEBUG    | core:iqpe_estimate:67 - IQPE (n_sites=6, n_occ=0, repetition 13, iteration 7) = 0.0
2026-05-01 04:41:33.531 | DEBUG    | core:iqpe_estimate:67 - IQPE (n_sites=6, n_occ=0, repetition 13, iteration 8) = 0.0
2026-05-01 04:41:33.531 | DEBUG    | core:real_space_iqpe:160 - IQPE (n_sites=6, n_occ=0, repetition 13) = -0.0
2026-05-01 04:41:35.216 | DEBUG    | core:iqpe_estimate:67 - IQPE (n_sites=6, n_occ=0, repetition 13, iteration 3) = 0.0
2026-05-01 04:41:52.841 | DEBUG    | core:iqpe_estimate:67 - IQPE (n_sites=6, n_occ=0, repetition 13, iteration 4) = 0.0
2026-05-01 04:41:59.466 | DEBUG    | core:iqpe_estimate:67 - IQPE (n_sites=6, n_occ=0, repetition 13, iteration 5) = 0.0
2026-05-01 04:42:02.247 | DEBUG    | core:iqpe_estimate:67 - IQPE (n_sites=6, n_occ=0, repetition 13, iteration 6) = 0.0
2026-05-01 04:42:03.461 | DEBUG    | core:iqpe_estimate:67 - IQPE (n_sites=6, n_occ=0, repetition 13, iteration 7) = 0.0
2026-05-01 04:42:04.072 | DEBUG    | core:iqpe_estimate:67 - IQPE (n_sites=6, n_occ=0, repetition 13, iteration 8) = 0.0
2026-05-01 04:42:04.072 | DEBUG    | core:real_space_iqpe:160 - IQPE (n_sites=6, n_occ=0, repetition 13) = -0.0
2026-05-01 04:49:33.298 | DEBUG    | core:real_space_vqe:132 - VQE (n_sites=4, n_occ=0, repetition 1) = -0.02826317902447076
2026-05-01 04:52:33.119 | DEBUG    | core:iqpe_estimate:67 - IQPE (n_sites=6, n_occ=0, repetition 14, iteration 1) = 0.0
2026-05-01 04:52:56.623 | DEBUG    | core:iqpe_estimate:67 - IQPE (n_sites=6, n_occ=0, repetition 14, iteration 1) = 0.0
2026-05-01 04:55:30.319 | DEBUG    | core:iqpe_estimate:67 - IQPE (n_sites=6, n_occ=0, repetition 14, iteration 2) = 0.0
2026-05-01 04:55:55.256 | DEBUG    | core:iqpe_estimate:67 - IQPE (n_sites=6, n_occ=0, repetition 14, iteration 2) = 0.0
2026-05-01 04:56:22.939 | DEBUG    | core:iqpe_estimate:67 - IQPE (n_sites=6, n_occ=0, repetition 14, iteration 3) = 0.0
2026-05-01 04:56:40.319 | DEBUG    | core:iqpe_estimate:67 - IQPE (n_sites=6, n_occ=0, repetition 14, iteration 4) = 0.0
2026-05-01 04:56:46.839 | DEBUG    | core:iqpe_estimate:67 - IQPE (n_sites=6, n_occ=0, repetition 14, iteration 5) = 0.0
2026-05-01 04:56:48.519 | DEBUG    | core:iqpe_estimate:67 - IQPE (n_sites=6, n_occ=0, repetition 14, iteration 3) = 0.0
2026-05-01 04:56:49.531 | DEBUG    | core:iqpe_estimate:67 - IQPE (n_sites=6, n_occ=0, repetition 14, iteration 6) = 0.0
2026-05-01 04:56:50.710 | DEBUG    | core:iqpe_estimate:67 - IQPE (n_sites=6, n_occ=0, repetition 14, iteration 7) = 0.0
2026-05-01 04:56:51.319 | DEBUG    | core:iqpe_estimate:67 - IQPE (n_sites=6, n_occ=0, repetition 14, iteration 8) = 0.0
2026-05-01 04:56:51.319 | DEBUG    | core:real_space_iqpe:160 - IQPE (n_sites=6, n_occ=0, repetition 14) = -0.0
2026-05-01 04:57:06.142 | DEBUG    | core:iqpe_estimate:67 - IQPE (n_sites=6, n_occ=0, repetition 14, iteration 4) = 0.0
2026-05-01 04:57:12.843 | DEBUG    | core:iqpe_estimate:67 - IQPE (n_sites=6, n_occ=0, repetition 14, iteration 5) = 0.0
2026-05-01 04:57:15.571 | DEBUG    | core:iqpe_estimate:67 - IQPE (n_sites=6, n_occ=0, repetition 14, iteration 6) = 0.0
2026-05-01 04:57:16.783 | DEBUG    | core:iqpe_estimate:67 - IQPE (n_sites=6, n_occ=0, repetition 14, iteration 7) = 0.0
2026-05-01 04:57:17.396 | DEBUG    | core:iqpe_estimate:67 - IQPE (n_sites=6, n_occ=0, repetition 14, iteration 8) = 0.0
2026-05-01 04:57:17.396 | DEBUG    | core:real_space_iqpe:160 - IQPE (n_sites=6, n_occ=0, repetition 14) = -0.0
2026-05-01 05:07:38.749 | DEBUG    | core:iqpe_estimate:67 - IQPE (n_sites=6, n_occ=0, repetition 15, iteration 1) = 0.0
2026-05-01 05:08:10.946 | DEBUG    | core:iqpe_estimate:67 - IQPE (n_sites=6, n_occ=0, repetition 15, iteration 1) = 0.0
2026-05-01 05:10:38.133 | DEBUG    | core:iqpe_estimate:67 - IQPE (n_sites=6, n_occ=0, repetition 15, iteration 2) = 0.0
2026-05-01 05:11:30.050 | DEBUG    | core:iqpe_estimate:67 - IQPE (n_sites=6, n_occ=0, repetition 15, iteration 3) = 0.0
2026-05-01 05:11:31.581 | DEBUG    | core:iqpe_estimate:67 - IQPE (n_sites=6, n_occ=0, repetition 15, iteration 2) = 0.0
2026-05-01 05:11:46.964 | DEBUG    | core:iqpe_estimate:67 - IQPE (n_sites=6, n_occ=0, repetition 15, iteration 4) = 0.0
2026-05-01 05:11:53.134 | DEBUG    | core:iqpe_estimate:67 - IQPE (n_sites=6, n_occ=0, repetition 15, iteration 5) = 0.0
2026-05-01 05:11:55.703 | DEBUG    | core:iqpe_estimate:67 - IQPE (n_sites=6, n_occ=0, repetition 15, iteration 6) = 0.0
2026-05-01 05:11:56.876 | DEBUG    | core:iqpe_estimate:67 - IQPE (n_sites=6, n_occ=0, repetition 15, iteration 7) = 0.0
2026-05-01 05:11:57.474 | DEBUG    | core:iqpe_estimate:67 - IQPE (n_sites=6, n_occ=0, repetition 15, iteration 8) = 0.0
2026-05-01 05:11:57.474 | DEBUG    | core:real_space_iqpe:160 - IQPE (n_sites=6, n_occ=0, repetition 15) = -0.0
2026-05-01 05:12:24.317 | DEBUG    | core:iqpe_estimate:67 - IQPE (n_sites=6, n_occ=0, repetition 15, iteration 3) = 0.0
2026-05-01 05:12:41.468 | DEBUG    | core:iqpe_estimate:67 - IQPE (n_sites=6, n_occ=0, repetition 15, iteration 4) = 0.0
2026-05-01 05:12:47.755 | DEBUG    | core:iqpe_estimate:67 - IQPE (n_sites=6, n_occ=0, repetition 15, iteration 5) = 0.0
2026-05-01 05:12:50.382 | DEBUG    | core:iqpe_estimate:67 - IQPE (n_sites=6, n_occ=0, repetition 15, iteration 6) = 0.0
2026-05-01 05:12:51.595 | DEBUG    | core:iqpe_estimate:67 - IQPE (n_sites=6, n_occ=0, repetition 15, iteration 7) = 0.0
2026-05-01 05:12:52.219 | DEBUG    | core:iqpe_estimate:67 - IQPE (n_sites=6, n_occ=0, repetition 15, iteration 8) = 0.0
2026-05-01 05:12:52.219 | DEBUG    | core:real_space_iqpe:160 - IQPE (n_sites=6, n_occ=0, repetition 15) = -0.0
2026-05-01 05:22:55.800 | DEBUG    | core:iqpe_estimate:67 - IQPE (n_sites=6, n_occ=0, repetition 16, iteration 1) = 0.0
2026-05-01 05:23:37.769 | DEBUG    | core:iqpe_estimate:67 - IQPE (n_sites=6, n_occ=0, repetition 16, iteration 1) = 0.0
2026-05-01 05:25:54.213 | DEBUG    | core:iqpe_estimate:67 - IQPE (n_sites=6, n_occ=0, repetition 16, iteration 2) = 0.0
2026-05-01 05:26:46.376 | DEBUG    | core:iqpe_estimate:67 - IQPE (n_sites=6, n_occ=0, repetition 16, iteration 3) = 0.0
2026-05-01 05:27:03.379 | DEBUG    | core:iqpe_estimate:67 - IQPE (n_sites=6, n_occ=0, repetition 16, iteration 4) = 0.0
2026-05-01 05:27:09.589 | DEBUG    | core:iqpe_estimate:67 - IQPE (n_sites=6, n_occ=0, repetition 16, iteration 5) = 0.0
2026-05-01 05:27:12.156 | DEBUG    | core:iqpe_estimate:67 - IQPE (n_sites=6, n_occ=0, repetition 16, iteration 6) = 0.0
2026-05-01 05:27:13.328 | DEBUG    | core:iqpe_estimate:67 - IQPE (n_sites=6, n_occ=0, repetition 16, iteration 7) = 0.0
2026-05-01 05:27:13.921 | DEBUG    | core:iqpe_estimate:67 - IQPE (n_sites=6, n_occ=0, repetition 16, iteration 8) = 0.0
2026-05-01 05:27:13.921 | DEBUG    | core:real_space_iqpe:160 - IQPE (n_sites=6, n_occ=0, repetition 16) = -0.0
2026-05-01 05:27:14.493 | DEBUG    | core:iqpe_estimate:67 - IQPE (n_sites=6, n_occ=0, repetition 16, iteration 2) = 0.0
2026-05-01 05:28:07.416 | DEBUG    | core:iqpe_estimate:67 - IQPE (n_sites=6, n_occ=0, repetition 16, iteration 3) = 0.0
2026-05-01 05:28:24.771 | DEBUG    | core:iqpe_estimate:67 - IQPE (n_sites=6, n_occ=0, repetition 16, iteration 4) = 0.0
2026-05-01 05:28:31.192 | DEBUG    | core:iqpe_estimate:67 - IQPE (n_sites=6, n_occ=0, repetition 16, iteration 5) = 0.0
2026-05-01 05:28:33.883 | DEBUG    | core:iqpe_estimate:67 - IQPE (n_sites=6, n_occ=0, repetition 16, iteration 6) = 0.0
2026-05-01 05:28:35.133 | DEBUG    | core:iqpe_estimate:67 - IQPE (n_sites=6, n_occ=0, repetition 16, iteration 7) = 0.0
2026-05-01 05:28:35.747 | DEBUG    | core:iqpe_estimate:67 - IQPE (n_sites=6, n_occ=0, repetition 16, iteration 8) = 0.0
2026-05-01 05:28:35.747 | DEBUG    | core:real_space_iqpe:160 - IQPE (n_sites=6, n_occ=0, repetition 16) = -0.0
2026-05-01 05:36:55.809 | DEBUG    | core:iqpe_estimate:67 - IQPE (n_sites=6, n_occ=0, repetition 3, iteration 1) = 0.0
2026-05-01 05:38:01.395 | DEBUG    | core:iqpe_estimate:67 - IQPE (n_sites=6, n_occ=0, repetition 17, iteration 1) = 0.0
2026-05-01 05:39:25.211 | DEBUG    | core:iqpe_estimate:67 - IQPE (n_sites=6, n_occ=0, repetition 17, iteration 1) = 0.0
2026-05-01 05:40:58.670 | DEBUG    | core:iqpe_estimate:67 - IQPE (n_sites=6, n_occ=0, repetition 17, iteration 2) = 0.0
2026-05-01 05:41:51.014 | DEBUG    | core:iqpe_estimate:67 - IQPE (n_sites=6, n_occ=0, repetition 17, iteration 3) = 0.0
2026-05-01 05:42:08.204 | DEBUG    | core:iqpe_estimate:67 - IQPE (n_sites=6, n_occ=0, repetition 17, iteration 4) = 0.0
2026-05-01 05:42:14.427 | DEBUG    | core:iqpe_estimate:67 - IQPE (n_sites=6, n_occ=0, repetition 17, iteration 5) = 0.0
2026-05-01 05:42:17.022 | DEBUG    | core:iqpe_estimate:67 - IQPE (n_sites=6, n_occ=0, repetition 17, iteration 6) = 0.0
2026-05-01 05:42:18.207 | DEBUG    | core:iqpe_estimate:67 - IQPE (n_sites=6, n_occ=0, repetition 17, iteration 7) = 0.0
2026-05-01 05:42:18.807 | DEBUG    | core:iqpe_estimate:67 - IQPE (n_sites=6, n_occ=0, repetition 17, iteration 8) = 0.0
2026-05-01 05:42:18.807 | DEBUG    | core:real_space_iqpe:160 - IQPE (n_sites=6, n_occ=0, repetition 17) = -0.0
2026-05-01 05:42:24.498 | DEBUG    | core:iqpe_estimate:67 - IQPE (n_sites=6, n_occ=0, repetition 17, iteration 2) = 0.0
2026-05-01 05:43:19.331 | DEBUG    | core:iqpe_estimate:67 - IQPE (n_sites=6, n_occ=0, repetition 17, iteration 3) = 0.0
2026-05-01 05:43:36.694 | DEBUG    | core:iqpe_estimate:67 - IQPE (n_sites=6, n_occ=0, repetition 17, iteration 4) = 0.0
2026-05-01 05:43:43.137 | DEBUG    | core:iqpe_estimate:67 - IQPE (n_sites=6, n_occ=0, repetition 17, iteration 5) = 0.0
2026-05-01 05:43:45.871 | DEBUG    | core:iqpe_estimate:67 - IQPE (n_sites=6, n_occ=0, repetition 17, iteration 6) = 0.0
2026-05-01 05:43:47.135 | DEBUG    | core:iqpe_estimate:67 - IQPE (n_sites=6, n_occ=0, repetition 17, iteration 7) = 0.0
2026-05-01 05:43:47.748 | DEBUG    | core:iqpe_estimate:67 - IQPE (n_sites=6, n_occ=0, repetition 17, iteration 8) = 0.0
2026-05-01 05:43:47.748 | DEBUG    | core:real_space_iqpe:160 - IQPE (n_sites=6, n_occ=0, repetition 17) = -0.0
2026-05-01 05:53:26.087 | DEBUG    | core:iqpe_estimate:67 - IQPE (n_sites=6, n_occ=0, repetition 18, iteration 1) = 0.0
2026-05-01 05:54:16.234 | DEBUG    | core:iqpe_estimate:67 - IQPE (n_sites=6, n_occ=0, repetition 3, iteration 2) = 0.0
2026-05-01 05:54:32.215 | DEBUG    | core:iqpe_estimate:67 - IQPE (n_sites=6, n_occ=0, repetition 18, iteration 1) = 0.0
2026-05-01 05:56:23.752 | DEBUG    | core:iqpe_estimate:67 - IQPE (n_sites=6, n_occ=0, repetition 18, iteration 2) = 0.0
2026-05-01 05:57:15.608 | DEBUG    | core:iqpe_estimate:67 - IQPE (n_sites=6, n_occ=0, repetition 18, iteration 3) = 0.0
2026-05-01 05:57:30.478 | DEBUG    | core:iqpe_estimate:67 - IQPE (n_sites=6, n_occ=0, repetition 18, iteration 2) = 0.0
2026-05-01 05:57:32.851 | DEBUG    | core:iqpe_estimate:67 - IQPE (n_sites=6, n_occ=0, repetition 18, iteration 4) = 0.0
2026-05-01 05:57:39.049 | DEBUG    | core:iqpe_estimate:67 - IQPE (n_sites=6, n_occ=0, repetition 18, iteration 5) = 0.0
2026-05-01 05:57:41.635 | DEBUG    | core:iqpe_estimate:67 - IQPE (n_sites=6, n_occ=0, repetition 18, iteration 6) = 0.0
2026-05-01 05:57:42.815 | DEBUG    | core:iqpe_estimate:67 - IQPE (n_sites=6, n_occ=0, repetition 18, iteration 7) = 0.0
2026-05-01 05:57:43.416 | DEBUG    | core:iqpe_estimate:67 - IQPE (n_sites=6, n_occ=0, repetition 18, iteration 8) = 0.0
2026-05-01 05:57:43.416 | DEBUG    | core:real_space_iqpe:160 - IQPE (n_sites=6, n_occ=0, repetition 18) = -0.0
2026-05-01 05:58:23.448 | DEBUG    | core:iqpe_estimate:67 - IQPE (n_sites=6, n_occ=0, repetition 18, iteration 3) = 0.0
2026-05-01 05:58:40.772 | DEBUG    | core:iqpe_estimate:67 - IQPE (n_sites=6, n_occ=0, repetition 18, iteration 4) = 0.0
2026-05-01 05:58:45.077 | DEBUG    | core:iqpe_estimate:67 - IQPE (n_sites=6, n_occ=0, repetition 3, iteration 3) = 0.0
2026-05-01 05:58:47.192 | DEBUG    | core:iqpe_estimate:67 - IQPE (n_sites=6, n_occ=0, repetition 18, iteration 5) = 0.0
2026-05-01 05:58:49.941 | DEBUG    | core:iqpe_estimate:67 - IQPE (n_sites=6, n_occ=0, repetition 18, iteration 6) = 0.0
2026-05-01 05:58:51.155 | DEBUG    | core:iqpe_estimate:67 - IQPE (n_sites=6, n_occ=0, repetition 18, iteration 7) = 0.0
2026-05-01 05:58:51.774 | DEBUG    | core:iqpe_estimate:67 - IQPE (n_sites=6, n_occ=0, repetition 18, iteration 8) = 0.0
2026-05-01 05:58:51.774 | DEBUG    | core:real_space_iqpe:160 - IQPE (n_sites=6, n_occ=0, repetition 18) = -0.0
2026-05-01 05:59:55.885 | DEBUG    | core:iqpe_estimate:67 - IQPE (n_sites=6, n_occ=0, repetition 3, iteration 4) = 0.0
2026-05-01 06:00:15.493 | DEBUG    | core:iqpe_estimate:67 - IQPE (n_sites=6, n_occ=0, repetition 3, iteration 5) = 0.0
2026-05-01 06:00:21.309 | DEBUG    | core:iqpe_estimate:67 - IQPE (n_sites=6, n_occ=0, repetition 3, iteration 6) = 0.0
2026-05-01 06:00:23.268 | DEBUG    | core:iqpe_estimate:67 - IQPE (n_sites=6, n_occ=0, repetition 3, iteration 7) = 0.0
2026-05-01 06:00:24.030 | DEBUG    | core:iqpe_estimate:67 - IQPE (n_sites=6, n_occ=0, repetition 3, iteration 8) = 0.0
2026-05-01 06:00:24.030 | DEBUG    | core:real_space_iqpe:160 - IQPE (n_sites=6, n_occ=0, repetition 3) = -0.0
2026-05-01 06:08:22.976 | DEBUG    | core:iqpe_estimate:67 - IQPE (n_sites=6, n_occ=0, repetition 19, iteration 1) = 0.0
2026-05-01 06:09:38.545 | DEBUG    | core:iqpe_estimate:67 - IQPE (n_sites=6, n_occ=0, repetition 19, iteration 1) = 0.0
2026-05-01 06:11:19.670 | DEBUG    | core:iqpe_estimate:67 - IQPE (n_sites=6, n_occ=0, repetition 19, iteration 2) = 0.0
2026-05-01 06:12:12.261 | DEBUG    | core:iqpe_estimate:67 - IQPE (n_sites=6, n_occ=0, repetition 19, iteration 3) = 0.0
2026-05-01 06:12:29.279 | DEBUG    | core:iqpe_estimate:67 - IQPE (n_sites=6, n_occ=0, repetition 19, iteration 4) = 0.0
2026-05-01 06:12:35.487 | DEBUG    | core:iqpe_estimate:67 - IQPE (n_sites=6, n_occ=0, repetition 19, iteration 5) = 0.0
2026-05-01 06:12:38.094 | DEBUG    | core:iqpe_estimate:67 - IQPE (n_sites=6, n_occ=0, repetition 19, iteration 6) = 0.0
2026-05-01 06:12:38.267 | DEBUG    | core:iqpe_estimate:67 - IQPE (n_sites=6, n_occ=0, repetition 19, iteration 2) = 0.0
2026-05-01 06:12:39.281 | DEBUG    | core:iqpe_estimate:67 - IQPE (n_sites=6, n_occ=0, repetition 19, iteration 7) = 0.0
2026-05-01 06:12:39.884 | DEBUG    | core:iqpe_estimate:67 - IQPE (n_sites=6, n_occ=0, repetition 19, iteration 8) = 0.0
2026-05-01 06:12:39.884 | DEBUG    | core:real_space_iqpe:160 - IQPE (n_sites=6, n_occ=0, repetition 19) = -0.0
2026-05-01 06:13:31.646 | DEBUG    | core:iqpe_estimate:67 - IQPE (n_sites=6, n_occ=0, repetition 19, iteration 3) = 0.0
2026-05-01 06:13:49.069 | DEBUG    | core:iqpe_estimate:67 - IQPE (n_sites=6, n_occ=0, repetition 19, iteration 4) = 0.0
2026-05-01 06:13:55.510 | DEBUG    | core:iqpe_estimate:67 - IQPE (n_sites=6, n_occ=0, repetition 19, iteration 5) = 0.0
2026-05-01 06:13:58.190 | DEBUG    | core:iqpe_estimate:67 - IQPE (n_sites=6, n_occ=0, repetition 19, iteration 6) = 0.0
2026-05-01 06:13:59.444 | DEBUG    | core:iqpe_estimate:67 - IQPE (n_sites=6, n_occ=0, repetition 19, iteration 7) = 0.0
2026-05-01 06:14:00.059 | DEBUG    | core:iqpe_estimate:67 - IQPE (n_sites=6, n_occ=0, repetition 19, iteration 8) = 0.0
2026-05-01 06:14:00.060 | DEBUG    | core:real_space_iqpe:160 - IQPE (n_sites=6, n_occ=0, repetition 19) = -0.0
2026-05-01 06:23:25.426 | DEBUG    | core:iqpe_estimate:67 - IQPE (n_sites=6, n_occ=0, repetition 20, iteration 1) = 0.0
2026-05-01 06:24:51.863 | DEBUG    | core:iqpe_estimate:67 - IQPE (n_sites=6, n_occ=0, repetition 20, iteration 1) = 0.0
2026-05-01 06:26:20.892 | DEBUG    | core:iqpe_estimate:67 - IQPE (n_sites=6, n_occ=0, repetition 20, iteration 2) = 0.0
2026-05-01 06:27:12.849 | DEBUG    | core:iqpe_estimate:67 - IQPE (n_sites=6, n_occ=0, repetition 20, iteration 3) = 0.0
2026-05-01 06:27:29.727 | DEBUG    | core:iqpe_estimate:67 - IQPE (n_sites=6, n_occ=0, repetition 20, iteration 4) = 0.0
2026-05-01 06:27:35.914 | DEBUG    | core:iqpe_estimate:67 - IQPE (n_sites=6, n_occ=0, repetition 20, iteration 5) = 0.0
2026-05-01 06:27:38.490 | DEBUG    | core:iqpe_estimate:67 - IQPE (n_sites=6, n_occ=0, repetition 20, iteration 6) = 0.0
2026-05-01 06:27:39.687 | DEBUG    | core:iqpe_estimate:67 - IQPE (n_sites=6, n_occ=0, repetition 20, iteration 7) = 0.0
2026-05-01 06:27:40.300 | DEBUG    | core:iqpe_estimate:67 - IQPE (n_sites=6, n_occ=0, repetition 20, iteration 8) = 0.0
2026-05-01 06:27:40.301 | DEBUG    | core:real_space_iqpe:160 - IQPE (n_sites=6, n_occ=0, repetition 20) = -0.0
2026-05-01 06:27:50.785 | DEBUG    | core:iqpe_estimate:67 - IQPE (n_sites=6, n_occ=0, repetition 20, iteration 2) = 0.0
2026-05-01 06:28:43.761 | DEBUG    | core:iqpe_estimate:67 - IQPE (n_sites=6, n_occ=0, repetition 20, iteration 3) = 0.0
2026-05-01 06:29:01.184 | DEBUG    | core:iqpe_estimate:67 - IQPE (n_sites=6, n_occ=0, repetition 20, iteration 4) = 0.0
2026-05-01 06:29:07.608 | DEBUG    | core:iqpe_estimate:67 - IQPE (n_sites=6, n_occ=0, repetition 20, iteration 5) = 0.0
2026-05-01 06:29:10.316 | DEBUG    | core:iqpe_estimate:67 - IQPE (n_sites=6, n_occ=0, repetition 20, iteration 6) = 0.0
2026-05-01 06:29:11.591 | DEBUG    | core:iqpe_estimate:67 - IQPE (n_sites=6, n_occ=0, repetition 20, iteration 7) = 0.0
2026-05-01 06:29:12.209 | DEBUG    | core:iqpe_estimate:67 - IQPE (n_sites=6, n_occ=0, repetition 20, iteration 8) = 0.0
2026-05-01 06:29:12.209 | DEBUG    | core:real_space_iqpe:160 - IQPE (n_sites=6, n_occ=0, repetition 20) = -0.0
2026-05-01 06:44:22.041 | DEBUG    | core:real_space_vqe:132 - VQE (n_sites=4, n_occ=0, repetition 2) = -0.013171325065504353
2026-05-01 07:08:41.734 | DEBUG    | core:iqpe_estimate:67 - IQPE (n_sites=6, n_occ=0, repetition 4, iteration 1) = 0.0
2026-05-01 07:25:51.890 | DEBUG    | core:iqpe_estimate:67 - IQPE (n_sites=6, n_occ=0, repetition 4, iteration 2) = 0.0
2026-05-01 07:30:19.438 | DEBUG    | core:iqpe_estimate:67 - IQPE (n_sites=6, n_occ=0, repetition 4, iteration 3) = 0.0
2026-05-01 07:31:29.665 | DEBUG    | core:iqpe_estimate:67 - IQPE (n_sites=6, n_occ=0, repetition 4, iteration 4) = 0.0
2026-05-01 07:31:49.034 | DEBUG    | core:iqpe_estimate:67 - IQPE (n_sites=6, n_occ=0, repetition 4, iteration 5) = 0.0
2026-05-01 07:31:54.828 | DEBUG    | core:iqpe_estimate:67 - IQPE (n_sites=6, n_occ=0, repetition 4, iteration 6) = 0.0
2026-05-01 07:31:56.763 | DEBUG    | core:iqpe_estimate:67 - IQPE (n_sites=6, n_occ=0, repetition 4, iteration 7) = 0.0
2026-05-01 07:31:57.529 | DEBUG    | core:iqpe_estimate:67 - IQPE (n_sites=6, n_occ=0, repetition 4, iteration 8) = 0.0
2026-05-01 07:31:57.529 | DEBUG    | core:real_space_iqpe:160 - IQPE (n_sites=6, n_occ=0, repetition 4) = -0.0
2026-05-01 08:38:53.824 | DEBUG    | core:real_space_vqe:132 - VQE (n_sites=4, n_occ=0, repetition 3) = 0.004019645042496894
2026-05-01 08:39:29.983 | DEBUG    | core:iqpe_estimate:67 - IQPE (n_sites=6, n_occ=0, repetition 5, iteration 1) = 0.0
2026-05-01 08:56:47.365 | DEBUG    | core:iqpe_estimate:67 - IQPE (n_sites=6, n_occ=0, repetition 5, iteration 2) = 0.0
2026-05-01 09:01:16.065 | DEBUG    | core:iqpe_estimate:67 - IQPE (n_sites=6, n_occ=0, repetition 5, iteration 3) = 0.0
2026-05-01 09:02:26.802 | DEBUG    | core:iqpe_estimate:67 - IQPE (n_sites=6, n_occ=0, repetition 5, iteration 4) = 0.0
2026-05-01 09:02:46.142 | DEBUG    | core:iqpe_estimate:67 - IQPE (n_sites=6, n_occ=0, repetition 5, iteration 5) = 0.0
2026-05-01 09:02:51.903 | DEBUG    | core:iqpe_estimate:67 - IQPE (n_sites=6, n_occ=0, repetition 5, iteration 6) = 0.0
2026-05-01 09:02:53.830 | DEBUG    | core:iqpe_estimate:67 - IQPE (n_sites=6, n_occ=0, repetition 5, iteration 7) = 0.0
2026-05-01 09:02:54.594 | DEBUG    | core:iqpe_estimate:67 - IQPE (n_sites=6, n_occ=0, repetition 5, iteration 8) = 0.0
2026-05-01 09:02:54.594 | DEBUG    | core:real_space_iqpe:160 - IQPE (n_sites=6, n_occ=0, repetition 5) = -0.0
2026-05-01 09:57:26.276 | DEBUG    | core:real_space_vqe:132 - VQE (n_sites=6, n_occ=0, repetition 1) = 0.051355922793679724
2026-05-01 10:03:37.957 | DEBUG    | core:real_space_vqe:132 - VQE (n_sites=6, n_occ=0, repetition 1) = 0.08368226638987393
2026-05-01 10:11:08.409 | DEBUG    | core:iqpe_estimate:67 - IQPE (n_sites=6, n_occ=0, repetition 6, iteration 1) = 0.0
2026-05-01 10:28:25.147 | DEBUG    | core:iqpe_estimate:67 - IQPE (n_sites=6, n_occ=0, repetition 6, iteration 2) = 0.0
2026-05-01 10:32:52.452 | DEBUG    | core:iqpe_estimate:67 - IQPE (n_sites=6, n_occ=0, repetition 6, iteration 3) = 0.0
2026-05-01 10:33:45.992 | DEBUG    | core:real_space_vqe:132 - VQE (n_sites=4, n_occ=0, repetition 4) = -0.00935393273900995
2026-05-01 10:34:02.876 | DEBUG    | core:iqpe_estimate:67 - IQPE (n_sites=6, n_occ=0, repetition 6, iteration 4) = 0.0
2026-05-01 10:34:22.748 | DEBUG    | core:iqpe_estimate:67 - IQPE (n_sites=6, n_occ=0, repetition 6, iteration 5) = 0.0
2026-05-01 10:34:28.547 | DEBUG    | core:iqpe_estimate:67 - IQPE (n_sites=6, n_occ=0, repetition 6, iteration 6) = 0.0
2026-05-01 10:34:30.495 | DEBUG    | core:iqpe_estimate:67 - IQPE (n_sites=6, n_occ=0, repetition 6, iteration 7) = 0.0
2026-05-01 10:34:31.270 | DEBUG    | core:iqpe_estimate:67 - IQPE (n_sites=6, n_occ=0, repetition 6, iteration 8) = 0.0
2026-05-01 10:34:31.270 | DEBUG    | core:real_space_iqpe:160 - IQPE (n_sites=6, n_occ=0, repetition 6) = -0.0
[2026-05-01T18:34:34.417] error: *** STEP 52301222.2 ON nid006237 CANCELLED AT 2026-05-01T18:34:34 DUE to SIGNAL Terminated ***
[2026-05-01T18:34:34.417] error: *** STEP 52301222.0 ON nid005448 CANCELLED AT 2026-05-01T18:34:34 DUE to SIGNAL Terminated ***
[2026-05-01T18:34:34.418] error: *** STEP 52301222.3 ON nid006248 CANCELLED AT 2026-05-01T18:34:34 DUE to SIGNAL Terminated ***
[2026-05-01T18:34:34.419] error: *** JOB 52301222 ON nid005448 CANCELLED AT 2026-05-01T18:34:34 DUE to SIGNAL Terminated ***
[2026-05-01T18:34:34.420] error: *** STEP 52301222.1 ON nid005463 CANCELLED AT 2026-05-01T18:34:34 DUE to SIGNAL Terminated ***
