[[1m[32m20:41:57[0m[1m[0m] [37mVQE other benchmarks (n_sites=4, n_occ=0): num_queries=3700000, circuit_depth=[51,45][0m
[[1m[32m20:41:58[0m[1m[0m] [37mExact (n_sites=4, n_occ=1, t1=1.0, U=1.0, t2=1.0) = -3.3517135623730976[0m
[[1m[32m20:41:59[0m[1m[0m] [37mExact (n_sites=4, n_occ=3, t1=1.0, U=1.0, t2=1.0) = -5.680140687119291[0m
[[1m[32m20:41:59[0m[1m[0m] [37mVQE other benchmarks (n_sites=4, n_occ=1): num_queries=3700000, circuit_depth=[52,45][0m
[[1m[32m20:41:59[0m[1m[0m] [37mExact (n_sites=4, n_occ=0, t1=1.0, U=1.0, t2=0.5) = 0.0[0m
[[1m[32m20:42:05[0m[1m[0m] [37mExact (n_sites=4, n_occ=0, t1=1.0, U=1.0, t2=1.0) = 0.0[0m
[[1m[32m20:42:05[0m[1m[0m] [37mExact (n_sites=4, n_occ=3, t1=1.0, U=1.0, t2=0.5) = -4.144606781186551[0m
[[1m[32m20:42:05[0m[1m[0m] [37mExact (n_sites=4, n_occ=1, t1=1.0, U=1.0, t2=0.5) = -2.644606781186549[0m
[[1m[32m20:42:05[0m[1m[0m] [37mVQE other benchmarks (n_sites=4, n_occ=1): num_queries=3700000, circuit_depth=[52,45][0m
[[1m[32m20:42:05[0m[1m[0m] [37mExact (n_sites=4, n_occ=0, t1=1.0, U=1.0, t2=1.0) = 0.0[0m
[[1m[32m20:42:07[0m[1m[0m] [37mExact (n_sites=4, n_occ=2, t1=1.0, U=1.0, t2=1.0) = -6.578427124746195[0m
[[1m[32m20:42:19[0m[1m[0m] [37mVQE other benchmarks (n_sites=4, n_occ=1): num_queries=3700000, circuit_depth=[52,45][0m
[[1m[32m20:42:26[0m[1m[0m] [37mExact (n_sites=4, n_occ=2, t1=1.0, U=1.0, t2=1.0) = -6.578427124746195[0m
[[1m[32m20:42:39[0m[1m[0m] [37mVQE other benchmarks (n_sites=4, n_occ=0): num_queries=3700000, circuit_depth=[51,45][0m
[[1m[32m20:42:40[0m[1m[0m] [37mVQE other benchmarks (n_sites=4, n_occ=0): num_queries=3700000, circuit_depth=[51,45][0m
[[1m[32m20:42:54[0m[1m[0m] [37mVQE other benchmarks (n_sites=4, n_occ=2): num_queries=3700000, circuit_depth=[52,45][0m
[[1m[32m20:43:15[0m[1m[0m] [37mVQE other benchmarks (n_sites=4, n_occ=2): num_queries=3700000, circuit_depth=[52,45][0m
[[1m[32m20:43:22[0m[1m[0m] [37mExact (n_sites=4, n_occ=1, t1=1.0, U=1.0, t2=1.0) = -3.3517135623730976[0m
[[1m[32m20:43:24[0m[1m[0m] [37mExact (n_sites=4, n_occ=2, t1=1.0, U=1.0, t2=0.5) = -5.164213562373098[0m
[[1m[32m20:43:37[0m[1m[0m] [37mExact (n_sites=6, n_occ=0, t1=1.0, U=1.0, t2=0.5) = 0.0[0m
[[1m[32m20:43:37[0m[1m[0m] [37mExact (n_sites=6, n_occ=1, t1=1.0, U=1.0, t2=0.5) = -2.6654401145198814[0m
[[1m[32m20:43:37[0m[1m[0m] [37mVQE other benchmarks (n_sites=6, n_occ=1): num_queries=9100000, circuit_depth=[64,57][0m
[[1m[32m20:43:38[0m[1m[0m] [37mVQE other benchmarks (n_sites=6, n_occ=2): num_queries=9100000, circuit_depth=[64,57][0m
[[1m[32m20:43:38[0m[1m[0m] [37mVQE other benchmarks (n_sites=6, n_occ=0): num_queries=9100000, circuit_depth=[63,57][0m
[[1m[32m20:43:38[0m[1m[0m] [37mExact (n_sites=6, n_occ=2, t1=1.0, U=1.0, t2=0.5) = -5.247546895706427[0m
[[1m[32m20:43:38[0m[1m[0m] [37mExact (n_sites=6, n_occ=3, t1=1.0, U=1.0, t2=0.5) = -6.298032607475616[0m
[[1m[32m20:43:44[0m[1m[0m] [37mVQE other benchmarks (n_sites=4, n_occ=2): num_queries=3700000, circuit_depth=[52,45][0m
[[1m[32m20:44:15[0m[1m[0m] [37mExact (n_sites=4, n_occ=3, t1=1.0, U=1.0, t2=1.0) = -5.680140687119291[0m
[[1m[32m20:46:37[0m[1m[0m] [37mExact (n_sites=4, n_occ=7, t1=1.0, U=1.0, t2=1.0) = 1.6482864376269[0m
[[1m[32m20:46:56[0m[1m[0m] [37mExact (n_sites=4, n_occ=5, t1=1.0, U=1.0, t2=1.0) = -2.680140687119291[0m
[[1m[32m20:47:01[0m[1m[0m] [37mVQE other benchmarks (n_sites=4, n_occ=4): num_queries=3700000, circuit_depth=[52,45][0m
[[1m[32m20:47:05[0m[1m[0m] [37mExact (n_sites=4, n_occ=7, t1=1.0, U=1.0, t2=0.5) = 1.7696067811865457[0m
[[1m[32m20:47:07[0m[1m[0m] [37mExact (n_sites=4, n_occ=7, t1=1.0, U=1.0, t2=1.0) = 1.6482864376269[0m
[[1m[32m20:48:16[0m[1m[0m] [37mIQPE other benchmarks (n_sites=4, n_occ=1): num_queries=29600, circuit_depth=[60569,57061][0m
[[1m[32m20:48:29[0m[1m[0m] [37mIQPE other benchmarks (n_sites=4, n_occ=0): num_queries=29600, circuit_depth=[60569,57061][0m
[[1m[32m20:51:37[0m[1m[0m] [37mIQPE other benchmarks (n_sites=4, n_occ=3): num_queries=29600, circuit_depth=[60569,57061][0m
[[1m[32m20:51:48[0m[1m[0m] [37mIQPE other benchmarks (n_sites=4, n_occ=3): num_queries=29600, circuit_depth=[60569,57061][0m
[[1m[32m20:54:17[0m[1m[0m] [37mIQPE other benchmarks (n_sites=4, n_occ=2): num_queries=29600, circuit_depth=[60727,57219][0m
[[1m[32m20:54:33[0m[1m[0m] [37mVQE other benchmarks (n_sites=4, n_occ=4): num_queries=3700000, circuit_depth=[52,45][0m
[[1m[32m20:54:35[0m[1m[0m] [37mExact (n_sites=4, n_occ=6, t1=1.0, U=1.0, t2=0.5) = -0.33578643762690685[0m
[[1m[32m20:54:38[0m[1m[0m] [37mIQPE other benchmarks (n_sites=4, n_occ=2): num_queries=29600, circuit_depth=[60727,57219][0m
[[1m[32m20:54:42[0m[1m[0m] [37mExact (n_sites=4, n_occ=4, t1=1.0, U=1.0, t2=0.5) = -3.0000000000000027[0m
[[1m[32m20:54:43[0m[1m[0m] [37mExact (n_sites=4, n_occ=5, t1=1.0, U=1.0, t2=0.5) = -1.7303932188134548[0m
[[1m[32m20:54:48[0m[1m[0m] [37mExact (n_sites=4, n_occ=4, t1=1.0, U=1.0, t2=1.0) = -4.656854249492386[0m
[[1m[32m20:54:49[0m[1m[0m] [37mExact (n_sites=4, n_occ=6, t1=1.0, U=1.0, t2=1.0) = -0.5784271247461956[0m
[[1m[32m20:54:49[0m[1m[0m] [37mIQPE other benchmarks (n_sites=4, n_occ=0): num_queries=29600, circuit_depth=[60727,57219][0m
[[1m[32m20:54:56[0m[1m[0m] [37mIQPE other benchmarks (n_sites=4, n_occ=1): num_queries=29600, circuit_depth=[60727,57219][0m
[[1m[32m20:54:57[0m[1m[0m] [37mVQE other benchmarks (n_sites=4, n_occ=6): num_queries=3700000, circuit_depth=[52,45][0m
[[1m[32m20:54:57[0m[1m[0m] [37mVQE other benchmarks (n_sites=4, n_occ=3): num_queries=3700000, circuit_depth=[52,45][0m
[[1m[32m20:55:05[0m[1m[0m] [37mExact (n_sites=4, n_occ=5, t1=1.0, U=1.0, t2=1.0) = -2.680140687119291[0m
[[1m[32m20:55:05[0m[1m[0m] [37mVQE other benchmarks (n_sites=4, n_occ=6): num_queries=3700000, circuit_depth=[52,45][0m
[[1m[32m20:55:09[0m[1m[0m] [37mVQE other benchmarks (n_sites=4, n_occ=6): num_queries=3700000, circuit_depth=[52,45][0m
[[1m[32m20:55:10[0m[1m[0m] [37mIQPE other benchmarks (n_sites=4, n_occ=1): num_queries=29600, circuit_depth=[60727,57219][0m
[[1m[32m20:55:19[0m[1m[0m] [37mVQE other benchmarks (n_sites=4, n_occ=3): num_queries=3700000, circuit_depth=[52,45][0m
[[1m[32m20:55:20[0m[1m[0m] [37mIQPE other benchmarks (n_sites=4, n_occ=0): num_queries=29600, circuit_depth=[60727,57219][0m
[[1m[32m20:55:29[0m[1m[0m] [37mVQE other benchmarks (n_sites=4, n_occ=5): num_queries=3700000, circuit_depth=[52,45][0m
[[1m[32m20:55:29[0m[1m[0m] [37mExact (n_sites=4, n_occ=6, t1=1.0, U=1.0, t2=1.0) = -0.5784271247461956[0m
[[1m[32m20:55:32[0m[1m[0m] [37mExact (n_sites=4, n_occ=4, t1=1.0, U=1.0, t2=1.0) = -4.656854249492386[0m
[[1m[32m20:55:34[0m[1m[0m] [37mVQE other benchmarks (n_sites=4, n_occ=4): num_queries=3700000, circuit_depth=[52,45][0m
[[1m[32m20:55:34[0m[1m[0m] [37mVQE other benchmarks (n_sites=4, n_occ=5): num_queries=3700000, circuit_depth=[52,45][0m
[[1m[32m20:55:43[0m[1m[0m] [37mIQPE other benchmarks (n_sites=4, n_occ=2): num_queries=29600, circuit_depth=[60727,57219][0m
[[1m[32m20:55:44[0m[1m[0m] [37mVQE other benchmarks (n_sites=4, n_occ=5): num_queries=3700000, circuit_depth=[52,45][0m
[[1m[32m20:55:44[0m[1m[0m] [37mVQE other benchmarks (n_sites=4, n_occ=3): num_queries=3700000, circuit_depth=[52,45][0m
[[1m[32m21:06:11[0m[1m[0m] [37mIQPE other benchmarks (n_sites=4, n_occ=5): num_queries=29600, circuit_depth=[60727,57219][0m
[[1m[32m21:06:26[0m[1m[0m] [37mVQE other benchmarks (n_sites=4, n_occ=8): num_queries=3700000, circuit_depth=[52,45][0m
[[1m[32m21:06:42[0m[1m[0m] [37mIQPE other benchmarks (n_sites=4, n_occ=5): num_queries=29600, circuit_depth=[60727,57219][0m
[[1m[32m21:06:53[0m[1m[0m] [37mIQPE other benchmarks (n_sites=4, n_occ=6): num_queries=29600, circuit_depth=[60727,57219][0m
[[1m[32m21:07:03[0m[1m[0m] [37mIQPE other benchmarks (n_sites=4, n_occ=4): num_queries=29600, circuit_depth=[60727,57219][0m
[[1m[32m21:07:19[0m[1m[0m] [37mVQE other benchmarks (n_sites=4, n_occ=7): num_queries=3700000, circuit_depth=[52,45][0m
[[1m[32m21:07:23[0m[1m[0m] [37mIQPE other benchmarks (n_sites=4, n_occ=3): num_queries=29600, circuit_depth=[60727,57219][0m
[[1m[32m21:07:28[0m[1m[0m] [37mIQPE other benchmarks (n_sites=4, n_occ=4): num_queries=29600, circuit_depth=[60727,57219][0m
[[1m[32m21:07:29[0m[1m[0m] [37mExact (n_sites=4, n_occ=8, t1=1.0, U=1.0, t2=1.0) = 3.9999999999999973[0m
[[1m[32m21:07:41[0m[1m[0m] [37mExact (n_sites=4, n_occ=8, t1=1.0, U=1.0, t2=1.0) = 3.9999999999999973[0m
[[1m[32m21:07:44[0m[1m[0m] [37mVQE other benchmarks (n_sites=4, n_occ=7): num_queries=3700000, circuit_depth=[52,45][0m
[[1m[32m21:07:47[0m[1m[0m] [37mVQE other benchmarks (n_sites=4, n_occ=8): num_queries=3700000, circuit_depth=[52,45][0m
[[1m[32m21:07:58[0m[1m[0m] [37mExact (n_sites=4, n_occ=8, t1=1.0, U=1.0, t2=0.5) = 3.9999999999999982[0m
[[1m[32m21:08:05[0m[1m[0m] [37mVQE other benchmarks (n_sites=4, n_occ=8): num_queries=3700000, circuit_depth=[52,45][0m
[[1m[32m21:08:18[0m[1m[0m] [37mIQPE other benchmarks (n_sites=4, n_occ=6): num_queries=29600, circuit_depth=[60727,57219][0m
[[1m[32m21:08:33[0m[1m[0m] [37mIQPE other benchmarks (n_sites=4, n_occ=6): num_queries=29600, circuit_depth=[60727,57219][0m
[[1m[32m21:08:39[0m[1m[0m] [37mIQPE other benchmarks (n_sites=4, n_occ=5): num_queries=29600, circuit_depth=[60727,57219][0m
[[1m[32m21:08:50[0m[1m[0m] [37mIQPE other benchmarks (n_sites=4, n_occ=4): num_queries=29600, circuit_depth=[60727,57219][0m
[[1m[32m21:09:41[0m[1m[0m] [37mVQE other benchmarks (n_sites=4, n_occ=7): num_queries=3700000, circuit_depth=[52,45][0m
[[1m[32m21:12:50[0m[1m[0m] [37mVQE other benchmarks (n_sites=6, n_occ=6): num_queries=9100000, circuit_depth=[64,57][0m
[[1m[32m21:13:06[0m[1m[0m] [37mExact (n_sites=6, n_occ=5, t1=1.0, U=1.0, t2=0.5) = -6.924259159622402[0m
[[1m[32m21:13:44[0m[1m[0m] [37mIQPE other benchmarks (n_sites=6, n_occ=2): num_queries=72800, circuit_depth=[202732,192211][0m
[[1m[32m21:13:57[0m[1m[0m] [37mExact (n_sites=6, n_occ=6, t1=1.0, U=1.0, t2=0.5) = -6.5[0m
[[1m[32m21:17:19[0m[1m[0m] [37mIQPE other benchmarks (n_sites=4, n_occ=8): num_queries=29600, circuit_depth=[60727,57219][0m
[[1m[32m21:18:50[0m[1m[0m] [37mIQPE other benchmarks (n_sites=4, n_occ=8): num_queries=29600, circuit_depth=[60727,57219][0m
[[1m[32m21:19:08[0m[1m[0m] [37mIQPE other benchmarks (n_sites=4, n_occ=8): num_queries=29600, circuit_depth=[60727,57219][0m
[[1m[32m21:19:16[0m[1m[0m] [37mIQPE other benchmarks (n_sites=4, n_occ=7): num_queries=29600, circuit_depth=[60727,57219][0m
[[1m[32m21:19:19[0m[1m[0m] [37mIQPE other benchmarks (n_sites=4, n_occ=7): num_queries=29600, circuit_depth=[60727,57219][0m
[[1m[32m21:21:04[0m[1m[0m] [37mIQPE other benchmarks (n_sites=4, n_occ=7): num_queries=29600, circuit_depth=[60727,57219][0m
[[1m[32m21:41:49[0m[1m[0m] [37mExact (n_sites=6, n_occ=10, t1=1.0, U=1.0, t2=0.5) = 0.23481501408852967[0m
[[1m[32m21:41:59[0m[1m[0m] [37mIQPE other benchmarks (n_sites=6, n_occ=4): num_queries=72800, circuit_depth=[207832,196036][0m
[[1m[32m22:02:06[0m[1m[0m] [37mIQPE other benchmarks (n_sites=6, n_occ=1): num_queries=72800, circuit_depth=[220740,210857][0m
[[1m[32m22:07:11[0m[1m[0m] [37mIQPE (n_sites=4, n_occ=0) = -0.0[0m
[[1m[32m22:07:11[0m[1m[0m] [37mVQE (n_sites=4, n_occ=0) = -0.037374714955604016[0m
[[1m[32m22:07:11[0m[1m[0m] [37mIQPE (n_sites=4, n_occ=1) = -30.67961575771282[0m
[[1m[32m22:07:11[0m[1m[0m] [37mVQE (n_sites=4, n_occ=1) = -2.6171066209503864[0m
[[1m[32m22:07:11[0m[1m[0m] [37mIQPE (n_sites=4, n_occ=2) = -29.452431127404306[0m
[[1m[32m22:07:11[0m[1m[0m] [37mVQE (n_sites=4, n_occ=2) = -4.885237267391246[0m
[[1m[32m22:07:11[0m[1m[0m] [37mIQPE (n_sites=4, n_occ=3) = -27.979809571034092[0m
[[1m[32m22:07:11[0m[1m[0m] [37mVQE (n_sites=4, n_occ=3) = -3.9218207632928523[0m
[[1m[32m22:07:11[0m[1m[0m] [37mIQPE (n_sites=4, n_occ=4) = -29.943304979527714[0m
[[1m[32m22:07:11[0m[1m[0m] [37mVQE (n_sites=4, n_occ=4) = -2.7994683330140857[0m
[[1m[32m22:07:11[0m[1m[0m] [37mIQPE (n_sites=4, n_occ=5) = -28.4706834231575[0m
[[1m[32m22:07:11[0m[1m[0m] [37mVQE (n_sites=4, n_occ=5) = -1.501800483440782[0m
[[1m[32m22:07:11[0m[1m[0m] [37mIQPE (n_sites=4, n_occ=6) = -27.48893571891069[0m
[[1m[32m22:07:11[0m[1m[0m] [37mVQE (n_sites=4, n_occ=6) = -0.0086328200087189[0m
[[1m[32m22:07:11[0m[1m[0m] [37mIQPE (n_sites=4, n_occ=7) = -29.697868053466014[0m
[[1m[32m22:07:11[0m[1m[0m] [37mVQE (n_sites=4, n_occ=7) = 1.9198438413855838[0m
[[1m[32m22:07:11[0m[1m[0m] [37mIQPE (n_sites=4, n_occ=8) = -27.36621725587984[0m
[[1m[32m22:07:11[0m[1m[0m] [37mVQE (n_sites=4, n_occ=8) = 3.955658240805542[0m
[[1m[32m23:23:49[0m[1m[0m] [37mVQE other benchmarks (n_sites=6, n_occ=9): num_queries=9100000, circuit_depth=[64,57][0m
[[1m[32m23:35:06[0m[1m[0m] [37mExact (n_sites=6, n_occ=4, t1=1.0, U=1.0, t2=0.5) = -7.265184985911469[0m
[[1m[32m23:42:22[0m[1m[0m] [37mVQE other benchmarks (n_sites=6, n_occ=3): num_queries=9100000, circuit_depth=[64,57][0m
[[1m[32m23:42:37[0m[1m[0m] [37mVQE other benchmarks (n_sites=6, n_occ=5): num_queries=9100000, circuit_depth=[64,57][0m
[[1m[32m23:42:49[0m[1m[0m] [37mExact (n_sites=6, n_occ=7, t1=1.0, U=1.0, t2=0.5) = -5.217152378435854[0m
[[1m[32m23:44:01[0m[1m[0m] [37mVQE other benchmarks (n_sites=6, n_occ=4): num_queries=9100000, circuit_depth=[64,57][0m
[[1m[32m23:49:25[0m[1m[0m] [37mIQPE other benchmarks (n_sites=6, n_occ=0): num_queries=72800, circuit_depth=[207990,197469][0m
[[1m[32m00:35:29[0m[1m[0m] [37mIQPE other benchmarks (n_sites=6, n_occ=9): num_queries=72800, circuit_depth=[218190,207669][0m
[[1m[32m02:00:09[0m[1m[0m] [37mIQPE other benchmarks (n_sites=6, n_occ=12): num_queries=72800, circuit_depth=[220740,210857][0m
[[1m[32m02:42:05[0m[1m[0m] [37mIQPE other benchmarks (n_sites=6, n_occ=3): num_queries=72800, circuit_depth=[218190,208944][0m
[[1m[32m02:42:34[0m[1m[0m] [37mExact (n_sites=6, n_occ=11, t1=1.0, U=1.0, t2=0.5) = 3.0757408403775948[0m
[[1m[32m02:42:35[0m[1m[0m] [37mVQE other benchmarks (n_sites=6, n_occ=7): num_queries=9100000, circuit_depth=[64,57][0m
[[1m[32m02:44:02[0m[1m[0m] [37mIQPE other benchmarks (n_sites=6, n_occ=5): num_queries=72800, circuit_depth=[207990,197469][0m
[[1m[32m02:44:32[0m[1m[0m] [37mIQPE other benchmarks (n_sites=6, n_occ=6): num_queries=72800, circuit_depth=[202890,192369][0m
[[1m[32m02:47:29[0m[1m[0m] [37mExact (n_sites=6, n_occ=8, t1=1.0, U=1.0, t2=0.5) = -3.850971423538374[0m
[[1m[32m02:48:13[0m[1m[0m] [37mExact (n_sites=6, n_occ=9, t1=1.0, U=1.0, t2=0.5) = -1.8497448713915894[0m
[[1m[32m02:49:19[0m[1m[0m] [37mVQE other benchmarks (n_sites=6, n_occ=10): num_queries=9100000, circuit_depth=[64,57][0m
[[1m[32m02:50:12[0m[1m[0m] [37mVQE other benchmarks (n_sites=6, n_occ=8): num_queries=9100000, circuit_depth=[64,57][0m
[[1m[32m05:30:37[0m[1m[0m] [37mIQPE other benchmarks (n_sites=6, n_occ=7): num_queries=72800, circuit_depth=[202890,191094][0m
[[1m[32m05:31:02[0m[1m[0m] [37mVQE other benchmarks (n_sites=6, n_occ=11): num_queries=9100000, circuit_depth=[64,57][0m
[[1m[32m05:33:40[0m[1m[0m] [37mIQPE other benchmarks (n_sites=6, n_occ=10): num_queries=72800, circuit_depth=[205440,194282][0m
[[1m[32m05:41:12[0m[1m[0m] [37mIQPE other benchmarks (n_sites=6, n_occ=8): num_queries=72800, circuit_depth=[202890,191094][0m
[[1m[32m05:46:33[0m[1m[0m] [37mExact (n_sites=6, n_occ=12, t1=1.0, U=1.0, t2=0.5) = 5.9999999999999964[0m
[[1m[32m05:50:16[0m[1m[0m] [37mVQE other benchmarks (n_sites=6, n_occ=12): num_queries=9100000, circuit_depth=[64,57][0m
[[1m[32m08:17:11[0m[1m[0m] [37mIQPE other benchmarks (n_sites=6, n_occ=11): num_queries=72800, circuit_depth=[197790,185994][0m
[[1m[32m08:20:27[0m[1m[0m] [37mIQPE (n_sites=6, n_occ=0) = -0.0[0m
[[1m[32m08:20:27[0m[1m[0m] [37mVQE (n_sites=6, n_occ=0) = -0.07908043796732578[0m
[[1m[32m08:20:27[0m[1m[0m] [37mIQPE (n_sites=6, n_occ=1) = -30.67961575771282[0m
[[1m[32m08:20:27[0m[1m[0m] [37mVQE (n_sites=6, n_occ=1) = -2.5762105253351306[0m
[[1m[32m08:20:27[0m[1m[0m] [37mIQPE (n_sites=6, n_occ=2) = -30.434178831651117[0m
[[1m[32m08:20:27[0m[1m[0m] [37mVQE (n_sites=6, n_occ=2) = -4.595561289350851[0m
[[1m[32m08:20:27[0m[1m[0m] [37mIQPE (n_sites=6, n_occ=3) = -29.697868053466014[0m
[[1m[32m08:20:27[0m[1m[0m] [37mVQE (n_sites=6, n_occ=3) = -5.2227999011503226[0m
[[1m[32m08:20:27[0m[1m[0m] [37mIQPE (n_sites=6, n_occ=4) = -28.2252464970958[0m
[[1m[32m08:20:27[0m[1m[0m] [37mVQE (n_sites=6, n_occ=4) = -5.774522682396273[0m
[[1m[32m08:20:27[0m[1m[0m] [37mIQPE (n_sites=6, n_occ=5) = -30.434178831651117[0m
[[1m[32m08:20:27[0m[1m[0m] [37mVQE (n_sites=6, n_occ=5) = -4.5728787547173395[0m
[[1m[32m08:20:27[0m[1m[0m] [37mIQPE (n_sites=6, n_occ=6) = -30.188741905589417[0m
[[1m[32m08:20:27[0m[1m[0m] [37mVQE (n_sites=6, n_occ=6) = -4.121095326072243[0m
[[1m[32m08:20:27[0m[1m[0m] [37mIQPE (n_sites=6, n_occ=7) = -30.67961575771282[0m
[[1m[32m08:20:27[0m[1m[0m] [37mVQE (n_sites=6, n_occ=7) = -2.78515776410761[0m
[[1m[32m08:20:27[0m[1m[0m] [37mIQPE (n_sites=6, n_occ=8) = -29.820586516496864[0m
[[1m[32m08:20:27[0m[1m[0m] [37mVQE (n_sites=6, n_occ=8) = -1.4082816383843086[0m
[[1m[32m08:20:27[0m[1m[0m] [37mIQPE (n_sites=6, n_occ=9) = -30.67961575771282[0m
[[1m[32m08:20:27[0m[1m[0m] [37mVQE (n_sites=6, n_occ=9) = 0.25279945266970616[0m
[[1m[32m08:20:27[0m[1m[0m] [37mIQPE (n_sites=6, n_occ=10) = -30.311460368620267[0m
[[1m[32m08:20:27[0m[1m[0m] [37mVQE (n_sites=6, n_occ=10) = 1.6051877904882175[0m
[[1m[32m08:20:27[0m[1m[0m] [37mIQPE (n_sites=6, n_occ=11) = -28.102528034064942[0m
[[1m[32m08:20:27[0m[1m[0m] [37mVQE (n_sites=6, n_occ=11) = 3.7318516365470566[0m
[[1m[32m08:20:27[0m[1m[0m] [37mIQPE (n_sites=6, n_occ=12) = -25.402721847386214[0m
[[1m[32m08:20:27[0m[1m[0m] [37mVQE (n_sites=6, n_occ=12) = 5.94703455017013[0m
All configurations completed at Sun May  3 08:20:28 AM PDT 2026
