[[1m[32m17:58:26[0m[1m[0m] [37mVQE other benchmarks (n_sites=6, n_occ=0): num_queries=4300000, circuit_depth=[63,57][0m
[[1m[32m17:58:26[0m[1m[0m] [37mExact (n_sites=6, n_occ=2, t1=1.0, U=2.0, t2=0.0) = -3.6666666666666665[0m
[[1m[32m17:58:27[0m[1m[0m] [37mExact (n_sites=6, n_occ=3, t1=1.0, U=2.0, t2=0.5) = -5.923032607475616[0m
[[1m[32m17:58:28[0m[1m[0m] [37mVQE other benchmarks (n_sites=6, n_occ=1): num_queries=9100000, circuit_depth=[64,57][0m
[[1m[32m17:58:35[0m[1m[0m] [37mExact (n_sites=6, n_occ=1, t1=1.0, U=2.0, t2=0.5) = -2.6237734478532144[0m
[[1m[32m17:58:35[0m[1m[0m] [37mExact (n_sites=6, n_occ=0, t1=1.0, U=2.0, t2=0.0) = 0.0[0m
[[1m[32m17:58:36[0m[1m[0m] [37mExact (n_sites=4, n_occ=0, t1=1.0, U=2.0, t2=0.0) = 0.0[0m
[[1m[32m17:58:36[0m[1m[0m] [37mExact (n_sites=6, n_occ=0, t1=1.0, U=2.0, t2=0.5) = 0.0[0m
[[1m[32m17:58:36[0m[1m[0m] [37mExact (n_sites=6, n_occ=1, t1=1.0, U=2.0, t2=0.0) = -1.9166666666666676[0m
[[1m[32m17:58:36[0m[1m[0m] [37mExact (n_sites=4, n_occ=1, t1=1.0, U=2.0, t2=0.0) = -1.8750000000000004[0m
[[1m[32m17:58:36[0m[1m[0m] [37mExact (n_sites=6, n_occ=3, t1=1.0, U=2.0, t2=0.0) = -4.250000000000001[0m
[[1m[32m17:58:36[0m[1m[0m] [37mExact (n_sites=4, n_occ=2, t1=1.0, U=2.0, t2=0.0) = -3.500000000000001[0m
[[1m[32m17:58:36[0m[1m[0m] [37mExact (n_sites=6, n_occ=2, t1=1.0, U=2.0, t2=0.5) = -5.080880229039761[0m
[[1m[32m17:58:36[0m[1m[0m] [37mExact (n_sites=4, n_occ=3, t1=1.0, U=2.0, t2=0.0) = -2.875000000000001[0m
[[1m[32m17:58:36[0m[1m[0m] [37mVQE other benchmarks (n_sites=4, n_occ=2): num_queries=2900000, circuit_depth=[52,45][0m
[[1m[32m17:58:36[0m[1m[0m] [37mVQE other benchmarks (n_sites=6, n_occ=2): num_queries=9100000, circuit_depth=[64,57][0m
[[1m[32m17:58:36[0m[1m[0m] [37mVQE other benchmarks (n_sites=6, n_occ=0): num_queries=9100000, circuit_depth=[63,57][0m
[[1m[32m17:58:36[0m[1m[0m] [37mVQE other benchmarks (n_sites=6, n_occ=1): num_queries=4300000, circuit_depth=[64,57][0m
[[1m[32m17:58:36[0m[1m[0m] [37mVQE other benchmarks (n_sites=4, n_occ=1): num_queries=2900000, circuit_depth=[52,45][0m
[[1m[32m17:58:36[0m[1m[0m] [37mVQE other benchmarks (n_sites=6, n_occ=2): num_queries=4300000, circuit_depth=[64,57][0m
[[1m[32m17:58:36[0m[1m[0m] [37mVQE other benchmarks (n_sites=4, n_occ=0): num_queries=2900000, circuit_depth=[51,45][0m
[[1m[32m18:00:21[0m[1m[0m] [37mExact (n_sites=6, n_occ=0, t1=1.0, U=2.0, t2=1.0) = 0.0[0m
[[1m[32m18:00:21[0m[1m[0m] [37mVQE other benchmarks (n_sites=6, n_occ=0): num_queries=9100000, circuit_depth=[63,57][0m
[[1m[32m18:00:21[0m[1m[0m] [37mExact (n_sites=6, n_occ=2, t1=1.0, U=2.0, t2=1.0) = -6.495093791412856[0m
[[1m[32m18:00:21[0m[1m[0m] [37mExact (n_sites=6, n_occ=1, t1=1.0, U=2.0, t2=1.0) = -3.3308802290397614[0m
[[1m[32m18:00:21[0m[1m[0m] [37mVQE other benchmarks (n_sites=6, n_occ=1): num_queries=9100000, circuit_depth=[64,57][0m
[[1m[32m18:00:21[0m[1m[0m] [37mVQE other benchmarks (n_sites=6, n_occ=2): num_queries=9100000, circuit_depth=[64,57][0m
[[1m[32m18:00:22[0m[1m[0m] [37mExact (n_sites=6, n_occ=3, t1=1.0, U=2.0, t2=1.0) = -7.596065214951231[0m
[[1m[32m18:01:15[0m[1m[0m] [37mIQPE other benchmarks (n_sites=4, n_occ=1): num_queries=23200, circuit_depth=[38257,35705][0m
[[1m[32m18:01:27[0m[1m[0m] [37mIQPE other benchmarks (n_sites=4, n_occ=0): num_queries=23200, circuit_depth=[38257,35705][0m
[[1m[32m18:04:22[0m[1m[0m] [37mIQPE other benchmarks (n_sites=4, n_occ=6): num_queries=23200, circuit_depth=[38257,35705][0m
[[1m[32m18:04:24[0m[1m[0m] [37mIQPE other benchmarks (n_sites=4, n_occ=5): num_queries=23200, circuit_depth=[38257,35705][0m
[[1m[32m18:04:45[0m[1m[0m] [37mVQE other benchmarks (n_sites=6, n_occ=5): num_queries=4300000, circuit_depth=[64,57][0m
[[1m[32m18:05:57[0m[1m[0m] [37mVQE other benchmarks (n_sites=4, n_occ=4): num_queries=2900000, circuit_depth=[52,45][0m
[[1m[32m18:06:01[0m[1m[0m] [37mVQE other benchmarks (n_sites=4, n_occ=6): num_queries=2900000, circuit_depth=[52,45][0m
[[1m[32m18:06:02[0m[1m[0m] [37mVQE other benchmarks (n_sites=4, n_occ=3): num_queries=2900000, circuit_depth=[52,45][0m
[[1m[32m18:06:04[0m[1m[0m] [37mExact (n_sites=4, n_occ=7, t1=1.0, U=2.0, t2=0.0) = 4.125[0m
[[1m[32m18:06:05[0m[1m[0m] [37mExact (n_sites=4, n_occ=4, t1=1.0, U=2.0, t2=0.0) = -2.000000000000001[0m
[[1m[32m18:06:05[0m[1m[0m] [37mIQPE other benchmarks (n_sites=4, n_occ=2): num_queries=23200, circuit_depth=[38415,35863][0m
[[1m[32m18:06:12[0m[1m[0m] [37mVQE other benchmarks (n_sites=4, n_occ=5): num_queries=2900000, circuit_depth=[52,45][0m
[[1m[32m18:06:16[0m[1m[0m] [37mExact (n_sites=4, n_occ=6, t1=1.0, U=2.0, t2=0.0) = 0.5[0m
[[1m[32m18:06:17[0m[1m[0m] [37mExact (n_sites=4, n_occ=5, t1=1.0, U=2.0, t2=0.0) = -0.8750000000000009[0m
[[1m[32m18:12:00[0m[1m[0m] [37mExact (n_sites=6, n_occ=8, t1=1.0, U=2.0, t2=0.0) = -0.6666666666666687[0m
[[1m[32m18:13:16[0m[1m[0m] [37mVQE other benchmarks (n_sites=4, n_occ=7): num_queries=2900000, circuit_depth=[52,45][0m
[[1m[32m18:13:22[0m[1m[0m] [37mIQPE other benchmarks (n_sites=4, n_occ=4): num_queries=23200, circuit_depth=[38415,35863][0m
[[1m[32m18:13:22[0m[1m[0m] [37mIQPE other benchmarks (n_sites=4, n_occ=3): num_queries=23200, circuit_depth=[38415,35863][0m
[[1m[32m18:13:31[0m[1m[0m] [37mExact (n_sites=4, n_occ=8, t1=1.0, U=2.0, t2=0.0) = 8.0[0m
[[1m[32m18:13:39[0m[1m[0m] [37mVQE other benchmarks (n_sites=4, n_occ=8): num_queries=2900000, circuit_depth=[52,45][0m
[[1m[32m18:14:50[0m[1m[0m] [37mIQPE other benchmarks (n_sites=6, n_occ=2): num_queries=34400, circuit_depth=[62640,58813][0m
[[1m[32m18:15:01[0m[1m[0m] [37mExact (n_sites=6, n_occ=4, t1=1.0, U=2.0, t2=0.0) = -4.666666666666668[0m
[[1m[32m18:15:05[0m[1m[0m] [37mIQPE other benchmarks (n_sites=6, n_occ=0): num_queries=34400, circuit_depth=[62640,58813][0m
[[1m[32m18:15:13[0m[1m[0m] [37mVQE other benchmarks (n_sites=6, n_occ=3): num_queries=4300000, circuit_depth=[64,57][0m
[[1m[32m18:15:16[0m[1m[0m] [37mExact (n_sites=6, n_occ=7, t1=1.0, U=2.0, t2=0.0) = -2.916666666666666[0m
[[1m[32m18:15:23[0m[1m[0m] [37mIQPE other benchmarks (n_sites=6, n_occ=1): num_queries=34400, circuit_depth=[62640,58813][0m
[[1m[32m18:15:26[0m[1m[0m] [37mExact (n_sites=6, n_occ=6, t1=1.0, U=2.0, t2=0.0) = -5.0[0m
[[1m[32m18:15:32[0m[1m[0m] [37mVQE other benchmarks (n_sites=6, n_occ=4): num_queries=4300000, circuit_depth=[64,57][0m
[[1m[32m18:15:47[0m[1m[0m] [37mExact (n_sites=6, n_occ=5, t1=1.0, U=2.0, t2=0.0) = -4.916666666666668[0m
[[1m[32m18:15:56[0m[1m[0m] [37mVQE other benchmarks (n_sites=6, n_occ=6): num_queries=4300000, circuit_depth=[64,57][0m
[[1m[32m18:17:16[0m[1m[0m] [37mVQE other benchmarks (n_sites=6, n_occ=11): num_queries=4300000, circuit_depth=[64,57][0m
[[1m[32m18:20:07[0m[1m[0m] [37mIQPE other benchmarks (n_sites=4, n_occ=8): num_queries=23200, circuit_depth=[38415,35863][0m
[[1m[32m18:20:23[0m[1m[0m] [37mIQPE other benchmarks (n_sites=4, n_occ=7): num_queries=23200, circuit_depth=[38415,35863][0m
[[1m[32m18:27:08[0m[1m[0m] [37mExact (n_sites=6, n_occ=5, t1=1.0, U=2.0, t2=0.5) = -5.882592492955736[0m
[[1m[32m18:27:20[0m[1m[0m] [37mVQE other benchmarks (n_sites=6, n_occ=5): num_queries=9100000, circuit_depth=[64,57][0m
[[1m[32m18:28:01[0m[1m[0m] [37mExact (n_sites=6, n_occ=4, t1=1.0, U=2.0, t2=0.5) = -6.598518319244803[0m
[[1m[32m18:29:23[0m[1m[0m] [37mExact (n_sites=6, n_occ=4, t1=1.0, U=2.0, t2=1.0) = -8.530369971822937[0m
[[1m[32m18:30:12[0m[1m[0m] [37mVQE other benchmarks (n_sites=6, n_occ=4): num_queries=9100000, circuit_depth=[64,57][0m
[[1m[32m18:30:39[0m[1m[0m] [37mIQPE other benchmarks (n_sites=6, n_occ=6): num_queries=34400, circuit_depth=[62640,58813][0m
[[1m[32m18:30:41[0m[1m[0m] [37mIQPE other benchmarks (n_sites=6, n_occ=0): num_queries=72800, circuit_depth=[192532,180736][0m
[[1m[32m18:30:44[0m[1m[0m] [37mIQPE other benchmarks (n_sites=6, n_occ=5): num_queries=34400, circuit_depth=[62640,58813][0m
[[1m[32m18:30:54[0m[1m[0m] [37mVQE other benchmarks (n_sites=6, n_occ=10): num_queries=4300000, circuit_depth=[64,57][0m
[[1m[32m18:30:56[0m[1m[0m] [37mExact (n_sites=6, n_occ=11, t1=1.0, U=2.0, t2=0.0) = 8.08333333333333[0m
[[1m[32m18:31:17[0m[1m[0m] [37mIQPE other benchmarks (n_sites=6, n_occ=4): num_queries=34400, circuit_depth=[62640,58813][0m
[[1m[32m18:31:21[0m[1m[0m] [37mVQE other benchmarks (n_sites=6, n_occ=7): num_queries=4300000, circuit_depth=[64,57][0m
[[1m[32m18:31:27[0m[1m[0m] [37mExact (n_sites=6, n_occ=10, t1=1.0, U=2.0, t2=0.0) = 4.333333333333332[0m
[[1m[32m18:31:36[0m[1m[0m] [37mVQE other benchmarks (n_sites=6, n_occ=8): num_queries=4300000, circuit_depth=[64,57][0m
[[1m[32m18:31:37[0m[1m[0m] [37mIQPE other benchmarks (n_sites=6, n_occ=3): num_queries=34400, circuit_depth=[62640,58813][0m
[[1m[32m18:31:42[0m[1m[0m] [37mVQE other benchmarks (n_sites=6, n_occ=9): num_queries=4300000, circuit_depth=[64,57][0m
[[1m[32m18:31:58[0m[1m[0m] [37mExact (n_sites=6, n_occ=9, t1=1.0, U=2.0, t2=0.0) = 1.7499999999999982[0m
[[1m[32m18:45:52[0m[1m[0m] [37mIQPE other benchmarks (n_sites=6, n_occ=10): num_queries=34400, circuit_depth=[62640,58813][0m
[[1m[32m18:45:55[0m[1m[0m] [37mIQPE other benchmarks (n_sites=6, n_occ=7): num_queries=34400, circuit_depth=[62640,58813][0m
[[1m[32m18:46:21[0m[1m[0m] [37mIQPE other benchmarks (n_sites=6, n_occ=8): num_queries=34400, circuit_depth=[62640,58813][0m
[[1m[32m18:46:58[0m[1m[0m] [37mVQE other benchmarks (n_sites=6, n_occ=12): num_queries=4300000, circuit_depth=[64,57][0m
[[1m[32m18:47:11[0m[1m[0m] [37mIQPE other benchmarks (n_sites=6, n_occ=9): num_queries=34400, circuit_depth=[62640,58813][0m
[[1m[32m18:47:32[0m[1m[0m] [37mExact (n_sites=6, n_occ=12, t1=1.0, U=2.0, t2=0.0) = 12.0[0m
[[1m[32m18:51:14[0m[1m[0m] [37mIQPE (n_sites=4, n_occ=0) = -0.0[0m
[[1m[32m18:51:14[0m[1m[0m] [37mVQE (n_sites=4, n_occ=0) = -0.0673828125[0m
[[1m[32m18:51:14[0m[1m[0m] [37mIQPE (n_sites=4, n_occ=1) = -29.452431127404306[0m
[[1m[32m18:51:14[0m[1m[0m] [37mVQE (n_sites=4, n_occ=1) = -1.97998046875[0m
[[1m[32m18:51:14[0m[1m[0m] [37mIQPE (n_sites=4, n_occ=2) = -29.452431127404306[0m
[[1m[32m18:51:14[0m[1m[0m] [37mVQE (n_sites=4, n_occ=2) = -3.2587890625[0m
[[1m[32m18:51:14[0m[1m[0m] [37mIQPE (n_sites=4, n_occ=3) = -28.2252464970958[0m
[[1m[32m18:51:14[0m[1m[0m] [37mVQE (n_sites=4, n_occ=3) = -2.8076171875[0m
[[1m[32m18:51:14[0m[1m[0m] [37mIQPE (n_sites=4, n_occ=4) = -24.543692606170257[0m
[[1m[32m18:51:14[0m[1m[0m] [37mVQE (n_sites=4, n_occ=4) = -2.20849609375[0m
[[1m[32m18:51:14[0m[1m[0m] [37mIQPE (n_sites=4, n_occ=5) = -25.64815877344792[0m
[[1m[32m18:51:14[0m[1m[0m] [37mVQE (n_sites=4, n_occ=5) = -0.8720703125[0m
[[1m[32m18:51:14[0m[1m[0m] [37mIQPE (n_sites=4, n_occ=6) = -29.329712664373456[0m
[[1m[32m18:51:14[0m[1m[0m] [37mVQE (n_sites=4, n_occ=6) = 1.29296875[0m
[[1m[32m18:51:14[0m[1m[0m] [37mIQPE (n_sites=4, n_occ=7) = -27.36621725587984[0m
[[1m[32m18:51:14[0m[1m[0m] [37mVQE (n_sites=4, n_occ=7) = 4.611083984375[0m
[[1m[32m18:51:14[0m[1m[0m] [37mIQPE (n_sites=4, n_occ=8) = -23.439226438892597[0m
[[1m[32m18:51:14[0m[1m[0m] [37mVQE (n_sites=4, n_occ=8) = 7.97314453125[0m
[[1m[32m18:55:17[0m[1m[0m] [37mExact (n_sites=6, n_occ=11, t1=1.0, U=2.0, t2=0.5) = 8.11740750704426[0m
[[1m[32m18:55:52[0m[1m[0m] [37mVQE other benchmarks (n_sites=6, n_occ=9): num_queries=9100000, circuit_depth=[64,57][0m
[[1m[32m18:56:54[0m[1m[0m] [37mVQE other benchmarks (n_sites=6, n_occ=10): num_queries=9100000, circuit_depth=[64,57][0m
[[1m[32m18:58:20[0m[1m[0m] [37mIQPE other benchmarks (n_sites=6, n_occ=4): num_queries=72800, circuit_depth=[207832,196036][0m
[[1m[32m18:58:24[0m[1m[0m] [37mIQPE other benchmarks (n_sites=6, n_occ=3): num_queries=72800, circuit_depth=[210382,199223][0m
[[1m[32m18:58:41[0m[1m[0m] [37mVQE other benchmarks (n_sites=6, n_occ=7): num_queries=9100000, circuit_depth=[64,57][0m
[[1m[32m19:01:33[0m[1m[0m] [37mIQPE other benchmarks (n_sites=6, n_occ=12): num_queries=34400, circuit_depth=[62640,58813][0m
[[1m[32m19:01:46[0m[1m[0m] [37mIQPE other benchmarks (n_sites=6, n_occ=11): num_queries=34400, circuit_depth=[62640,58813][0m
[[1m[32m19:15:48[0m[1m[0m] [37mVQE other benchmarks (n_sites=6, n_occ=3): num_queries=9100000, circuit_depth=[64,57][0m
[[1m[32m19:17:21[0m[1m[0m] [37mVQE other benchmarks (n_sites=6, n_occ=4): num_queries=9100000, circuit_depth=[64,57][0m
[[1m[32m19:20:34[0m[1m[0m] [37mIQPE other benchmarks (n_sites=6, n_occ=7): num_queries=72800, circuit_depth=[197632,185836][0m
[[1m[32m19:23:00[0m[1m[0m] [37mVQE other benchmarks (n_sites=6, n_occ=11): num_queries=9100000, circuit_depth=[64,57][0m
[[1m[32m19:24:08[0m[1m[0m] [37mIQPE other benchmarks (n_sites=6, n_occ=9): num_queries=72800, circuit_depth=[207832,197311][0m
[[1m[32m19:28:14[0m[1m[0m] [37mExact (n_sites=6, n_occ=12, t1=1.0, U=2.0, t2=1.0) = 12.0[0m
[[1m[32m19:46:57[0m[1m[0m] [37mIQPE (n_sites=6, n_occ=0) = -0.0[0m
[[1m[32m19:46:57[0m[1m[0m] [37mVQE (n_sites=6, n_occ=0) = -0.049072265625[0m
[[1m[32m19:46:57[0m[1m[0m] [37mIQPE (n_sites=6, n_occ=1) = -30.434178831651117[0m
[[1m[32m19:46:57[0m[1m[0m] [37mVQE (n_sites=6, n_occ=1) = -1.92822265625[0m
[[1m[32m19:46:57[0m[1m[0m] [37mIQPE (n_sites=6, n_occ=2) = -0.0[0m
[[1m[32m19:46:57[0m[1m[0m] [37mVQE (n_sites=6, n_occ=2) = -3.0849609375[0m
[[1m[32m19:46:57[0m[1m[0m] [37mIQPE (n_sites=6, n_occ=3) = -30.311460368620267[0m
[[1m[32m19:46:57[0m[1m[0m] [37mVQE (n_sites=6, n_occ=3) = -3.64892578125[0m
[[1m[32m19:46:57[0m[1m[0m] [37mIQPE (n_sites=6, n_occ=4) = -25.64815877344792[0m
[[1m[32m19:46:57[0m[1m[0m] [37mVQE (n_sites=6, n_occ=4) = -4.063232421875[0m
[[1m[32m19:46:57[0m[1m[0m] [37mIQPE (n_sites=6, n_occ=5) = -28.102528034064942[0m
[[1m[32m19:46:57[0m[1m[0m] [37mVQE (n_sites=6, n_occ=5) = -3.70654296875[0m
[[1m[32m19:46:57[0m[1m[0m] [37mIQPE (n_sites=6, n_occ=6) = -28.34796496012665[0m
[[1m[32m19:46:57[0m[1m[0m] [37mVQE (n_sites=6, n_occ=6) = -2.689453125[0m
[[1m[32m19:46:57[0m[1m[0m] [37mIQPE (n_sites=6, n_occ=7) = -26.139032625571325[0m
[[1m[32m19:46:57[0m[1m[0m] [37mVQE (n_sites=6, n_occ=7) = -0.724853515625[0m
[[1m[32m19:46:57[0m[1m[0m] [37mIQPE (n_sites=6, n_occ=8) = -21.475731030398972[0m
[[1m[32m19:46:57[0m[1m[0m] [37mVQE (n_sites=6, n_occ=8) = 0.768310546875[0m
[[1m[32m19:46:57[0m[1m[0m] [37mIQPE (n_sites=6, n_occ=9) = -23.561944901923447[0m
[[1m[32m19:46:57[0m[1m[0m] [37mVQE (n_sites=6, n_occ=9) = 3.45703125[0m
[[1m[32m19:46:57[0m[1m[0m] [37mIQPE (n_sites=6, n_occ=10) = -23.439226438892597[0m
[[1m[32m19:46:57[0m[1m[0m] [37mVQE (n_sites=6, n_occ=10) = 5.706787109375[0m
[[1m[32m19:46:57[0m[1m[0m] [37mIQPE (n_sites=6, n_occ=11) = -22.457478734645786[0m
[[1m[32m19:46:57[0m[1m[0m] [37mVQE (n_sites=6, n_occ=11) = 8.57373046875[0m
[[1m[32m19:46:57[0m[1m[0m] [37mIQPE (n_sites=6, n_occ=12) = -19.389517158874504[0m
[[1m[32m19:46:57[0m[1m[0m] [37mVQE (n_sites=6, n_occ=12) = 11.96875[0m
[[1m[32m19:49:15[0m[1m[0m] [37mIQPE other benchmarks (n_sites=6, n_occ=12): num_queries=72800, circuit_depth=[207832,197311][0m
[[1m[32m20:35:40[0m[1m[0m] [37mIQPE other benchmarks (n_sites=6, n_occ=5): num_queries=72800, circuit_depth=[220740,210857][0m
[[1m[32m20:42:25[0m[1m[0m] [37mExact (n_sites=6, n_occ=6, t1=1.0, U=2.0, t2=0.5) = -5.0[0m
[[1m[32m20:45:24[0m[1m[0m] [37mExact (n_sites=6, n_occ=7, t1=1.0, U=2.0, t2=0.5) = -3.175485711769187[0m
[[1m[32m20:46:43[0m[1m[0m] [37mIQPE other benchmarks (n_sites=6, n_occ=1): num_queries=72800, circuit_depth=[205440,194282][0m
[[1m[32m20:50:04[0m[1m[0m] [37mVQE other benchmarks (n_sites=6, n_occ=6): num_queries=9100000, circuit_depth=[64,57][0m
[[1m[32m20:52:14[0m[1m[0m] [37mIQPE other benchmarks (n_sites=6, n_occ=0): num_queries=72800, circuit_depth=[200340,187907][0m
[[1m[32m20:58:41[0m[1m[0m] [37mExact (n_sites=6, n_occ=6, t1=1.0, U=2.0, t2=1.0) = -5.898979485566354[0m
[[1m[32m20:59:13[0m[1m[0m] [37mIQPE other benchmarks (n_sites=6, n_occ=1): num_queries=72800, circuit_depth=[200340,187907][0m
[[1m[32m21:00:42[0m[1m[0m] [37mIQPE other benchmarks (n_sites=6, n_occ=2): num_queries=72800, circuit_depth=[215640,205757][0m
[[1m[32m21:00:59[0m[1m[0m] [37mVQE other benchmarks (n_sites=6, n_occ=6): num_queries=9100000, circuit_depth=[64,57][0m
[[1m[32m21:03:47[0m[1m[0m] [37mIQPE other benchmarks (n_sites=6, n_occ=2): num_queries=72800, circuit_depth=[195240,182807][0m
[[1m[32m21:04:01[0m[1m[0m] [37mExact (n_sites=6, n_occ=5, t1=1.0, U=2.0, t2=1.0) = -7.29800806202798[0m
[[1m[32m21:04:44[0m[1m[0m] [37mVQE other benchmarks (n_sites=6, n_occ=5): num_queries=9100000, circuit_depth=[64,57][0m
[[1m[32m21:06:21[0m[1m[0m] [37mVQE other benchmarks (n_sites=6, n_occ=3): num_queries=9100000, circuit_depth=[64,57][0m
[[1m[32m21:07:16[0m[1m[0m] [37mExact (n_sites=6, n_occ=7, t1=1.0, U=2.0, t2=1.0) = -4.229859714606116[0m
[[1m[32m21:52:29[0m[1m[0m] [37mIQPE other benchmarks (n_sites=6, n_occ=7): num_queries=72800, circuit_depth=[215640,204482][0m
[[1m[32m21:56:03[0m[1m[0m] [37mExact (n_sites=6, n_occ=12, t1=1.0, U=2.0, t2=0.5) = 11.999999999999996[0m
[[1m[32m22:01:43[0m[1m[0m] [37mVQE other benchmarks (n_sites=6, n_occ=12): num_queries=9100000, circuit_depth=[64,57][0m
[[1m[32m23:32:20[0m[1m[0m] [37mExact (n_sites=6, n_occ=10, t1=1.0, U=2.0, t2=0.5) = 4.401481680755197[0m
[[1m[32m23:33:30[0m[1m[0m] [37mIQPE other benchmarks (n_sites=6, n_occ=5): num_queries=72800, circuit_depth=[197790,185994][0m
[[1m[32m23:39:32[0m[1m[0m] [37mIQPE other benchmarks (n_sites=6, n_occ=4): num_queries=72800, circuit_depth=[205440,194282][0m
[[1m[32m23:40:04[0m[1m[0m] [37mExact (n_sites=6, n_occ=9, t1=1.0, U=2.0, t2=0.5) = 1.5252551286084106[0m
[[1m[32m23:45:19[0m[1m[0m] [37mIQPE other benchmarks (n_sites=6, n_occ=6): num_queries=72800, circuit_depth=[205440,194282][0m
[[1m[32m23:46:14[0m[1m[0m] [37mIQPE other benchmarks (n_sites=6, n_occ=3): num_queries=72800, circuit_depth=[192690,180894][0m
[[1m[32m23:49:58[0m[1m[0m] [37mVQE other benchmarks (n_sites=6, n_occ=7): num_queries=9100000, circuit_depth=[64,57][0m
[[1m[32m23:56:24[0m[1m[0m] [37mIQPE other benchmarks (n_sites=6, n_occ=6): num_queries=72800, circuit_depth=[200340,189182][0m
[[1m[32m23:56:52[0m[1m[0m] [37mVQE other benchmarks (n_sites=6, n_occ=9): num_queries=9100000, circuit_depth=[64,57][0m
[[1m[32m23:58:16[0m[1m[0m] [37mVQE other benchmarks (n_sites=6, n_occ=8): num_queries=9100000, circuit_depth=[64,57][0m
[[1m[32m23:58:29[0m[1m[0m] [37mExact (n_sites=6, n_occ=8, t1=1.0, U=2.0, t2=0.5) = -1.1843047568717076[0m
[[1m[32m23:59:06[0m[1m[0m] [37mExact (n_sites=6, n_occ=9, t1=1.0, U=2.0, t2=1.0) = -0.04555495773440743[0m
[[1m[32m00:02:15[0m[1m[0m] [37mVQE other benchmarks (n_sites=6, n_occ=10): num_queries=9100000, circuit_depth=[64,57][0m
[[1m[32m00:04:22[0m[1m[0m] [37mExact (n_sites=6, n_occ=8, t1=1.0, U=2.0, t2=1.0) = -2.394073276979211[0m
[[1m[32m00:05:30[0m[1m[0m] [37mExact (n_sites=6, n_occ=10, t1=1.0, U=2.0, t2=1.0) = 2.4696300281770647[0m
[[1m[32m00:07:07[0m[1m[0m] [37mExact (n_sites=6, n_occ=11, t1=1.0, U=2.0, t2=1.0) = 7.151481680755197[0m
[[1m[32m00:14:53[0m[1m[0m] [37mVQE other benchmarks (n_sites=6, n_occ=8): num_queries=9100000, circuit_depth=[64,57][0m
[[1m[32m02:26:57[0m[1m[0m] [37mVQE other benchmarks (n_sites=6, n_occ=12): num_queries=9100000, circuit_depth=[64,57][0m
[[1m[32m02:33:54[0m[1m[0m] [37mIQPE other benchmarks (n_sites=6, n_occ=10): num_queries=72800, circuit_depth=[195240,182807][0m
[[1m[32m02:44:02[0m[1m[0m] [37mIQPE other benchmarks (n_sites=6, n_occ=8): num_queries=72800, circuit_depth=[202890,191094][0m
[[1m[32m02:52:47[0m[1m[0m] [37mIQPE other benchmarks (n_sites=6, n_occ=10): num_queries=72800, circuit_depth=[195240,182807][0m
[[1m[32m02:53:37[0m[1m[0m] [37mIQPE other benchmarks (n_sites=6, n_occ=8): num_queries=72800, circuit_depth=[215640,205757][0m
[[1m[32m03:09:10[0m[1m[0m] [37mIQPE other benchmarks (n_sites=6, n_occ=9): num_queries=72800, circuit_depth=[200340,187907][0m
[[1m[32m03:35:30[0m[1m[0m] [37mVQE other benchmarks (n_sites=6, n_occ=11): num_queries=9100000, circuit_depth=[64,57][0m
[[1m[32m04:38:33[0m[1m[0m] [37mIQPE other benchmarks (n_sites=6, n_occ=11): num_queries=72800, circuit_depth=[190140,176432][0m
[[1m[32m05:09:14[0m[1m[0m] [37mIQPE (n_sites=6, n_occ=0) = -0.0[0m
[[1m[32m05:09:14[0m[1m[0m] [37mVQE (n_sites=6, n_occ=0) = -0.09363616900322136[0m
[[1m[32m05:09:14[0m[1m[0m] [37mIQPE (n_sites=6, n_occ=1) = -30.67961575771282[0m
[[1m[32m05:09:14[0m[1m[0m] [37mVQE (n_sites=6, n_occ=1) = -2.4647051209424005[0m
[[1m[32m05:09:14[0m[1m[0m] [37mIQPE (n_sites=6, n_occ=2) = -30.925052683774528[0m
[[1m[32m05:09:14[0m[1m[0m] [37mVQE (n_sites=6, n_occ=2) = -4.473196273046851[0m
[[1m[32m05:09:14[0m[1m[0m] [37mIQPE (n_sites=6, n_occ=3) = -27.73437264497239[0m
[[1m[32m05:09:14[0m[1m[0m] [37mVQE (n_sites=6, n_occ=3) = -5.131744092313008[0m
[[1m[32m05:09:14[0m[1m[0m] [37mIQPE (n_sites=6, n_occ=4) = -25.77087723647877[0m
[[1m[32m05:09:14[0m[1m[0m] [37mVQE (n_sites=6, n_occ=4) = -5.227401766971835[0m
[[1m[32m05:09:14[0m[1m[0m] [37mIQPE (n_sites=6, n_occ=5) = -27.61165418194154[0m
[[1m[32m05:09:14[0m[1m[0m] [37mVQE (n_sites=6, n_occ=5) = -4.113871194026803[0m
[[1m[32m05:09:14[0m[1m[0m] [37mIQPE (n_sites=6, n_occ=6) = -30.925052683774528[0m
[[1m[32m05:09:14[0m[1m[0m] [37mVQE (n_sites=6, n_occ=6) = -3.2094514825859877[0m
[[1m[32m05:09:14[0m[1m[0m] [37mIQPE (n_sites=6, n_occ=7) = -28.961557275280903[0m
[[1m[32m05:09:14[0m[1m[0m] [37mVQE (n_sites=6, n_occ=7) = -0.7567638576496574[0m
[[1m[32m05:09:14[0m[1m[0m] [37mIQPE (n_sites=6, n_occ=8) = -22.825634123738336[0m
[[1m[32m05:09:14[0m[1m[0m] [37mVQE (n_sites=6, n_occ=8) = 0.9850950783925723[0m
[[1m[32m05:09:14[0m[1m[0m] [37mIQPE (n_sites=6, n_occ=9) = -24.298255680108557[0m
[[1m[32m05:09:14[0m[1m[0m] [37mVQE (n_sites=6, n_occ=9) = 3.439417763571922[0m
[[1m[32m05:09:14[0m[1m[0m] [37mIQPE (n_sites=6, n_occ=10) = -26.384469551633025[0m
[[1m[32m05:09:14[0m[1m[0m] [37mVQE (n_sites=6, n_occ=10) = 5.898582905598894[0m
[[1m[32m05:09:14[0m[1m[0m] [37mIQPE (n_sites=6, n_occ=11) = -22.580197197676636[0m
[[1m[32m05:09:14[0m[1m[0m] [37mVQE (n_sites=6, n_occ=11) = 8.70984166349136[0m
[[1m[32m05:09:14[0m[1m[0m] [37mIQPE (n_sites=6, n_occ=12) = -19.389517158874504[0m
[[1m[32m05:09:14[0m[1m[0m] [37mVQE (n_sites=6, n_occ=12) = 11.904708131306712[0m
[[1m[32m05:34:46[0m[1m[0m] [37mIQPE other benchmarks (n_sites=6, n_occ=12): num_queries=72800, circuit_depth=[200340,189182][0m
[[1m[32m05:35:30[0m[1m[0m] [37mIQPE other benchmarks (n_sites=6, n_occ=11): num_queries=72800, circuit_depth=[207990,197469][0m
[[1m[32m06:12:04[0m[1m[0m] [37mIQPE (n_sites=6, n_occ=0) = -0.0[0m
[[1m[32m06:12:04[0m[1m[0m] [37mVQE (n_sites=6, n_occ=0) = -0.05153487120560396[0m
[[1m[32m06:12:04[0m[1m[0m] [37mIQPE (n_sites=6, n_occ=1) = -30.925052683774528[0m
[[1m[32m06:12:04[0m[1m[0m] [37mVQE (n_sites=6, n_occ=1) = -3.1603984865805677[0m
[[1m[32m06:12:04[0m[1m[0m] [37mIQPE (n_sites=6, n_occ=2) = -30.434178831651117[0m
[[1m[32m06:12:04[0m[1m[0m] [37mVQE (n_sites=6, n_occ=2) = -5.775346162067051[0m
[[1m[32m06:12:04[0m[1m[0m] [37mIQPE (n_sites=6, n_occ=3) = -28.2252464970958[0m
[[1m[32m06:12:04[0m[1m[0m] [37mVQE (n_sites=6, n_occ=3) = -6.823925301813625[0m
[[1m[32m06:12:04[0m[1m[0m] [37mIQPE (n_sites=6, n_occ=4) = -23.930100291016[0m
[[1m[32m06:12:04[0m[1m[0m] [37mVQE (n_sites=6, n_occ=4) = -6.948907889308986[0m
[[1m[32m06:12:04[0m[1m[0m] [37mIQPE (n_sites=6, n_occ=5) = -29.575149590435164[0m
[[1m[32m06:12:04[0m[1m[0m] [37mVQE (n_sites=6, n_occ=5) = -5.391439793769322[0m
[[1m[32m06:12:04[0m[1m[0m] [37mIQPE (n_sites=6, n_occ=6) = -29.697868053466014[0m
[[1m[32m06:12:04[0m[1m[0m] [37mVQE (n_sites=6, n_occ=6) = -3.944777526914308[0m
[[1m[32m06:12:04[0m[1m[0m] [37mIQPE (n_sites=6, n_occ=7) = -26.50718801466388[0m
[[1m[32m06:12:04[0m[1m[0m] [37mVQE (n_sites=6, n_occ=7) = -1.6578507738543806[0m
[[1m[32m06:12:04[0m[1m[0m] [37mIQPE (n_sites=6, n_occ=8) = -23.684663364954297[0m
[[1m[32m06:12:04[0m[1m[0m] [37mVQE (n_sites=6, n_occ=8) = 0.1778707601197156[0m
[[1m[32m06:12:04[0m[1m[0m] [37mIQPE (n_sites=6, n_occ=9) = -26.016314162540475[0m
[[1m[32m06:12:04[0m[1m[0m] [37mVQE (n_sites=6, n_occ=9) = 3.055866986195518[0m
[[1m[32m06:12:04[0m[1m[0m] [37mIQPE (n_sites=6, n_occ=10) = -24.78912953223196[0m
[[1m[32m06:12:04[0m[1m[0m] [37mVQE (n_sites=6, n_occ=10) = 5.543891192204547[0m
[[1m[32m06:12:04[0m[1m[0m] [37mIQPE (n_sites=6, n_occ=11) = -21.84388641949153[0m
[[1m[32m06:12:04[0m[1m[0m] [37mVQE (n_sites=6, n_occ=11) = 8.565862641056231[0m
[[1m[32m06:12:04[0m[1m[0m] [37mIQPE (n_sites=6, n_occ=12) = -19.389517158874504[0m
[[1m[32m06:12:04[0m[1m[0m] [37mVQE (n_sites=6, n_occ=12) = 11.896275657767713[0m
All configurations completed at Mon May  4 06:12:05 PDT 2026
