[[1m[32m04:04:23[0m[1m[0m] [37mExact (n_sites=4, n_occ=1, t=1.0, U=1.0) = -1.9375000000000004[0m
[[1m[32m04:04:23[0m[1m[0m] [37mExact (n_sites=4, n_occ=0, t=1.0, U=1.0) = 0.0[0m
[[1m[32m04:04:25[0m[1m[0m] [37mExact (n_sites=4, n_occ=3, t=1.0, U=1.0) = -3.437500000000001[0m
[[1m[32m04:04:26[0m[1m[0m] [37mVQE other benchmarks (n_sites=4, n_occ=2): num_queries=2900000, circuit_depth=[52,45][0m
[[1m[32m04:04:26[0m[1m[0m] [37mVQE other benchmarks (n_sites=4, n_occ=1): num_queries=2900000, circuit_depth=[52,45][0m
[[1m[32m04:04:26[0m[1m[0m] [37mExact (n_sites=4, n_occ=2, t=1.0, U=1.0) = -3.750000000000001[0m
[[1m[32m04:04:26[0m[1m[0m] [37mVQE other benchmarks (n_sites=4, n_occ=0): num_queries=2900000, circuit_depth=[51,45][0m
[[1m[32m04:07:20[0m[1m[0m] [37mVQE other benchmarks (n_sites=4, n_occ=6): num_queries=2900000, circuit_depth=[52,45][0m
[[1m[32m04:07:22[0m[1m[0m] [37mIQPE other benchmarks (n_sites=4, n_occ=0): num_queries=23200, circuit_depth=[38257,35705][0m
[[1m[32m04:10:07[0m[1m[0m] [37mIQPE other benchmarks (n_sites=4, n_occ=5): num_queries=23200, circuit_depth=[38257,35705][0m
[[1m[32m04:11:44[0m[1m[0m] [37mExact (n_sites=4, n_occ=7, t=1.0, U=1.0) = 1.0625[0m
[[1m[32m04:11:46[0m[1m[0m] [37mVQE other benchmarks (n_sites=4, n_occ=5): num_queries=2900000, circuit_depth=[52,45][0m
[[1m[32m04:11:46[0m[1m[0m] [37mExact (n_sites=4, n_occ=5, t=1.0, U=1.0) = -2.437500000000001[0m
[[1m[32m04:11:47[0m[1m[0m] [37mIQPE other benchmarks (n_sites=4, n_occ=2): num_queries=23200, circuit_depth=[38415,35863][0m
[[1m[32m04:11:50[0m[1m[0m] [37mIQPE other benchmarks (n_sites=4, n_occ=1): num_queries=23200, circuit_depth=[38415,35863][0m
[[1m[32m04:11:53[0m[1m[0m] [37mVQE other benchmarks (n_sites=4, n_occ=4): num_queries=2900000, circuit_depth=[52,45][0m
[[1m[32m04:11:55[0m[1m[0m] [37mExact (n_sites=4, n_occ=6, t=1.0, U=1.0) = -1.75[0m
[[1m[32m04:12:03[0m[1m[0m] [37mVQE other benchmarks (n_sites=4, n_occ=3): num_queries=2900000, circuit_depth=[52,45][0m
[[1m[32m04:12:04[0m[1m[0m] [37mExact (n_sites=4, n_occ=4, t=1.0, U=1.0) = -3.000000000000001[0m
[[1m[32m04:18:34[0m[1m[0m] [37mIQPE other benchmarks (n_sites=4, n_occ=4): num_queries=23200, circuit_depth=[38415,35863][0m
[[1m[32m04:18:53[0m[1m[0m] [37mVQE other benchmarks (n_sites=4, n_occ=7): num_queries=2900000, circuit_depth=[52,45][0m
[[1m[32m04:18:54[0m[1m[0m] [37mVQE other benchmarks (n_sites=4, n_occ=8): num_queries=2900000, circuit_depth=[52,45][0m
[[1m[32m04:18:59[0m[1m[0m] [37mIQPE other benchmarks (n_sites=4, n_occ=6): num_queries=23200, circuit_depth=[38415,35863][0m
[[1m[32m04:19:11[0m[1m[0m] [37mIQPE other benchmarks (n_sites=4, n_occ=3): num_queries=23200, circuit_depth=[38415,35863][0m
[[1m[32m04:19:25[0m[1m[0m] [37mExact (n_sites=4, n_occ=8, t=1.0, U=1.0) = 4.0[0m
[[1m[32m04:25:40[0m[1m[0m] [37mIQPE other benchmarks (n_sites=4, n_occ=7): num_queries=23200, circuit_depth=[38415,35863][0m
[[1m[32m04:25:45[0m[1m[0m] [37mIQPE other benchmarks (n_sites=4, n_occ=8): num_queries=23200, circuit_depth=[38415,35863][0m
[[1m[32m04:54:28[0m[1m[0m] [37mIQPE (n_sites=4, n_occ=0) = -0.0[0m
[[1m[32m04:54:28[0m[1m[0m] [37mVQE (n_sites=4, n_occ=0) = -0.042236328125[0m
[[1m[32m04:54:28[0m[1m[0m] [37mIQPE (n_sites=4, n_occ=1) = -29.452431127404306[0m
[[1m[32m04:54:28[0m[1m[0m] [37mVQE (n_sites=4, n_occ=1) = -2.001708984375[0m
[[1m[32m04:54:28[0m[1m[0m] [37mIQPE (n_sites=4, n_occ=2) = -29.452431127404306[0m
[[1m[32m04:54:28[0m[1m[0m] [37mVQE (n_sites=4, n_occ=2) = -3.5086669921875[0m
[[1m[32m04:54:28[0m[1m[0m] [37mIQPE (n_sites=4, n_occ=3) = -30.55689729468197[0m
[[1m[32m04:54:28[0m[1m[0m] [37mVQE (n_sites=4, n_occ=3) = -3.3094482421875[0m
[[1m[32m04:54:28[0m[1m[0m] [37mIQPE (n_sites=4, n_occ=4) = -26.016314162540475[0m
[[1m[32m04:54:28[0m[1m[0m] [37mVQE (n_sites=4, n_occ=4) = -2.9937744140625[0m
[[1m[32m04:54:28[0m[1m[0m] [37mIQPE (n_sites=4, n_occ=5) = -27.61165418194154[0m
[[1m[32m04:54:28[0m[1m[0m] [37mVQE (n_sites=4, n_occ=5) = -2.2884521484375[0m
[[1m[32m04:54:28[0m[1m[0m] [37mIQPE (n_sites=4, n_occ=6) = -27.48893571891069[0m
[[1m[32m04:54:28[0m[1m[0m] [37mVQE (n_sites=4, n_occ=6) = -0.8612060546875[0m
[[1m[32m04:54:28[0m[1m[0m] [37mIQPE (n_sites=4, n_occ=7) = -30.434178831651117[0m
[[1m[32m04:54:28[0m[1m[0m] [37mVQE (n_sites=4, n_occ=7) = 1.652587890625[0m
[[1m[32m04:54:28[0m[1m[0m] [37mIQPE (n_sites=4, n_occ=8) = -27.36621725587984[0m
[[1m[32m04:54:28[0m[1m[0m] [37mVQE (n_sites=4, n_occ=8) = 3.93896484375[0m
Configuration completed at Sat May  2 04:54:28 PDT 2026
