2026-05-01 06:28:26.604 | INFO     | models.hubbard:real_space_exact:66 - Exact (n_sites=4, n_occ=0, t=1.0, U=0.0) = 0.0
/pscratch/sd/m/mbao202/NNL-P7/scripts/real_space_simulated_ideal.py:40: DeprecationWarning: Sampler has been deprecated as of Aer 0.15, please use SamplerV2 instead.
  return tag, func(*args, **kwargs)
2026-05-01 06:28:27.687 | INFO     | models.hubbard:real_space_exact:66 - Exact (n_sites=6, n_occ=0, t=1.0, U=0.0) = 0.0
/pscratch/sd/m/mbao202/NNL-P7/scripts/real_space_simulated_ideal.py:40: DeprecationWarning: Sampler has been deprecated as of Aer 0.15, please use SamplerV2 instead.
  return tag, func(*args, **kwargs)
2026-05-01 06:28:29.342 | INFO     | models.hubbard:real_space_exact:66 - Exact (n_sites=6, n_occ=0, t=1.0, U=0.05) = 0.0
/pscratch/sd/m/mbao202/NNL-P7/scripts/real_space_simulated_ideal.py:40: DeprecationWarning: Sampler has been deprecated as of Aer 0.15, please use SamplerV2 instead.
  return tag, func(*args, **kwargs)
2026-05-01 06:28:30.189 | INFO     | models.hubbard:real_space_exact:66 - Exact (n_sites=4, n_occ=0, t=1.0, U=0.05) = 0.0
/pscratch/sd/m/mbao202/NNL-P7/scripts/real_space_simulated_ideal.py:40: DeprecationWarning: Sampler has been deprecated as of Aer 0.15, please use SamplerV2 instead.
  return tag, func(*args, **kwargs)
2026-05-01 06:29:55.166 | DEBUG    | core:iqpe_estimate:67 - IQPE (n_sites=4, n_occ=0, repetition 1, iteration 1) = 0.0
2026-05-01 06:30:18.581 | DEBUG    | core:iqpe_estimate:67 - IQPE (n_sites=4, n_occ=0, repetition 1, iteration 2) = 0.0
2026-05-01 06:30:25.202 | DEBUG    | core:iqpe_estimate:67 - IQPE (n_sites=4, n_occ=0, repetition 1, iteration 3) = 0.0
2026-05-01 06:30:27.278 | DEBUG    | core:iqpe_estimate:67 - IQPE (n_sites=4, n_occ=0, repetition 1, iteration 4) = 0.0
2026-05-01 06:30:28.044 | DEBUG    | core:iqpe_estimate:67 - IQPE (n_sites=4, n_occ=0, repetition 1, iteration 5) = 0.0
2026-05-01 06:30:28.372 | DEBUG    | core:iqpe_estimate:67 - IQPE (n_sites=4, n_occ=0, repetition 1, iteration 6) = 0.0
2026-05-01 06:30:28.564 | DEBUG    | core:iqpe_estimate:67 - IQPE (n_sites=4, n_occ=0, repetition 1, iteration 7) = 0.0
2026-05-01 06:30:28.689 | DEBUG    | core:iqpe_estimate:67 - IQPE (n_sites=4, n_occ=0, repetition 1, iteration 8) = 0.0
2026-05-01 06:30:28.689 | DEBUG    | core:real_space_iqpe:160 - IQPE (n_sites=4, n_occ=0, repetition 1) = -0.0
2026-05-01 06:31:48.696 | DEBUG    | core:iqpe_estimate:67 - IQPE (n_sites=6, n_occ=0, repetition 1, iteration 1) = 0.0
2026-05-01 06:31:56.869 | DEBUG    | core:iqpe_estimate:67 - IQPE (n_sites=4, n_occ=0, repetition 2, iteration 1) = 0.0
2026-05-01 06:32:20.517 | DEBUG    | core:iqpe_estimate:67 - IQPE (n_sites=4, n_occ=0, repetition 2, iteration 2) = 0.0
2026-05-01 06:32:27.144 | DEBUG    | core:iqpe_estimate:67 - IQPE (n_sites=4, n_occ=0, repetition 2, iteration 3) = 0.0
2026-05-01 06:32:29.241 | DEBUG    | core:iqpe_estimate:67 - IQPE (n_sites=4, n_occ=0, repetition 2, iteration 4) = 0.0
2026-05-01 06:32:30.015 | DEBUG    | core:iqpe_estimate:67 - IQPE (n_sites=4, n_occ=0, repetition 2, iteration 5) = 0.0
2026-05-01 06:32:30.346 | DEBUG    | core:iqpe_estimate:67 - IQPE (n_sites=4, n_occ=0, repetition 2, iteration 6) = 0.0
2026-05-01 06:32:30.560 | DEBUG    | core:iqpe_estimate:67 - IQPE (n_sites=4, n_occ=0, repetition 2, iteration 7) = 0.0
2026-05-01 06:32:30.689 | DEBUG    | core:iqpe_estimate:67 - IQPE (n_sites=4, n_occ=0, repetition 2, iteration 8) = 0.0
2026-05-01 06:32:30.689 | DEBUG    | core:real_space_iqpe:160 - IQPE (n_sites=4, n_occ=0, repetition 2) = -0.0
2026-05-01 06:32:42.814 | DEBUG    | core:iqpe_estimate:67 - IQPE (n_sites=6, n_occ=0, repetition 1, iteration 2) = 0.0
2026-05-01 06:32:58.703 | DEBUG    | core:iqpe_estimate:67 - IQPE (n_sites=6, n_occ=0, repetition 1, iteration 3) = 0.0
2026-05-01 06:33:00.225 | DEBUG    | core:iqpe_estimate:67 - IQPE (n_sites=4, n_occ=0, repetition 1, iteration 1) = 0.0
2026-05-01 06:33:03.594 | DEBUG    | core:iqpe_estimate:67 - IQPE (n_sites=6, n_occ=0, repetition 1, iteration 4) = 0.0
2026-05-01 06:33:05.322 | DEBUG    | core:iqpe_estimate:67 - IQPE (n_sites=6, n_occ=0, repetition 1, iteration 5) = 0.0
2026-05-01 06:33:06.065 | DEBUG    | core:iqpe_estimate:67 - IQPE (n_sites=6, n_occ=0, repetition 1, iteration 6) = 0.0
2026-05-01 06:33:06.419 | DEBUG    | core:iqpe_estimate:67 - IQPE (n_sites=6, n_occ=0, repetition 1, iteration 7) = 0.0
2026-05-01 06:33:06.633 | DEBUG    | core:iqpe_estimate:67 - IQPE (n_sites=6, n_occ=0, repetition 1, iteration 8) = 0.0
2026-05-01 06:33:06.633 | DEBUG    | core:real_space_iqpe:160 - IQPE (n_sites=6, n_occ=0, repetition 1) = -0.0
2026-05-01 06:33:58.699 | DEBUG    | core:iqpe_estimate:67 - IQPE (n_sites=4, n_occ=0, repetition 3, iteration 1) = 0.0
2026-05-01 06:34:09.601 | DEBUG    | core:iqpe_estimate:67 - IQPE (n_sites=4, n_occ=0, repetition 1, iteration 2) = 0.0
2026-05-01 06:34:22.085 | DEBUG    | core:iqpe_estimate:67 - IQPE (n_sites=4, n_occ=0, repetition 3, iteration 2) = 0.0
2026-05-01 06:34:28.002 | DEBUG    | core:iqpe_estimate:67 - IQPE (n_sites=4, n_occ=0, repetition 1, iteration 3) = 0.0
2026-05-01 06:34:28.920 | DEBUG    | core:iqpe_estimate:67 - IQPE (n_sites=4, n_occ=0, repetition 3, iteration 3) = 0.0
2026-05-01 06:34:30.983 | DEBUG    | core:iqpe_estimate:67 - IQPE (n_sites=4, n_occ=0, repetition 3, iteration 4) = 0.0
2026-05-01 06:34:31.722 | DEBUG    | core:iqpe_estimate:67 - IQPE (n_sites=4, n_occ=0, repetition 3, iteration 5) = 0.0
2026-05-01 06:34:32.049 | DEBUG    | core:iqpe_estimate:67 - IQPE (n_sites=4, n_occ=0, repetition 3, iteration 6) = 0.0
2026-05-01 06:34:32.239 | DEBUG    | core:iqpe_estimate:67 - IQPE (n_sites=4, n_occ=0, repetition 3, iteration 7) = 0.0
2026-05-01 06:34:32.363 | DEBUG    | core:iqpe_estimate:67 - IQPE (n_sites=4, n_occ=0, repetition 3, iteration 8) = 0.0
2026-05-01 06:34:32.364 | DEBUG    | core:real_space_iqpe:160 - IQPE (n_sites=4, n_occ=0, repetition 3) = -0.0
2026-05-01 06:34:33.040 | DEBUG    | core:iqpe_estimate:67 - IQPE (n_sites=4, n_occ=0, repetition 1, iteration 4) = 0.0
2026-05-01 06:34:34.581 | DEBUG    | core:iqpe_estimate:67 - IQPE (n_sites=4, n_occ=0, repetition 1, iteration 5) = 0.0
2026-05-01 06:34:35.135 | DEBUG    | core:iqpe_estimate:67 - IQPE (n_sites=4, n_occ=0, repetition 1, iteration 6) = 0.0
2026-05-01 06:34:35.385 | DEBUG    | core:iqpe_estimate:67 - IQPE (n_sites=4, n_occ=0, repetition 1, iteration 7) = 0.0
2026-05-01 06:34:35.531 | DEBUG    | core:iqpe_estimate:67 - IQPE (n_sites=4, n_occ=0, repetition 1, iteration 8) = 0.0
2026-05-01 06:34:35.531 | DEBUG    | core:real_space_iqpe:160 - IQPE (n_sites=4, n_occ=0, repetition 1) = -0.0
2026-05-01 06:36:01.351 | DEBUG    | core:iqpe_estimate:67 - IQPE (n_sites=4, n_occ=0, repetition 4, iteration 1) = 0.0
2026-05-01 06:36:24.830 | DEBUG    | core:iqpe_estimate:67 - IQPE (n_sites=4, n_occ=0, repetition 4, iteration 2) = 0.0
2026-05-01 06:36:29.741 | DEBUG    | core:iqpe_estimate:67 - IQPE (n_sites=6, n_occ=0, repetition 2, iteration 1) = 0.0
2026-05-01 06:36:31.451 | DEBUG    | core:iqpe_estimate:67 - IQPE (n_sites=4, n_occ=0, repetition 4, iteration 3) = 0.0
2026-05-01 06:36:33.521 | DEBUG    | core:iqpe_estimate:67 - IQPE (n_sites=4, n_occ=0, repetition 4, iteration 4) = 0.0
2026-05-01 06:36:34.265 | DEBUG    | core:iqpe_estimate:67 - IQPE (n_sites=4, n_occ=0, repetition 4, iteration 5) = 0.0
2026-05-01 06:36:34.593 | DEBUG    | core:iqpe_estimate:67 - IQPE (n_sites=4, n_occ=0, repetition 4, iteration 6) = 0.0
2026-05-01 06:36:34.780 | DEBUG    | core:iqpe_estimate:67 - IQPE (n_sites=4, n_occ=0, repetition 4, iteration 7) = 0.0
2026-05-01 06:36:34.904 | DEBUG    | core:iqpe_estimate:67 - IQPE (n_sites=4, n_occ=0, repetition 4, iteration 8) = 0.0
2026-05-01 06:36:34.904 | DEBUG    | core:real_space_iqpe:160 - IQPE (n_sites=4, n_occ=0, repetition 4) = -0.0
2026-05-01 06:37:24.967 | DEBUG    | core:iqpe_estimate:67 - IQPE (n_sites=6, n_occ=0, repetition 2, iteration 2) = 0.0
2026-05-01 06:37:40.390 | DEBUG    | core:iqpe_estimate:67 - IQPE (n_sites=6, n_occ=0, repetition 2, iteration 3) = 0.0
2026-05-01 06:37:45.242 | DEBUG    | core:iqpe_estimate:67 - IQPE (n_sites=6, n_occ=0, repetition 2, iteration 4) = 0.0
2026-05-01 06:37:46.988 | DEBUG    | core:iqpe_estimate:67 - IQPE (n_sites=6, n_occ=0, repetition 2, iteration 5) = 0.0
2026-05-01 06:37:47.737 | DEBUG    | core:iqpe_estimate:67 - IQPE (n_sites=6, n_occ=0, repetition 2, iteration 6) = 0.0
2026-05-01 06:37:48.093 | DEBUG    | core:iqpe_estimate:67 - IQPE (n_sites=6, n_occ=0, repetition 2, iteration 7) = 0.0
2026-05-01 06:37:48.323 | DEBUG    | core:iqpe_estimate:67 - IQPE (n_sites=6, n_occ=0, repetition 2, iteration 8) = 0.0
2026-05-01 06:37:48.323 | DEBUG    | core:real_space_iqpe:160 - IQPE (n_sites=6, n_occ=0, repetition 2) = -0.0
2026-05-01 06:38:02.924 | DEBUG    | core:iqpe_estimate:67 - IQPE (n_sites=4, n_occ=0, repetition 5, iteration 1) = 0.0
2026-05-01 06:38:26.443 | DEBUG    | core:iqpe_estimate:67 - IQPE (n_sites=4, n_occ=0, repetition 5, iteration 2) = 0.0
2026-05-01 06:38:33.096 | DEBUG    | core:iqpe_estimate:67 - IQPE (n_sites=4, n_occ=0, repetition 5, iteration 3) = 0.0
2026-05-01 06:38:35.198 | DEBUG    | core:iqpe_estimate:67 - IQPE (n_sites=4, n_occ=0, repetition 5, iteration 4) = 0.0
2026-05-01 06:38:35.988 | DEBUG    | core:iqpe_estimate:67 - IQPE (n_sites=4, n_occ=0, repetition 5, iteration 5) = 0.0
2026-05-01 06:38:36.315 | DEBUG    | core:iqpe_estimate:67 - IQPE (n_sites=4, n_occ=0, repetition 5, iteration 6) = 0.0
2026-05-01 06:38:36.515 | DEBUG    | core:iqpe_estimate:67 - IQPE (n_sites=4, n_occ=0, repetition 5, iteration 7) = 0.0
2026-05-01 06:38:36.647 | DEBUG    | core:iqpe_estimate:67 - IQPE (n_sites=4, n_occ=0, repetition 5, iteration 8) = 0.0
2026-05-01 06:38:36.647 | DEBUG    | core:real_space_iqpe:160 - IQPE (n_sites=4, n_occ=0, repetition 5) = -0.0
2026-05-01 06:38:39.920 | DEBUG    | core:iqpe_estimate:67 - IQPE (n_sites=6, n_occ=0, repetition 1, iteration 1) = 0.0
2026-05-01 06:39:05.862 | DEBUG    | core:iqpe_estimate:67 - IQPE (n_sites=4, n_occ=0, repetition 2, iteration 1) = 0.0
2026-05-01 06:40:04.243 | DEBUG    | core:iqpe_estimate:67 - IQPE (n_sites=4, n_occ=0, repetition 6, iteration 1) = 0.0
2026-05-01 06:40:15.321 | DEBUG    | core:iqpe_estimate:67 - IQPE (n_sites=4, n_occ=0, repetition 2, iteration 2) = 0.0
2026-05-01 06:40:27.849 | DEBUG    | core:iqpe_estimate:67 - IQPE (n_sites=4, n_occ=0, repetition 6, iteration 2) = 0.0
2026-05-01 06:40:33.653 | DEBUG    | core:iqpe_estimate:67 - IQPE (n_sites=4, n_occ=0, repetition 2, iteration 3) = 0.0
2026-05-01 06:40:34.550 | DEBUG    | core:iqpe_estimate:67 - IQPE (n_sites=4, n_occ=0, repetition 6, iteration 3) = 0.0
2026-05-01 06:40:36.619 | DEBUG    | core:iqpe_estimate:67 - IQPE (n_sites=4, n_occ=0, repetition 6, iteration 4) = 0.0
2026-05-01 06:40:37.405 | DEBUG    | core:iqpe_estimate:67 - IQPE (n_sites=4, n_occ=0, repetition 6, iteration 5) = 0.0
2026-05-01 06:40:37.735 | DEBUG    | core:iqpe_estimate:67 - IQPE (n_sites=4, n_occ=0, repetition 6, iteration 6) = 0.0
2026-05-01 06:40:37.949 | DEBUG    | core:iqpe_estimate:67 - IQPE (n_sites=4, n_occ=0, repetition 6, iteration 7) = 0.0
2026-05-01 06:40:38.074 | DEBUG    | core:iqpe_estimate:67 - IQPE (n_sites=4, n_occ=0, repetition 6, iteration 8) = 0.0
2026-05-01 06:40:38.074 | DEBUG    | core:real_space_iqpe:160 - IQPE (n_sites=4, n_occ=0, repetition 6) = -0.0
2026-05-01 06:40:38.739 | DEBUG    | core:iqpe_estimate:67 - IQPE (n_sites=4, n_occ=0, repetition 2, iteration 4) = 0.0
2026-05-01 06:40:40.294 | DEBUG    | core:iqpe_estimate:67 - IQPE (n_sites=4, n_occ=0, repetition 2, iteration 5) = 0.0
2026-05-01 06:40:40.888 | DEBUG    | core:iqpe_estimate:67 - IQPE (n_sites=4, n_occ=0, repetition 2, iteration 6) = 0.0
2026-05-01 06:40:41.141 | DEBUG    | core:iqpe_estimate:67 - IQPE (n_sites=4, n_occ=0, repetition 2, iteration 7) = 0.0
2026-05-01 06:40:41.296 | DEBUG    | core:iqpe_estimate:67 - IQPE (n_sites=4, n_occ=0, repetition 2, iteration 8) = 0.0
2026-05-01 06:40:41.296 | DEBUG    | core:real_space_iqpe:160 - IQPE (n_sites=4, n_occ=0, repetition 2) = -0.0
2026-05-01 06:41:11.363 | DEBUG    | core:iqpe_estimate:67 - IQPE (n_sites=6, n_occ=0, repetition 3, iteration 1) = 0.0
2026-05-01 06:41:16.444 | DEBUG    | core:iqpe_estimate:67 - IQPE (n_sites=6, n_occ=0, repetition 1, iteration 2) = 0.0
2026-05-01 06:41:58.378 | DEBUG    | core:iqpe_estimate:67 - IQPE (n_sites=6, n_occ=0, repetition 1, iteration 3) = 0.0
2026-05-01 06:42:05.325 | DEBUG    | core:iqpe_estimate:67 - IQPE (n_sites=6, n_occ=0, repetition 3, iteration 2) = 0.0
2026-05-01 06:42:07.092 | DEBUG    | core:iqpe_estimate:67 - IQPE (n_sites=4, n_occ=0, repetition 7, iteration 1) = 0.0
2026-05-01 06:42:10.069 | DEBUG    | core:iqpe_estimate:67 - IQPE (n_sites=6, n_occ=0, repetition 1, iteration 4) = 0.0
2026-05-01 06:42:13.574 | DEBUG    | core:iqpe_estimate:67 - IQPE (n_sites=6, n_occ=0, repetition 1, iteration 5) = 0.0
2026-05-01 06:42:14.774 | DEBUG    | core:iqpe_estimate:67 - IQPE (n_sites=6, n_occ=0, repetition 1, iteration 6) = 0.0
2026-05-01 06:42:15.309 | DEBUG    | core:iqpe_estimate:67 - IQPE (n_sites=6, n_occ=0, repetition 1, iteration 7) = 0.0
2026-05-01 06:42:15.571 | DEBUG    | core:iqpe_estimate:67 - IQPE (n_sites=6, n_occ=0, repetition 1, iteration 8) = 0.0
2026-05-01 06:42:15.571 | DEBUG    | core:real_space_iqpe:160 - IQPE (n_sites=6, n_occ=0, repetition 1) = -0.0
2026-05-01 06:42:20.935 | DEBUG    | core:iqpe_estimate:67 - IQPE (n_sites=6, n_occ=0, repetition 3, iteration 3) = 0.0
2026-05-01 06:42:25.804 | DEBUG    | core:iqpe_estimate:67 - IQPE (n_sites=6, n_occ=0, repetition 3, iteration 4) = 0.0
2026-05-01 06:42:27.565 | DEBUG    | core:iqpe_estimate:67 - IQPE (n_sites=6, n_occ=0, repetition 3, iteration 5) = 0.0
2026-05-01 06:42:28.331 | DEBUG    | core:iqpe_estimate:67 - IQPE (n_sites=6, n_occ=0, repetition 3, iteration 6) = 0.0
2026-05-01 06:42:28.693 | DEBUG    | core:iqpe_estimate:67 - IQPE (n_sites=6, n_occ=0, repetition 3, iteration 7) = 0.0
2026-05-01 06:42:28.941 | DEBUG    | core:iqpe_estimate:67 - IQPE (n_sites=6, n_occ=0, repetition 3, iteration 8) = 0.0
2026-05-01 06:42:28.941 | DEBUG    | core:real_space_iqpe:160 - IQPE (n_sites=6, n_occ=0, repetition 3) = -0.0
2026-05-01 06:42:30.584 | DEBUG    | core:iqpe_estimate:67 - IQPE (n_sites=4, n_occ=0, repetition 7, iteration 2) = 0.0
2026-05-01 06:42:37.176 | DEBUG    | core:iqpe_estimate:67 - IQPE (n_sites=4, n_occ=0, repetition 7, iteration 3) = 0.0
2026-05-01 06:42:39.256 | DEBUG    | core:iqpe_estimate:67 - IQPE (n_sites=4, n_occ=0, repetition 7, iteration 4) = 0.0
2026-05-01 06:42:40.070 | DEBUG    | core:iqpe_estimate:67 - IQPE (n_sites=4, n_occ=0, repetition 7, iteration 5) = 0.0
2026-05-01 06:42:40.397 | DEBUG    | core:iqpe_estimate:67 - IQPE (n_sites=4, n_occ=0, repetition 7, iteration 6) = 0.0
2026-05-01 06:42:40.662 | DEBUG    | core:iqpe_estimate:67 - IQPE (n_sites=4, n_occ=0, repetition 7, iteration 7) = 0.0
2026-05-01 06:42:40.787 | DEBUG    | core:iqpe_estimate:67 - IQPE (n_sites=4, n_occ=0, repetition 7, iteration 8) = 0.0
2026-05-01 06:42:40.787 | DEBUG    | core:real_space_iqpe:160 - IQPE (n_sites=4, n_occ=0, repetition 7) = -0.0
2026-05-01 06:44:08.486 | DEBUG    | core:iqpe_estimate:67 - IQPE (n_sites=4, n_occ=0, repetition 8, iteration 1) = 0.0
2026-05-01 06:44:31.946 | DEBUG    | core:iqpe_estimate:67 - IQPE (n_sites=4, n_occ=0, repetition 8, iteration 2) = 0.0
2026-05-01 06:44:38.524 | DEBUG    | core:iqpe_estimate:67 - IQPE (n_sites=4, n_occ=0, repetition 8, iteration 3) = 0.0
2026-05-01 06:44:40.573 | DEBUG    | core:iqpe_estimate:67 - IQPE (n_sites=4, n_occ=0, repetition 8, iteration 4) = 0.0
2026-05-01 06:44:41.320 | DEBUG    | core:iqpe_estimate:67 - IQPE (n_sites=4, n_occ=0, repetition 8, iteration 5) = 0.0
2026-05-01 06:44:41.645 | DEBUG    | core:iqpe_estimate:67 - IQPE (n_sites=4, n_occ=0, repetition 8, iteration 6) = 0.0
2026-05-01 06:44:41.831 | DEBUG    | core:iqpe_estimate:67 - IQPE (n_sites=4, n_occ=0, repetition 8, iteration 7) = 0.0
2026-05-01 06:44:41.955 | DEBUG    | core:iqpe_estimate:67 - IQPE (n_sites=4, n_occ=0, repetition 8, iteration 8) = 0.0
2026-05-01 06:44:41.955 | DEBUG    | core:real_space_iqpe:160 - IQPE (n_sites=4, n_occ=0, repetition 8) = -0.0
2026-05-01 06:45:11.704 | DEBUG    | core:iqpe_estimate:67 - IQPE (n_sites=4, n_occ=0, repetition 3, iteration 1) = 0.0
2026-05-01 06:45:50.284 | DEBUG    | core:iqpe_estimate:67 - IQPE (n_sites=6, n_occ=0, repetition 4, iteration 1) = 0.0
2026-05-01 06:46:10.612 | DEBUG    | core:iqpe_estimate:67 - IQPE (n_sites=4, n_occ=0, repetition 9, iteration 1) = 0.0
2026-05-01 06:46:21.002 | DEBUG    | core:iqpe_estimate:67 - IQPE (n_sites=4, n_occ=0, repetition 3, iteration 2) = 0.0
2026-05-01 06:46:34.211 | DEBUG    | core:iqpe_estimate:67 - IQPE (n_sites=4, n_occ=0, repetition 9, iteration 2) = 0.0
2026-05-01 06:46:39.646 | DEBUG    | core:iqpe_estimate:67 - IQPE (n_sites=4, n_occ=0, repetition 3, iteration 3) = 0.0
2026-05-01 06:46:40.805 | DEBUG    | core:iqpe_estimate:67 - IQPE (n_sites=4, n_occ=0, repetition 9, iteration 3) = 0.0
2026-05-01 06:46:42.855 | DEBUG    | core:iqpe_estimate:67 - IQPE (n_sites=4, n_occ=0, repetition 9, iteration 4) = 0.0
2026-05-01 06:46:43.604 | DEBUG    | core:iqpe_estimate:67 - IQPE (n_sites=4, n_occ=0, repetition 9, iteration 5) = 0.0
2026-05-01 06:46:43.929 | DEBUG    | core:iqpe_estimate:67 - IQPE (n_sites=4, n_occ=0, repetition 9, iteration 6) = 0.0
2026-05-01 06:46:44.116 | DEBUG    | core:iqpe_estimate:67 - IQPE (n_sites=4, n_occ=0, repetition 9, iteration 7) = 0.0
2026-05-01 06:46:44.162 | DEBUG    | core:iqpe_estimate:67 - IQPE (n_sites=6, n_occ=0, repetition 4, iteration 2) = 0.0
2026-05-01 06:46:44.241 | DEBUG    | core:iqpe_estimate:67 - IQPE (n_sites=4, n_occ=0, repetition 9, iteration 8) = 0.0
2026-05-01 06:46:44.241 | DEBUG    | core:real_space_iqpe:160 - IQPE (n_sites=4, n_occ=0, repetition 9) = -0.0
2026-05-01 06:46:44.695 | DEBUG    | core:iqpe_estimate:67 - IQPE (n_sites=4, n_occ=0, repetition 3, iteration 4) = 0.0
2026-05-01 06:46:46.262 | DEBUG    | core:iqpe_estimate:67 - IQPE (n_sites=4, n_occ=0, repetition 3, iteration 5) = 0.0
2026-05-01 06:46:46.811 | DEBUG    | core:iqpe_estimate:67 - IQPE (n_sites=4, n_occ=0, repetition 3, iteration 6) = 0.0
2026-05-01 06:46:47.062 | DEBUG    | core:iqpe_estimate:67 - IQPE (n_sites=4, n_occ=0, repetition 3, iteration 7) = 0.0
2026-05-01 06:46:47.209 | DEBUG    | core:iqpe_estimate:67 - IQPE (n_sites=4, n_occ=0, repetition 3, iteration 8) = 0.0
2026-05-01 06:46:47.209 | DEBUG    | core:real_space_iqpe:160 - IQPE (n_sites=4, n_occ=0, repetition 3) = -0.0
2026-05-01 06:46:59.586 | DEBUG    | core:iqpe_estimate:67 - IQPE (n_sites=6, n_occ=0, repetition 4, iteration 3) = 0.0
2026-05-01 06:47:04.431 | DEBUG    | core:iqpe_estimate:67 - IQPE (n_sites=6, n_occ=0, repetition 4, iteration 4) = 0.0
2026-05-01 06:47:06.156 | DEBUG    | core:iqpe_estimate:67 - IQPE (n_sites=6, n_occ=0, repetition 4, iteration 5) = 0.0
2026-05-01 06:47:06.880 | DEBUG    | core:iqpe_estimate:67 - IQPE (n_sites=6, n_occ=0, repetition 4, iteration 6) = 0.0
2026-05-01 06:47:07.233 | DEBUG    | core:iqpe_estimate:67 - IQPE (n_sites=6, n_occ=0, repetition 4, iteration 7) = 0.0
2026-05-01 06:47:07.441 | DEBUG    | core:iqpe_estimate:67 - IQPE (n_sites=6, n_occ=0, repetition 4, iteration 8) = 0.0
2026-05-01 06:47:07.441 | DEBUG    | core:real_space_iqpe:160 - IQPE (n_sites=6, n_occ=0, repetition 4) = -0.0
2026-05-01 06:48:11.844 | DEBUG    | core:iqpe_estimate:67 - IQPE (n_sites=4, n_occ=0, repetition 10, iteration 1) = 0.0
2026-05-01 06:48:35.519 | DEBUG    | core:iqpe_estimate:67 - IQPE (n_sites=4, n_occ=0, repetition 10, iteration 2) = 0.0
2026-05-01 06:48:42.151 | DEBUG    | core:iqpe_estimate:67 - IQPE (n_sites=4, n_occ=0, repetition 10, iteration 3) = 0.0
2026-05-01 06:48:44.207 | DEBUG    | core:iqpe_estimate:67 - IQPE (n_sites=4, n_occ=0, repetition 10, iteration 4) = 0.0
2026-05-01 06:48:44.946 | DEBUG    | core:iqpe_estimate:67 - IQPE (n_sites=4, n_occ=0, repetition 10, iteration 5) = 0.0
2026-05-01 06:48:45.270 | DEBUG    | core:iqpe_estimate:67 - IQPE (n_sites=4, n_occ=0, repetition 10, iteration 6) = 0.0
2026-05-01 06:48:45.460 | DEBUG    | core:iqpe_estimate:67 - IQPE (n_sites=4, n_occ=0, repetition 10, iteration 7) = 0.0
2026-05-01 06:48:45.584 | DEBUG    | core:iqpe_estimate:67 - IQPE (n_sites=4, n_occ=0, repetition 10, iteration 8) = 0.0
2026-05-01 06:48:45.584 | DEBUG    | core:real_space_iqpe:160 - IQPE (n_sites=4, n_occ=0, repetition 10) = -0.0
2026-05-01 06:50:13.204 | DEBUG    | core:iqpe_estimate:67 - IQPE (n_sites=4, n_occ=0, repetition 11, iteration 1) = 0.0
2026-05-01 06:50:29.718 | DEBUG    | core:iqpe_estimate:67 - IQPE (n_sites=6, n_occ=0, repetition 5, iteration 1) = 0.0
2026-05-01 06:50:36.610 | DEBUG    | core:iqpe_estimate:67 - IQPE (n_sites=4, n_occ=0, repetition 11, iteration 2) = 0.0
2026-05-01 06:50:43.273 | DEBUG    | core:iqpe_estimate:67 - IQPE (n_sites=4, n_occ=0, repetition 11, iteration 3) = 0.0
2026-05-01 06:50:45.422 | DEBUG    | core:iqpe_estimate:67 - IQPE (n_sites=4, n_occ=0, repetition 11, iteration 4) = 0.0
2026-05-01 06:50:46.159 | DEBUG    | core:iqpe_estimate:67 - IQPE (n_sites=4, n_occ=0, repetition 11, iteration 5) = 0.0
2026-05-01 06:50:46.483 | DEBUG    | core:iqpe_estimate:67 - IQPE (n_sites=4, n_occ=0, repetition 11, iteration 6) = 0.0
2026-05-01 06:50:46.669 | DEBUG    | core:iqpe_estimate:67 - IQPE (n_sites=4, n_occ=0, repetition 11, iteration 7) = 0.0
2026-05-01 06:50:46.794 | DEBUG    | core:iqpe_estimate:67 - IQPE (n_sites=4, n_occ=0, repetition 11, iteration 8) = 0.0
2026-05-01 06:50:46.794 | DEBUG    | core:real_space_iqpe:160 - IQPE (n_sites=4, n_occ=0, repetition 11) = -0.0
2026-05-01 06:51:16.106 | DEBUG    | core:iqpe_estimate:67 - IQPE (n_sites=4, n_occ=0, repetition 4, iteration 1) = 0.0
2026-05-01 06:51:23.677 | DEBUG    | core:iqpe_estimate:67 - IQPE (n_sites=6, n_occ=0, repetition 5, iteration 2) = 0.0
2026-05-01 06:51:39.033 | DEBUG    | core:iqpe_estimate:67 - IQPE (n_sites=6, n_occ=0, repetition 5, iteration 3) = 0.0
2026-05-01 06:51:43.871 | DEBUG    | core:iqpe_estimate:67 - IQPE (n_sites=6, n_occ=0, repetition 5, iteration 4) = 0.0
2026-05-01 06:51:45.602 | DEBUG    | core:iqpe_estimate:67 - IQPE (n_sites=6, n_occ=0, repetition 5, iteration 5) = 0.0
2026-05-01 06:51:46.321 | DEBUG    | core:iqpe_estimate:67 - IQPE (n_sites=6, n_occ=0, repetition 5, iteration 6) = 0.0
2026-05-01 06:51:46.676 | DEBUG    | core:iqpe_estimate:67 - IQPE (n_sites=6, n_occ=0, repetition 5, iteration 7) = 0.0
2026-05-01 06:51:46.883 | DEBUG    | core:iqpe_estimate:67 - IQPE (n_sites=6, n_occ=0, repetition 5, iteration 8) = 0.0
2026-05-01 06:51:46.883 | DEBUG    | core:real_space_iqpe:160 - IQPE (n_sites=6, n_occ=0, repetition 5) = -0.0
2026-05-01 06:52:14.589 | DEBUG    | core:iqpe_estimate:67 - IQPE (n_sites=4, n_occ=0, repetition 12, iteration 1) = 0.0
2026-05-01 06:52:25.372 | DEBUG    | core:iqpe_estimate:67 - IQPE (n_sites=4, n_occ=0, repetition 4, iteration 2) = 0.0
2026-05-01 06:52:38.079 | DEBUG    | core:iqpe_estimate:67 - IQPE (n_sites=4, n_occ=0, repetition 12, iteration 2) = 0.0
2026-05-01 06:52:43.505 | DEBUG    | core:iqpe_estimate:67 - IQPE (n_sites=4, n_occ=0, repetition 4, iteration 3) = 0.0
2026-05-01 06:52:44.685 | DEBUG    | core:iqpe_estimate:67 - IQPE (n_sites=4, n_occ=0, repetition 12, iteration 3) = 0.0
2026-05-01 06:52:46.759 | DEBUG    | core:iqpe_estimate:67 - IQPE (n_sites=4, n_occ=0, repetition 12, iteration 4) = 0.0
2026-05-01 06:52:47.496 | DEBUG    | core:iqpe_estimate:67 - IQPE (n_sites=4, n_occ=0, repetition 12, iteration 5) = 0.0
2026-05-01 06:52:47.820 | DEBUG    | core:iqpe_estimate:67 - IQPE (n_sites=4, n_occ=0, repetition 12, iteration 6) = 0.0
2026-05-01 06:52:48.006 | DEBUG    | core:iqpe_estimate:67 - IQPE (n_sites=4, n_occ=0, repetition 12, iteration 7) = 0.0
2026-05-01 06:52:48.130 | DEBUG    | core:iqpe_estimate:67 - IQPE (n_sites=4, n_occ=0, repetition 12, iteration 8) = 0.0
2026-05-01 06:52:48.130 | DEBUG    | core:real_space_iqpe:160 - IQPE (n_sites=4, n_occ=0, repetition 12) = -0.0
2026-05-01 06:52:48.613 | DEBUG    | core:iqpe_estimate:67 - IQPE (n_sites=4, n_occ=0, repetition 4, iteration 4) = 0.0
2026-05-01 06:52:49.712 | DEBUG    | core:iqpe_estimate:67 - IQPE (n_sites=6, n_occ=0, repetition 2, iteration 1) = 0.0
2026-05-01 06:52:50.158 | DEBUG    | core:iqpe_estimate:67 - IQPE (n_sites=4, n_occ=0, repetition 4, iteration 5) = 0.0
2026-05-01 06:52:50.708 | DEBUG    | core:iqpe_estimate:67 - IQPE (n_sites=4, n_occ=0, repetition 4, iteration 6) = 0.0
2026-05-01 06:52:50.960 | DEBUG    | core:iqpe_estimate:67 - IQPE (n_sites=4, n_occ=0, repetition 4, iteration 7) = 0.0
2026-05-01 06:52:51.107 | DEBUG    | core:iqpe_estimate:67 - IQPE (n_sites=4, n_occ=0, repetition 4, iteration 8) = 0.0
2026-05-01 06:52:51.107 | DEBUG    | core:real_space_iqpe:160 - IQPE (n_sites=4, n_occ=0, repetition 4) = -0.0
2026-05-01 06:54:16.003 | DEBUG    | core:iqpe_estimate:67 - IQPE (n_sites=4, n_occ=0, repetition 13, iteration 1) = 0.0
2026-05-01 06:54:39.607 | DEBUG    | core:iqpe_estimate:67 - IQPE (n_sites=4, n_occ=0, repetition 13, iteration 2) = 0.0
2026-05-01 06:54:46.249 | DEBUG    | core:iqpe_estimate:67 - IQPE (n_sites=4, n_occ=0, repetition 13, iteration 3) = 0.0
2026-05-01 06:54:48.308 | DEBUG    | core:iqpe_estimate:67 - IQPE (n_sites=4, n_occ=0, repetition 13, iteration 4) = 0.0
2026-05-01 06:54:49.050 | DEBUG    | core:iqpe_estimate:67 - IQPE (n_sites=4, n_occ=0, repetition 13, iteration 5) = 0.0
2026-05-01 06:54:49.373 | DEBUG    | core:iqpe_estimate:67 - IQPE (n_sites=4, n_occ=0, repetition 13, iteration 6) = 0.0
2026-05-01 06:54:49.561 | DEBUG    | core:iqpe_estimate:67 - IQPE (n_sites=4, n_occ=0, repetition 13, iteration 7) = 0.0
2026-05-01 06:54:49.686 | DEBUG    | core:iqpe_estimate:67 - IQPE (n_sites=4, n_occ=0, repetition 13, iteration 8) = 0.0
2026-05-01 06:54:49.686 | DEBUG    | core:real_space_iqpe:160 - IQPE (n_sites=4, n_occ=0, repetition 13) = -0.0
2026-05-01 06:55:08.798 | DEBUG    | core:iqpe_estimate:67 - IQPE (n_sites=6, n_occ=0, repetition 6, iteration 1) = 0.0
2026-05-01 06:55:41.234 | DEBUG    | core:iqpe_estimate:67 - IQPE (n_sites=6, n_occ=0, repetition 2, iteration 2) = 0.0
2026-05-01 06:56:03.544 | DEBUG    | core:iqpe_estimate:67 - IQPE (n_sites=6, n_occ=0, repetition 6, iteration 2) = 0.0
2026-05-01 06:56:18.558 | DEBUG    | core:iqpe_estimate:67 - IQPE (n_sites=4, n_occ=0, repetition 14, iteration 1) = 0.0
2026-05-01 06:56:18.878 | DEBUG    | core:iqpe_estimate:67 - IQPE (n_sites=6, n_occ=0, repetition 6, iteration 3) = 0.0
2026-05-01 06:56:23.415 | DEBUG    | core:iqpe_estimate:67 - IQPE (n_sites=6, n_occ=0, repetition 2, iteration 3) = 0.0
2026-05-01 06:56:23.722 | DEBUG    | core:iqpe_estimate:67 - IQPE (n_sites=6, n_occ=0, repetition 6, iteration 4) = 0.0
2026-05-01 06:56:25.438 | DEBUG    | core:iqpe_estimate:67 - IQPE (n_sites=6, n_occ=0, repetition 6, iteration 5) = 0.0
2026-05-01 06:56:26.157 | DEBUG    | core:iqpe_estimate:67 - IQPE (n_sites=6, n_occ=0, repetition 6, iteration 6) = 0.0
2026-05-01 06:56:26.512 | DEBUG    | core:iqpe_estimate:67 - IQPE (n_sites=6, n_occ=0, repetition 6, iteration 7) = 0.0
2026-05-01 06:56:26.718 | DEBUG    | core:iqpe_estimate:67 - IQPE (n_sites=6, n_occ=0, repetition 6, iteration 8) = 0.0
2026-05-01 06:56:26.719 | DEBUG    | core:real_space_iqpe:160 - IQPE (n_sites=6, n_occ=0, repetition 6) = -0.0
2026-05-01 06:56:34.945 | DEBUG    | core:iqpe_estimate:67 - IQPE (n_sites=6, n_occ=0, repetition 2, iteration 4) = 0.0
2026-05-01 06:56:38.437 | DEBUG    | core:iqpe_estimate:67 - IQPE (n_sites=6, n_occ=0, repetition 2, iteration 5) = 0.0
2026-05-01 06:56:39.651 | DEBUG    | core:iqpe_estimate:67 - IQPE (n_sites=6, n_occ=0, repetition 2, iteration 6) = 0.0
2026-05-01 06:56:40.152 | DEBUG    | core:iqpe_estimate:67 - IQPE (n_sites=6, n_occ=0, repetition 2, iteration 7) = 0.0
2026-05-01 06:56:40.404 | DEBUG    | core:iqpe_estimate:67 - IQPE (n_sites=6, n_occ=0, repetition 2, iteration 8) = 0.0
2026-05-01 06:56:40.404 | DEBUG    | core:real_space_iqpe:160 - IQPE (n_sites=6, n_occ=0, repetition 2) = -0.0
2026-05-01 06:56:42.048 | DEBUG    | core:iqpe_estimate:67 - IQPE (n_sites=4, n_occ=0, repetition 14, iteration 2) = 0.0
2026-05-01 06:56:48.662 | DEBUG    | core:iqpe_estimate:67 - IQPE (n_sites=4, n_occ=0, repetition 14, iteration 3) = 0.0
2026-05-01 06:56:50.721 | DEBUG    | core:iqpe_estimate:67 - IQPE (n_sites=4, n_occ=0, repetition 14, iteration 4) = 0.0
2026-05-01 06:56:51.456 | DEBUG    | core:iqpe_estimate:67 - IQPE (n_sites=4, n_occ=0, repetition 14, iteration 5) = 0.0
2026-05-01 06:56:51.782 | DEBUG    | core:iqpe_estimate:67 - IQPE (n_sites=4, n_occ=0, repetition 14, iteration 6) = 0.0
2026-05-01 06:56:51.970 | DEBUG    | core:iqpe_estimate:67 - IQPE (n_sites=4, n_occ=0, repetition 14, iteration 7) = 0.0
2026-05-01 06:56:52.096 | DEBUG    | core:iqpe_estimate:67 - IQPE (n_sites=4, n_occ=0, repetition 14, iteration 8) = 0.0
2026-05-01 06:56:52.096 | DEBUG    | core:real_space_iqpe:160 - IQPE (n_sites=4, n_occ=0, repetition 14) = -0.0
2026-05-01 06:57:20.039 | DEBUG    | core:iqpe_estimate:67 - IQPE (n_sites=4, n_occ=0, repetition 5, iteration 1) = 0.0
2026-05-01 06:58:20.697 | DEBUG    | core:iqpe_estimate:67 - IQPE (n_sites=4, n_occ=0, repetition 15, iteration 1) = 0.0
2026-05-01 06:58:29.032 | DEBUG    | core:iqpe_estimate:67 - IQPE (n_sites=4, n_occ=0, repetition 5, iteration 2) = 0.0
2026-05-01 06:58:44.313 | DEBUG    | core:iqpe_estimate:67 - IQPE (n_sites=4, n_occ=0, repetition 15, iteration 2) = 0.0
2026-05-01 06:58:47.351 | DEBUG    | core:iqpe_estimate:67 - IQPE (n_sites=4, n_occ=0, repetition 5, iteration 3) = 0.0
2026-05-01 06:58:50.980 | DEBUG    | core:iqpe_estimate:67 - IQPE (n_sites=4, n_occ=0, repetition 15, iteration 3) = 0.0
2026-05-01 06:58:52.394 | DEBUG    | core:iqpe_estimate:67 - IQPE (n_sites=4, n_occ=0, repetition 5, iteration 4) = 0.0
2026-05-01 06:58:53.053 | DEBUG    | core:iqpe_estimate:67 - IQPE (n_sites=4, n_occ=0, repetition 15, iteration 4) = 0.0
2026-05-01 06:58:53.797 | DEBUG    | core:iqpe_estimate:67 - IQPE (n_sites=4, n_occ=0, repetition 15, iteration 5) = 0.0
2026-05-01 06:58:53.940 | DEBUG    | core:iqpe_estimate:67 - IQPE (n_sites=4, n_occ=0, repetition 5, iteration 5) = 0.0
2026-05-01 06:58:54.131 | DEBUG    | core:iqpe_estimate:67 - IQPE (n_sites=4, n_occ=0, repetition 15, iteration 6) = 0.0
2026-05-01 06:58:54.319 | DEBUG    | core:iqpe_estimate:67 - IQPE (n_sites=4, n_occ=0, repetition 15, iteration 7) = 0.0
2026-05-01 06:58:54.444 | DEBUG    | core:iqpe_estimate:67 - IQPE (n_sites=4, n_occ=0, repetition 15, iteration 8) = 0.0
2026-05-01 06:58:54.444 | DEBUG    | core:real_space_iqpe:160 - IQPE (n_sites=4, n_occ=0, repetition 15) = -0.0
2026-05-01 06:58:54.489 | DEBUG    | core:iqpe_estimate:67 - IQPE (n_sites=4, n_occ=0, repetition 5, iteration 6) = 0.0
2026-05-01 06:58:54.741 | DEBUG    | core:iqpe_estimate:67 - IQPE (n_sites=4, n_occ=0, repetition 5, iteration 7) = 0.0
2026-05-01 06:58:54.885 | DEBUG    | core:iqpe_estimate:67 - IQPE (n_sites=4, n_occ=0, repetition 5, iteration 8) = 0.0
2026-05-01 06:58:54.885 | DEBUG    | core:real_space_iqpe:160 - IQPE (n_sites=4, n_occ=0, repetition 5) = -0.0
2026-05-01 06:59:48.619 | DEBUG    | core:iqpe_estimate:67 - IQPE (n_sites=6, n_occ=0, repetition 7, iteration 1) = 0.0
2026-05-01 07:00:22.468 | DEBUG    | core:iqpe_estimate:67 - IQPE (n_sites=4, n_occ=0, repetition 16, iteration 1) = 0.0
2026-05-01 07:00:42.953 | DEBUG    | core:iqpe_estimate:67 - IQPE (n_sites=6, n_occ=0, repetition 7, iteration 2) = 0.0
2026-05-01 07:00:46.369 | DEBUG    | core:iqpe_estimate:67 - IQPE (n_sites=4, n_occ=0, repetition 16, iteration 2) = 0.0
2026-05-01 07:00:53.096 | DEBUG    | core:iqpe_estimate:67 - IQPE (n_sites=4, n_occ=0, repetition 16, iteration 3) = 0.0
2026-05-01 07:00:55.149 | DEBUG    | core:iqpe_estimate:67 - IQPE (n_sites=4, n_occ=0, repetition 16, iteration 4) = 0.0
2026-05-01 07:00:55.890 | DEBUG    | core:iqpe_estimate:67 - IQPE (n_sites=4, n_occ=0, repetition 16, iteration 5) = 0.0
2026-05-01 07:00:56.223 | DEBUG    | core:iqpe_estimate:67 - IQPE (n_sites=4, n_occ=0, repetition 16, iteration 6) = 0.0
2026-05-01 07:00:56.410 | DEBUG    | core:iqpe_estimate:67 - IQPE (n_sites=4, n_occ=0, repetition 16, iteration 7) = 0.0
2026-05-01 07:00:56.536 | DEBUG    | core:iqpe_estimate:67 - IQPE (n_sites=4, n_occ=0, repetition 16, iteration 8) = 0.0
2026-05-01 07:00:56.536 | DEBUG    | core:real_space_iqpe:160 - IQPE (n_sites=4, n_occ=0, repetition 16) = -0.0
2026-05-01 07:00:58.355 | DEBUG    | core:iqpe_estimate:67 - IQPE (n_sites=6, n_occ=0, repetition 7, iteration 3) = 0.0
2026-05-01 07:01:03.206 | DEBUG    | core:iqpe_estimate:67 - IQPE (n_sites=6, n_occ=0, repetition 7, iteration 4) = 0.0
2026-05-01 07:01:04.934 | DEBUG    | core:iqpe_estimate:67 - IQPE (n_sites=6, n_occ=0, repetition 7, iteration 5) = 0.0
2026-05-01 07:01:05.657 | DEBUG    | core:iqpe_estimate:67 - IQPE (n_sites=6, n_occ=0, repetition 7, iteration 6) = 0.0
2026-05-01 07:01:06.015 | DEBUG    | core:iqpe_estimate:67 - IQPE (n_sites=6, n_occ=0, repetition 7, iteration 7) = 0.0
2026-05-01 07:01:06.229 | DEBUG    | core:iqpe_estimate:67 - IQPE (n_sites=6, n_occ=0, repetition 7, iteration 8) = 0.0
2026-05-01 07:01:06.229 | DEBUG    | core:real_space_iqpe:160 - IQPE (n_sites=6, n_occ=0, repetition 7) = -0.0
2026-05-01 07:02:25.196 | DEBUG    | core:iqpe_estimate:67 - IQPE (n_sites=4, n_occ=0, repetition 17, iteration 1) = 0.0
2026-05-01 07:02:49.006 | DEBUG    | core:iqpe_estimate:67 - IQPE (n_sites=4, n_occ=0, repetition 17, iteration 2) = 0.0
2026-05-01 07:02:55.713 | DEBUG    | core:iqpe_estimate:67 - IQPE (n_sites=4, n_occ=0, repetition 17, iteration 3) = 0.0
2026-05-01 07:02:57.769 | DEBUG    | core:iqpe_estimate:67 - IQPE (n_sites=4, n_occ=0, repetition 17, iteration 4) = 0.0
2026-05-01 07:02:58.508 | DEBUG    | core:iqpe_estimate:67 - IQPE (n_sites=4, n_occ=0, repetition 17, iteration 5) = 0.0
2026-05-01 07:02:58.836 | DEBUG    | core:iqpe_estimate:67 - IQPE (n_sites=4, n_occ=0, repetition 17, iteration 6) = 0.0
2026-05-01 07:02:59.024 | DEBUG    | core:iqpe_estimate:67 - IQPE (n_sites=4, n_occ=0, repetition 17, iteration 7) = 0.0
2026-05-01 07:02:59.150 | DEBUG    | core:iqpe_estimate:67 - IQPE (n_sites=4, n_occ=0, repetition 17, iteration 8) = 0.0
2026-05-01 07:02:59.150 | DEBUG    | core:real_space_iqpe:160 - IQPE (n_sites=4, n_occ=0, repetition 17) = -0.0
2026-05-01 07:03:23.744 | DEBUG    | core:iqpe_estimate:67 - IQPE (n_sites=4, n_occ=0, repetition 6, iteration 1) = 0.0
2026-05-01 07:04:26.574 | DEBUG    | core:iqpe_estimate:67 - IQPE (n_sites=4, n_occ=0, repetition 18, iteration 1) = 0.0
2026-05-01 07:04:30.438 | DEBUG    | core:iqpe_estimate:67 - IQPE (n_sites=6, n_occ=0, repetition 8, iteration 1) = 0.0
2026-05-01 07:04:32.617 | DEBUG    | core:iqpe_estimate:67 - IQPE (n_sites=4, n_occ=0, repetition 6, iteration 2) = 0.0
2026-05-01 07:04:49.968 | DEBUG    | core:iqpe_estimate:67 - IQPE (n_sites=4, n_occ=0, repetition 18, iteration 2) = 0.0
2026-05-01 07:04:50.838 | DEBUG    | core:iqpe_estimate:67 - IQPE (n_sites=4, n_occ=0, repetition 6, iteration 3) = 0.0
2026-05-01 07:04:55.896 | DEBUG    | core:iqpe_estimate:67 - IQPE (n_sites=4, n_occ=0, repetition 6, iteration 4) = 0.0
2026-05-01 07:04:56.533 | DEBUG    | core:iqpe_estimate:67 - IQPE (n_sites=4, n_occ=0, repetition 18, iteration 3) = 0.0
2026-05-01 07:04:57.434 | DEBUG    | core:iqpe_estimate:67 - IQPE (n_sites=4, n_occ=0, repetition 6, iteration 5) = 0.0
2026-05-01 07:04:57.985 | DEBUG    | core:iqpe_estimate:67 - IQPE (n_sites=4, n_occ=0, repetition 6, iteration 6) = 0.0
2026-05-01 07:04:58.234 | DEBUG    | core:iqpe_estimate:67 - IQPE (n_sites=4, n_occ=0, repetition 6, iteration 7) = 0.0
2026-05-01 07:04:58.381 | DEBUG    | core:iqpe_estimate:67 - IQPE (n_sites=4, n_occ=0, repetition 6, iteration 8) = 0.0
2026-05-01 07:04:58.381 | DEBUG    | core:real_space_iqpe:160 - IQPE (n_sites=4, n_occ=0, repetition 6) = -0.0
2026-05-01 07:04:58.585 | DEBUG    | core:iqpe_estimate:67 - IQPE (n_sites=4, n_occ=0, repetition 18, iteration 4) = 0.0
2026-05-01 07:04:59.319 | DEBUG    | core:iqpe_estimate:67 - IQPE (n_sites=4, n_occ=0, repetition 18, iteration 5) = 0.0
2026-05-01 07:04:59.644 | DEBUG    | core:iqpe_estimate:67 - IQPE (n_sites=4, n_occ=0, repetition 18, iteration 6) = 0.0
2026-05-01 07:04:59.829 | DEBUG    | core:iqpe_estimate:67 - IQPE (n_sites=4, n_occ=0, repetition 18, iteration 7) = 0.0
2026-05-01 07:04:59.953 | DEBUG    | core:iqpe_estimate:67 - IQPE (n_sites=4, n_occ=0, repetition 18, iteration 8) = 0.0
2026-05-01 07:04:59.953 | DEBUG    | core:real_space_iqpe:160 - IQPE (n_sites=4, n_occ=0, repetition 18) = -0.0
2026-05-01 07:05:24.639 | DEBUG    | core:iqpe_estimate:67 - IQPE (n_sites=6, n_occ=0, repetition 8, iteration 2) = 0.0
2026-05-01 07:05:40.183 | DEBUG    | core:iqpe_estimate:67 - IQPE (n_sites=6, n_occ=0, repetition 8, iteration 3) = 0.0
2026-05-01 07:05:45.081 | DEBUG    | core:iqpe_estimate:67 - IQPE (n_sites=6, n_occ=0, repetition 8, iteration 4) = 0.0
2026-05-01 07:05:46.809 | DEBUG    | core:iqpe_estimate:67 - IQPE (n_sites=6, n_occ=0, repetition 8, iteration 5) = 0.0
2026-05-01 07:05:47.549 | DEBUG    | core:iqpe_estimate:67 - IQPE (n_sites=6, n_occ=0, repetition 8, iteration 6) = 0.0
2026-05-01 07:05:47.907 | DEBUG    | core:iqpe_estimate:67 - IQPE (n_sites=6, n_occ=0, repetition 8, iteration 7) = 0.0
2026-05-01 07:05:48.116 | DEBUG    | core:iqpe_estimate:67 - IQPE (n_sites=6, n_occ=0, repetition 8, iteration 8) = 0.0
2026-05-01 07:05:48.116 | DEBUG    | core:real_space_iqpe:160 - IQPE (n_sites=6, n_occ=0, repetition 8) = -0.0
2026-05-01 07:06:28.075 | DEBUG    | core:iqpe_estimate:67 - IQPE (n_sites=4, n_occ=0, repetition 19, iteration 1) = 0.0
2026-05-01 07:06:52.789 | DEBUG    | core:iqpe_estimate:67 - IQPE (n_sites=4, n_occ=0, repetition 19, iteration 2) = 0.0
2026-05-01 07:06:54.422 | DEBUG    | core:iqpe_estimate:67 - IQPE (n_sites=6, n_occ=0, repetition 3, iteration 1) = 0.0
2026-05-01 07:06:59.409 | DEBUG    | core:iqpe_estimate:67 - IQPE (n_sites=4, n_occ=0, repetition 19, iteration 3) = 0.0
2026-05-01 07:07:01.463 | DEBUG    | core:iqpe_estimate:67 - IQPE (n_sites=4, n_occ=0, repetition 19, iteration 4) = 0.0
2026-05-01 07:07:02.203 | DEBUG    | core:iqpe_estimate:67 - IQPE (n_sites=4, n_occ=0, repetition 19, iteration 5) = 0.0
2026-05-01 07:07:02.529 | DEBUG    | core:iqpe_estimate:67 - IQPE (n_sites=4, n_occ=0, repetition 19, iteration 6) = 0.0
2026-05-01 07:07:02.715 | DEBUG    | core:iqpe_estimate:67 - IQPE (n_sites=4, n_occ=0, repetition 19, iteration 7) = 0.0
2026-05-01 07:07:02.843 | DEBUG    | core:iqpe_estimate:67 - IQPE (n_sites=4, n_occ=0, repetition 19, iteration 8) = 0.0
2026-05-01 07:07:02.843 | DEBUG    | core:real_space_iqpe:160 - IQPE (n_sites=4, n_occ=0, repetition 19) = -0.0
2026-05-01 07:08:30.483 | DEBUG    | core:iqpe_estimate:67 - IQPE (n_sites=4, n_occ=0, repetition 20, iteration 1) = 0.0
2026-05-01 07:08:54.041 | DEBUG    | core:iqpe_estimate:67 - IQPE (n_sites=4, n_occ=0, repetition 20, iteration 2) = 0.0
2026-05-01 07:09:00.641 | DEBUG    | core:iqpe_estimate:67 - IQPE (n_sites=4, n_occ=0, repetition 20, iteration 3) = 0.0
2026-05-01 07:09:02.681 | DEBUG    | core:iqpe_estimate:67 - IQPE (n_sites=4, n_occ=0, repetition 20, iteration 4) = 0.0
2026-05-01 07:09:03.413 | DEBUG    | core:iqpe_estimate:67 - IQPE (n_sites=4, n_occ=0, repetition 20, iteration 5) = 0.0
2026-05-01 07:09:03.738 | DEBUG    | core:iqpe_estimate:67 - IQPE (n_sites=4, n_occ=0, repetition 20, iteration 6) = 0.0
2026-05-01 07:09:03.925 | DEBUG    | core:iqpe_estimate:67 - IQPE (n_sites=4, n_occ=0, repetition 20, iteration 7) = 0.0
2026-05-01 07:09:04.049 | DEBUG    | core:iqpe_estimate:67 - IQPE (n_sites=4, n_occ=0, repetition 20, iteration 8) = 0.0
2026-05-01 07:09:04.049 | DEBUG    | core:real_space_iqpe:160 - IQPE (n_sites=4, n_occ=0, repetition 20) = -0.0
2026-05-01 07:09:09.715 | DEBUG    | core:iqpe_estimate:67 - IQPE (n_sites=6, n_occ=0, repetition 9, iteration 1) = 0.0
2026-05-01 07:09:28.463 | DEBUG    | core:iqpe_estimate:67 - IQPE (n_sites=4, n_occ=0, repetition 7, iteration 1) = 0.0
2026-05-01 07:09:31.968 | DEBUG    | core:iqpe_estimate:67 - IQPE (n_sites=6, n_occ=0, repetition 3, iteration 2) = 0.0
2026-05-01 07:10:03.790 | DEBUG    | core:iqpe_estimate:67 - IQPE (n_sites=6, n_occ=0, repetition 9, iteration 2) = 0.0
2026-05-01 07:10:14.312 | DEBUG    | core:iqpe_estimate:67 - IQPE (n_sites=6, n_occ=0, repetition 3, iteration 3) = 0.0
2026-05-01 07:10:19.540 | DEBUG    | core:iqpe_estimate:67 - IQPE (n_sites=6, n_occ=0, repetition 9, iteration 3) = 0.0
2026-05-01 07:10:24.376 | DEBUG    | core:iqpe_estimate:67 - IQPE (n_sites=6, n_occ=0, repetition 9, iteration 4) = 0.0
2026-05-01 07:10:25.918 | DEBUG    | core:iqpe_estimate:67 - IQPE (n_sites=6, n_occ=0, repetition 3, iteration 4) = 0.0
2026-05-01 07:10:26.102 | DEBUG    | core:iqpe_estimate:67 - IQPE (n_sites=6, n_occ=0, repetition 9, iteration 5) = 0.0
2026-05-01 07:10:26.829 | DEBUG    | core:iqpe_estimate:67 - IQPE (n_sites=6, n_occ=0, repetition 9, iteration 6) = 0.0
2026-05-01 07:10:27.189 | DEBUG    | core:iqpe_estimate:67 - IQPE (n_sites=6, n_occ=0, repetition 9, iteration 7) = 0.0
2026-05-01 07:10:27.404 | DEBUG    | core:iqpe_estimate:67 - IQPE (n_sites=6, n_occ=0, repetition 9, iteration 8) = 0.0
2026-05-01 07:10:27.404 | DEBUG    | core:real_space_iqpe:160 - IQPE (n_sites=6, n_occ=0, repetition 9) = -0.0
2026-05-01 07:10:29.415 | DEBUG    | core:iqpe_estimate:67 - IQPE (n_sites=6, n_occ=0, repetition 3, iteration 5) = 0.0
2026-05-01 07:10:30.655 | DEBUG    | core:iqpe_estimate:67 - IQPE (n_sites=6, n_occ=0, repetition 3, iteration 6) = 0.0
2026-05-01 07:10:31.157 | DEBUG    | core:iqpe_estimate:67 - IQPE (n_sites=6, n_occ=0, repetition 3, iteration 7) = 0.0
2026-05-01 07:10:31.409 | DEBUG    | core:iqpe_estimate:67 - IQPE (n_sites=6, n_occ=0, repetition 3, iteration 8) = 0.0
2026-05-01 07:10:31.409 | DEBUG    | core:real_space_iqpe:160 - IQPE (n_sites=6, n_occ=0, repetition 3) = -0.0
2026-05-01 07:10:37.679 | DEBUG    | core:iqpe_estimate:67 - IQPE (n_sites=4, n_occ=0, repetition 7, iteration 2) = 0.0
2026-05-01 07:10:55.931 | DEBUG    | core:iqpe_estimate:67 - IQPE (n_sites=4, n_occ=0, repetition 7, iteration 3) = 0.0
2026-05-01 07:11:00.987 | DEBUG    | core:iqpe_estimate:67 - IQPE (n_sites=4, n_occ=0, repetition 7, iteration 4) = 0.0
2026-05-01 07:11:02.520 | DEBUG    | core:iqpe_estimate:67 - IQPE (n_sites=4, n_occ=0, repetition 7, iteration 5) = 0.0
2026-05-01 07:11:03.069 | DEBUG    | core:iqpe_estimate:67 - IQPE (n_sites=4, n_occ=0, repetition 7, iteration 6) = 0.0
2026-05-01 07:11:03.320 | DEBUG    | core:iqpe_estimate:67 - IQPE (n_sites=4, n_occ=0, repetition 7, iteration 7) = 0.0
2026-05-01 07:11:03.466 | DEBUG    | core:iqpe_estimate:67 - IQPE (n_sites=4, n_occ=0, repetition 7, iteration 8) = 0.0
2026-05-01 07:11:03.466 | DEBUG    | core:real_space_iqpe:160 - IQPE (n_sites=4, n_occ=0, repetition 7) = -0.0
2026-05-01 07:13:48.903 | DEBUG    | core:iqpe_estimate:67 - IQPE (n_sites=6, n_occ=0, repetition 10, iteration 1) = 0.0
2026-05-01 07:14:42.777 | DEBUG    | core:iqpe_estimate:67 - IQPE (n_sites=6, n_occ=0, repetition 10, iteration 2) = 0.0
2026-05-01 07:14:58.309 | DEBUG    | core:iqpe_estimate:67 - IQPE (n_sites=6, n_occ=0, repetition 10, iteration 3) = 0.0
2026-05-01 07:15:03.158 | DEBUG    | core:iqpe_estimate:67 - IQPE (n_sites=6, n_occ=0, repetition 10, iteration 4) = 0.0
2026-05-01 07:15:04.882 | DEBUG    | core:iqpe_estimate:67 - IQPE (n_sites=6, n_occ=0, repetition 10, iteration 5) = 0.0
2026-05-01 07:15:05.606 | DEBUG    | core:iqpe_estimate:67 - IQPE (n_sites=6, n_occ=0, repetition 10, iteration 6) = 0.0
2026-05-01 07:15:05.960 | DEBUG    | core:iqpe_estimate:67 - IQPE (n_sites=6, n_occ=0, repetition 10, iteration 7) = 0.0
2026-05-01 07:15:06.168 | DEBUG    | core:iqpe_estimate:67 - IQPE (n_sites=6, n_occ=0, repetition 10, iteration 8) = 0.0
2026-05-01 07:15:06.168 | DEBUG    | core:real_space_iqpe:160 - IQPE (n_sites=6, n_occ=0, repetition 10) = -0.0
2026-05-01 07:15:32.445 | DEBUG    | core:iqpe_estimate:67 - IQPE (n_sites=4, n_occ=0, repetition 8, iteration 1) = 0.0
2026-05-01 07:16:42.299 | DEBUG    | core:iqpe_estimate:67 - IQPE (n_sites=4, n_occ=0, repetition 8, iteration 2) = 0.0
2026-05-01 07:17:00.565 | DEBUG    | core:iqpe_estimate:67 - IQPE (n_sites=4, n_occ=0, repetition 8, iteration 3) = 0.0
2026-05-01 07:17:05.651 | DEBUG    | core:iqpe_estimate:67 - IQPE (n_sites=4, n_occ=0, repetition 8, iteration 4) = 0.0
2026-05-01 07:17:07.205 | DEBUG    | core:iqpe_estimate:67 - IQPE (n_sites=4, n_occ=0, repetition 8, iteration 5) = 0.0
2026-05-01 07:17:07.763 | DEBUG    | core:iqpe_estimate:67 - IQPE (n_sites=4, n_occ=0, repetition 8, iteration 6) = 0.0
2026-05-01 07:17:08.015 | DEBUG    | core:iqpe_estimate:67 - IQPE (n_sites=4, n_occ=0, repetition 8, iteration 7) = 0.0
2026-05-01 07:17:08.162 | DEBUG    | core:iqpe_estimate:67 - IQPE (n_sites=4, n_occ=0, repetition 8, iteration 8) = 0.0
2026-05-01 07:17:08.162 | DEBUG    | core:real_space_iqpe:160 - IQPE (n_sites=4, n_occ=0, repetition 8) = -0.0
2026-05-01 07:18:26.690 | DEBUG    | core:iqpe_estimate:67 - IQPE (n_sites=6, n_occ=0, repetition 11, iteration 1) = 0.0
2026-05-01 07:19:21.463 | DEBUG    | core:iqpe_estimate:67 - IQPE (n_sites=6, n_occ=0, repetition 11, iteration 2) = 0.0
2026-05-01 07:19:36.911 | DEBUG    | core:iqpe_estimate:67 - IQPE (n_sites=6, n_occ=0, repetition 11, iteration 3) = 0.0
2026-05-01 07:19:41.730 | DEBUG    | core:iqpe_estimate:67 - IQPE (n_sites=6, n_occ=0, repetition 11, iteration 4) = 0.0
2026-05-01 07:19:43.453 | DEBUG    | core:iqpe_estimate:67 - IQPE (n_sites=6, n_occ=0, repetition 11, iteration 5) = 0.0
2026-05-01 07:19:44.168 | DEBUG    | core:iqpe_estimate:67 - IQPE (n_sites=6, n_occ=0, repetition 11, iteration 6) = 0.0
2026-05-01 07:19:44.521 | DEBUG    | core:iqpe_estimate:67 - IQPE (n_sites=6, n_occ=0, repetition 11, iteration 7) = 0.0
2026-05-01 07:19:44.732 | DEBUG    | core:iqpe_estimate:67 - IQPE (n_sites=6, n_occ=0, repetition 11, iteration 8) = 0.0
2026-05-01 07:19:44.733 | DEBUG    | core:real_space_iqpe:160 - IQPE (n_sites=6, n_occ=0, repetition 11) = -0.0
2026-05-01 07:20:43.077 | DEBUG    | core:iqpe_estimate:67 - IQPE (n_sites=6, n_occ=0, repetition 4, iteration 1) = 0.0
2026-05-01 07:21:38.661 | DEBUG    | core:iqpe_estimate:67 - IQPE (n_sites=4, n_occ=0, repetition 9, iteration 1) = 0.0
2026-05-01 07:22:48.041 | DEBUG    | core:iqpe_estimate:67 - IQPE (n_sites=4, n_occ=0, repetition 9, iteration 2) = 0.0
2026-05-01 07:23:06.392 | DEBUG    | core:iqpe_estimate:67 - IQPE (n_sites=4, n_occ=0, repetition 9, iteration 3) = 0.0
2026-05-01 07:23:11.499 | DEBUG    | core:iqpe_estimate:67 - IQPE (n_sites=4, n_occ=0, repetition 9, iteration 4) = 0.0
2026-05-01 07:23:13.039 | DEBUG    | core:iqpe_estimate:67 - IQPE (n_sites=4, n_occ=0, repetition 9, iteration 5) = 0.0
2026-05-01 07:23:13.373 | DEBUG    | core:iqpe_estimate:67 - IQPE (n_sites=6, n_occ=0, repetition 12, iteration 1) = 0.0
2026-05-01 07:23:13.598 | DEBUG    | core:iqpe_estimate:67 - IQPE (n_sites=4, n_occ=0, repetition 9, iteration 6) = 0.0
2026-05-01 07:23:13.852 | DEBUG    | core:iqpe_estimate:67 - IQPE (n_sites=4, n_occ=0, repetition 9, iteration 7) = 0.0
2026-05-01 07:23:14.000 | DEBUG    | core:iqpe_estimate:67 - IQPE (n_sites=4, n_occ=0, repetition 9, iteration 8) = 0.0
2026-05-01 07:23:14.000 | DEBUG    | core:real_space_iqpe:160 - IQPE (n_sites=4, n_occ=0, repetition 9) = -0.0
2026-05-01 07:23:19.586 | DEBUG    | core:iqpe_estimate:67 - IQPE (n_sites=6, n_occ=0, repetition 4, iteration 2) = 0.0
2026-05-01 07:24:01.026 | DEBUG    | core:iqpe_estimate:67 - IQPE (n_sites=6, n_occ=0, repetition 4, iteration 3) = 0.0
2026-05-01 07:24:07.704 | DEBUG    | core:iqpe_estimate:67 - IQPE (n_sites=6, n_occ=0, repetition 12, iteration 2) = 0.0
2026-05-01 07:24:12.632 | DEBUG    | core:iqpe_estimate:67 - IQPE (n_sites=6, n_occ=0, repetition 4, iteration 4) = 0.0
2026-05-01 07:24:16.105 | DEBUG    | core:iqpe_estimate:67 - IQPE (n_sites=6, n_occ=0, repetition 4, iteration 5) = 0.0
2026-05-01 07:24:17.314 | DEBUG    | core:iqpe_estimate:67 - IQPE (n_sites=6, n_occ=0, repetition 4, iteration 6) = 0.0
2026-05-01 07:24:17.809 | DEBUG    | core:iqpe_estimate:67 - IQPE (n_sites=6, n_occ=0, repetition 4, iteration 7) = 0.0
2026-05-01 07:24:18.057 | DEBUG    | core:iqpe_estimate:67 - IQPE (n_sites=6, n_occ=0, repetition 4, iteration 8) = 0.0
2026-05-01 07:24:18.057 | DEBUG    | core:real_space_iqpe:160 - IQPE (n_sites=6, n_occ=0, repetition 4) = -0.0
2026-05-01 07:24:23.168 | DEBUG    | core:iqpe_estimate:67 - IQPE (n_sites=6, n_occ=0, repetition 12, iteration 3) = 0.0
2026-05-01 07:24:28.000 | DEBUG    | core:iqpe_estimate:67 - IQPE (n_sites=6, n_occ=0, repetition 12, iteration 4) = 0.0
2026-05-01 07:24:29.724 | DEBUG    | core:iqpe_estimate:67 - IQPE (n_sites=6, n_occ=0, repetition 12, iteration 5) = 0.0
2026-05-01 07:24:30.445 | DEBUG    | core:iqpe_estimate:67 - IQPE (n_sites=6, n_occ=0, repetition 12, iteration 6) = 0.0
2026-05-01 07:24:30.798 | DEBUG    | core:iqpe_estimate:67 - IQPE (n_sites=6, n_occ=0, repetition 12, iteration 7) = 0.0
2026-05-01 07:24:31.008 | DEBUG    | core:iqpe_estimate:67 - IQPE (n_sites=6, n_occ=0, repetition 12, iteration 8) = 0.0
2026-05-01 07:24:31.008 | DEBUG    | core:real_space_iqpe:160 - IQPE (n_sites=6, n_occ=0, repetition 12) = -0.0
2026-05-01 07:27:45.033 | DEBUG    | core:iqpe_estimate:67 - IQPE (n_sites=4, n_occ=0, repetition 10, iteration 1) = 0.0
2026-05-01 07:27:54.825 | DEBUG    | core:iqpe_estimate:67 - IQPE (n_sites=6, n_occ=0, repetition 13, iteration 1) = 0.0
2026-05-01 07:28:48.507 | DEBUG    | core:iqpe_estimate:67 - IQPE (n_sites=6, n_occ=0, repetition 13, iteration 2) = 0.0
2026-05-01 07:28:54.138 | DEBUG    | core:iqpe_estimate:67 - IQPE (n_sites=4, n_occ=0, repetition 10, iteration 2) = 0.0
2026-05-01 07:29:03.944 | DEBUG    | core:iqpe_estimate:67 - IQPE (n_sites=6, n_occ=0, repetition 13, iteration 3) = 0.0
2026-05-01 07:29:08.778 | DEBUG    | core:iqpe_estimate:67 - IQPE (n_sites=6, n_occ=0, repetition 13, iteration 4) = 0.0
2026-05-01 07:29:10.500 | DEBUG    | core:iqpe_estimate:67 - IQPE (n_sites=6, n_occ=0, repetition 13, iteration 5) = 0.0
2026-05-01 07:29:11.227 | DEBUG    | core:iqpe_estimate:67 - IQPE (n_sites=6, n_occ=0, repetition 13, iteration 6) = 0.0
2026-05-01 07:29:11.582 | DEBUG    | core:iqpe_estimate:67 - IQPE (n_sites=6, n_occ=0, repetition 13, iteration 7) = 0.0
2026-05-01 07:29:11.791 | DEBUG    | core:iqpe_estimate:67 - IQPE (n_sites=6, n_occ=0, repetition 13, iteration 8) = 0.0
2026-05-01 07:29:11.791 | DEBUG    | core:real_space_iqpe:160 - IQPE (n_sites=6, n_occ=0, repetition 13) = -0.0
2026-05-01 07:29:12.664 | DEBUG    | core:iqpe_estimate:67 - IQPE (n_sites=4, n_occ=0, repetition 10, iteration 3) = 0.0
2026-05-01 07:29:17.795 | DEBUG    | core:iqpe_estimate:67 - IQPE (n_sites=4, n_occ=0, repetition 10, iteration 4) = 0.0
2026-05-01 07:29:19.349 | DEBUG    | core:iqpe_estimate:67 - IQPE (n_sites=4, n_occ=0, repetition 10, iteration 5) = 0.0
2026-05-01 07:29:19.901 | DEBUG    | core:iqpe_estimate:67 - IQPE (n_sites=4, n_occ=0, repetition 10, iteration 6) = 0.0
2026-05-01 07:29:20.152 | DEBUG    | core:iqpe_estimate:67 - IQPE (n_sites=4, n_occ=0, repetition 10, iteration 7) = 0.0
2026-05-01 07:29:20.301 | DEBUG    | core:iqpe_estimate:67 - IQPE (n_sites=4, n_occ=0, repetition 10, iteration 8) = 0.0
2026-05-01 07:29:20.302 | DEBUG    | core:real_space_iqpe:160 - IQPE (n_sites=4, n_occ=0, repetition 10) = -0.0
2026-05-01 07:32:34.710 | DEBUG    | core:iqpe_estimate:67 - IQPE (n_sites=6, n_occ=0, repetition 14, iteration 1) = 0.0
2026-05-01 07:33:28.626 | DEBUG    | core:iqpe_estimate:67 - IQPE (n_sites=6, n_occ=0, repetition 14, iteration 2) = 0.0
2026-05-01 07:33:44.382 | DEBUG    | core:iqpe_estimate:67 - IQPE (n_sites=6, n_occ=0, repetition 14, iteration 3) = 0.0
2026-05-01 07:33:49.520 | DEBUG    | core:iqpe_estimate:67 - IQPE (n_sites=6, n_occ=0, repetition 14, iteration 4) = 0.0
2026-05-01 07:33:49.613 | DEBUG    | core:iqpe_estimate:67 - IQPE (n_sites=4, n_occ=0, repetition 11, iteration 1) = 0.0
2026-05-01 07:33:51.256 | DEBUG    | core:iqpe_estimate:67 - IQPE (n_sites=6, n_occ=0, repetition 14, iteration 5) = 0.0
2026-05-01 07:33:51.977 | DEBUG    | core:iqpe_estimate:67 - IQPE (n_sites=6, n_occ=0, repetition 14, iteration 6) = 0.0
2026-05-01 07:33:52.332 | DEBUG    | core:iqpe_estimate:67 - IQPE (n_sites=6, n_occ=0, repetition 14, iteration 7) = 0.0
2026-05-01 07:33:52.541 | DEBUG    | core:iqpe_estimate:67 - IQPE (n_sites=6, n_occ=0, repetition 14, iteration 8) = 0.0
2026-05-01 07:33:52.541 | DEBUG    | core:real_space_iqpe:160 - IQPE (n_sites=6, n_occ=0, repetition 14) = -0.0
2026-05-01 07:34:22.690 | DEBUG    | core:iqpe_estimate:67 - IQPE (n_sites=6, n_occ=0, repetition 5, iteration 1) = 0.0
2026-05-01 07:35:02.936 | DEBUG    | core:iqpe_estimate:67 - IQPE (n_sites=4, n_occ=0, repetition 11, iteration 2) = 0.0
2026-05-01 07:35:21.381 | DEBUG    | core:iqpe_estimate:67 - IQPE (n_sites=4, n_occ=0, repetition 11, iteration 3) = 0.0
2026-05-01 07:35:26.584 | DEBUG    | core:iqpe_estimate:67 - IQPE (n_sites=4, n_occ=0, repetition 11, iteration 4) = 0.0
2026-05-01 07:35:28.128 | DEBUG    | core:iqpe_estimate:67 - IQPE (n_sites=4, n_occ=0, repetition 11, iteration 5) = 0.0
2026-05-01 07:35:28.680 | DEBUG    | core:iqpe_estimate:67 - IQPE (n_sites=4, n_occ=0, repetition 11, iteration 6) = 0.0
2026-05-01 07:35:28.929 | DEBUG    | core:iqpe_estimate:67 - IQPE (n_sites=4, n_occ=0, repetition 11, iteration 7) = 0.0
2026-05-01 07:35:29.076 | DEBUG    | core:iqpe_estimate:67 - IQPE (n_sites=4, n_occ=0, repetition 11, iteration 8) = 0.0
2026-05-01 07:35:29.076 | DEBUG    | core:real_space_iqpe:160 - IQPE (n_sites=4, n_occ=0, repetition 11) = -0.0
2026-05-01 07:36:58.824 | DEBUG    | core:iqpe_estimate:67 - IQPE (n_sites=6, n_occ=0, repetition 5, iteration 2) = 0.0
2026-05-01 07:37:17.080 | DEBUG    | core:iqpe_estimate:67 - IQPE (n_sites=6, n_occ=0, repetition 15, iteration 1) = 0.0
2026-05-01 07:37:40.772 | DEBUG    | core:iqpe_estimate:67 - IQPE (n_sites=6, n_occ=0, repetition 5, iteration 3) = 0.0
2026-05-01 07:37:52.320 | DEBUG    | core:iqpe_estimate:67 - IQPE (n_sites=6, n_occ=0, repetition 5, iteration 4) = 0.0
2026-05-01 07:37:55.826 | DEBUG    | core:iqpe_estimate:67 - IQPE (n_sites=6, n_occ=0, repetition 5, iteration 5) = 0.0
2026-05-01 07:37:57.038 | DEBUG    | core:iqpe_estimate:67 - IQPE (n_sites=6, n_occ=0, repetition 5, iteration 6) = 0.0
2026-05-01 07:37:57.537 | DEBUG    | core:iqpe_estimate:67 - IQPE (n_sites=6, n_occ=0, repetition 5, iteration 7) = 0.0
2026-05-01 07:37:57.788 | DEBUG    | core:iqpe_estimate:67 - IQPE (n_sites=6, n_occ=0, repetition 5, iteration 8) = 0.0
2026-05-01 07:37:57.788 | DEBUG    | core:real_space_iqpe:160 - IQPE (n_sites=6, n_occ=0, repetition 5) = -0.0
2026-05-01 07:38:10.963 | DEBUG    | core:iqpe_estimate:67 - IQPE (n_sites=6, n_occ=0, repetition 15, iteration 2) = 0.0
2026-05-01 07:38:26.520 | DEBUG    | core:iqpe_estimate:67 - IQPE (n_sites=6, n_occ=0, repetition 15, iteration 3) = 0.0
2026-05-01 07:38:31.354 | DEBUG    | core:iqpe_estimate:67 - IQPE (n_sites=6, n_occ=0, repetition 15, iteration 4) = 0.0
2026-05-01 07:38:33.083 | DEBUG    | core:iqpe_estimate:67 - IQPE (n_sites=6, n_occ=0, repetition 15, iteration 5) = 0.0
2026-05-01 07:38:33.806 | DEBUG    | core:iqpe_estimate:67 - IQPE (n_sites=6, n_occ=0, repetition 15, iteration 6) = 0.0
2026-05-01 07:38:34.158 | DEBUG    | core:iqpe_estimate:67 - IQPE (n_sites=6, n_occ=0, repetition 15, iteration 7) = 0.0
2026-05-01 07:38:34.365 | DEBUG    | core:iqpe_estimate:67 - IQPE (n_sites=6, n_occ=0, repetition 15, iteration 8) = 0.0
2026-05-01 07:38:34.365 | DEBUG    | core:real_space_iqpe:160 - IQPE (n_sites=6, n_occ=0, repetition 15) = -0.0
2026-05-01 07:40:06.401 | DEBUG    | core:iqpe_estimate:67 - IQPE (n_sites=4, n_occ=0, repetition 12, iteration 1) = 0.0
2026-05-01 07:41:15.751 | DEBUG    | core:iqpe_estimate:67 - IQPE (n_sites=4, n_occ=0, repetition 12, iteration 2) = 0.0
2026-05-01 07:41:34.046 | DEBUG    | core:iqpe_estimate:67 - IQPE (n_sites=4, n_occ=0, repetition 12, iteration 3) = 0.0
2026-05-01 07:41:39.145 | DEBUG    | core:iqpe_estimate:67 - IQPE (n_sites=4, n_occ=0, repetition 12, iteration 4) = 0.0
2026-05-01 07:41:40.705 | DEBUG    | core:iqpe_estimate:67 - IQPE (n_sites=4, n_occ=0, repetition 12, iteration 5) = 0.0
2026-05-01 07:41:41.257 | DEBUG    | core:iqpe_estimate:67 - IQPE (n_sites=4, n_occ=0, repetition 12, iteration 6) = 0.0
2026-05-01 07:41:41.508 | DEBUG    | core:iqpe_estimate:67 - IQPE (n_sites=4, n_occ=0, repetition 12, iteration 7) = 0.0
2026-05-01 07:41:41.655 | DEBUG    | core:iqpe_estimate:67 - IQPE (n_sites=4, n_occ=0, repetition 12, iteration 8) = 0.0
2026-05-01 07:41:41.655 | DEBUG    | core:real_space_iqpe:160 - IQPE (n_sites=4, n_occ=0, repetition 12) = -0.0
2026-05-01 07:41:56.314 | DEBUG    | core:iqpe_estimate:67 - IQPE (n_sites=6, n_occ=0, repetition 16, iteration 1) = 0.0
2026-05-01 07:42:50.820 | DEBUG    | core:iqpe_estimate:67 - IQPE (n_sites=6, n_occ=0, repetition 16, iteration 2) = 0.0
2026-05-01 07:43:06.325 | DEBUG    | core:iqpe_estimate:67 - IQPE (n_sites=6, n_occ=0, repetition 16, iteration 3) = 0.0
2026-05-01 07:43:11.175 | DEBUG    | core:iqpe_estimate:67 - IQPE (n_sites=6, n_occ=0, repetition 16, iteration 4) = 0.0
2026-05-01 07:43:12.907 | DEBUG    | core:iqpe_estimate:67 - IQPE (n_sites=6, n_occ=0, repetition 16, iteration 5) = 0.0
2026-05-01 07:43:13.627 | DEBUG    | core:iqpe_estimate:67 - IQPE (n_sites=6, n_occ=0, repetition 16, iteration 6) = 0.0
2026-05-01 07:43:13.984 | DEBUG    | core:iqpe_estimate:67 - IQPE (n_sites=6, n_occ=0, repetition 16, iteration 7) = 0.0
2026-05-01 07:43:14.191 | DEBUG    | core:iqpe_estimate:67 - IQPE (n_sites=6, n_occ=0, repetition 16, iteration 8) = 0.0
2026-05-01 07:43:14.191 | DEBUG    | core:real_space_iqpe:160 - IQPE (n_sites=6, n_occ=0, repetition 16) = -0.0
2026-05-01 07:46:11.369 | DEBUG    | core:iqpe_estimate:67 - IQPE (n_sites=4, n_occ=0, repetition 13, iteration 1) = 0.0
2026-05-01 07:46:37.053 | DEBUG    | core:iqpe_estimate:67 - IQPE (n_sites=6, n_occ=0, repetition 17, iteration 1) = 0.0
2026-05-01 07:47:21.406 | DEBUG    | core:iqpe_estimate:67 - IQPE (n_sites=4, n_occ=0, repetition 13, iteration 2) = 0.0
2026-05-01 07:47:31.128 | DEBUG    | core:iqpe_estimate:67 - IQPE (n_sites=6, n_occ=0, repetition 17, iteration 2) = 0.0
2026-05-01 07:47:39.739 | DEBUG    | core:iqpe_estimate:67 - IQPE (n_sites=4, n_occ=0, repetition 13, iteration 3) = 0.0
2026-05-01 07:47:44.819 | DEBUG    | core:iqpe_estimate:67 - IQPE (n_sites=4, n_occ=0, repetition 13, iteration 4) = 0.0
2026-05-01 07:47:46.369 | DEBUG    | core:iqpe_estimate:67 - IQPE (n_sites=4, n_occ=0, repetition 13, iteration 5) = 0.0
2026-05-01 07:47:46.675 | DEBUG    | core:iqpe_estimate:67 - IQPE (n_sites=6, n_occ=0, repetition 17, iteration 3) = 0.0
2026-05-01 07:47:46.922 | DEBUG    | core:iqpe_estimate:67 - IQPE (n_sites=4, n_occ=0, repetition 13, iteration 6) = 0.0
2026-05-01 07:47:47.173 | DEBUG    | core:iqpe_estimate:67 - IQPE (n_sites=4, n_occ=0, repetition 13, iteration 7) = 0.0
2026-05-01 07:47:47.320 | DEBUG    | core:iqpe_estimate:67 - IQPE (n_sites=4, n_occ=0, repetition 13, iteration 8) = 0.0
2026-05-01 07:47:47.320 | DEBUG    | core:real_space_iqpe:160 - IQPE (n_sites=4, n_occ=0, repetition 13) = -0.0
2026-05-01 07:47:51.500 | DEBUG    | core:iqpe_estimate:67 - IQPE (n_sites=6, n_occ=0, repetition 17, iteration 4) = 0.0
2026-05-01 07:47:53.221 | DEBUG    | core:iqpe_estimate:67 - IQPE (n_sites=6, n_occ=0, repetition 17, iteration 5) = 0.0
2026-05-01 07:47:53.948 | DEBUG    | core:iqpe_estimate:67 - IQPE (n_sites=6, n_occ=0, repetition 17, iteration 6) = 0.0
2026-05-01 07:47:54.300 | DEBUG    | core:iqpe_estimate:67 - IQPE (n_sites=6, n_occ=0, repetition 17, iteration 7) = 0.0
2026-05-01 07:47:54.505 | DEBUG    | core:iqpe_estimate:67 - IQPE (n_sites=6, n_occ=0, repetition 17, iteration 8) = 0.0
2026-05-01 07:47:54.506 | DEBUG    | core:real_space_iqpe:160 - IQPE (n_sites=6, n_occ=0, repetition 17) = -0.0
2026-05-01 07:48:15.149 | DEBUG    | core:iqpe_estimate:67 - IQPE (n_sites=6, n_occ=0, repetition 6, iteration 1) = 0.0
2026-05-01 07:50:53.821 | DEBUG    | core:iqpe_estimate:67 - IQPE (n_sites=6, n_occ=0, repetition 6, iteration 2) = 0.0
2026-05-01 07:51:17.388 | DEBUG    | core:iqpe_estimate:67 - IQPE (n_sites=6, n_occ=0, repetition 18, iteration 1) = 0.0
2026-05-01 07:51:36.201 | DEBUG    | core:iqpe_estimate:67 - IQPE (n_sites=6, n_occ=0, repetition 6, iteration 3) = 0.0
2026-05-01 07:51:47.888 | DEBUG    | core:iqpe_estimate:67 - IQPE (n_sites=6, n_occ=0, repetition 6, iteration 4) = 0.0
2026-05-01 07:51:51.415 | DEBUG    | core:iqpe_estimate:67 - IQPE (n_sites=6, n_occ=0, repetition 6, iteration 5) = 0.0
2026-05-01 07:51:52.622 | DEBUG    | core:iqpe_estimate:67 - IQPE (n_sites=6, n_occ=0, repetition 6, iteration 6) = 0.0
2026-05-01 07:51:53.125 | DEBUG    | core:iqpe_estimate:67 - IQPE (n_sites=6, n_occ=0, repetition 6, iteration 7) = 0.0
2026-05-01 07:51:53.375 | DEBUG    | core:iqpe_estimate:67 - IQPE (n_sites=6, n_occ=0, repetition 6, iteration 8) = 0.0
2026-05-01 07:51:53.375 | DEBUG    | core:real_space_iqpe:160 - IQPE (n_sites=6, n_occ=0, repetition 6) = -0.0
2026-05-01 07:52:11.878 | DEBUG    | core:iqpe_estimate:67 - IQPE (n_sites=6, n_occ=0, repetition 18, iteration 2) = 0.0
2026-05-01 07:52:20.110 | DEBUG    | core:iqpe_estimate:67 - IQPE (n_sites=4, n_occ=0, repetition 14, iteration 1) = 0.0
2026-05-01 07:52:27.346 | DEBUG    | core:iqpe_estimate:67 - IQPE (n_sites=6, n_occ=0, repetition 18, iteration 3) = 0.0
2026-05-01 07:52:32.186 | DEBUG    | core:iqpe_estimate:67 - IQPE (n_sites=6, n_occ=0, repetition 18, iteration 4) = 0.0
2026-05-01 07:52:33.910 | DEBUG    | core:iqpe_estimate:67 - IQPE (n_sites=6, n_occ=0, repetition 18, iteration 5) = 0.0
2026-05-01 07:52:34.627 | DEBUG    | core:iqpe_estimate:67 - IQPE (n_sites=6, n_occ=0, repetition 18, iteration 6) = 0.0
2026-05-01 07:52:34.980 | DEBUG    | core:iqpe_estimate:67 - IQPE (n_sites=6, n_occ=0, repetition 18, iteration 7) = 0.0
2026-05-01 07:52:35.182 | DEBUG    | core:iqpe_estimate:67 - IQPE (n_sites=6, n_occ=0, repetition 18, iteration 8) = 0.0
2026-05-01 07:52:35.182 | DEBUG    | core:real_space_iqpe:160 - IQPE (n_sites=6, n_occ=0, repetition 18) = -0.0
2026-05-01 07:53:29.223 | DEBUG    | core:iqpe_estimate:67 - IQPE (n_sites=4, n_occ=0, repetition 14, iteration 2) = 0.0
2026-05-01 07:53:47.547 | DEBUG    | core:iqpe_estimate:67 - IQPE (n_sites=4, n_occ=0, repetition 14, iteration 3) = 0.0
2026-05-01 07:53:52.630 | DEBUG    | core:iqpe_estimate:67 - IQPE (n_sites=4, n_occ=0, repetition 14, iteration 4) = 0.0
2026-05-01 07:53:54.213 | DEBUG    | core:iqpe_estimate:67 - IQPE (n_sites=4, n_occ=0, repetition 14, iteration 5) = 0.0
2026-05-01 07:53:54.763 | DEBUG    | core:iqpe_estimate:67 - IQPE (n_sites=4, n_occ=0, repetition 14, iteration 6) = 0.0
2026-05-01 07:53:55.020 | DEBUG    | core:iqpe_estimate:67 - IQPE (n_sites=4, n_occ=0, repetition 14, iteration 7) = 0.0
2026-05-01 07:53:55.170 | DEBUG    | core:iqpe_estimate:67 - IQPE (n_sites=4, n_occ=0, repetition 14, iteration 8) = 0.0
2026-05-01 07:53:55.170 | DEBUG    | core:real_space_iqpe:160 - IQPE (n_sites=4, n_occ=0, repetition 14) = -0.0
2026-05-01 07:55:57.293 | DEBUG    | core:iqpe_estimate:67 - IQPE (n_sites=6, n_occ=0, repetition 19, iteration 1) = 0.0
2026-05-01 07:56:51.093 | DEBUG    | core:iqpe_estimate:67 - IQPE (n_sites=6, n_occ=0, repetition 19, iteration 2) = 0.0
2026-05-01 07:57:06.530 | DEBUG    | core:iqpe_estimate:67 - IQPE (n_sites=6, n_occ=0, repetition 19, iteration 3) = 0.0
2026-05-01 07:57:11.354 | DEBUG    | core:iqpe_estimate:67 - IQPE (n_sites=6, n_occ=0, repetition 19, iteration 4) = 0.0
2026-05-01 07:57:13.073 | DEBUG    | core:iqpe_estimate:67 - IQPE (n_sites=6, n_occ=0, repetition 19, iteration 5) = 0.0
2026-05-01 07:57:13.790 | DEBUG    | core:iqpe_estimate:67 - IQPE (n_sites=6, n_occ=0, repetition 19, iteration 6) = 0.0
2026-05-01 07:57:14.148 | DEBUG    | core:iqpe_estimate:67 - IQPE (n_sites=6, n_occ=0, repetition 19, iteration 7) = 0.0
2026-05-01 07:57:14.350 | DEBUG    | core:iqpe_estimate:67 - IQPE (n_sites=6, n_occ=0, repetition 19, iteration 8) = 0.0
2026-05-01 07:57:14.351 | DEBUG    | core:real_space_iqpe:160 - IQPE (n_sites=6, n_occ=0, repetition 19) = -0.0
2026-05-01 07:58:22.804 | DEBUG    | core:iqpe_estimate:67 - IQPE (n_sites=4, n_occ=0, repetition 15, iteration 1) = 0.0
2026-05-01 07:59:31.841 | DEBUG    | core:iqpe_estimate:67 - IQPE (n_sites=4, n_occ=0, repetition 15, iteration 2) = 0.0
2026-05-01 07:59:50.132 | DEBUG    | core:iqpe_estimate:67 - IQPE (n_sites=4, n_occ=0, repetition 15, iteration 3) = 0.0
2026-05-01 07:59:55.204 | DEBUG    | core:iqpe_estimate:67 - IQPE (n_sites=4, n_occ=0, repetition 15, iteration 4) = 0.0
2026-05-01 07:59:56.747 | DEBUG    | core:iqpe_estimate:67 - IQPE (n_sites=4, n_occ=0, repetition 15, iteration 5) = 0.0
2026-05-01 07:59:57.304 | DEBUG    | core:iqpe_estimate:67 - IQPE (n_sites=4, n_occ=0, repetition 15, iteration 6) = 0.0
2026-05-01 07:59:57.554 | DEBUG    | core:iqpe_estimate:67 - IQPE (n_sites=4, n_occ=0, repetition 15, iteration 7) = 0.0
2026-05-01 07:59:57.701 | DEBUG    | core:iqpe_estimate:67 - IQPE (n_sites=4, n_occ=0, repetition 15, iteration 8) = 0.0
2026-05-01 07:59:57.701 | DEBUG    | core:real_space_iqpe:160 - IQPE (n_sites=4, n_occ=0, repetition 15) = -0.0
2026-05-01 08:00:35.260 | DEBUG    | core:iqpe_estimate:67 - IQPE (n_sites=6, n_occ=0, repetition 20, iteration 1) = 0.0
2026-05-01 08:01:29.103 | DEBUG    | core:iqpe_estimate:67 - IQPE (n_sites=6, n_occ=0, repetition 20, iteration 2) = 0.0
2026-05-01 08:01:44.542 | DEBUG    | core:iqpe_estimate:67 - IQPE (n_sites=6, n_occ=0, repetition 20, iteration 3) = 0.0
2026-05-01 08:01:49.394 | DEBUG    | core:iqpe_estimate:67 - IQPE (n_sites=6, n_occ=0, repetition 20, iteration 4) = 0.0
2026-05-01 08:01:51.109 | DEBUG    | core:iqpe_estimate:67 - IQPE (n_sites=6, n_occ=0, repetition 20, iteration 5) = 0.0
2026-05-01 08:01:51.826 | DEBUG    | core:iqpe_estimate:67 - IQPE (n_sites=6, n_occ=0, repetition 20, iteration 6) = 0.0
2026-05-01 08:01:52.176 | DEBUG    | core:iqpe_estimate:67 - IQPE (n_sites=6, n_occ=0, repetition 20, iteration 7) = 0.0
2026-05-01 08:01:52.382 | DEBUG    | core:iqpe_estimate:67 - IQPE (n_sites=6, n_occ=0, repetition 20, iteration 8) = 0.0
2026-05-01 08:01:52.382 | DEBUG    | core:real_space_iqpe:160 - IQPE (n_sites=6, n_occ=0, repetition 20) = -0.0
2026-05-01 08:02:04.932 | DEBUG    | core:iqpe_estimate:67 - IQPE (n_sites=6, n_occ=0, repetition 7, iteration 1) = 0.0
2026-05-01 08:04:30.467 | DEBUG    | core:iqpe_estimate:67 - IQPE (n_sites=4, n_occ=0, repetition 16, iteration 1) = 0.0
2026-05-01 08:04:41.948 | DEBUG    | core:iqpe_estimate:67 - IQPE (n_sites=6, n_occ=0, repetition 7, iteration 2) = 0.0
2026-05-01 08:05:23.700 | DEBUG    | core:iqpe_estimate:67 - IQPE (n_sites=6, n_occ=0, repetition 7, iteration 3) = 0.0
2026-05-01 08:05:35.356 | DEBUG    | core:iqpe_estimate:67 - IQPE (n_sites=6, n_occ=0, repetition 7, iteration 4) = 0.0
2026-05-01 08:05:38.888 | DEBUG    | core:iqpe_estimate:67 - IQPE (n_sites=6, n_occ=0, repetition 7, iteration 5) = 0.0
2026-05-01 08:05:39.968 | DEBUG    | core:iqpe_estimate:67 - IQPE (n_sites=4, n_occ=0, repetition 16, iteration 2) = 0.0
2026-05-01 08:05:40.095 | DEBUG    | core:iqpe_estimate:67 - IQPE (n_sites=6, n_occ=0, repetition 7, iteration 6) = 0.0
2026-05-01 08:05:40.597 | DEBUG    | core:iqpe_estimate:67 - IQPE (n_sites=6, n_occ=0, repetition 7, iteration 7) = 0.0
2026-05-01 08:05:40.847 | DEBUG    | core:iqpe_estimate:67 - IQPE (n_sites=6, n_occ=0, repetition 7, iteration 8) = 0.0
2026-05-01 08:05:40.847 | DEBUG    | core:real_space_iqpe:160 - IQPE (n_sites=6, n_occ=0, repetition 7) = -0.0
2026-05-01 08:05:58.273 | DEBUG    | core:iqpe_estimate:67 - IQPE (n_sites=4, n_occ=0, repetition 16, iteration 3) = 0.0
2026-05-01 08:06:03.350 | DEBUG    | core:iqpe_estimate:67 - IQPE (n_sites=4, n_occ=0, repetition 16, iteration 4) = 0.0
2026-05-01 08:06:04.886 | DEBUG    | core:iqpe_estimate:67 - IQPE (n_sites=4, n_occ=0, repetition 16, iteration 5) = 0.0
2026-05-01 08:06:05.437 | DEBUG    | core:iqpe_estimate:67 - IQPE (n_sites=4, n_occ=0, repetition 16, iteration 6) = 0.0
2026-05-01 08:06:05.686 | DEBUG    | core:iqpe_estimate:67 - IQPE (n_sites=4, n_occ=0, repetition 16, iteration 7) = 0.0
2026-05-01 08:06:05.833 | DEBUG    | core:iqpe_estimate:67 - IQPE (n_sites=4, n_occ=0, repetition 16, iteration 8) = 0.0
2026-05-01 08:06:05.833 | DEBUG    | core:real_space_iqpe:160 - IQPE (n_sites=4, n_occ=0, repetition 16) = -0.0
2026-05-01 08:10:36.908 | DEBUG    | core:iqpe_estimate:67 - IQPE (n_sites=4, n_occ=0, repetition 17, iteration 1) = 0.0
2026-05-01 08:11:46.187 | DEBUG    | core:iqpe_estimate:67 - IQPE (n_sites=4, n_occ=0, repetition 17, iteration 2) = 0.0
2026-05-01 08:12:04.587 | DEBUG    | core:iqpe_estimate:67 - IQPE (n_sites=4, n_occ=0, repetition 17, iteration 3) = 0.0
2026-05-01 08:12:09.685 | DEBUG    | core:iqpe_estimate:67 - IQPE (n_sites=4, n_occ=0, repetition 17, iteration 4) = 0.0
2026-05-01 08:12:11.235 | DEBUG    | core:iqpe_estimate:67 - IQPE (n_sites=4, n_occ=0, repetition 17, iteration 5) = 0.0
2026-05-01 08:12:11.790 | DEBUG    | core:iqpe_estimate:67 - IQPE (n_sites=4, n_occ=0, repetition 17, iteration 6) = 0.0
2026-05-01 08:12:12.045 | DEBUG    | core:iqpe_estimate:67 - IQPE (n_sites=4, n_occ=0, repetition 17, iteration 7) = 0.0
2026-05-01 08:12:12.192 | DEBUG    | core:iqpe_estimate:67 - IQPE (n_sites=4, n_occ=0, repetition 17, iteration 8) = 0.0
2026-05-01 08:12:12.192 | DEBUG    | core:real_space_iqpe:160 - IQPE (n_sites=4, n_occ=0, repetition 17) = -0.0
2026-05-01 08:15:55.251 | DEBUG    | core:iqpe_estimate:67 - IQPE (n_sites=6, n_occ=0, repetition 8, iteration 1) = 0.0
2026-05-01 08:16:41.248 | DEBUG    | core:iqpe_estimate:67 - IQPE (n_sites=4, n_occ=0, repetition 18, iteration 1) = 0.0
2026-05-01 08:17:53.027 | DEBUG    | core:iqpe_estimate:67 - IQPE (n_sites=4, n_occ=0, repetition 18, iteration 2) = 0.0
2026-05-01 08:18:11.574 | DEBUG    | core:iqpe_estimate:67 - IQPE (n_sites=4, n_occ=0, repetition 18, iteration 3) = 0.0
2026-05-01 08:18:16.731 | DEBUG    | core:iqpe_estimate:67 - IQPE (n_sites=4, n_occ=0, repetition 18, iteration 4) = 0.0
2026-05-01 08:18:18.291 | DEBUG    | core:iqpe_estimate:67 - IQPE (n_sites=4, n_occ=0, repetition 18, iteration 5) = 0.0
2026-05-01 08:18:18.840 | DEBUG    | core:iqpe_estimate:67 - IQPE (n_sites=4, n_occ=0, repetition 18, iteration 6) = 0.0
2026-05-01 08:18:19.091 | DEBUG    | core:iqpe_estimate:67 - IQPE (n_sites=4, n_occ=0, repetition 18, iteration 7) = 0.0
2026-05-01 08:18:19.238 | DEBUG    | core:iqpe_estimate:67 - IQPE (n_sites=4, n_occ=0, repetition 18, iteration 8) = 0.0
2026-05-01 08:18:19.238 | DEBUG    | core:real_space_iqpe:160 - IQPE (n_sites=4, n_occ=0, repetition 18) = -0.0
2026-05-01 08:18:32.136 | DEBUG    | core:iqpe_estimate:67 - IQPE (n_sites=6, n_occ=0, repetition 8, iteration 2) = 0.0
2026-05-01 08:19:13.902 | DEBUG    | core:iqpe_estimate:67 - IQPE (n_sites=6, n_occ=0, repetition 8, iteration 3) = 0.0
2026-05-01 08:19:25.505 | DEBUG    | core:iqpe_estimate:67 - IQPE (n_sites=6, n_occ=0, repetition 8, iteration 4) = 0.0
2026-05-01 08:19:29.004 | DEBUG    | core:iqpe_estimate:67 - IQPE (n_sites=6, n_occ=0, repetition 8, iteration 5) = 0.0
2026-05-01 08:19:30.209 | DEBUG    | core:iqpe_estimate:67 - IQPE (n_sites=6, n_occ=0, repetition 8, iteration 6) = 0.0
2026-05-01 08:19:30.702 | DEBUG    | core:iqpe_estimate:67 - IQPE (n_sites=6, n_occ=0, repetition 8, iteration 7) = 0.0
2026-05-01 08:19:30.949 | DEBUG    | core:iqpe_estimate:67 - IQPE (n_sites=6, n_occ=0, repetition 8, iteration 8) = 0.0
2026-05-01 08:19:30.949 | DEBUG    | core:real_space_iqpe:160 - IQPE (n_sites=6, n_occ=0, repetition 8) = -0.0
2026-05-01 08:22:48.659 | DEBUG    | core:iqpe_estimate:67 - IQPE (n_sites=4, n_occ=0, repetition 19, iteration 1) = 0.0
2026-05-01 08:23:57.717 | DEBUG    | core:iqpe_estimate:67 - IQPE (n_sites=4, n_occ=0, repetition 19, iteration 2) = 0.0
2026-05-01 08:24:15.971 | DEBUG    | core:iqpe_estimate:67 - IQPE (n_sites=4, n_occ=0, repetition 19, iteration 3) = 0.0
2026-05-01 08:24:21.023 | DEBUG    | core:iqpe_estimate:67 - IQPE (n_sites=4, n_occ=0, repetition 19, iteration 4) = 0.0
2026-05-01 08:24:22.557 | DEBUG    | core:iqpe_estimate:67 - IQPE (n_sites=4, n_occ=0, repetition 19, iteration 5) = 0.0
2026-05-01 08:24:23.104 | DEBUG    | core:iqpe_estimate:67 - IQPE (n_sites=4, n_occ=0, repetition 19, iteration 6) = 0.0
2026-05-01 08:24:23.351 | DEBUG    | core:iqpe_estimate:67 - IQPE (n_sites=4, n_occ=0, repetition 19, iteration 7) = 0.0
2026-05-01 08:24:23.494 | DEBUG    | core:iqpe_estimate:67 - IQPE (n_sites=4, n_occ=0, repetition 19, iteration 8) = 0.0
2026-05-01 08:24:23.494 | DEBUG    | core:real_space_iqpe:160 - IQPE (n_sites=4, n_occ=0, repetition 19) = -0.0
2026-05-01 08:28:53.609 | DEBUG    | core:iqpe_estimate:67 - IQPE (n_sites=4, n_occ=0, repetition 20, iteration 1) = 0.0
2026-05-01 08:29:45.221 | DEBUG    | core:iqpe_estimate:67 - IQPE (n_sites=6, n_occ=0, repetition 9, iteration 1) = 0.0
2026-05-01 08:30:02.782 | DEBUG    | core:iqpe_estimate:67 - IQPE (n_sites=4, n_occ=0, repetition 20, iteration 2) = 0.0
2026-05-01 08:30:21.091 | DEBUG    | core:iqpe_estimate:67 - IQPE (n_sites=4, n_occ=0, repetition 20, iteration 3) = 0.0
2026-05-01 08:30:26.159 | DEBUG    | core:iqpe_estimate:67 - IQPE (n_sites=4, n_occ=0, repetition 20, iteration 4) = 0.0
2026-05-01 08:30:27.682 | DEBUG    | core:iqpe_estimate:67 - IQPE (n_sites=4, n_occ=0, repetition 20, iteration 5) = 0.0
2026-05-01 08:30:28.230 | DEBUG    | core:iqpe_estimate:67 - IQPE (n_sites=4, n_occ=0, repetition 20, iteration 6) = 0.0
2026-05-01 08:30:28.477 | DEBUG    | core:iqpe_estimate:67 - IQPE (n_sites=4, n_occ=0, repetition 20, iteration 7) = 0.0
2026-05-01 08:30:28.622 | DEBUG    | core:iqpe_estimate:67 - IQPE (n_sites=4, n_occ=0, repetition 20, iteration 8) = 0.0
2026-05-01 08:30:28.622 | DEBUG    | core:real_space_iqpe:160 - IQPE (n_sites=4, n_occ=0, repetition 20) = -0.0
2026-05-01 08:32:22.143 | DEBUG    | core:iqpe_estimate:67 - IQPE (n_sites=6, n_occ=0, repetition 9, iteration 2) = 0.0
2026-05-01 08:33:03.854 | DEBUG    | core:iqpe_estimate:67 - IQPE (n_sites=6, n_occ=0, repetition 9, iteration 3) = 0.0
2026-05-01 08:33:15.511 | DEBUG    | core:iqpe_estimate:67 - IQPE (n_sites=6, n_occ=0, repetition 9, iteration 4) = 0.0
2026-05-01 08:33:19.005 | DEBUG    | core:iqpe_estimate:67 - IQPE (n_sites=6, n_occ=0, repetition 9, iteration 5) = 0.0
2026-05-01 08:33:20.198 | DEBUG    | core:iqpe_estimate:67 - IQPE (n_sites=6, n_occ=0, repetition 9, iteration 6) = 0.0
2026-05-01 08:33:20.692 | DEBUG    | core:iqpe_estimate:67 - IQPE (n_sites=6, n_occ=0, repetition 9, iteration 7) = 0.0
2026-05-01 08:33:20.937 | DEBUG    | core:iqpe_estimate:67 - IQPE (n_sites=6, n_occ=0, repetition 9, iteration 8) = 0.0
2026-05-01 08:33:20.937 | DEBUG    | core:real_space_iqpe:160 - IQPE (n_sites=6, n_occ=0, repetition 9) = -0.0
2026-05-01 08:38:47.119 | DEBUG    | core:real_space_vqe:132 - VQE (n_sites=4, n_occ=0, repetition 1) = 0.00634765625
2026-05-01 08:43:26.393 | DEBUG    | core:iqpe_estimate:67 - IQPE (n_sites=6, n_occ=0, repetition 10, iteration 1) = 0.0
2026-05-01 08:46:02.783 | DEBUG    | core:iqpe_estimate:67 - IQPE (n_sites=6, n_occ=0, repetition 10, iteration 2) = 0.0
2026-05-01 08:46:43.961 | DEBUG    | core:iqpe_estimate:67 - IQPE (n_sites=6, n_occ=0, repetition 10, iteration 3) = 0.0
2026-05-01 08:46:55.458 | DEBUG    | core:iqpe_estimate:67 - IQPE (n_sites=6, n_occ=0, repetition 10, iteration 4) = 0.0
2026-05-01 08:46:58.920 | DEBUG    | core:iqpe_estimate:67 - IQPE (n_sites=6, n_occ=0, repetition 10, iteration 5) = 0.0
2026-05-01 08:47:00.110 | DEBUG    | core:iqpe_estimate:67 - IQPE (n_sites=6, n_occ=0, repetition 10, iteration 6) = 0.0
2026-05-01 08:47:00.602 | DEBUG    | core:iqpe_estimate:67 - IQPE (n_sites=6, n_occ=0, repetition 10, iteration 7) = 0.0
2026-05-01 08:47:00.849 | DEBUG    | core:iqpe_estimate:67 - IQPE (n_sites=6, n_occ=0, repetition 10, iteration 8) = 0.0
2026-05-01 08:47:00.849 | DEBUG    | core:real_space_iqpe:160 - IQPE (n_sites=6, n_occ=0, repetition 10) = -0.0
2026-05-01 08:57:08.039 | DEBUG    | core:iqpe_estimate:67 - IQPE (n_sites=6, n_occ=0, repetition 11, iteration 1) = 0.0
2026-05-01 08:59:44.151 | DEBUG    | core:iqpe_estimate:67 - IQPE (n_sites=6, n_occ=0, repetition 11, iteration 2) = 0.0
2026-05-01 09:00:25.641 | DEBUG    | core:iqpe_estimate:67 - IQPE (n_sites=6, n_occ=0, repetition 11, iteration 3) = 0.0
2026-05-01 09:00:37.219 | DEBUG    | core:iqpe_estimate:67 - IQPE (n_sites=6, n_occ=0, repetition 11, iteration 4) = 0.0
2026-05-01 09:00:40.704 | DEBUG    | core:iqpe_estimate:67 - IQPE (n_sites=6, n_occ=0, repetition 11, iteration 5) = 0.0
2026-05-01 09:00:41.893 | DEBUG    | core:iqpe_estimate:67 - IQPE (n_sites=6, n_occ=0, repetition 11, iteration 6) = 0.0
2026-05-01 09:00:42.386 | DEBUG    | core:iqpe_estimate:67 - IQPE (n_sites=6, n_occ=0, repetition 11, iteration 7) = 0.0
2026-05-01 09:00:42.631 | DEBUG    | core:iqpe_estimate:67 - IQPE (n_sites=6, n_occ=0, repetition 11, iteration 8) = 0.0
2026-05-01 09:00:42.631 | DEBUG    | core:real_space_iqpe:160 - IQPE (n_sites=6, n_occ=0, repetition 11) = -0.0
2026-05-01 09:10:49.021 | DEBUG    | core:iqpe_estimate:67 - IQPE (n_sites=6, n_occ=0, repetition 12, iteration 1) = 0.0
2026-05-01 09:13:25.584 | DEBUG    | core:iqpe_estimate:67 - IQPE (n_sites=6, n_occ=0, repetition 12, iteration 2) = 0.0
2026-05-01 09:14:06.903 | DEBUG    | core:iqpe_estimate:67 - IQPE (n_sites=6, n_occ=0, repetition 12, iteration 3) = 0.0
2026-05-01 09:14:18.454 | DEBUG    | core:iqpe_estimate:67 - IQPE (n_sites=6, n_occ=0, repetition 12, iteration 4) = 0.0
2026-05-01 09:14:21.926 | DEBUG    | core:iqpe_estimate:67 - IQPE (n_sites=6, n_occ=0, repetition 12, iteration 5) = 0.0
2026-05-01 09:14:23.121 | DEBUG    | core:iqpe_estimate:67 - IQPE (n_sites=6, n_occ=0, repetition 12, iteration 6) = 0.0
2026-05-01 09:14:23.615 | DEBUG    | core:iqpe_estimate:67 - IQPE (n_sites=6, n_occ=0, repetition 12, iteration 7) = 0.0
2026-05-01 09:14:23.860 | DEBUG    | core:iqpe_estimate:67 - IQPE (n_sites=6, n_occ=0, repetition 12, iteration 8) = 0.0
2026-05-01 09:14:23.860 | DEBUG    | core:real_space_iqpe:160 - IQPE (n_sites=6, n_occ=0, repetition 12) = -0.0
2026-05-01 09:24:36.394 | DEBUG    | core:iqpe_estimate:67 - IQPE (n_sites=6, n_occ=0, repetition 13, iteration 1) = 0.0
2026-05-01 09:27:12.676 | DEBUG    | core:iqpe_estimate:67 - IQPE (n_sites=6, n_occ=0, repetition 13, iteration 2) = 0.0
2026-05-01 09:27:54.328 | DEBUG    | core:iqpe_estimate:67 - IQPE (n_sites=6, n_occ=0, repetition 13, iteration 3) = 0.0
2026-05-01 09:28:05.981 | DEBUG    | core:iqpe_estimate:67 - IQPE (n_sites=6, n_occ=0, repetition 13, iteration 4) = 0.0
2026-05-01 09:28:09.461 | DEBUG    | core:iqpe_estimate:67 - IQPE (n_sites=6, n_occ=0, repetition 13, iteration 5) = 0.0
2026-05-01 09:28:10.659 | DEBUG    | core:iqpe_estimate:67 - IQPE (n_sites=6, n_occ=0, repetition 13, iteration 6) = 0.0
2026-05-01 09:28:11.152 | DEBUG    | core:iqpe_estimate:67 - IQPE (n_sites=6, n_occ=0, repetition 13, iteration 7) = 0.0
2026-05-01 09:28:11.399 | DEBUG    | core:iqpe_estimate:67 - IQPE (n_sites=6, n_occ=0, repetition 13, iteration 8) = 0.0
2026-05-01 09:28:11.399 | DEBUG    | core:real_space_iqpe:160 - IQPE (n_sites=6, n_occ=0, repetition 13) = -0.0
2026-05-01 09:38:26.759 | DEBUG    | core:iqpe_estimate:67 - IQPE (n_sites=6, n_occ=0, repetition 14, iteration 1) = 0.0
2026-05-01 09:41:03.877 | DEBUG    | core:iqpe_estimate:67 - IQPE (n_sites=6, n_occ=0, repetition 14, iteration 2) = 0.0
2026-05-01 09:41:45.612 | DEBUG    | core:iqpe_estimate:67 - IQPE (n_sites=6, n_occ=0, repetition 14, iteration 3) = 0.0
2026-05-01 09:41:57.151 | DEBUG    | core:iqpe_estimate:67 - IQPE (n_sites=6, n_occ=0, repetition 14, iteration 4) = 0.0
2026-05-01 09:42:00.637 | DEBUG    | core:iqpe_estimate:67 - IQPE (n_sites=6, n_occ=0, repetition 14, iteration 5) = 0.0
2026-05-01 09:42:01.830 | DEBUG    | core:iqpe_estimate:67 - IQPE (n_sites=6, n_occ=0, repetition 14, iteration 6) = 0.0
2026-05-01 09:42:02.324 | DEBUG    | core:iqpe_estimate:67 - IQPE (n_sites=6, n_occ=0, repetition 14, iteration 7) = 0.0
2026-05-01 09:42:02.570 | DEBUG    | core:iqpe_estimate:67 - IQPE (n_sites=6, n_occ=0, repetition 14, iteration 8) = 0.0
2026-05-01 09:42:02.570 | DEBUG    | core:real_space_iqpe:160 - IQPE (n_sites=6, n_occ=0, repetition 14) = -0.0
2026-05-01 09:52:13.289 | DEBUG    | core:iqpe_estimate:67 - IQPE (n_sites=6, n_occ=0, repetition 15, iteration 1) = 0.0
2026-05-01 09:54:50.761 | DEBUG    | core:iqpe_estimate:67 - IQPE (n_sites=6, n_occ=0, repetition 15, iteration 2) = 0.0
2026-05-01 09:55:32.139 | DEBUG    | core:iqpe_estimate:67 - IQPE (n_sites=6, n_occ=0, repetition 15, iteration 3) = 0.0
2026-05-01 09:55:34.456 | DEBUG    | core:real_space_vqe:132 - VQE (n_sites=6, n_occ=0, repetition 1) = 0.041748046875
2026-05-01 09:55:43.667 | DEBUG    | core:iqpe_estimate:67 - IQPE (n_sites=6, n_occ=0, repetition 15, iteration 4) = 0.0
2026-05-01 09:55:47.152 | DEBUG    | core:iqpe_estimate:67 - IQPE (n_sites=6, n_occ=0, repetition 15, iteration 5) = 0.0
2026-05-01 09:55:48.351 | DEBUG    | core:iqpe_estimate:67 - IQPE (n_sites=6, n_occ=0, repetition 15, iteration 6) = 0.0
2026-05-01 09:55:48.843 | DEBUG    | core:iqpe_estimate:67 - IQPE (n_sites=6, n_occ=0, repetition 15, iteration 7) = 0.0
2026-05-01 09:55:49.090 | DEBUG    | core:iqpe_estimate:67 - IQPE (n_sites=6, n_occ=0, repetition 15, iteration 8) = 0.0
2026-05-01 09:55:49.091 | DEBUG    | core:real_space_iqpe:160 - IQPE (n_sites=6, n_occ=0, repetition 15) = -0.0
2026-05-01 10:03:09.967 | DEBUG    | core:real_space_vqe:132 - VQE (n_sites=4, n_occ=0, repetition 1) = 0.008544921875000007
2026-05-01 10:05:58.373 | DEBUG    | core:iqpe_estimate:67 - IQPE (n_sites=6, n_occ=0, repetition 16, iteration 1) = 0.0
2026-05-01 10:08:18.366 | DEBUG    | core:real_space_vqe:132 - VQE (n_sites=4, n_occ=0, repetition 2) = -0.00146484375
2026-05-01 10:08:36.977 | DEBUG    | core:iqpe_estimate:67 - IQPE (n_sites=6, n_occ=0, repetition 16, iteration 2) = 0.0
2026-05-01 10:09:18.318 | DEBUG    | core:iqpe_estimate:67 - IQPE (n_sites=6, n_occ=0, repetition 16, iteration 3) = 0.0
2026-05-01 10:09:29.827 | DEBUG    | core:iqpe_estimate:67 - IQPE (n_sites=6, n_occ=0, repetition 16, iteration 4) = 0.0
2026-05-01 10:09:33.294 | DEBUG    | core:iqpe_estimate:67 - IQPE (n_sites=6, n_occ=0, repetition 16, iteration 5) = 0.0
2026-05-01 10:09:34.494 | DEBUG    | core:iqpe_estimate:67 - IQPE (n_sites=6, n_occ=0, repetition 16, iteration 6) = 0.0
2026-05-01 10:09:34.990 | DEBUG    | core:iqpe_estimate:67 - IQPE (n_sites=6, n_occ=0, repetition 16, iteration 7) = 0.0
2026-05-01 10:09:35.237 | DEBUG    | core:iqpe_estimate:67 - IQPE (n_sites=6, n_occ=0, repetition 16, iteration 8) = 0.0
2026-05-01 10:09:35.237 | DEBUG    | core:real_space_iqpe:160 - IQPE (n_sites=6, n_occ=0, repetition 16) = -0.0
2026-05-01 10:19:41.913 | DEBUG    | core:iqpe_estimate:67 - IQPE (n_sites=6, n_occ=0, repetition 17, iteration 1) = 0.0
2026-05-01 10:22:18.651 | DEBUG    | core:iqpe_estimate:67 - IQPE (n_sites=6, n_occ=0, repetition 17, iteration 2) = 0.0
2026-05-01 10:23:00.269 | DEBUG    | core:iqpe_estimate:67 - IQPE (n_sites=6, n_occ=0, repetition 17, iteration 3) = 0.0
2026-05-01 10:23:11.887 | DEBUG    | core:iqpe_estimate:67 - IQPE (n_sites=6, n_occ=0, repetition 17, iteration 4) = 0.0
2026-05-01 10:23:15.429 | DEBUG    | core:iqpe_estimate:67 - IQPE (n_sites=6, n_occ=0, repetition 17, iteration 5) = 0.0
2026-05-01 10:23:16.646 | DEBUG    | core:iqpe_estimate:67 - IQPE (n_sites=6, n_occ=0, repetition 17, iteration 6) = 0.0
2026-05-01 10:23:17.140 | DEBUG    | core:iqpe_estimate:67 - IQPE (n_sites=6, n_occ=0, repetition 17, iteration 7) = 0.0
2026-05-01 10:23:17.385 | DEBUG    | core:iqpe_estimate:67 - IQPE (n_sites=6, n_occ=0, repetition 17, iteration 8) = 0.0
2026-05-01 10:23:17.385 | DEBUG    | core:real_space_iqpe:160 - IQPE (n_sites=6, n_occ=0, repetition 17) = -0.0
2026-05-01 10:33:33.308 | DEBUG    | core:iqpe_estimate:67 - IQPE (n_sites=6, n_occ=0, repetition 18, iteration 1) = 0.0
2026-05-01 10:36:10.112 | DEBUG    | core:iqpe_estimate:67 - IQPE (n_sites=6, n_occ=0, repetition 18, iteration 2) = 0.0
2026-05-01 10:36:51.865 | DEBUG    | core:iqpe_estimate:67 - IQPE (n_sites=6, n_occ=0, repetition 18, iteration 3) = 0.0
2026-05-01 10:37:03.420 | DEBUG    | core:iqpe_estimate:67 - IQPE (n_sites=6, n_occ=0, repetition 18, iteration 4) = 0.0
2026-05-01 10:37:06.950 | DEBUG    | core:iqpe_estimate:67 - IQPE (n_sites=6, n_occ=0, repetition 18, iteration 5) = 0.0
2026-05-01 10:37:08.155 | DEBUG    | core:iqpe_estimate:67 - IQPE (n_sites=6, n_occ=0, repetition 18, iteration 6) = 0.0
2026-05-01 10:37:08.652 | DEBUG    | core:iqpe_estimate:67 - IQPE (n_sites=6, n_occ=0, repetition 18, iteration 7) = 0.0
2026-05-01 10:37:08.899 | DEBUG    | core:iqpe_estimate:67 - IQPE (n_sites=6, n_occ=0, repetition 18, iteration 8) = 0.0
2026-05-01 10:37:08.899 | DEBUG    | core:real_space_iqpe:160 - IQPE (n_sites=6, n_occ=0, repetition 18) = -0.0
2026-05-01 10:47:19.806 | DEBUG    | core:iqpe_estimate:67 - IQPE (n_sites=6, n_occ=0, repetition 19, iteration 1) = 0.0
2026-05-01 10:49:58.561 | DEBUG    | core:iqpe_estimate:67 - IQPE (n_sites=6, n_occ=0, repetition 19, iteration 2) = 0.0
2026-05-01 10:50:41.492 | DEBUG    | core:iqpe_estimate:67 - IQPE (n_sites=6, n_occ=0, repetition 19, iteration 3) = 0.0
2026-05-01 10:50:53.295 | DEBUG    | core:iqpe_estimate:67 - IQPE (n_sites=6, n_occ=0, repetition 19, iteration 4) = 0.0
2026-05-01 10:50:56.774 | DEBUG    | core:iqpe_estimate:67 - IQPE (n_sites=6, n_occ=0, repetition 19, iteration 5) = 0.0
2026-05-01 10:50:57.967 | DEBUG    | core:iqpe_estimate:67 - IQPE (n_sites=6, n_occ=0, repetition 19, iteration 6) = 0.0
2026-05-01 10:50:58.463 | DEBUG    | core:iqpe_estimate:67 - IQPE (n_sites=6, n_occ=0, repetition 19, iteration 7) = 0.0
2026-05-01 10:50:58.713 | DEBUG    | core:iqpe_estimate:67 - IQPE (n_sites=6, n_occ=0, repetition 19, iteration 8) = 0.0
2026-05-01 10:50:58.713 | DEBUG    | core:real_space_iqpe:160 - IQPE (n_sites=6, n_occ=0, repetition 19) = -0.0
2026-05-01 11:01:15.519 | DEBUG    | core:iqpe_estimate:67 - IQPE (n_sites=6, n_occ=0, repetition 20, iteration 1) = 0.0
2026-05-01 11:03:52.586 | DEBUG    | core:iqpe_estimate:67 - IQPE (n_sites=6, n_occ=0, repetition 20, iteration 2) = 0.0
2026-05-01 11:04:34.064 | DEBUG    | core:iqpe_estimate:67 - IQPE (n_sites=6, n_occ=0, repetition 20, iteration 3) = 0.0
2026-05-01 11:04:45.686 | DEBUG    | core:iqpe_estimate:67 - IQPE (n_sites=6, n_occ=0, repetition 20, iteration 4) = 0.0
2026-05-01 11:04:49.199 | DEBUG    | core:iqpe_estimate:67 - IQPE (n_sites=6, n_occ=0, repetition 20, iteration 5) = 0.0
2026-05-01 11:04:50.440 | DEBUG    | core:iqpe_estimate:67 - IQPE (n_sites=6, n_occ=0, repetition 20, iteration 6) = 0.0
2026-05-01 11:04:50.935 | DEBUG    | core:iqpe_estimate:67 - IQPE (n_sites=6, n_occ=0, repetition 20, iteration 7) = 0.0
2026-05-01 11:04:51.179 | DEBUG    | core:iqpe_estimate:67 - IQPE (n_sites=6, n_occ=0, repetition 20, iteration 8) = 0.0
2026-05-01 11:04:51.180 | DEBUG    | core:real_space_iqpe:160 - IQPE (n_sites=6, n_occ=0, repetition 20) = -0.0
[2026-05-01T18:34:34.417] error: *** STEP 52301324.2 ON nid005904 CANCELLED AT 2026-05-01T18:34:34 DUE to SIGNAL Terminated ***
[2026-05-01T18:34:34.418] error: *** STEP 52301324.3 ON nid006571 CANCELLED AT 2026-05-01T18:34:34 DUE to SIGNAL Terminated ***
[2026-05-01T18:34:34.418] error: *** STEP 52301324.0 ON nid004298 CANCELLED AT 2026-05-01T18:34:34 DUE to SIGNAL Terminated ***
[2026-05-01T18:34:34.419] error: *** STEP 52301324.1 ON nid005004 CANCELLED AT 2026-05-01T18:34:34 DUE to SIGNAL Terminated ***
[2026-05-01T18:34:34.420] error: *** JOB 52301324 ON nid004298 CANCELLED AT 2026-05-01T18:34:34 DUE to SIGNAL Terminated ***
