[[1m[32m18:06:34[0m[1m[0m] [37mExact (n_sites=6, n_occ=2, t=1.0, U=2.0) = -3.6666666666666665[0m
[[1m[32m18:06:34[0m[1m[0m] [37mExact (n_sites=6, n_occ=2, t=1.0, U=1.0) = -3.8333333333333335[0m
[[1m[32m18:06:34[0m[1m[0m] [37mExact (n_sites=6, n_occ=1, t=1.0, U=2.0) = -1.9166666666666676[0m
[[1m[32m18:06:34[0m[1m[0m] [37mVQE other benchmarks (n_sites=6, n_occ=0): num_queries=4300000, circuit_depth=[63,57][0m
[[1m[32m18:06:35[0m[1m[0m] [37mExact (n_sites=4, n_occ=0, t=1.0, U=1.0) = 0.0[0m
[[1m[32m18:06:35[0m[1m[0m] [37mExact (n_sites=6, n_occ=3, t=1.0, U=2.0) = -4.250000000000001[0m
[[1m[32m18:06:36[0m[1m[0m] [37mVQE other benchmarks (n_sites=6, n_occ=1): num_queries=4300000, circuit_depth=[64,57][0m
[[1m[32m18:06:36[0m[1m[0m] [37mExact (n_sites=4, n_occ=2, t=1.0, U=1.0) = -3.750000000000001[0m
[[1m[32m18:06:36[0m[1m[0m] [37mVQE other benchmarks (n_sites=4, n_occ=2): num_queries=2900000, circuit_depth=[52,45][0m
[[1m[32m18:06:36[0m[1m[0m] [37mExact (n_sites=4, n_occ=1, t=1.0, U=2.0) = -1.8750000000000004[0m
[[1m[32m18:06:37[0m[1m[0m] [37mExact (n_sites=6, n_occ=3, t=1.0, U=1.0) = -4.625000000000001[0m
[[1m[32m18:06:42[0m[1m[0m] [37mExact (n_sites=6, n_occ=0, t=1.0, U=2.0) = 0.0[0m
[[1m[32m18:06:42[0m[1m[0m] [37mVQE other benchmarks (n_sites=4, n_occ=1): num_queries=2900000, circuit_depth=[52,45][0m
[[1m[32m18:06:42[0m[1m[0m] [37mVQE other benchmarks (n_sites=4, n_occ=1): num_queries=2900000, circuit_depth=[52,45][0m
[[1m[32m18:06:42[0m[1m[0m] [37mVQE other benchmarks (n_sites=6, n_occ=2): num_queries=4300000, circuit_depth=[64,57][0m
[[1m[32m18:06:42[0m[1m[0m] [37mVQE other benchmarks (n_sites=4, n_occ=2): num_queries=2900000, circuit_depth=[52,45][0m
[[1m[32m18:06:44[0m[1m[0m] [37mExact (n_sites=4, n_occ=3, t=1.0, U=1.0) = -3.437500000000001[0m
[[1m[32m18:06:44[0m[1m[0m] [37mExact (n_sites=4, n_occ=2, t=1.0, U=2.0) = -3.500000000000001[0m
[[1m[32m18:06:44[0m[1m[0m] [37mExact (n_sites=6, n_occ=1, t=1.0, U=1.0) = -1.9583333333333341[0m
[[1m[32m18:06:44[0m[1m[0m] [37mExact (n_sites=4, n_occ=0, t=1.0, U=2.0) = 0.0[0m
[[1m[32m18:06:44[0m[1m[0m] [37mVQE other benchmarks (n_sites=6, n_occ=0): num_queries=4300000, circuit_depth=[63,57][0m
[[1m[32m18:06:45[0m[1m[0m] [37mVQE other benchmarks (n_sites=4, n_occ=0): num_queries=2900000, circuit_depth=[51,45][0m
[[1m[32m18:06:45[0m[1m[0m] [37mVQE other benchmarks (n_sites=6, n_occ=2): num_queries=4300000, circuit_depth=[64,57][0m
[[1m[32m18:07:04[0m[1m[0m] [37mVQE other benchmarks (n_sites=6, n_occ=1): num_queries=4300000, circuit_depth=[64,57][0m
[[1m[32m18:07:07[0m[1m[0m] [37mVQE other benchmarks (n_sites=4, n_occ=0): num_queries=2900000, circuit_depth=[51,45][0m
[[1m[32m18:07:10[0m[1m[0m] [37mExact (n_sites=6, n_occ=0, t=1.0, U=1.0) = 0.0[0m
[[1m[32m18:07:45[0m[1m[0m] [37mExact (n_sites=4, n_occ=1, t=1.0, U=1.0) = -1.9375000000000004[0m
[[1m[32m18:07:55[0m[1m[0m] [37mExact (n_sites=4, n_occ=3, t=1.0, U=2.0) = -2.875000000000001[0m
[[1m[32m18:09:32[0m[1m[0m] [37mIQPE other benchmarks (n_sites=4, n_occ=0): num_queries=23200, circuit_depth=[38257,35705][0m
[[1m[32m18:09:34[0m[1m[0m] [37mIQPE other benchmarks (n_sites=4, n_occ=1): num_queries=23200, circuit_depth=[38257,35705][0m
[[1m[32m18:12:15[0m[1m[0m] [37mVQE other benchmarks (n_sites=4, n_occ=8): num_queries=2900000, circuit_depth=[52,45][0m
[[1m[32m18:12:42[0m[1m[0m] [37mIQPE other benchmarks (n_sites=6, n_occ=2): num_queries=34400, circuit_depth=[62482,58655][0m
[[1m[32m18:13:00[0m[1m[0m] [37mVQE other benchmarks (n_sites=6, n_occ=6): num_queries=4300000, circuit_depth=[64,57][0m
[[1m[32m18:13:04[0m[1m[0m] [37mExact (n_sites=6, n_occ=7, t=1.0, U=1.0) = -4.958333333333333[0m
[[1m[32m18:13:18[0m[1m[0m] [37mVQE other benchmarks (n_sites=6, n_occ=3): num_queries=4300000, circuit_depth=[64,57][0m
[[1m[32m18:13:48[0m[1m[0m] [37mVQE other benchmarks (n_sites=4, n_occ=3): num_queries=2900000, circuit_depth=[52,45][0m
[[1m[32m18:14:03[0m[1m[0m] [37mVQE other benchmarks (n_sites=4, n_occ=6): num_queries=2900000, circuit_depth=[52,45][0m
[[1m[32m18:14:07[0m[1m[0m] [37mVQE other benchmarks (n_sites=4, n_occ=4): num_queries=2900000, circuit_depth=[52,45][0m
[[1m[32m18:14:10[0m[1m[0m] [37mExact (n_sites=4, n_occ=4, t=1.0, U=2.0) = -2.000000000000001[0m
[[1m[32m18:14:12[0m[1m[0m] [37mVQE other benchmarks (n_sites=4, n_occ=3): num_queries=2900000, circuit_depth=[52,45][0m
[[1m[32m18:14:15[0m[1m[0m] [37mVQE other benchmarks (n_sites=4, n_occ=5): num_queries=2900000, circuit_depth=[52,45][0m
[[1m[32m18:14:15[0m[1m[0m] [37mVQE other benchmarks (n_sites=4, n_occ=4): num_queries=2900000, circuit_depth=[52,45][0m
[[1m[32m18:14:17[0m[1m[0m] [37mIQPE other benchmarks (n_sites=4, n_occ=2): num_queries=23200, circuit_depth=[38415,35863][0m
[[1m[32m18:14:17[0m[1m[0m] [37mExact (n_sites=4, n_occ=5, t=1.0, U=2.0) = -0.8750000000000009[0m
[[1m[32m18:14:18[0m[1m[0m] [37mIQPE other benchmarks (n_sites=4, n_occ=0): num_queries=23200, circuit_depth=[38415,35863][0m
[[1m[32m18:14:28[0m[1m[0m] [37mVQE other benchmarks (n_sites=4, n_occ=5): num_queries=2900000, circuit_depth=[52,45][0m
[[1m[32m18:14:31[0m[1m[0m] [37mExact (n_sites=4, n_occ=4, t=1.0, U=1.0) = -3.000000000000001[0m
[[1m[32m18:14:34[0m[1m[0m] [37mVQE other benchmarks (n_sites=4, n_occ=6): num_queries=2900000, circuit_depth=[52,45][0m
[[1m[32m18:14:38[0m[1m[0m] [37mExact (n_sites=4, n_occ=5, t=1.0, U=1.0) = -2.437500000000001[0m
[[1m[32m18:14:46[0m[1m[0m] [37mExact (n_sites=4, n_occ=7, t=1.0, U=2.0) = 4.125[0m
[[1m[32m18:14:50[0m[1m[0m] [37mIQPE other benchmarks (n_sites=4, n_occ=2): num_queries=23200, circuit_depth=[38415,35863][0m
[[1m[32m18:15:07[0m[1m[0m] [37mExact (n_sites=4, n_occ=7, t=1.0, U=1.0) = 1.0625[0m
[[1m[32m18:15:12[0m[1m[0m] [37mExact (n_sites=4, n_occ=6, t=1.0, U=1.0) = -1.75[0m
[[1m[32m18:15:37[0m[1m[0m] [37mIQPE other benchmarks (n_sites=4, n_occ=1): num_queries=23200, circuit_depth=[38415,35863][0m
[[1m[32m18:15:55[0m[1m[0m] [37mExact (n_sites=4, n_occ=6, t=1.0, U=2.0) = 0.5[0m
[[1m[32m18:19:02[0m[1m[0m] [37mIQPE other benchmarks (n_sites=6, n_occ=3): num_queries=34400, circuit_depth=[62482,58655][0m
[[1m[32m18:19:28[0m[1m[0m] [37mExact (n_sites=6, n_occ=11, t=1.0, U=2.0) = 8.08333333333333[0m
[[1m[32m18:19:51[0m[1m[0m] [37mExact (n_sites=6, n_occ=9, t=1.0, U=1.0) = -1.6250000000000018[0m
[[1m[32m18:20:09[0m[1m[0m] [37mIQPE other benchmarks (n_sites=6, n_occ=3): num_queries=34400, circuit_depth=[62482,58655][0m
[[1m[32m18:20:50[0m[1m[0m] [37mVQE other benchmarks (n_sites=6, n_occ=10): num_queries=4300000, circuit_depth=[64,57][0m
[[1m[32m18:21:11[0m[1m[0m] [37mExact (n_sites=4, n_occ=8, t=1.0, U=2.0) = 8.0[0m
[[1m[32m18:21:13[0m[1m[0m] [37mIQPE other benchmarks (n_sites=4, n_occ=5): num_queries=23200, circuit_depth=[38415,35863][0m
[[1m[32m18:21:20[0m[1m[0m] [37mIQPE other benchmarks (n_sites=4, n_occ=5): num_queries=23200, circuit_depth=[38415,35863][0m
[[1m[32m18:21:22[0m[1m[0m] [37mIQPE other benchmarks (n_sites=4, n_occ=6): num_queries=23200, circuit_depth=[38415,35863][0m
[[1m[32m18:21:23[0m[1m[0m] [37mVQE other benchmarks (n_sites=4, n_occ=7): num_queries=2900000, circuit_depth=[52,45][0m
[[1m[32m18:21:25[0m[1m[0m] [37mIQPE other benchmarks (n_sites=4, n_occ=3): num_queries=23200, circuit_depth=[38415,35863][0m
[[1m[32m18:21:32[0m[1m[0m] [37mIQPE other benchmarks (n_sites=4, n_occ=4): num_queries=23200, circuit_depth=[38415,35863][0m
[[1m[32m18:21:33[0m[1m[0m] [37mIQPE other benchmarks (n_sites=4, n_occ=4): num_queries=23200, circuit_depth=[38415,35863][0m
[[1m[32m18:21:34[0m[1m[0m] [37mExact (n_sites=4, n_occ=8, t=1.0, U=1.0) = 4.0[0m
[[1m[32m18:21:36[0m[1m[0m] [37mVQE other benchmarks (n_sites=4, n_occ=8): num_queries=2900000, circuit_depth=[52,45][0m
[[1m[32m18:21:57[0m[1m[0m] [37mVQE other benchmarks (n_sites=4, n_occ=7): num_queries=2900000, circuit_depth=[52,45][0m
[[1m[32m18:22:21[0m[1m[0m] [37mIQPE other benchmarks (n_sites=4, n_occ=6): num_queries=23200, circuit_depth=[38415,35863][0m
[[1m[32m18:22:36[0m[1m[0m] [37mIQPE other benchmarks (n_sites=4, n_occ=3): num_queries=23200, circuit_depth=[38415,35863][0m
[[1m[32m18:22:52[0m[1m[0m] [37mIQPE other benchmarks (n_sites=6, n_occ=0): num_queries=34400, circuit_depth=[62640,58813][0m
[[1m[32m18:23:05[0m[1m[0m] [37mExact (n_sites=6, n_occ=4, t=1.0, U=2.0) = -4.666666666666668[0m
[[1m[32m18:23:06[0m[1m[0m] [37mIQPE other benchmarks (n_sites=6, n_occ=1): num_queries=34400, circuit_depth=[62640,58813][0m
[[1m[32m18:23:06[0m[1m[0m] [37mIQPE other benchmarks (n_sites=6, n_occ=1): num_queries=34400, circuit_depth=[62640,58813][0m
[[1m[32m18:23:11[0m[1m[0m] [37mVQE other benchmarks (n_sites=6, n_occ=3): num_queries=4300000, circuit_depth=[64,57][0m
[[1m[32m18:23:13[0m[1m[0m] [37mIQPE other benchmarks (n_sites=6, n_occ=2): num_queries=34400, circuit_depth=[62640,58813][0m
[[1m[32m18:23:14[0m[1m[0m] [37mExact (n_sites=6, n_occ=4, t=1.0, U=1.0) = -5.333333333333334[0m
[[1m[32m18:23:19[0m[1m[0m] [37mExact (n_sites=6, n_occ=5, t=1.0, U=1.0) = -5.958333333333334[0m
[[1m[32m18:23:21[0m[1m[0m] [37mVQE other benchmarks (n_sites=6, n_occ=6): num_queries=4300000, circuit_depth=[64,57][0m
[[1m[32m18:23:21[0m[1m[0m] [37mExact (n_sites=6, n_occ=6, t=1.0, U=2.0) = -5.0[0m
[[1m[32m18:23:23[0m[1m[0m] [37mVQE other benchmarks (n_sites=6, n_occ=5): num_queries=4300000, circuit_depth=[64,57][0m
[[1m[32m18:23:24[0m[1m[0m] [37mVQE other benchmarks (n_sites=6, n_occ=5): num_queries=4300000, circuit_depth=[64,57][0m
[[1m[32m18:23:27[0m[1m[0m] [37mExact (n_sites=6, n_occ=7, t=1.0, U=2.0) = -2.916666666666666[0m
[[1m[32m18:23:37[0m[1m[0m] [37mExact (n_sites=6, n_occ=5, t=1.0, U=2.0) = -4.916666666666668[0m
[[1m[32m18:23:40[0m[1m[0m] [37mVQE other benchmarks (n_sites=6, n_occ=4): num_queries=4300000, circuit_depth=[64,57][0m
[[1m[32m18:23:42[0m[1m[0m] [37mIQPE other benchmarks (n_sites=6, n_occ=0): num_queries=34400, circuit_depth=[62640,58813][0m
[[1m[32m18:23:42[0m[1m[0m] [37mExact (n_sites=6, n_occ=6, t=1.0, U=1.0) = -6.5[0m
[[1m[32m18:23:57[0m[1m[0m] [37mVQE other benchmarks (n_sites=6, n_occ=4): num_queries=4300000, circuit_depth=[64,57][0m
[[1m[32m18:25:18[0m[1m[0m] [37mVQE other benchmarks (n_sites=6, n_occ=11): num_queries=4300000, circuit_depth=[64,57][0m
[[1m[32m18:28:04[0m[1m[0m] [37mIQPE other benchmarks (n_sites=4, n_occ=8): num_queries=23200, circuit_depth=[38415,35863][0m
[[1m[32m18:28:08[0m[1m[0m] [37mIQPE other benchmarks (n_sites=4, n_occ=8): num_queries=23200, circuit_depth=[38415,35863][0m
[[1m[32m18:28:29[0m[1m[0m] [37mIQPE other benchmarks (n_sites=4, n_occ=7): num_queries=23200, circuit_depth=[38415,35863][0m
[[1m[32m18:30:07[0m[1m[0m] [37mIQPE other benchmarks (n_sites=4, n_occ=7): num_queries=23200, circuit_depth=[38415,35863][0m
[[1m[32m18:30:53[0m[1m[0m] [37mIQPE other benchmarks (n_sites=6, n_occ=11): num_queries=34400, circuit_depth=[62482,58655][0m
[[1m[32m18:38:30[0m[1m[0m] [37mIQPE other benchmarks (n_sites=6, n_occ=5): num_queries=34400, circuit_depth=[62640,58813][0m
[[1m[32m18:38:41[0m[1m[0m] [37mExact (n_sites=6, n_occ=8, t=1.0, U=2.0) = -0.6666666666666687[0m
[[1m[32m18:38:55[0m[1m[0m] [37mVQE other benchmarks (n_sites=6, n_occ=8): num_queries=4300000, circuit_depth=[64,57][0m
[[1m[32m18:39:02[0m[1m[0m] [37mIQPE other benchmarks (n_sites=6, n_occ=5): num_queries=34400, circuit_depth=[62640,58813][0m
[[1m[32m18:39:02[0m[1m[0m] [37mExact (n_sites=6, n_occ=8, t=1.0, U=1.0) = -3.3333333333333353[0m
[[1m[32m18:39:12[0m[1m[0m] [37mVQE other benchmarks (n_sites=6, n_occ=9): num_queries=4300000, circuit_depth=[64,57][0m
[[1m[32m18:39:16[0m[1m[0m] [37mVQE other benchmarks (n_sites=6, n_occ=8): num_queries=4300000, circuit_depth=[64,57][0m
[[1m[32m18:39:22[0m[1m[0m] [37mExact (n_sites=6, n_occ=10, t=1.0, U=1.0) = 0.1666666666666652[0m
[[1m[32m18:39:25[0m[1m[0m] [37mIQPE other benchmarks (n_sites=6, n_occ=6): num_queries=34400, circuit_depth=[62640,58813][0m
[[1m[32m18:39:35[0m[1m[0m] [37mIQPE other benchmarks (n_sites=6, n_occ=6): num_queries=34400, circuit_depth=[62640,58813][0m
[[1m[32m18:39:36[0m[1m[0m] [37mVQE other benchmarks (n_sites=6, n_occ=9): num_queries=4300000, circuit_depth=[64,57][0m
[[1m[32m18:39:37[0m[1m[0m] [37mExact (n_sites=6, n_occ=11, t=1.0, U=1.0) = 3.0416666666666643[0m
[[1m[32m18:39:40[0m[1m[0m] [37mIQPE other benchmarks (n_sites=6, n_occ=4): num_queries=34400, circuit_depth=[62640,58813][0m
[[1m[32m18:39:48[0m[1m[0m] [37mVQE other benchmarks (n_sites=6, n_occ=10): num_queries=4300000, circuit_depth=[64,57][0m
[[1m[32m18:39:55[0m[1m[0m] [37mIQPE other benchmarks (n_sites=6, n_occ=4): num_queries=34400, circuit_depth=[62640,58813][0m
[[1m[32m18:40:08[0m[1m[0m] [37mExact (n_sites=6, n_occ=10, t=1.0, U=2.0) = 4.333333333333332[0m
[[1m[32m18:40:10[0m[1m[0m] [37mVQE other benchmarks (n_sites=6, n_occ=7): num_queries=4300000, circuit_depth=[64,57][0m
[[1m[32m18:40:21[0m[1m[0m] [37mExact (n_sites=6, n_occ=9, t=1.0, U=2.0) = 1.7499999999999982[0m
[[1m[32m18:40:27[0m[1m[0m] [37mVQE other benchmarks (n_sites=6, n_occ=7): num_queries=4300000, circuit_depth=[64,57][0m
[[1m[32m18:54:04[0m[1m[0m] [37mIQPE other benchmarks (n_sites=6, n_occ=10): num_queries=34400, circuit_depth=[62640,58813][0m
[[1m[32m18:54:08[0m[1m[0m] [37mIQPE other benchmarks (n_sites=6, n_occ=9): num_queries=34400, circuit_depth=[62640,58813][0m
[[1m[32m18:54:14[0m[1m[0m] [37mIQPE other benchmarks (n_sites=6, n_occ=7): num_queries=34400, circuit_depth=[62640,58813][0m
[[1m[32m18:54:20[0m[1m[0m] [37mIQPE other benchmarks (n_sites=6, n_occ=9): num_queries=34400, circuit_depth=[62640,58813][0m
[[1m[32m18:54:26[0m[1m[0m] [37mExact (n_sites=6, n_occ=12, t=1.0, U=1.0) = 5.999999999999999[0m
[[1m[32m18:54:31[0m[1m[0m] [37mVQE other benchmarks (n_sites=6, n_occ=12): num_queries=4300000, circuit_depth=[64,57][0m
[[1m[32m18:54:37[0m[1m[0m] [37mIQPE other benchmarks (n_sites=6, n_occ=10): num_queries=34400, circuit_depth=[62640,58813][0m
[[1m[32m18:54:41[0m[1m[0m] [37mExact (n_sites=6, n_occ=12, t=1.0, U=2.0) = 12.0[0m
[[1m[32m18:54:43[0m[1m[0m] [37mIQPE other benchmarks (n_sites=6, n_occ=8): num_queries=34400, circuit_depth=[62640,58813][0m
[[1m[32m18:55:32[0m[1m[0m] [37mIQPE other benchmarks (n_sites=6, n_occ=8): num_queries=34400, circuit_depth=[62640,58813][0m
[[1m[32m18:55:34[0m[1m[0m] [37mIQPE other benchmarks (n_sites=6, n_occ=7): num_queries=34400, circuit_depth=[62640,58813][0m
[[1m[32m18:55:53[0m[1m[0m] [37mVQE other benchmarks (n_sites=6, n_occ=12): num_queries=4300000, circuit_depth=[64,57][0m
[[1m[32m18:56:02[0m[1m[0m] [37mVQE other benchmarks (n_sites=6, n_occ=11): num_queries=4300000, circuit_depth=[64,57][0m
[[1m[32m18:59:18[0m[1m[0m] [37mIQPE (n_sites=4, n_occ=0) = -0.0[0m
[[1m[32m18:59:18[0m[1m[0m] [37mVQE (n_sites=4, n_occ=0) = -0.06396484375[0m
[[1m[32m18:59:18[0m[1m[0m] [37mIQPE (n_sites=4, n_occ=1) = -29.452431127404306[0m
[[1m[32m18:59:18[0m[1m[0m] [37mVQE (n_sites=4, n_occ=1) = -1.9232177734375[0m
[[1m[32m18:59:18[0m[1m[0m] [37mIQPE (n_sites=4, n_occ=2) = -29.452431127404306[0m
[[1m[32m18:59:18[0m[1m[0m] [37mVQE (n_sites=4, n_occ=2) = -3.614013671875[0m
[[1m[32m18:59:18[0m[1m[0m] [37mIQPE (n_sites=4, n_occ=3) = -30.311460368620267[0m
[[1m[32m18:59:18[0m[1m[0m] [37mVQE (n_sites=4, n_occ=3) = -3.2760009765625[0m
[[1m[32m18:59:18[0m[1m[0m] [37mIQPE (n_sites=4, n_occ=4) = -26.016314162540475[0m
[[1m[32m18:59:18[0m[1m[0m] [37mVQE (n_sites=4, n_occ=4) = -2.933837890625[0m
[[1m[32m18:59:18[0m[1m[0m] [37mIQPE (n_sites=4, n_occ=5) = -27.36621725587984[0m
[[1m[32m18:59:18[0m[1m[0m] [37mVQE (n_sites=4, n_occ=5) = -2.183349609375[0m
[[1m[32m18:59:18[0m[1m[0m] [37mIQPE (n_sites=4, n_occ=6) = -27.48893571891069[0m
[[1m[32m18:59:18[0m[1m[0m] [37mVQE (n_sites=4, n_occ=6) = -0.830078125[0m
[[1m[32m18:59:18[0m[1m[0m] [37mIQPE (n_sites=4, n_occ=7) = -30.434178831651117[0m
[[1m[32m18:59:18[0m[1m[0m] [37mVQE (n_sites=4, n_occ=7) = 1.59619140625[0m
[[1m[32m18:59:18[0m[1m[0m] [37mIQPE (n_sites=4, n_occ=8) = -27.36621725587984[0m
[[1m[32m18:59:18[0m[1m[0m] [37mVQE (n_sites=4, n_occ=8) = 3.976806640625[0m
[[1m[32m19:00:59[0m[1m[0m] [37mIQPE (n_sites=4, n_occ=0) = -0.0[0m
[[1m[32m19:00:59[0m[1m[0m] [37mVQE (n_sites=4, n_occ=0) = -0.054443359375[0m
[[1m[32m19:00:59[0m[1m[0m] [37mIQPE (n_sites=4, n_occ=1) = -29.452431127404306[0m
[[1m[32m19:00:59[0m[1m[0m] [37mVQE (n_sites=4, n_occ=1) = -1.94580078125[0m
[[1m[32m19:00:59[0m[1m[0m] [37mIQPE (n_sites=4, n_occ=2) = -29.452431127404306[0m
[[1m[32m19:00:59[0m[1m[0m] [37mVQE (n_sites=4, n_occ=2) = -3.34130859375[0m
[[1m[32m19:00:59[0m[1m[0m] [37mIQPE (n_sites=4, n_occ=3) = -28.2252464970958[0m
[[1m[32m19:00:59[0m[1m[0m] [37mVQE (n_sites=4, n_occ=3) = -2.828857421875[0m
[[1m[32m19:00:59[0m[1m[0m] [37mIQPE (n_sites=4, n_occ=4) = -24.543692606170257[0m
[[1m[32m19:00:59[0m[1m[0m] [37mVQE (n_sites=4, n_occ=4) = -2.2939453125[0m
[[1m[32m19:00:59[0m[1m[0m] [37mIQPE (n_sites=4, n_occ=5) = -25.280003384355364[0m
[[1m[32m19:00:59[0m[1m[0m] [37mVQE (n_sites=4, n_occ=5) = -0.82763671875[0m
[[1m[32m19:00:59[0m[1m[0m] [37mIQPE (n_sites=4, n_occ=6) = -29.329712664373456[0m
[[1m[32m19:00:59[0m[1m[0m] [37mVQE (n_sites=4, n_occ=6) = 1.15771484375[0m
[[1m[32m19:00:59[0m[1m[0m] [37mIQPE (n_sites=4, n_occ=7) = -27.36621725587984[0m
[[1m[32m19:00:59[0m[1m[0m] [37mVQE (n_sites=4, n_occ=7) = 4.650634765625[0m
[[1m[32m19:00:59[0m[1m[0m] [37mIQPE (n_sites=4, n_occ=8) = -23.439226438892597[0m
[[1m[32m19:00:59[0m[1m[0m] [37mVQE (n_sites=4, n_occ=8) = 7.95849609375[0m
[[1m[32m19:09:00[0m[1m[0m] [37mIQPE other benchmarks (n_sites=6, n_occ=12): num_queries=34400, circuit_depth=[62640,58813][0m
[[1m[32m19:10:42[0m[1m[0m] [37mIQPE other benchmarks (n_sites=6, n_occ=11): num_queries=34400, circuit_depth=[62640,58813][0m
[[1m[32m19:11:03[0m[1m[0m] [37mIQPE other benchmarks (n_sites=6, n_occ=12): num_queries=34400, circuit_depth=[62640,58813][0m
[[1m[32m19:50:07[0m[1m[0m] [37mIQPE (n_sites=6, n_occ=0) = -0.0[0m
[[1m[32m19:50:07[0m[1m[0m] [37mVQE (n_sites=6, n_occ=0) = -0.065185546875[0m
[[1m[32m19:50:07[0m[1m[0m] [37mIQPE (n_sites=6, n_occ=1) = -30.434178831651117[0m
[[1m[32m19:50:07[0m[1m[0m] [37mVQE (n_sites=6, n_occ=1) = -1.9407958984375[0m
[[1m[32m19:50:07[0m[1m[0m] [37mIQPE (n_sites=6, n_occ=2) = -0.0[0m
[[1m[32m19:50:07[0m[1m[0m] [37mVQE (n_sites=6, n_occ=2) = -3.299560546875[0m
[[1m[32m19:50:07[0m[1m[0m] [37mIQPE (n_sites=6, n_occ=3) = -29.943304979527714[0m
[[1m[32m19:50:07[0m[1m[0m] [37mVQE (n_sites=6, n_occ=3) = -3.7991943359375[0m
[[1m[32m19:50:07[0m[1m[0m] [37mIQPE (n_sites=6, n_occ=4) = -30.434178831651117[0m
[[1m[32m19:50:07[0m[1m[0m] [37mVQE (n_sites=6, n_occ=4) = -4.803955078125[0m
[[1m[32m19:50:07[0m[1m[0m] [37mIQPE (n_sites=6, n_occ=5) = -29.329712664373456[0m
[[1m[32m19:50:07[0m[1m[0m] [37mVQE (n_sites=6, n_occ=5) = -4.2628173828125[0m
[[1m[32m19:50:07[0m[1m[0m] [37mIQPE (n_sites=6, n_occ=6) = -30.925052683774528[0m
[[1m[32m19:50:07[0m[1m[0m] [37mVQE (n_sites=6, n_occ=6) = -4.2091064453125[0m
[[1m[32m19:50:07[0m[1m[0m] [37mIQPE (n_sites=6, n_occ=7) = -28.34796496012665[0m
[[1m[32m19:50:07[0m[1m[0m] [37mVQE (n_sites=6, n_occ=7) = -2.4500732421875[0m
[[1m[32m19:50:07[0m[1m[0m] [37mIQPE (n_sites=6, n_occ=8) = -28.4706834231575[0m
[[1m[32m19:50:07[0m[1m[0m] [37mVQE (n_sites=6, n_occ=8) = -1.4808349609375[0m
[[1m[32m19:50:07[0m[1m[0m] [37mIQPE (n_sites=6, n_occ=9) = -28.961557275280903[0m
[[1m[32m19:50:07[0m[1m[0m] [37mVQE (n_sites=6, n_occ=9) = 0.08984375[0m
[[1m[32m19:50:07[0m[1m[0m] [37mIQPE (n_sites=6, n_occ=10) = -27.36621725587984[0m
[[1m[32m19:50:07[0m[1m[0m] [37mVQE (n_sites=6, n_occ=10) = 1.5084228515625[0m
[[1m[32m19:50:07[0m[1m[0m] [37mIQPE (n_sites=6, n_occ=11) = -27.36621725587984[0m
[[1m[32m19:50:07[0m[1m[0m] [37mVQE (n_sites=6, n_occ=11) = 3.5731201171875[0m
[[1m[32m19:50:07[0m[1m[0m] [37mIQPE (n_sites=6, n_occ=12) = -25.402721847386214[0m
[[1m[32m19:50:07[0m[1m[0m] [37mVQE (n_sites=6, n_occ=12) = 5.95068359375[0m
[[1m[32m19:51:02[0m[1m[0m] [37mIQPE (n_sites=6, n_occ=0) = -0.0[0m
[[1m[32m19:51:02[0m[1m[0m] [37mVQE (n_sites=6, n_occ=0) = -0.095703125[0m
[[1m[32m19:51:02[0m[1m[0m] [37mIQPE (n_sites=6, n_occ=1) = -30.434178831651117[0m
[[1m[32m19:51:02[0m[1m[0m] [37mVQE (n_sites=6, n_occ=1) = -1.862060546875[0m
[[1m[32m19:51:02[0m[1m[0m] [37mIQPE (n_sites=6, n_occ=2) = -0.0[0m
[[1m[32m19:51:02[0m[1m[0m] [37mVQE (n_sites=6, n_occ=2) = -3.0712890625[0m
[[1m[32m19:51:02[0m[1m[0m] [37mIQPE (n_sites=6, n_occ=3) = -29.329712664373456[0m
[[1m[32m19:51:02[0m[1m[0m] [37mVQE (n_sites=6, n_occ=3) = -3.714111328125[0m
[[1m[32m19:51:02[0m[1m[0m] [37mIQPE (n_sites=6, n_occ=4) = -25.64815877344792[0m
[[1m[32m19:51:02[0m[1m[0m] [37mVQE (n_sites=6, n_occ=4) = -3.953857421875[0m
[[1m[32m19:51:02[0m[1m[0m] [37mIQPE (n_sites=6, n_occ=5) = -28.102528034064942[0m
[[1m[32m19:51:02[0m[1m[0m] [37mVQE (n_sites=6, n_occ=5) = -3.7763671875[0m
[[1m[32m19:51:02[0m[1m[0m] [37mIQPE (n_sites=6, n_occ=6) = -27.48893571891069[0m
[[1m[32m19:51:02[0m[1m[0m] [37mVQE (n_sites=6, n_occ=6) = -2.786865234375[0m
[[1m[32m19:51:02[0m[1m[0m] [37mIQPE (n_sites=6, n_occ=7) = -26.139032625571325[0m
[[1m[32m19:51:02[0m[1m[0m] [37mVQE (n_sites=6, n_occ=7) = -0.650146484375[0m
[[1m[32m19:51:02[0m[1m[0m] [37mIQPE (n_sites=6, n_occ=8) = -21.475731030398972[0m
[[1m[32m19:51:02[0m[1m[0m] [37mVQE (n_sites=6, n_occ=8) = 0.971435546875[0m
[[1m[32m19:51:02[0m[1m[0m] [37mIQPE (n_sites=6, n_occ=9) = -23.561944901923447[0m
[[1m[32m19:51:02[0m[1m[0m] [37mVQE (n_sites=6, n_occ=9) = 3.481689453125[0m
[[1m[32m19:51:02[0m[1m[0m] [37mIQPE (n_sites=6, n_occ=10) = -23.439226438892597[0m
[[1m[32m19:51:02[0m[1m[0m] [37mVQE (n_sites=6, n_occ=10) = 5.525146484375[0m
[[1m[32m19:51:02[0m[1m[0m] [37mIQPE (n_sites=6, n_occ=11) = -22.457478734645786[0m
[[1m[32m19:51:02[0m[1m[0m] [37mVQE (n_sites=6, n_occ=11) = 8.593994140625[0m
[[1m[32m19:51:02[0m[1m[0m] [37mIQPE (n_sites=6, n_occ=12) = -19.389517158874504[0m
[[1m[32m19:51:02[0m[1m[0m] [37mVQE (n_sites=6, n_occ=12) = 11.942138671875[0m
All configurations completed at Sat May  2 07:51:02 PM PDT 2026
